0:0:0:0:0:0:0:1 - - [16/Jun/2023:12:52:06 +0300] GET /api/am/devportal/v3/throttling-policies/application/20PerMin HTTP/1.1 200 493 https://localhost:9443/devportal/applications/d8414650-0dc6-4424-9310-830582be7bd1/overview Mozilla/5.0 (Windows NT 10.0; Win64; x64) AppleWebKit/537.36 (KHTML, like Gecko) Chrome/114.0.0.0 Safari/537.36 Edg/114.0.1823.43 0.006
0:0:0:0:0:0:0:1 - - [16/Jun/2023:12:52:12 +0300] GET /devportal/site/public/images/_favicon.ico HTTP/1.1 200 1150 https://localhost:9443/devportal/applications/d8414650-0dc6-4424-9310-830582be7bd1/sandboxkeys/oauth Mozilla/5.0 (Windows NT 10.0; Win64; x64) AppleWebKit/537.36 (KHTML, like Gecko) Chrome/114.0.0.0 Safari/537.36 Edg/114.0.1823.43 0.010
0:0:0:0:0:0:0:1 - - [16/Jun/2023:12:52:12 +0300] GET /api/am/devportal/v3/swagger.yaml HTTP/1.1 200 26878 https://localhost:9443/devportal/applications/d8414650-0dc6-4424-9310-830582be7bd1/sandboxkeys/oauth Mozilla/5.0 (Windows NT 10.0; Win64; x64) AppleWebKit/537.36 (KHTML, like Gecko) Chrome/114.0.0.0 Safari/537.36 Edg/114.0.1823.43 0.029
127.0.0.1 - - [16/Jun/2023:12:52:12 +0300] GET /oauth2/token/.well-known/openid-configuration HTTP/1.1 200 2395 - Apache-HttpClient/4.5.13 (Java/20.0.1) 0.011
0:0:0:0:0:0:0:1 - - [16/Jun/2023:12:52:12 +0300] GET /api/am/devportal/v3/key-managers HTTP/1.1 200 763 https://localhost:9443/devportal/applications/d8414650-0dc6-4424-9310-830582be7bd1/sandboxkeys/oauth Mozilla/5.0 (Windows NT 10.0; Win64; x64) AppleWebKit/537.36 (KHTML, like Gecko) Chrome/114.0.0.0 Safari/537.36 Edg/114.0.1823.43 0.135
127.0.0.1 - - [16/Jun/2023:12:52:12 +0300] GET /keymanager-operations/dcr/register/MHFfRExjbVRFTmxsZmtqNk9JdjB2WDJ1Q0FJYQ%3D%3D HTTP/1.1 200 720 - Apache-HttpClient/4.5.13 (Java/20.0.1) 0.004
0:0:0:0:0:0:0:1 - - [16/Jun/2023:12:52:12 +0300] GET /api/am/devportal/v3/applications/d8414650-0dc6-4424-9310-830582be7bd1 HTTP/1.1 200 336 https://localhost:9443/devportal/applications/d8414650-0dc6-4424-9310-830582be7bd1/sandboxkeys/oauth Mozilla/5.0 (Windows NT 10.0; Win64; x64) AppleWebKit/537.36 (KHTML, like Gecko) Chrome/114.0.0.0 Safari/537.36 Edg/114.0.1823.43 0.013
127.0.0.1 - - [16/Jun/2023:12:52:12 +0300] GET /keymanager-operations/dcr/register/MHFfRExjbVRFTmxsZmtqNk9JdjB2WDJ1Q0FJYQ%3D%3D HTTP/1.1 200 720 - Apache-HttpClient/4.5.13 (Java/20.0.1) 0.004
0:0:0:0:0:0:0:1 - - [16/Jun/2023:12:52:12 +0300] GET /api/am/devportal/v3/applications/d8414650-0dc6-4424-9310-830582be7bd1/oauth-keys HTTP/1.1 200 868 https://localhost:9443/devportal/applications/d8414650-0dc6-4424-9310-830582be7bd1/sandboxkeys/oauth Mozilla/5.0 (Windows NT 10.0; Win64; x64) AppleWebKit/537.36 (KHTML, like Gecko) Chrome/114.0.0.0 Safari/537.36 Edg/114.0.1823.43 0.013
0:0:0:0:0:0:0:1 - - [16/Jun/2023:12:52:12 +0300] GET /api/am/devportal/v3/swagger.yaml HTTP/1.1 200 26878 https://localhost:9443/devportal/applications/d8414650-0dc6-4424-9310-830582be7bd1/sandboxkeys/oauth Mozilla/5.0 (Windows NT 10.0; Win64; x64) AppleWebKit/537.36 (KHTML, like Gecko) Chrome/114.0.0.0 Safari/537.36 Edg/114.0.1823.43 0.012
127.0.0.1 - - [16/Jun/2023:12:52:12 +0300] GET /keymanager-operations/dcr/register/MHFfRExjbVRFTmxsZmtqNk9JdjB2WDJ1Q0FJYQ%3D%3D HTTP/1.1 200 720 - Apache-HttpClient/4.5.13 (Java/20.0.1) 0.009
0:0:0:0:0:0:0:1 - - [16/Jun/2023:12:52:12 +0300] GET /api/am/devportal/v3/applications/d8414650-0dc6-4424-9310-830582be7bd1 HTTP/1.1 200 336 https://localhost:9443/devportal/applications/d8414650-0dc6-4424-9310-830582be7bd1/sandboxkeys/oauth Mozilla/5.0 (Windows NT 10.0; Win64; x64) AppleWebKit/537.36 (KHTML, like Gecko) Chrome/114.0.0.0 Safari/537.36 Edg/114.0.1823.43 0.018
127.0.0.1 - - [16/Jun/2023:12:52:12 +0300] GET /keymanager-operations/dcr/register/MHFfRExjbVRFTmxsZmtqNk9JdjB2WDJ1Q0FJYQ%3D%3D HTTP/1.1 200 720 - Apache-HttpClient/4.5.13 (Java/20.0.1) 0.008
0:0:0:0:0:0:0:1 - - [16/Jun/2023:12:52:12 +0300] GET /api/am/devportal/v3/applications/d8414650-0dc6-4424-9310-830582be7bd1/oauth-keys HTTP/1.1 200 868 https://localhost:9443/devportal/applications/d8414650-0dc6-4424-9310-830582be7bd1/sandboxkeys/oauth Mozilla/5.0 (Windows NT 10.0; Win64; x64) AppleWebKit/537.36 (KHTML, like Gecko) Chrome/114.0.0.0 Safari/537.36 Edg/114.0.1823.43 0.017
127.0.0.1 - - [16/Jun/2023:12:52:17 +0300] GET /keymanager-operations/dcr/register/MHFfRExjbVRFTmxsZmtqNk9JdjB2WDJ1Q0FJYQ%3D%3D HTTP/1.1 200 720 - Apache-HttpClient/4.5.13 (Java/20.0.1) 0.006
0:0:0:0:0:0:0:1 - - [16/Jun/2023:12:52:17 +0300] GET /api/am/devportal/v3/applications/d8414650-0dc6-4424-9310-830582be7bd1/oauth-keys HTTP/1.1 200 868 https://localhost:9443/devportal/applications/d8414650-0dc6-4424-9310-830582be7bd1/sandboxkeys/oauth Mozilla/5.0 (Windows NT 10.0; Win64; x64) AppleWebKit/537.36 (KHTML, like Gecko) Chrome/114.0.0.0 Safari/537.36 Edg/114.0.1823.43 0.015
127.0.0.1 - - [16/Jun/2023:12:52:17 +0300] GET /keymanager-operations/dcr/register/MHFfRExjbVRFTmxsZmtqNk9JdjB2WDJ1Q0FJYQ%3D%3D HTTP/1.1 200 720 - Apache-HttpClient/4.5.13 (Java/20.0.1) 0.006
127.0.0.1 - - [16/Jun/2023:12:52:17 +0300] GET /keymanager-operations/dcr/register/MHFfRExjbVRFTmxsZmtqNk9JdjB2WDJ1Q0FJYQ%3D%3D HTTP/1.1 200 720 - Apache-HttpClient/4.5.13 (Java/20.0.1) 0.009
127.0.0.1 - - [16/Jun/2023:12:52:17 +0300] POST /oauth2/token HTTP/1.1 200 1183 - Apache-HttpClient/4.5.13 (Java/20.0.1) 0.036
0:0:0:0:0:0:0:1 - - [16/Jun/2023:12:52:17 +0300] POST /api/am/devportal/v3/applications/d8414650-0dc6-4424-9310-830582be7bd1/oauth-keys/15e53310-e0a3-4f4c-bba4-05809bd5486b/generate-token HTTP/1.1 200 893 https://localhost:9443/devportal/applications/d8414650-0dc6-4424-9310-830582be7bd1/sandboxkeys/oauth Mozilla/5.0 (Windows NT 10.0; Win64; x64) AppleWebKit/537.36 (KHTML, like Gecko) Chrome/114.0.0.0 Safari/537.36 Edg/114.0.1823.43 0.160
127.0.0.1 - - [16/Jun/2023:12:52:17 +0300] POST /internal/data/v1/notify HTTP/1.1 200 - - Apache-HttpClient/4.5.13 (Java/20.0.1) 0.035
0:0:0:0:0:0:0:1 - - [16/Jun/2023:12:52:25 +0300] GET /api/am/devportal/v3/api-categories HTTP/1.1 200 21 https://localhost:9443/devportal/apis Mozilla/5.0 (Windows NT 10.0; Win64; x64) AppleWebKit/537.36 (KHTML, like Gecko) Chrome/114.0.0.0 Safari/537.36 Edg/114.0.1823.43 0.015
0:0:0:0:0:0:0:1 - - [16/Jun/2023:12:52:25 +0300] GET /devportal/site/public/images/_favicon.ico HTTP/1.1 200 1150 https://localhost:9443/devportal/apis Mozilla/5.0 (Windows NT 10.0; Win64; x64) AppleWebKit/537.36 (KHTML, like Gecko) Chrome/114.0.0.0 Safari/537.36 Edg/114.0.1823.43 0.010
0:0:0:0:0:0:0:1 - - [16/Jun/2023:12:52:25 +0300] GET /api/am/devportal/v3/tags HTTP/1.1 200 147 https://localhost:9443/devportal/apis Mozilla/5.0 (Windows NT 10.0; Win64; x64) AppleWebKit/537.36 (KHTML, like Gecko) Chrome/114.0.0.0 Safari/537.36 Edg/114.0.1823.43 0.070
0:0:0:0:0:0:0:1 - - [16/Jun/2023:12:52:25 +0300] GET /api/am/devportal/v3/apis?limit=10&offset=0 HTTP/1.1 200 749 https://localhost:9443/devportal/apis Mozilla/5.0 (Windows NT 10.0; Win64; x64) AppleWebKit/537.36 (KHTML, like Gecko) Chrome/114.0.0.0 Safari/537.36 Edg/114.0.1823.43 0.076
0:0:0:0:0:0:0:1 - - [16/Jun/2023:12:52:25 +0300] GET /api/am/devportal/v3/apis/e4370ba6-92b7-4702-a4ef-88bd6e943f97/ratings HTTP/1.1 200 125 https://localhost:9443/devportal/apis Mozilla/5.0 (Windows NT 10.0; Win64; x64) AppleWebKit/537.36 (KHTML, like Gecko) Chrome/114.0.0.0 Safari/537.36 Edg/114.0.1823.43 0.017
0:0:0:0:0:0:0:1 - - [16/Jun/2023:12:52:25 +0300] GET /api/am/devportal/v3/apis/e4370ba6-92b7-4702-a4ef-88bd6e943f97/thumbnail HTTP/1.1 204 - https://localhost:9443/devportal/apis Mozilla/5.0 (Windows NT 10.0; Win64; x64) AppleWebKit/537.36 (KHTML, like Gecko) Chrome/114.0.0.0 Safari/537.36 Edg/114.0.1823.43 0.019
0:0:0:0:0:0:0:1 - - [16/Jun/2023:12:52:25 +0300] GET /api/am/devportal/v3/apis/bd412728-6963-4947-ba67-61fa1e164022/ratings HTTP/1.1 200 125 https://localhost:9443/devportal/apis Mozilla/5.0 (Windows NT 10.0; Win64; x64) AppleWebKit/537.36 (KHTML, like Gecko) Chrome/114.0.0.0 Safari/537.36 Edg/114.0.1823.43 0.016
0:0:0:0:0:0:0:1 - - [16/Jun/2023:12:52:25 +0300] GET /api/am/devportal/v3/apis/b708e07c-f833-4577-9072-b66243c058b3/thumbnail HTTP/1.1 204 - https://localhost:9443/devportal/apis Mozilla/5.0 (Windows NT 10.0; Win64; x64) AppleWebKit/537.36 (KHTML, like Gecko) Chrome/114.0.0.0 Safari/537.36 Edg/114.0.1823.43 0.062
0:0:0:0:0:0:0:1 - - [16/Jun/2023:12:52:25 +0300] GET /api/am/devportal/v3/apis/8485612f-b238-4e6d-9c05-e116e15f9121/thumbnail HTTP/1.1 204 - https://localhost:9443/devportal/apis Mozilla/5.0 (Windows NT 10.0; Win64; x64) AppleWebKit/537.36 (KHTML, like Gecko) Chrome/114.0.0.0 Safari/537.36 Edg/114.0.1823.43 0.023
0:0:0:0:0:0:0:1 - - [16/Jun/2023:12:52:25 +0300] GET /api/am/devportal/v3/apis/746c7962-0923-4c21-be0e-a84d3748b57b/ratings HTTP/1.1 200 125 https://localhost:9443/devportal/apis Mozilla/5.0 (Windows NT 10.0; Win64; x64) AppleWebKit/537.36 (KHTML, like Gecko) Chrome/114.0.0.0 Safari/537.36 Edg/114.0.1823.43 0.155
0:0:0:0:0:0:0:1 - - [16/Jun/2023:12:52:25 +0300] GET /api/am/devportal/v3/apis/b708e07c-f833-4577-9072-b66243c058b3/ratings HTTP/1.1 200 125 https://localhost:9443/devportal/apis Mozilla/5.0 (Windows NT 10.0; Win64; x64) AppleWebKit/537.36 (KHTML, like Gecko) Chrome/114.0.0.0 Safari/537.36 Edg/114.0.1823.43 0.155
0:0:0:0:0:0:0:1 - - [16/Jun/2023:12:52:25 +0300] GET /api/am/devportal/v3/apis/bd412728-6963-4947-ba67-61fa1e164022/thumbnail HTTP/1.1 204 - https://localhost:9443/devportal/apis Mozilla/5.0 (Windows NT 10.0; Win64; x64) AppleWebKit/537.36 (KHTML, like Gecko) Chrome/114.0.0.0 Safari/537.36 Edg/114.0.1823.43 0.270
0:0:0:0:0:0:0:1 - - [16/Jun/2023:12:52:25 +0300] GET /api/am/devportal/v3/apis/746c7962-0923-4c21-be0e-a84d3748b57b/thumbnail HTTP/1.1 204 - https://localhost:9443/devportal/apis Mozilla/5.0 (Windows NT 10.0; Win64; x64) AppleWebKit/537.36 (KHTML, like Gecko) Chrome/114.0.0.0 Safari/537.36 Edg/114.0.1823.43 0.272
0:0:0:0:0:0:0:1 - - [16/Jun/2023:12:52:25 +0300] GET /api/am/devportal/v3/apis/8485612f-b238-4e6d-9c05-e116e15f9121/ratings HTTP/1.1 200 125 https://localhost:9443/devportal/apis Mozilla/5.0 (Windows NT 10.0; Win64; x64) AppleWebKit/537.36 (KHTML, like Gecko) Chrome/114.0.0.0 Safari/537.36 Edg/114.0.1823.43 0.260
0:0:0:0:0:0:0:1 - - [16/Jun/2023:12:52:27 +0300] GET /api/am/devportal/v3/apis/bd412728-6963-4947-ba67-61fa1e164022 HTTP/1.1 200 1050 https://localhost:9443/devportal/apis/bd412728-6963-4947-ba67-61fa1e164022 Mozilla/5.0 (Windows NT 10.0; Win64; x64) AppleWebKit/537.36 (KHTML, like Gecko) Chrome/114.0.0.0 Safari/537.36 Edg/114.0.1823.43 0.029
0:0:0:0:0:0:0:1 - - [16/Jun/2023:12:52:27 +0300] GET /devportal/site/public/images/_favicon.ico HTTP/1.1 200 1150 https://localhost:9443/devportal/apis/bd412728-6963-4947-ba67-61fa1e164022 Mozilla/5.0 (Windows NT 10.0; Win64; x64) AppleWebKit/537.36 (KHTML, like Gecko) Chrome/114.0.0.0 Safari/537.36 Edg/114.0.1823.43 0.003
0:0:0:0:0:0:0:1 - - [16/Jun/2023:12:52:27 +0300] GET /api/am/devportal/v3/applications?limit=5000 HTTP/1.1 200 965 https://localhost:9443/devportal/apis/bd412728-6963-4947-ba67-61fa1e164022 Mozilla/5.0 (Windows NT 10.0; Win64; x64) AppleWebKit/537.36 (KHTML, like Gecko) Chrome/114.0.0.0 Safari/537.36 Edg/114.0.1823.43 0.015
0:0:0:0:0:0:0:1 - - [16/Jun/2023:12:52:27 +0300] GET /api/am/devportal/v3/subscriptions?apiId=bd412728-6963-4947-ba67-61fa1e164022&limit=5000 HTTP/1.1 200 94 https://localhost:9443/devportal/apis/bd412728-6963-4947-ba67-61fa1e164022 Mozilla/5.0 (Windows NT 10.0; Win64; x64) AppleWebKit/537.36 (KHTML, like Gecko) Chrome/114.0.0.0 Safari/537.36 Edg/114.0.1823.43 0.041
0:0:0:0:0:0:0:1 - - [16/Jun/2023:12:52:27 +0300] GET /api/am/devportal/v3/subscriptions?apiId=bd412728-6963-4947-ba67-61fa1e164022&limit=25 HTTP/1.1 200 92 https://localhost:9443/devportal/apis/bd412728-6963-4947-ba67-61fa1e164022 Mozilla/5.0 (Windows NT 10.0; Win64; x64) AppleWebKit/537.36 (KHTML, like Gecko) Chrome/114.0.0.0 Safari/537.36 Edg/114.0.1823.43 0.055
0:0:0:0:0:0:0:1 - - [16/Jun/2023:12:52:27 +0300] GET /api/am/devportal/v3/throttling-policies/subscription HTTP/1.1 200 634 https://localhost:9443/devportal/apis/bd412728-6963-4947-ba67-61fa1e164022/overview Mozilla/5.0 (Windows NT 10.0; Win64; x64) AppleWebKit/537.36 (KHTML, like Gecko) Chrome/114.0.0.0 Safari/537.36 Edg/114.0.1823.43 0.027
0:0:0:0:0:0:0:1 - - [16/Jun/2023:12:52:27 +0300] GET /api/am/devportal/v3/throttling-policies/subscription HTTP/1.1 200 634 https://localhost:9443/devportal/apis/bd412728-6963-4947-ba67-61fa1e164022/overview Mozilla/5.0 (Windows NT 10.0; Win64; x64) AppleWebKit/537.36 (KHTML, like Gecko) Chrome/114.0.0.0 Safari/537.36 Edg/114.0.1823.43 0.010
0:0:0:0:0:0:0:1 - - [16/Jun/2023:12:52:27 +0300] GET /devportal/site/public/images/_favicon.ico HTTP/1.1 200 1150 https://localhost:9443/devportal/apis/bd412728-6963-4947-ba67-61fa1e164022/overview Mozilla/5.0 (Windows NT 10.0; Win64; x64) AppleWebKit/537.36 (KHTML, like Gecko) Chrome/114.0.0.0 Safari/537.36 Edg/114.0.1823.43 0.009
0:0:0:0:0:0:0:1 - - [16/Jun/2023:12:52:27 +0300] GET /api/am/devportal/v3/apis/bd412728-6963-4947-ba67-61fa1e164022/documents HTTP/1.1 200 92 https://localhost:9443/devportal/apis/bd412728-6963-4947-ba67-61fa1e164022/overview Mozilla/5.0 (Windows NT 10.0; Win64; x64) AppleWebKit/537.36 (KHTML, like Gecko) Chrome/114.0.0.0 Safari/537.36 Edg/114.0.1823.43 0.048
0:0:0:0:0:0:0:1 - - [16/Jun/2023:12:52:27 +0300] GET /api/am/devportal/v3/apis/bd412728-6963-4947-ba67-61fa1e164022/documents HTTP/1.1 200 92 https://localhost:9443/devportal/apis/bd412728-6963-4947-ba67-61fa1e164022/overview Mozilla/5.0 (Windows NT 10.0; Win64; x64) AppleWebKit/537.36 (KHTML, like Gecko) Chrome/114.0.0.0 Safari/537.36 Edg/114.0.1823.43 0.029
0:0:0:0:0:0:0:1 - - [16/Jun/2023:12:52:27 +0300] GET /api/am/devportal/v3/apis/bd412728-6963-4947-ba67-61fa1e164022/ratings HTTP/1.1 200 125 https://localhost:9443/devportal/apis/bd412728-6963-4947-ba67-61fa1e164022/overview Mozilla/5.0 (Windows NT 10.0; Win64; x64) AppleWebKit/537.36 (KHTML, like Gecko) Chrome/114.0.0.0 Safari/537.36 Edg/114.0.1823.43 0.011
0:0:0:0:0:0:0:1 - - [16/Jun/2023:12:52:27 +0300] GET /api/am/devportal/v3/apis/bd412728-6963-4947-ba67-61fa1e164022/comments?limit=5&offset=0 HTTP/1.1 200 101 https://localhost:9443/devportal/apis/bd412728-6963-4947-ba67-61fa1e164022/overview Mozilla/5.0 (Windows NT 10.0; Win64; x64) AppleWebKit/537.36 (KHTML, like Gecko) Chrome/114.0.0.0 Safari/537.36 Edg/114.0.1823.43 0.045
0:0:0:0:0:0:0:1 - - [16/Jun/2023:12:52:27 +0300] GET /api/am/devportal/v3/apis/bd412728-6963-4947-ba67-61fa1e164022/thumbnail HTTP/1.1 204 - https://localhost:9443/devportal/apis/bd412728-6963-4947-ba67-61fa1e164022/overview Mozilla/5.0 (Windows NT 10.0; Win64; x64) AppleWebKit/537.36 (KHTML, like Gecko) Chrome/114.0.0.0 Safari/537.36 Edg/114.0.1823.43 0.059
0:0:0:0:0:0:0:1 - - [16/Jun/2023:12:52:31 +0300] GET /devportal/site/public/images/_favicon.ico HTTP/1.1 200 1150 https://localhost:9443/devportal/apis/bd412728-6963-4947-ba67-61fa1e164022/credentials Mozilla/5.0 (Windows NT 10.0; Win64; x64) AppleWebKit/537.36 (KHTML, like Gecko) Chrome/114.0.0.0 Safari/537.36 Edg/114.0.1823.43 0.004
127.0.0.1 - - [16/Jun/2023:12:52:36 +0300] GET /keymanager-operations/dcr/register/MHFfRExjbVRFTmxsZmtqNk9JdjB2WDJ1Q0FJYQ%3D%3D HTTP/1.1 200 720 - Apache-HttpClient/4.5.13 (Java/20.0.1) 0.010
0:0:0:0:0:0:0:1 - - [16/Jun/2023:12:52:36 +0300] POST /api/am/devportal/v3/subscriptions HTTP/1.1 201 649 https://localhost:9443/devportal/apis/bd412728-6963-4947-ba67-61fa1e164022/credentials Mozilla/5.0 (Windows NT 10.0; Win64; x64) AppleWebKit/537.36 (KHTML, like Gecko) Chrome/114.0.0.0 Safari/537.36 Edg/114.0.1823.43 0.073
0:0:0:0:0:0:0:1 - - [16/Jun/2023:12:52:36 +0300] GET /api/am/devportal/v3/applications?limit=5000 HTTP/1.1 200 965 https://localhost:9443/devportal/apis/bd412728-6963-4947-ba67-61fa1e164022/credentials Mozilla/5.0 (Windows NT 10.0; Win64; x64) AppleWebKit/537.36 (KHTML, like Gecko) Chrome/114.0.0.0 Safari/537.36 Edg/114.0.1823.43 0.014
0:0:0:0:0:0:0:1 - - [16/Jun/2023:12:52:36 +0300] GET /api/am/devportal/v3/apis/bd412728-6963-4947-ba67-61fa1e164022 HTTP/1.1 200 1050 https://localhost:9443/devportal/apis/bd412728-6963-4947-ba67-61fa1e164022/credentials Mozilla/5.0 (Windows NT 10.0; Win64; x64) AppleWebKit/537.36 (KHTML, like Gecko) Chrome/114.0.0.0 Safari/537.36 Edg/114.0.1823.43 0.035
127.0.0.1 - - [16/Jun/2023:12:52:36 +0300] GET /keymanager-operations/dcr/register/MHFfRExjbVRFTmxsZmtqNk9JdjB2WDJ1Q0FJYQ%3D%3D HTTP/1.1 200 720 - Apache-HttpClient/4.5.13 (Java/20.0.1) 0.017
0:0:0:0:0:0:0:1 - - [16/Jun/2023:12:52:36 +0300] GET /api/am/devportal/v3/subscriptions?apiId=bd412728-6963-4947-ba67-61fa1e164022&limit=25 HTTP/1.1 200 700 https://localhost:9443/devportal/apis/bd412728-6963-4947-ba67-61fa1e164022/credentials Mozilla/5.0 (Windows NT 10.0; Win64; x64) AppleWebKit/537.36 (KHTML, like Gecko) Chrome/114.0.0.0 Safari/537.36 Edg/114.0.1823.43 0.084
127.0.0.1 - - [16/Jun/2023:12:52:36 +0300] GET /keymanager-operations/dcr/register/MHFfRExjbVRFTmxsZmtqNk9JdjB2WDJ1Q0FJYQ%3D%3D HTTP/1.1 200 720 - Apache-HttpClient/4.5.13 (Java/20.0.1) 0.012
0:0:0:0:0:0:0:1 - - [16/Jun/2023:12:52:36 +0300] GET /api/am/devportal/v3/subscriptions?apiId=bd412728-6963-4947-ba67-61fa1e164022&limit=5000 HTTP/1.1 200 701 https://localhost:9443/devportal/apis/bd412728-6963-4947-ba67-61fa1e164022/credentials Mozilla/5.0 (Windows NT 10.0; Win64; x64) AppleWebKit/537.36 (KHTML, like Gecko) Chrome/114.0.0.0 Safari/537.36 Edg/114.0.1823.43 0.120
0:0:0:0:0:0:0:1 - - [16/Jun/2023:12:52:49 +0300] GET /devportal/site/public/images/_favicon.ico HTTP/1.1 200 1150 https://localhost:9443/devportal/apis/bd412728-6963-4947-ba67-61fa1e164022/test Mozilla/5.0 (Windows NT 10.0; Win64; x64) AppleWebKit/537.36 (KHTML, like Gecko) Chrome/114.0.0.0 Safari/537.36 Edg/114.0.1823.43 0.006
0:0:0:0:0:0:0:1 - - [16/Jun/2023:12:52:49 +0300] GET /api/am/devportal/v3/apis/bd412728-6963-4947-ba67-61fa1e164022 HTTP/1.1 200 1050 https://localhost:9443/devportal/apis/bd412728-6963-4947-ba67-61fa1e164022/test Mozilla/5.0 (Windows NT 10.0; Win64; x64) AppleWebKit/537.36 (KHTML, like Gecko) Chrome/114.0.0.0 Safari/537.36 Edg/114.0.1823.43 0.033
0:0:0:0:0:0:0:1 - - [16/Jun/2023:12:52:49 +0300] GET /api/am/devportal/v3/apis/bd412728-6963-4947-ba67-61fa1e164022/swagger?environmentName=Default HTTP/1.1 200 398 https://localhost:9443/devportal/apis/bd412728-6963-4947-ba67-61fa1e164022/test Mozilla/5.0 (Windows NT 10.0; Win64; x64) AppleWebKit/537.36 (KHTML, like Gecko) Chrome/114.0.0.0 Safari/537.36 Edg/114.0.1823.43 0.027
0:0:0:0:0:0:0:1 - - [16/Jun/2023:12:52:49 +0300] GET /api/am/devportal/v3/swagger.yaml HTTP/1.1 200 26878 https://localhost:9443/devportal/apis/bd412728-6963-4947-ba67-61fa1e164022/test Mozilla/5.0 (Windows NT 10.0; Win64; x64) AppleWebKit/537.36 (KHTML, like Gecko) Chrome/114.0.0.0 Safari/537.36 Edg/114.0.1823.43 0.027
0:0:0:0:0:0:0:1 - - [16/Jun/2023:12:52:49 +0300] GET /api/am/devportal/v3/subscriptions?apiId=bd412728-6963-4947-ba67-61fa1e164022&limit=25 HTTP/1.1 200 700 https://localhost:9443/devportal/apis/bd412728-6963-4947-ba67-61fa1e164022/test Mozilla/5.0 (Windows NT 10.0; Win64; x64) AppleWebKit/537.36 (KHTML, like Gecko) Chrome/114.0.0.0 Safari/537.36 Edg/114.0.1823.43 0.092
127.0.0.1 - - [16/Jun/2023:12:52:49 +0300] GET /keymanager-operations/dcr/register/MHFfRExjbVRFTmxsZmtqNk9JdjB2WDJ1Q0FJYQ%3D%3D HTTP/1.1 200 720 - Apache-HttpClient/4.5.13 (Java/20.0.1) 0.072
127.0.0.1 - - [16/Jun/2023:12:52:49 +0300] GET /keymanager-operations/dcr/register/MHFfRExjbVRFTmxsZmtqNk9JdjB2WDJ1Q0FJYQ%3D%3D HTTP/1.1 200 720 - Apache-HttpClient/4.5.13 (Java/20.0.1) 0.015
0:0:0:0:0:0:0:1 - - [16/Jun/2023:12:52:49 +0300] GET /api/am/devportal/v3/subscriptions?apiId=bd412728-6963-4947-ba67-61fa1e164022&limit=25 HTTP/1.1 200 700 https://localhost:9443/devportal/apis/bd412728-6963-4947-ba67-61fa1e164022/test Mozilla/5.0 (Windows NT 10.0; Win64; x64) AppleWebKit/537.36 (KHTML, like Gecko) Chrome/114.0.0.0 Safari/537.36 Edg/114.0.1823.43 0.090
127.0.0.1 - - [16/Jun/2023:12:52:49 +0300] GET /oauth2/token/.well-known/openid-configuration HTTP/1.1 200 2395 - Apache-HttpClient/4.5.13 (Java/20.0.1) 0.043
0:0:0:0:0:0:0:1 - - [16/Jun/2023:12:52:49 +0300] GET /api/am/devportal/v3/key-managers HTTP/1.1 200 763 https://localhost:9443/devportal/apis/bd412728-6963-4947-ba67-61fa1e164022/test Mozilla/5.0 (Windows NT 10.0; Win64; x64) AppleWebKit/537.36 (KHTML, like Gecko) Chrome/114.0.0.0 Safari/537.36 Edg/114.0.1823.43 0.207
0:0:0:0:0:0:0:1 - - [16/Jun/2023:12:52:49 +0300] GET /api/am/devportal/v3/applications/ HTTP/1.1 200 963 https://localhost:9443/devportal/apis/bd412728-6963-4947-ba67-61fa1e164022/test Mozilla/5.0 (Windows NT 10.0; Win64; x64) AppleWebKit/537.36 (KHTML, like Gecko) Chrome/114.0.0.0 Safari/537.36 Edg/114.0.1823.43 0.010
0:0:0:0:0:0:0:1 - - [16/Jun/2023:12:52:49 +0300] GET /api/am/devportal/v3/swagger.yaml HTTP/1.1 200 26878 https://localhost:9443/devportal/apis/bd412728-6963-4947-ba67-61fa1e164022/test Mozilla/5.0 (Windows NT 10.0; Win64; x64) AppleWebKit/537.36 (KHTML, like Gecko) Chrome/114.0.0.0 Safari/537.36 Edg/114.0.1823.43 0.016
127.0.0.1 - - [16/Jun/2023:12:52:49 +0300] GET /keymanager-operations/dcr/register/MHFfRExjbVRFTmxsZmtqNk9JdjB2WDJ1Q0FJYQ%3D%3D HTTP/1.1 200 720 - Apache-HttpClient/4.5.13 (Java/20.0.1) 0.003
0:0:0:0:0:0:0:1 - - [16/Jun/2023:12:52:49 +0300] GET /api/am/devportal/v3/applications/d8414650-0dc6-4424-9310-830582be7bd1 HTTP/1.1 200 336 https://localhost:9443/devportal/apis/bd412728-6963-4947-ba67-61fa1e164022/test Mozilla/5.0 (Windows NT 10.0; Win64; x64) AppleWebKit/537.36 (KHTML, like Gecko) Chrome/114.0.0.0 Safari/537.36 Edg/114.0.1823.43 0.011
127.0.0.1 - - [16/Jun/2023:12:52:49 +0300] GET /keymanager-operations/dcr/register/MHFfRExjbVRFTmxsZmtqNk9JdjB2WDJ1Q0FJYQ%3D%3D HTTP/1.1 200 720 - Apache-HttpClient/4.5.13 (Java/20.0.1) 0.008
0:0:0:0:0:0:0:1 - - [16/Jun/2023:12:52:49 +0300] GET /api/am/devportal/v3/applications/d8414650-0dc6-4424-9310-830582be7bd1/oauth-keys HTTP/1.1 200 868 https://localhost:9443/devportal/apis/bd412728-6963-4947-ba67-61fa1e164022/test Mozilla/5.0 (Windows NT 10.0; Win64; x64) AppleWebKit/537.36 (KHTML, like Gecko) Chrome/114.0.0.0 Safari/537.36 Edg/114.0.1823.43 0.018
0:0:0:0:0:0:0:1 - - [16/Jun/2023:12:52:50 +0300] GET /api/am/devportal/v3/swagger.yaml HTTP/1.1 200 26878 https://localhost:9443/devportal/apis/bd412728-6963-4947-ba67-61fa1e164022/test Mozilla/5.0 (Windows NT 10.0; Win64; x64) AppleWebKit/537.36 (KHTML, like Gecko) Chrome/114.0.0.0 Safari/537.36 Edg/114.0.1823.43 0.025
0:0:0:0:0:0:0:1 - - [16/Jun/2023:12:52:50 +0300] GET /api/am/devportal/v3/swagger.yaml HTTP/1.1 200 26878 https://localhost:9443/devportal/apis/bd412728-6963-4947-ba67-61fa1e164022/test Mozilla/5.0 (Windows NT 10.0; Win64; x64) AppleWebKit/537.36 (KHTML, like Gecko) Chrome/114.0.0.0 Safari/537.36 Edg/114.0.1823.43 0.015
0:0:0:0:0:0:0:1 - - [16/Jun/2023:12:52:50 +0300] GET /api/am/devportal/v3/applications/d8414650-0dc6-4424-9310-830582be7bd1 HTTP/1.1 200 336 https://localhost:9443/devportal/apis/bd412728-6963-4947-ba67-61fa1e164022/test Mozilla/5.0 (Windows NT 10.0; Win64; x64) AppleWebKit/537.36 (KHTML, like Gecko) Chrome/114.0.0.0 Safari/537.36 Edg/114.0.1823.43 0.016
127.0.0.1 - - [16/Jun/2023:12:52:50 +0300] GET /keymanager-operations/dcr/register/MHFfRExjbVRFTmxsZmtqNk9JdjB2WDJ1Q0FJYQ%3D%3D HTTP/1.1 200 720 - Apache-HttpClient/4.5.13 (Java/20.0.1) 0.008
127.0.0.1 - - [16/Jun/2023:12:52:50 +0300] GET /keymanager-operations/dcr/register/MHFfRExjbVRFTmxsZmtqNk9JdjB2WDJ1Q0FJYQ%3D%3D HTTP/1.1 200 720 - Apache-HttpClient/4.5.13 (Java/20.0.1) 0.005
0:0:0:0:0:0:0:1 - - [16/Jun/2023:12:52:50 +0300] GET /api/am/devportal/v3/applications/d8414650-0dc6-4424-9310-830582be7bd1 HTTP/1.1 200 336 https://localhost:9443/devportal/apis/bd412728-6963-4947-ba67-61fa1e164022/test Mozilla/5.0 (Windows NT 10.0; Win64; x64) AppleWebKit/537.36 (KHTML, like Gecko) Chrome/114.0.0.0 Safari/537.36 Edg/114.0.1823.43 0.022
127.0.0.1 - - [16/Jun/2023:12:52:50 +0300] GET /keymanager-operations/dcr/register/MHFfRExjbVRFTmxsZmtqNk9JdjB2WDJ1Q0FJYQ%3D%3D HTTP/1.1 200 720 - Apache-HttpClient/4.5.13 (Java/20.0.1) 0.009
0:0:0:0:0:0:0:1 - - [16/Jun/2023:12:52:50 +0300] GET /api/am/devportal/v3/applications/d8414650-0dc6-4424-9310-830582be7bd1/oauth-keys HTTP/1.1 200 868 https://localhost:9443/devportal/apis/bd412728-6963-4947-ba67-61fa1e164022/test Mozilla/5.0 (Windows NT 10.0; Win64; x64) AppleWebKit/537.36 (KHTML, like Gecko) Chrome/114.0.0.0 Safari/537.36 Edg/114.0.1823.43 0.021
127.0.0.1 - - [16/Jun/2023:12:52:50 +0300] GET /keymanager-operations/dcr/register/MHFfRExjbVRFTmxsZmtqNk9JdjB2WDJ1Q0FJYQ%3D%3D HTTP/1.1 200 720 - Apache-HttpClient/4.5.13 (Java/20.0.1) 0.006
0:0:0:0:0:0:0:1 - - [16/Jun/2023:12:52:50 +0300] GET /api/am/devportal/v3/applications/d8414650-0dc6-4424-9310-830582be7bd1/oauth-keys HTTP/1.1 200 868 https://localhost:9443/devportal/apis/bd412728-6963-4947-ba67-61fa1e164022/test Mozilla/5.0 (Windows NT 10.0; Win64; x64) AppleWebKit/537.36 (KHTML, like Gecko) Chrome/114.0.0.0 Safari/537.36 Edg/114.0.1823.43 0.014
0:0:0:0:0:0:0:1 - - [16/Jun/2023:12:53:26 +0300] GET /api/am/devportal/v3/tags HTTP/1.1 200 147 https://localhost:9443/devportal/apis Mozilla/5.0 (Windows NT 10.0; Win64; x64) AppleWebKit/537.36 (KHTML, like Gecko) Chrome/114.0.0.0 Safari/537.36 Edg/114.0.1823.43 0.045
0:0:0:0:0:0:0:1 - - [16/Jun/2023:12:53:26 +0300] GET /api/am/devportal/v3/api-categories HTTP/1.1 200 21 https://localhost:9443/devportal/apis Mozilla/5.0 (Windows NT 10.0; Win64; x64) AppleWebKit/537.36 (KHTML, like Gecko) Chrome/114.0.0.0 Safari/537.36 Edg/114.0.1823.43 0.007
0:0:0:0:0:0:0:1 - - [16/Jun/2023:12:53:26 +0300] GET /devportal/site/public/images/_favicon.ico HTTP/1.1 200 1150 https://localhost:9443/devportal/apis Mozilla/5.0 (Windows NT 10.0; Win64; x64) AppleWebKit/537.36 (KHTML, like Gecko) Chrome/114.0.0.0 Safari/537.36 Edg/114.0.1823.43 0.017
0:0:0:0:0:0:0:1 - - [16/Jun/2023:12:53:26 +0300] GET /api/am/devportal/v3/apis?limit=10&offset=0 HTTP/1.1 200 749 https://localhost:9443/devportal/apis Mozilla/5.0 (Windows NT 10.0; Win64; x64) AppleWebKit/537.36 (KHTML, like Gecko) Chrome/114.0.0.0 Safari/537.36 Edg/114.0.1823.43 0.100
0:0:0:0:0:0:0:1 - - [16/Jun/2023:12:53:26 +0300] GET /api/am/devportal/v3/apis/bd412728-6963-4947-ba67-61fa1e164022/ratings HTTP/1.1 200 125 https://localhost:9443/devportal/apis Mozilla/5.0 (Windows NT 10.0; Win64; x64) AppleWebKit/537.36 (KHTML, like Gecko) Chrome/114.0.0.0 Safari/537.36 Edg/114.0.1823.43 0.015
0:0:0:0:0:0:0:1 - - [16/Jun/2023:12:53:26 +0300] GET /api/am/devportal/v3/apis/e4370ba6-92b7-4702-a4ef-88bd6e943f97/thumbnail HTTP/1.1 204 - https://localhost:9443/devportal/apis Mozilla/5.0 (Windows NT 10.0; Win64; x64) AppleWebKit/537.36 (KHTML, like Gecko) Chrome/114.0.0.0 Safari/537.36 Edg/114.0.1823.43 0.048
0:0:0:0:0:0:0:1 - - [16/Jun/2023:12:53:26 +0300] GET /api/am/devportal/v3/apis/746c7962-0923-4c21-be0e-a84d3748b57b/thumbnail HTTP/1.1 204 - https://localhost:9443/devportal/apis Mozilla/5.0 (Windows NT 10.0; Win64; x64) AppleWebKit/537.36 (KHTML, like Gecko) Chrome/114.0.0.0 Safari/537.36 Edg/114.0.1823.43 0.065
0:0:0:0:0:0:0:1 - - [16/Jun/2023:12:53:26 +0300] - 400 - - - 0.000
0:0:0:0:0:0:0:1 - - [16/Jun/2023:12:53:26 +0300] - 400 - - - 0.000
0:0:0:0:0:0:0:1 - - [16/Jun/2023:12:53:26 +0300] GET /api/am/devportal/v3/apis/b708e07c-f833-4577-9072-b66243c058b3/ratings HTTP/1.1 200 125 https://localhost:9443/devportal/apis Mozilla/5.0 (Windows NT 10.0; Win64; x64) AppleWebKit/537.36 (KHTML, like Gecko) Chrome/114.0.0.0 Safari/537.36 Edg/114.0.1823.43 0.063
0:0:0:0:0:0:0:1 - - [16/Jun/2023:12:53:26 +0300] GET /api/am/devportal/v3/apis/bd412728-6963-4947-ba67-61fa1e164022/thumbnail HTTP/1.1 204 - https://localhost:9443/devportal/apis Mozilla/5.0 (Windows NT 10.0; Win64; x64) AppleWebKit/537.36 (KHTML, like Gecko) Chrome/114.0.0.0 Safari/537.36 Edg/114.0.1823.43 0.070
0:0:0:0:0:0:0:1 - - [16/Jun/2023:12:53:26 +0300] GET /api/am/devportal/v3/apis/746c7962-0923-4c21-be0e-a84d3748b57b/ratings HTTP/1.1 200 125 https://localhost:9443/devportal/apis Mozilla/5.0 (Windows NT 10.0; Win64; x64) AppleWebKit/537.36 (KHTML, like Gecko) Chrome/114.0.0.0 Safari/537.36 Edg/114.0.1823.43 0.034
0:0:0:0:0:0:0:1 - - [16/Jun/2023:12:53:26 +0300] GET /api/am/devportal/v3/apis/8485612f-b238-4e6d-9c05-e116e15f9121/ratings HTTP/1.1 200 125 https://localhost:9443/devportal/apis Mozilla/5.0 (Windows NT 10.0; Win64; x64) AppleWebKit/537.36 (KHTML, like Gecko) Chrome/114.0.0.0 Safari/537.36 Edg/114.0.1823.43 0.070
0:0:0:0:0:0:0:1 - - [16/Jun/2023:12:53:26 +0300] GET /api/am/devportal/v3/apis/b708e07c-f833-4577-9072-b66243c058b3/thumbnail HTTP/1.1 204 - https://localhost:9443/devportal/apis Mozilla/5.0 (Windows NT 10.0; Win64; x64) AppleWebKit/537.36 (KHTML, like Gecko) Chrome/114.0.0.0 Safari/537.36 Edg/114.0.1823.43 0.098
0:0:0:0:0:0:0:1 - - [16/Jun/2023:12:53:26 +0300] GET /api/am/devportal/v3/apis/e4370ba6-92b7-4702-a4ef-88bd6e943f97/ratings HTTP/1.1 200 125 https://localhost:9443/devportal/apis Mozilla/5.0 (Windows NT 10.0; Win64; x64) AppleWebKit/537.36 (KHTML, like Gecko) Chrome/114.0.0.0 Safari/537.36 Edg/114.0.1823.43 0.215
0:0:0:0:0:0:0:1 - - [16/Jun/2023:12:53:26 +0300] GET /api/am/devportal/v3/apis/8485612f-b238-4e6d-9c05-e116e15f9121/thumbnail HTTP/1.1 204 - https://localhost:9443/devportal/apis Mozilla/5.0 (Windows NT 10.0; Win64; x64) AppleWebKit/537.36 (KHTML, like Gecko) Chrome/114.0.0.0 Safari/537.36 Edg/114.0.1823.43 0.111
0:0:0:0:0:0:0:1 - - [16/Jun/2023:12:53:31 +0300] GET /api/am/devportal/v3/applications?limit=5000 HTTP/1.1 200 965 https://localhost:9443/devportal/apis/b708e07c-f833-4577-9072-b66243c058b3 Mozilla/5.0 (Windows NT 10.0; Win64; x64) AppleWebKit/537.36 (KHTML, like Gecko) Chrome/114.0.0.0 Safari/537.36 Edg/114.0.1823.43 0.009
0:0:0:0:0:0:0:1 - - [16/Jun/2023:12:53:31 +0300] GET /devportal/site/public/images/_favicon.ico HTTP/1.1 200 1150 https://localhost:9443/devportal/apis/b708e07c-f833-4577-9072-b66243c058b3 Mozilla/5.0 (Windows NT 10.0; Win64; x64) AppleWebKit/537.36 (KHTML, like Gecko) Chrome/114.0.0.0 Safari/537.36 Edg/114.0.1823.43 0.006
0:0:0:0:0:0:0:1 - - [16/Jun/2023:12:53:31 +0300] GET /api/am/devportal/v3/apis/b708e07c-f833-4577-9072-b66243c058b3 HTTP/1.1 200 1106 https://localhost:9443/devportal/apis/b708e07c-f833-4577-9072-b66243c058b3 Mozilla/5.0 (Windows NT 10.0; Win64; x64) AppleWebKit/537.36 (KHTML, like Gecko) Chrome/114.0.0.0 Safari/537.36 Edg/114.0.1823.43 0.127
127.0.0.1 - - [16/Jun/2023:12:53:31 +0300] GET /keymanager-operations/dcr/register/U1FCTzNQdGxqaEVrN0lldGRsUVR6SlRpaDhFYQ%3D%3D HTTP/1.1 200 720 - Apache-HttpClient/4.5.13 (Java/20.0.1) 0.004
127.0.0.1 - - [16/Jun/2023:12:53:31 +0300] GET /keymanager-operations/dcr/register/U1FCTzNQdGxqaEVrN0lldGRsUVR6SlRpaDhFYQ%3D%3D HTTP/1.1 200 720 - Apache-HttpClient/4.5.13 (Java/20.0.1) 0.018
127.0.0.1 - - [16/Jun/2023:12:53:32 +0300] GET /keymanager-operations/dcr/register/MHFfRExjbVRFTmxsZmtqNk9JdjB2WDJ1Q0FJYQ%3D%3D HTTP/1.1 200 720 - Apache-HttpClient/4.5.13 (Java/20.0.1) 0.034
0:0:0:0:0:0:0:1 - - [16/Jun/2023:12:53:32 +0300] GET /api/am/devportal/v3/throttling-policies/subscription HTTP/1.1 200 634 https://localhost:9443/devportal/apis/b708e07c-f833-4577-9072-b66243c058b3/overview Mozilla/5.0 (Windows NT 10.0; Win64; x64) AppleWebKit/537.36 (KHTML, like Gecko) Chrome/114.0.0.0 Safari/537.36 Edg/114.0.1823.43 0.009
127.0.0.1 - - [16/Jun/2023:12:53:32 +0300] GET /keymanager-operations/dcr/register/MHFfRExjbVRFTmxsZmtqNk9JdjB2WDJ1Q0FJYQ%3D%3D HTTP/1.1 200 720 - Apache-HttpClient/4.5.13 (Java/20.0.1) 0.069
0:0:0:0:0:0:0:1 - - [16/Jun/2023:12:53:32 +0300] GET /devportal/site/public/images/_favicon.ico HTTP/1.1 200 1150 https://localhost:9443/devportal/apis/b708e07c-f833-4577-9072-b66243c058b3/overview Mozilla/5.0 (Windows NT 10.0; Win64; x64) AppleWebKit/537.36 (KHTML, like Gecko) Chrome/114.0.0.0 Safari/537.36 Edg/114.0.1823.43 0.001
0:0:0:0:0:0:0:1 - - [16/Jun/2023:12:53:32 +0300] GET /api/am/devportal/v3/subscriptions?apiId=b708e07c-f833-4577-9072-b66243c058b3&limit=25 HTTP/1.1 200 801 https://localhost:9443/devportal/apis/b708e07c-f833-4577-9072-b66243c058b3 Mozilla/5.0 (Windows NT 10.0; Win64; x64) AppleWebKit/537.36 (KHTML, like Gecko) Chrome/114.0.0.0 Safari/537.36 Edg/114.0.1823.43 0.245
0:0:0:0:0:0:0:1 - - [16/Jun/2023:12:53:32 +0300] GET /api/am/devportal/v3/throttling-policies/subscription HTTP/1.1 200 634 https://localhost:9443/devportal/apis/b708e07c-f833-4577-9072-b66243c058b3/overview Mozilla/5.0 (Windows NT 10.0; Win64; x64) AppleWebKit/537.36 (KHTML, like Gecko) Chrome/114.0.0.0 Safari/537.36 Edg/114.0.1823.43 0.010
0:0:0:0:0:0:0:1 - - [16/Jun/2023:12:53:32 +0300] GET /api/am/devportal/v3/apis/b708e07c-f833-4577-9072-b66243c058b3/documents HTTP/1.1 200 92 https://localhost:9443/devportal/apis/b708e07c-f833-4577-9072-b66243c058b3/overview Mozilla/5.0 (Windows NT 10.0; Win64; x64) AppleWebKit/537.36 (KHTML, like Gecko) Chrome/114.0.0.0 Safari/537.36 Edg/114.0.1823.43 0.036
0:0:0:0:0:0:0:1 - - [16/Jun/2023:12:53:32 +0300] GET /api/am/devportal/v3/subscriptions?apiId=b708e07c-f833-4577-9072-b66243c058b3&limit=5000 HTTP/1.1 200 801 https://localhost:9443/devportal/apis/b708e07c-f833-4577-9072-b66243c058b3 Mozilla/5.0 (Windows NT 10.0; Win64; x64) AppleWebKit/537.36 (KHTML, like Gecko) Chrome/114.0.0.0 Safari/537.36 Edg/114.0.1823.43 0.214
0:0:0:0:0:0:0:1 - - [16/Jun/2023:12:53:32 +0300] GET /api/am/devportal/v3/apis/b708e07c-f833-4577-9072-b66243c058b3/documents HTTP/1.1 200 92 https://localhost:9443/devportal/apis/b708e07c-f833-4577-9072-b66243c058b3/overview Mozilla/5.0 (Windows NT 10.0; Win64; x64) AppleWebKit/537.36 (KHTML, like Gecko) Chrome/114.0.0.0 Safari/537.36 Edg/114.0.1823.43 0.161
0:0:0:0:0:0:0:1 - - [16/Jun/2023:12:53:32 +0300] GET /api/am/devportal/v3/apis/b708e07c-f833-4577-9072-b66243c058b3/thumbnail HTTP/1.1 204 - https://localhost:9443/devportal/apis/b708e07c-f833-4577-9072-b66243c058b3/overview Mozilla/5.0 (Windows NT 10.0; Win64; x64) AppleWebKit/537.36 (KHTML, like Gecko) Chrome/114.0.0.0 Safari/537.36 Edg/114.0.1823.43 0.131
0:0:0:0:0:0:0:1 - - [16/Jun/2023:12:53:32 +0300] GET /api/am/devportal/v3/apis/b708e07c-f833-4577-9072-b66243c058b3/ratings HTTP/1.1 200 125 https://localhost:9443/devportal/apis/b708e07c-f833-4577-9072-b66243c058b3/overview Mozilla/5.0 (Windows NT 10.0; Win64; x64) AppleWebKit/537.36 (KHTML, like Gecko) Chrome/114.0.0.0 Safari/537.36 Edg/114.0.1823.43 0.165
0:0:0:0:0:0:0:1 - - [16/Jun/2023:12:53:32 +0300] GET /api/am/devportal/v3/apis/b708e07c-f833-4577-9072-b66243c058b3/comments?limit=5&offset=0 HTTP/1.1 200 101 https://localhost:9443/devportal/apis/b708e07c-f833-4577-9072-b66243c058b3/overview Mozilla/5.0 (Windows NT 10.0; Win64; x64) AppleWebKit/537.36 (KHTML, like Gecko) Chrome/114.0.0.0 Safari/537.36 Edg/114.0.1823.43 0.167
0:0:0:0:0:0:0:1 - - [16/Jun/2023:12:56:41 +0300] - 400 - - - 0.000
0:0:0:0:0:0:0:1 - - [16/Jun/2023:12:56:41 +0300] - 400 - - - 0.000
0:0:0:0:0:0:0:1 - - [16/Jun/2023:12:56:41 +0300] - 400 - - - 0.000
0:0:0:0:0:0:0:1 - - [16/Jun/2023:12:56:41 +0300] - 400 - - - 0.000
0:0:0:0:0:0:0:1 - - [16/Jun/2023:12:56:41 +0300] - 400 - - - 0.000
0:0:0:0:0:0:0:1 - - [16/Jun/2023:12:56:42 +0300] GET /devportal/site/public/images/_favicon.ico HTTP/1.1 200 1150 https://localhost:9443/devportal/apis/b708e07c-f833-4577-9072-b66243c058b3/test Mozilla/5.0 (Windows NT 10.0; Win64; x64) AppleWebKit/537.36 (KHTML, like Gecko) Chrome/114.0.0.0 Safari/537.36 Edg/114.0.1823.43 0.016
0:0:0:0:0:0:0:1 - - [16/Jun/2023:12:56:42 +0300] GET /api/am/devportal/v3/applications?limit=5000 HTTP/1.1 200 965 https://localhost:9443/devportal/apis/b708e07c-f833-4577-9072-b66243c058b3/test Mozilla/5.0 (Windows NT 10.0; Win64; x64) AppleWebKit/537.36 (KHTML, like Gecko) Chrome/114.0.0.0 Safari/537.36 Edg/114.0.1823.43 0.350
0:0:0:0:0:0:0:1 - - [16/Jun/2023:12:56:42 +0300] GET /api/am/devportal/v3/apis/b708e07c-f833-4577-9072-b66243c058b3 HTTP/1.1 200 1106 https://localhost:9443/devportal/apis/b708e07c-f833-4577-9072-b66243c058b3/test Mozilla/5.0 (Windows NT 10.0; Win64; x64) AppleWebKit/537.36 (KHTML, like Gecko) Chrome/114.0.0.0 Safari/537.36 Edg/114.0.1823.43 0.710
127.0.0.1 - - [16/Jun/2023:12:56:42 +0300] GET /keymanager-operations/dcr/register/MHFfRExjbVRFTmxsZmtqNk9JdjB2WDJ1Q0FJYQ%3D%3D HTTP/1.1 200 720 - Apache-HttpClient/4.5.13 (Java/20.0.1) 0.008
127.0.0.1 - - [16/Jun/2023:12:56:42 +0300] GET /keymanager-operations/dcr/register/MHFfRExjbVRFTmxsZmtqNk9JdjB2WDJ1Q0FJYQ%3D%3D HTTP/1.1 200 720 - Apache-HttpClient/4.5.13 (Java/20.0.1) 0.010
127.0.0.1 - - [16/Jun/2023:12:56:42 +0300] GET /keymanager-operations/dcr/register/U1FCTzNQdGxqaEVrN0lldGRsUVR6SlRpaDhFYQ%3D%3D HTTP/1.1 200 720 - Apache-HttpClient/4.5.13 (Java/20.0.1) 0.005
127.0.0.1 - - [16/Jun/2023:12:56:42 +0300] GET /keymanager-operations/dcr/register/U1FCTzNQdGxqaEVrN0lldGRsUVR6SlRpaDhFYQ%3D%3D HTTP/1.1 200 720 - Apache-HttpClient/4.5.13 (Java/20.0.1) 0.017
0:0:0:0:0:0:0:1 - - [16/Jun/2023:12:56:42 +0300] GET /api/am/devportal/v3/apis/b708e07c-f833-4577-9072-b66243c058b3 HTTP/1.1 200 1106 https://localhost:9443/devportal/apis/b708e07c-f833-4577-9072-b66243c058b3/test Mozilla/5.0 (Windows NT 10.0; Win64; x64) AppleWebKit/537.36 (KHTML, like Gecko) Chrome/114.0.0.0 Safari/537.36 Edg/114.0.1823.43 0.082
0:0:0:0:0:0:0:1 - - [16/Jun/2023:12:56:42 +0300] GET /api/am/devportal/v3/subscriptions?apiId=b708e07c-f833-4577-9072-b66243c058b3&limit=5000 HTTP/1.1 200 801 https://localhost:9443/devportal/apis/b708e07c-f833-4577-9072-b66243c058b3/test Mozilla/5.0 (Windows NT 10.0; Win64; x64) AppleWebKit/537.36 (KHTML, like Gecko) Chrome/114.0.0.0 Safari/537.36 Edg/114.0.1823.43 0.789
0:0:0:0:0:0:0:1 - - [16/Jun/2023:12:56:42 +0300] GET /api/am/devportal/v3/subscriptions?apiId=b708e07c-f833-4577-9072-b66243c058b3&limit=25 HTTP/1.1 200 801 https://localhost:9443/devportal/apis/b708e07c-f833-4577-9072-b66243c058b3/test Mozilla/5.0 (Windows NT 10.0; Win64; x64) AppleWebKit/537.36 (KHTML, like Gecko) Chrome/114.0.0.0 Safari/537.36 Edg/114.0.1823.43 0.801
0:0:0:0:0:0:0:1 - - [16/Jun/2023:12:56:42 +0300] GET /api/am/devportal/v3/apis/b708e07c-f833-4577-9072-b66243c058b3/swagger?environmentName=Default HTTP/1.1 200 449 https://localhost:9443/devportal/apis/b708e07c-f833-4577-9072-b66243c058b3/test Mozilla/5.0 (Windows NT 10.0; Win64; x64) AppleWebKit/537.36 (KHTML, like Gecko) Chrome/114.0.0.0 Safari/537.36 Edg/114.0.1823.43 0.062
0:0:0:0:0:0:0:1 - - [16/Jun/2023:12:56:43 +0300] GET /api/am/devportal/v3/swagger.yaml HTTP/1.1 200 26878 https://localhost:9443/devportal/apis/b708e07c-f833-4577-9072-b66243c058b3/test Mozilla/5.0 (Windows NT 10.0; Win64; x64) AppleWebKit/537.36 (KHTML, like Gecko) Chrome/114.0.0.0 Safari/537.36 Edg/114.0.1823.43 0.015
127.0.0.1 - - [16/Jun/2023:12:56:43 +0300] GET /keymanager-operations/dcr/register/U1FCTzNQdGxqaEVrN0lldGRsUVR6SlRpaDhFYQ%3D%3D HTTP/1.1 200 720 - Apache-HttpClient/4.5.13 (Java/20.0.1) 0.005
127.0.0.1 - - [16/Jun/2023:12:56:43 +0300] GET /keymanager-operations/dcr/register/MHFfRExjbVRFTmxsZmtqNk9JdjB2WDJ1Q0FJYQ%3D%3D HTTP/1.1 200 720 - Apache-HttpClient/4.5.13 (Java/20.0.1) 0.071
0:0:0:0:0:0:0:1 - - [16/Jun/2023:12:56:43 +0300] GET /api/am/devportal/v3/subscriptions?apiId=b708e07c-f833-4577-9072-b66243c058b3&limit=25 HTTP/1.1 200 801 https://localhost:9443/devportal/apis/b708e07c-f833-4577-9072-b66243c058b3/test Mozilla/5.0 (Windows NT 10.0; Win64; x64) AppleWebKit/537.36 (KHTML, like Gecko) Chrome/114.0.0.0 Safari/537.36 Edg/114.0.1823.43 0.138
0:0:0:0:0:0:0:1 - - [16/Jun/2023:12:56:43 +0300] GET /api/am/devportal/v3/key-managers HTTP/1.1 200 763 https://localhost:9443/devportal/apis/b708e07c-f833-4577-9072-b66243c058b3/test Mozilla/5.0 (Windows NT 10.0; Win64; x64) AppleWebKit/537.36 (KHTML, like Gecko) Chrome/114.0.0.0 Safari/537.36 Edg/114.0.1823.43 0.096
127.0.0.1 - - [16/Jun/2023:12:56:43 +0300] GET /oauth2/token/.well-known/openid-configuration HTTP/1.1 200 2395 - Apache-HttpClient/4.5.13 (Java/20.0.1) 0.024
127.0.0.1 - - [16/Jun/2023:12:56:43 +0300] GET /keymanager-operations/dcr/register/MHFfRExjbVRFTmxsZmtqNk9JdjB2WDJ1Q0FJYQ%3D%3D HTTP/1.1 200 720 - Apache-HttpClient/4.5.13 (Java/20.0.1) 0.015
127.0.0.1 - - [16/Jun/2023:12:56:43 +0300] GET /keymanager-operations/dcr/register/U1FCTzNQdGxqaEVrN0lldGRsUVR6SlRpaDhFYQ%3D%3D HTTP/1.1 200 720 - Apache-HttpClient/4.5.13 (Java/20.0.1) 0.027
0:0:0:0:0:0:0:1 - - [16/Jun/2023:12:56:43 +0300] GET /api/am/devportal/v3/subscriptions?apiId=b708e07c-f833-4577-9072-b66243c058b3&limit=25 HTTP/1.1 200 801 https://localhost:9443/devportal/apis/b708e07c-f833-4577-9072-b66243c058b3/test Mozilla/5.0 (Windows NT 10.0; Win64; x64) AppleWebKit/537.36 (KHTML, like Gecko) Chrome/114.0.0.0 Safari/537.36 Edg/114.0.1823.43 0.118
0:0:0:0:0:0:0:1 - - [16/Jun/2023:12:56:43 +0300] GET /api/am/devportal/v3/applications/ HTTP/1.1 200 963 https://localhost:9443/devportal/apis/b708e07c-f833-4577-9072-b66243c058b3/test Mozilla/5.0 (Windows NT 10.0; Win64; x64) AppleWebKit/537.36 (KHTML, like Gecko) Chrome/114.0.0.0 Safari/537.36 Edg/114.0.1823.43 0.012
0:0:0:0:0:0:0:1 - - [16/Jun/2023:12:56:43 +0300] GET /api/am/devportal/v3/swagger.yaml HTTP/1.1 200 26878 https://localhost:9443/devportal/apis/b708e07c-f833-4577-9072-b66243c058b3/test Mozilla/5.0 (Windows NT 10.0; Win64; x64) AppleWebKit/537.36 (KHTML, like Gecko) Chrome/114.0.0.0 Safari/537.36 Edg/114.0.1823.43 0.014
127.0.0.1 - - [16/Jun/2023:12:56:43 +0300] GET /keymanager-operations/dcr/register/MHFfRExjbVRFTmxsZmtqNk9JdjB2WDJ1Q0FJYQ%3D%3D HTTP/1.1 200 720 - Apache-HttpClient/4.5.13 (Java/20.0.1) 0.023
0:0:0:0:0:0:0:1 - - [16/Jun/2023:12:56:43 +0300] GET /api/am/devportal/v3/applications/d8414650-0dc6-4424-9310-830582be7bd1 HTTP/1.1 200 336 https://localhost:9443/devportal/apis/b708e07c-f833-4577-9072-b66243c058b3/test Mozilla/5.0 (Windows NT 10.0; Win64; x64) AppleWebKit/537.36 (KHTML, like Gecko) Chrome/114.0.0.0 Safari/537.36 Edg/114.0.1823.43 0.032
127.0.0.1 - - [16/Jun/2023:12:56:43 +0300] GET /keymanager-operations/dcr/register/MHFfRExjbVRFTmxsZmtqNk9JdjB2WDJ1Q0FJYQ%3D%3D HTTP/1.1 200 720 - Apache-HttpClient/4.5.13 (Java/20.0.1) 0.005
0:0:0:0:0:0:0:1 - - [16/Jun/2023:12:56:43 +0300] GET /api/am/devportal/v3/applications/d8414650-0dc6-4424-9310-830582be7bd1/oauth-keys HTTP/1.1 200 868 https://localhost:9443/devportal/apis/b708e07c-f833-4577-9072-b66243c058b3/test Mozilla/5.0 (Windows NT 10.0; Win64; x64) AppleWebKit/537.36 (KHTML, like Gecko) Chrome/114.0.0.0 Safari/537.36 Edg/114.0.1823.43 0.013
0:0:0:0:0:0:0:1 - - [16/Jun/2023:12:56:43 +0300] GET /api/am/devportal/v3/swagger.yaml HTTP/1.1 200 26878 https://localhost:9443/devportal/apis/b708e07c-f833-4577-9072-b66243c058b3/test Mozilla/5.0 (Windows NT 10.0; Win64; x64) AppleWebKit/537.36 (KHTML, like Gecko) Chrome/114.0.0.0 Safari/537.36 Edg/114.0.1823.43 0.090
0:0:0:0:0:0:0:1 - - [16/Jun/2023:12:56:44 +0300] GET /api/am/devportal/v3/swagger.yaml HTTP/1.1 200 26878 https://localhost:9443/devportal/apis/b708e07c-f833-4577-9072-b66243c058b3/test Mozilla/5.0 (Windows NT 10.0; Win64; x64) AppleWebKit/537.36 (KHTML, like Gecko) Chrome/114.0.0.0 Safari/537.36 Edg/114.0.1823.43 0.089
0:0:0:0:0:0:0:1 - - [16/Jun/2023:12:56:44 +0300] GET /api/am/devportal/v3/applications/d8414650-0dc6-4424-9310-830582be7bd1 HTTP/1.1 200 336 https://localhost:9443/devportal/apis/b708e07c-f833-4577-9072-b66243c058b3/test Mozilla/5.0 (Windows NT 10.0; Win64; x64) AppleWebKit/537.36 (KHTML, like Gecko) Chrome/114.0.0.0 Safari/537.36 Edg/114.0.1823.43 0.017
127.0.0.1 - - [16/Jun/2023:12:56:44 +0300] GET /keymanager-operations/dcr/register/MHFfRExjbVRFTmxsZmtqNk9JdjB2WDJ1Q0FJYQ%3D%3D HTTP/1.1 200 720 - Apache-HttpClient/4.5.13 (Java/20.0.1) 0.011
127.0.0.1 - - [16/Jun/2023:12:56:44 +0300] GET /keymanager-operations/dcr/register/MHFfRExjbVRFTmxsZmtqNk9JdjB2WDJ1Q0FJYQ%3D%3D HTTP/1.1 200 720 - Apache-HttpClient/4.5.13 (Java/20.0.1) 0.004
0:0:0:0:0:0:0:1 - - [16/Jun/2023:12:56:44 +0300] GET /api/am/devportal/v3/applications/d8414650-0dc6-4424-9310-830582be7bd1 HTTP/1.1 200 336 https://localhost:9443/devportal/apis/b708e07c-f833-4577-9072-b66243c058b3/test Mozilla/5.0 (Windows NT 10.0; Win64; x64) AppleWebKit/537.36 (KHTML, like Gecko) Chrome/114.0.0.0 Safari/537.36 Edg/114.0.1823.43 0.013
0:0:0:0:0:0:0:1 - - [16/Jun/2023:12:56:44 +0300] GET /api/am/devportal/v3/applications/d8414650-0dc6-4424-9310-830582be7bd1/oauth-keys HTTP/1.1 200 868 https://localhost:9443/devportal/apis/b708e07c-f833-4577-9072-b66243c058b3/test Mozilla/5.0 (Windows NT 10.0; Win64; x64) AppleWebKit/537.36 (KHTML, like Gecko) Chrome/114.0.0.0 Safari/537.36 Edg/114.0.1823.43 0.023
127.0.0.1 - - [16/Jun/2023:12:56:44 +0300] GET /keymanager-operations/dcr/register/MHFfRExjbVRFTmxsZmtqNk9JdjB2WDJ1Q0FJYQ%3D%3D HTTP/1.1 200 720 - Apache-HttpClient/4.5.13 (Java/20.0.1) 0.007
127.0.0.1 - - [16/Jun/2023:12:56:44 +0300] GET /keymanager-operations/dcr/register/MHFfRExjbVRFTmxsZmtqNk9JdjB2WDJ1Q0FJYQ%3D%3D HTTP/1.1 200 720 - Apache-HttpClient/4.5.13 (Java/20.0.1) 0.006
0:0:0:0:0:0:0:1 - - [16/Jun/2023:12:56:44 +0300] GET /api/am/devportal/v3/applications/d8414650-0dc6-4424-9310-830582be7bd1/oauth-keys HTTP/1.1 200 868 https://localhost:9443/devportal/apis/b708e07c-f833-4577-9072-b66243c058b3/test Mozilla/5.0 (Windows NT 10.0; Win64; x64) AppleWebKit/537.36 (KHTML, like Gecko) Chrome/114.0.0.0 Safari/537.36 Edg/114.0.1823.43 0.017
0:0:0:0:0:0:0:1 - - [16/Jun/2023:13:08:09 +0300] - 400 - - - 0.000
0:0:0:0:0:0:0:1 - - [16/Jun/2023:13:08:09 +0300] - 400 - - - 0.000
0:0:0:0:0:0:0:1 - - [16/Jun/2023:13:08:09 +0300] - 400 - - - 0.000
0:0:0:0:0:0:0:1 - - [16/Jun/2023:13:08:09 +0300] - 400 - - - 0.000
0:0:0:0:0:0:0:1 - - [16/Jun/2023:13:08:09 +0300] GET /publisher HTTP/1.1 302 - - Mozilla/5.0 (Windows NT 10.0; Win64; x64) AppleWebKit/537.36 (KHTML, like Gecko) Chrome/114.0.0.0 Safari/537.36 Edg/114.0.1823.43 0.000
0:0:0:0:0:0:0:1 - - [16/Jun/2023:13:08:09 +0300] GET /publisher/ HTTP/1.1 200 1713 - Mozilla/5.0 (Windows NT 10.0; Win64; x64) AppleWebKit/537.36 (KHTML, like Gecko) Chrome/114.0.0.0 Safari/537.36 Edg/114.0.1823.43 0.694
0:0:0:0:0:0:0:1 - - [16/Jun/2023:13:08:10 +0300] GET /publisher/site/public/css/main.css HTTP/1.1 200 2075 https://localhost:9443/publisher/ Mozilla/5.0 (Windows NT 10.0; Win64; x64) AppleWebKit/537.36 (KHTML, like Gecko) Chrome/114.0.0.0 Safari/537.36 Edg/114.0.1823.43 0.005
0:0:0:0:0:0:0:1 - - [16/Jun/2023:13:08:10 +0300] - 400 - - - 0.000
0:0:0:0:0:0:0:1 - - [16/Jun/2023:13:08:10 +0300] - 400 - - - 0.000
0:0:0:0:0:0:0:1 - - [16/Jun/2023:13:08:10 +0300] - 400 - - - 0.000
0:0:0:0:0:0:0:1 - - [16/Jun/2023:13:08:10 +0300] - 400 - - - 0.000
0:0:0:0:0:0:0:1 - - [16/Jun/2023:13:08:10 +0300] - 400 - - - 0.000
0:0:0:0:0:0:0:1 - - [16/Jun/2023:13:08:10 +0300] GET /publisher/site/public/css/draftjs.css HTTP/1.1 200 2643 https://localhost:9443/publisher/ Mozilla/5.0 (Windows NT 10.0; Win64; x64) AppleWebKit/537.36 (KHTML, like Gecko) Chrome/114.0.0.0 Safari/537.36 Edg/114.0.1823.43 0.036
0:0:0:0:0:0:0:1 - - [16/Jun/2023:13:08:10 +0300] - 400 - - - 0.000
0:0:0:0:0:0:0:1 - - [16/Jun/2023:13:08:10 +0300] GET /publisher/site/public/fonts/iconfont/material-icons.css HTTP/1.1 200 970 https://localhost:9443/publisher/ Mozilla/5.0 (Windows NT 10.0; Win64; x64) AppleWebKit/537.36 (KHTML, like Gecko) Chrome/114.0.0.0 Safari/537.36 Edg/114.0.1823.43 0.017
0:0:0:0:0:0:0:1 - - [16/Jun/2023:13:08:10 +0300] GET /publisher/site/public/conf/userThemes.js HTTP/1.1 200 939 https://localhost:9443/publisher/ Mozilla/5.0 (Windows NT 10.0; Win64; x64) AppleWebKit/537.36 (KHTML, like Gecko) Chrome/114.0.0.0 Safari/537.36 Edg/114.0.1823.43 0.017
0:0:0:0:0:0:0:1 - - [16/Jun/2023:13:08:10 +0300] GET /publisher/services/settings/settings.js HTTP/1.1 200 1214 https://localhost:9443/publisher/ Mozilla/5.0 (Windows NT 10.0; Win64; x64) AppleWebKit/537.36 (KHTML, like Gecko) Chrome/114.0.0.0 Safari/537.36 Edg/114.0.1823.43 0.084
0:0:0:0:0:0:0:1 - - [16/Jun/2023:13:08:10 +0300] GET /publisher/site/public/fonts/iconfont/MaterialIcons.js HTTP/1.1 200 6703 https://localhost:9443/publisher/ Mozilla/5.0 (Windows NT 10.0; Win64; x64) AppleWebKit/537.36 (KHTML, like Gecko) Chrome/114.0.0.0 Safari/537.36 Edg/114.0.1823.43 0.113
0:0:0:0:0:0:0:1 - - [16/Jun/2023:13:08:10 +0300] GET /publisher/site/public/conf/portalSettings.js HTTP/1.1 200 705 https://localhost:9443/publisher/ Mozilla/5.0 (Windows NT 10.0; Win64; x64) AppleWebKit/537.36 (KHTML, like Gecko) Chrome/114.0.0.0 Safari/537.36 Edg/114.0.1823.43 0.132
0:0:0:0:0:0:0:1 - - [16/Jun/2023:13:08:10 +0300] GET /publisher/site/public/dist/index.ebdd6f43ad27f9232620.bundle.js HTTP/1.1 200 201039 https://localhost:9443/publisher/ Mozilla/5.0 (Windows NT 10.0; Win64; x64) AppleWebKit/537.36 (KHTML, like Gecko) Chrome/114.0.0.0 Safari/537.36 Edg/114.0.1823.43 0.525
0:0:0:0:0:0:0:1 - - [16/Jun/2023:13:08:11 +0300] GET /publisher/site/public/fonts/Open_Sans/mem8YaGs126MiZpBA-UFVZ0bf8pkAg.woff2 HTTP/1.1 200 8892 https://localhost:9443/publisher/site/public/css/main.css Mozilla/5.0 (Windows NT 10.0; Win64; x64) AppleWebKit/537.36 (KHTML, like Gecko) Chrome/114.0.0.0 Safari/537.36 Edg/114.0.1823.43 0.005
0:0:0:0:0:0:0:1 - - [16/Jun/2023:13:08:11 +0300] GET /oidc/checksession?client_id=txiX92C5lqCp5l9dsSSrmo9Dr6Ma&redirect_uri=https://localhost:9443/publisher/services/auth/callback/login HTTP/1.1 200 3134 https://localhost:9443/publisher/ Mozilla/5.0 (Windows NT 10.0; Win64; x64) AppleWebKit/537.36 (KHTML, like Gecko) Chrome/114.0.0.0 Safari/537.36 Edg/114.0.1823.43 0.301
0:0:0:0:0:0:0:1 - - [16/Jun/2023:13:08:11 +0300] GET /publisher/site/public/dist/ProtectedApps.ba650aa593e075176ba2.bundle.js HTTP/1.1 200 130807 https://localhost:9443/publisher/ Mozilla/5.0 (Windows NT 10.0; Win64; x64) AppleWebKit/537.36 (KHTML, like Gecko) Chrome/114.0.0.0 Safari/537.36 Edg/114.0.1823.43 0.704
