0:0:0:0:0:0:0:1 - - [15/Jun/2023:16:48:14 +0300] GET /api/am/devportal/v3/subscriptions?apiId=e4370ba6-92b7-4702-a4ef-88bd6e943f97&limit=25 HTTP/1.1 200 697 https://localhost:9443/devportal/apis/e4370ba6-92b7-4702-a4ef-88bd6e943f97/test Mozilla/5.0 (Windows NT 10.0; Win64; x64) AppleWebKit/537.36 (KHTML, like Gecko) Chrome/114.0.0.0 Safari/537.36 Edg/114.0.1823.43 0.069
127.0.0.1 - - [15/Jun/2023:16:48:14 +0300] GET /keymanager-operations/dcr/register/cHJ0RTNoTWZwd0ZRSWlxZkJHQzc5cVpad2ZJYQ%3D%3D HTTP/1.1 200 720 - Apache-HttpClient/4.5.13 (Java/20.0.1) 0.006
0:0:0:0:0:0:0:1 - - [15/Jun/2023:16:48:14 +0300] GET /api/am/devportal/v3/subscriptions?apiId=e4370ba6-92b7-4702-a4ef-88bd6e943f97&limit=25 HTTP/1.1 200 697 https://localhost:9443/devportal/apis/e4370ba6-92b7-4702-a4ef-88bd6e943f97/test Mozilla/5.0 (Windows NT 10.0; Win64; x64) AppleWebKit/537.36 (KHTML, like Gecko) Chrome/114.0.0.0 Safari/537.36 Edg/114.0.1823.43 0.035
0:0:0:0:0:0:0:1 - - [15/Jun/2023:16:48:14 +0300] GET /api/am/devportal/v3/applications/ HTTP/1.1 200 578 https://localhost:9443/devportal/apis/e4370ba6-92b7-4702-a4ef-88bd6e943f97/test Mozilla/5.0 (Windows NT 10.0; Win64; x64) AppleWebKit/537.36 (KHTML, like Gecko) Chrome/114.0.0.0 Safari/537.36 Edg/114.0.1823.43 0.009
0:0:0:0:0:0:0:1 - - [15/Jun/2023:16:48:14 +0300] GET /api/am/devportal/v3/swagger.yaml HTTP/1.1 200 26878 https://localhost:9443/devportal/apis/e4370ba6-92b7-4702-a4ef-88bd6e943f97/test Mozilla/5.0 (Windows NT 10.0; Win64; x64) AppleWebKit/537.36 (KHTML, like Gecko) Chrome/114.0.0.0 Safari/537.36 Edg/114.0.1823.43 0.009
127.0.0.1 - - [15/Jun/2023:16:48:14 +0300] GET /keymanager-operations/dcr/register/cHJ0RTNoTWZwd0ZRSWlxZkJHQzc5cVpad2ZJYQ%3D%3D HTTP/1.1 200 720 - Apache-HttpClient/4.5.13 (Java/20.0.1) 0.004
0:0:0:0:0:0:0:1 - - [15/Jun/2023:16:48:14 +0300] GET /api/am/devportal/v3/applications/6682948b-f35d-4c71-8419-f7bfb414574a HTTP/1.1 200 342 https://localhost:9443/devportal/apis/e4370ba6-92b7-4702-a4ef-88bd6e943f97/test Mozilla/5.0 (Windows NT 10.0; Win64; x64) AppleWebKit/537.36 (KHTML, like Gecko) Chrome/114.0.0.0 Safari/537.36 Edg/114.0.1823.43 0.011
127.0.0.1 - - [15/Jun/2023:16:48:14 +0300] GET /keymanager-operations/dcr/register/cHJ0RTNoTWZwd0ZRSWlxZkJHQzc5cVpad2ZJYQ%3D%3D HTTP/1.1 200 720 - Apache-HttpClient/4.5.13 (Java/20.0.1) 0.004
0:0:0:0:0:0:0:1 - - [15/Jun/2023:16:48:14 +0300] GET /api/am/devportal/v3/applications/6682948b-f35d-4c71-8419-f7bfb414574a/oauth-keys HTTP/1.1 200 868 https://localhost:9443/devportal/apis/e4370ba6-92b7-4702-a4ef-88bd6e943f97/test Mozilla/5.0 (Windows NT 10.0; Win64; x64) AppleWebKit/537.36 (KHTML, like Gecko) Chrome/114.0.0.0 Safari/537.36 Edg/114.0.1823.43 0.011
0:0:0:0:0:0:0:1 - - [15/Jun/2023:16:48:14 +0300] GET /api/am/devportal/v3/swagger.yaml HTTP/1.1 200 26878 https://localhost:9443/devportal/apis/e4370ba6-92b7-4702-a4ef-88bd6e943f97/test Mozilla/5.0 (Windows NT 10.0; Win64; x64) AppleWebKit/537.36 (KHTML, like Gecko) Chrome/114.0.0.0 Safari/537.36 Edg/114.0.1823.43 0.012
0:0:0:0:0:0:0:1 - - [15/Jun/2023:16:48:14 +0300] GET /api/am/devportal/v3/swagger.yaml HTTP/1.1 200 26878 https://localhost:9443/devportal/apis/e4370ba6-92b7-4702-a4ef-88bd6e943f97/test Mozilla/5.0 (Windows NT 10.0; Win64; x64) AppleWebKit/537.36 (KHTML, like Gecko) Chrome/114.0.0.0 Safari/537.36 Edg/114.0.1823.43 0.013
127.0.0.1 - - [15/Jun/2023:16:48:15 +0300] GET /keymanager-operations/dcr/register/cHJ0RTNoTWZwd0ZRSWlxZkJHQzc5cVpad2ZJYQ%3D%3D HTTP/1.1 200 720 - Apache-HttpClient/4.5.13 (Java/20.0.1) 0.004
0:0:0:0:0:0:0:1 - - [15/Jun/2023:16:48:15 +0300] GET /api/am/devportal/v3/applications/6682948b-f35d-4c71-8419-f7bfb414574a HTTP/1.1 200 342 https://localhost:9443/devportal/apis/e4370ba6-92b7-4702-a4ef-88bd6e943f97/test Mozilla/5.0 (Windows NT 10.0; Win64; x64) AppleWebKit/537.36 (KHTML, like Gecko) Chrome/114.0.0.0 Safari/537.36 Edg/114.0.1823.43 0.015
127.0.0.1 - - [15/Jun/2023:16:48:15 +0300] GET /keymanager-operations/dcr/register/cHJ0RTNoTWZwd0ZRSWlxZkJHQzc5cVpad2ZJYQ%3D%3D HTTP/1.1 200 720 - Apache-HttpClient/4.5.13 (Java/20.0.1) 0.003
0:0:0:0:0:0:0:1 - - [15/Jun/2023:16:48:15 +0300] GET /api/am/devportal/v3/applications/6682948b-f35d-4c71-8419-f7bfb414574a HTTP/1.1 200 342 https://localhost:9443/devportal/apis/e4370ba6-92b7-4702-a4ef-88bd6e943f97/test Mozilla/5.0 (Windows NT 10.0; Win64; x64) AppleWebKit/537.36 (KHTML, like Gecko) Chrome/114.0.0.0 Safari/537.36 Edg/114.0.1823.43 0.013
127.0.0.1 - - [15/Jun/2023:16:48:15 +0300] GET /keymanager-operations/dcr/register/cHJ0RTNoTWZwd0ZRSWlxZkJHQzc5cVpad2ZJYQ%3D%3D HTTP/1.1 200 720 - Apache-HttpClient/4.5.13 (Java/20.0.1) 0.004
0:0:0:0:0:0:0:1 - - [15/Jun/2023:16:48:15 +0300] GET /api/am/devportal/v3/applications/6682948b-f35d-4c71-8419-f7bfb414574a/oauth-keys HTTP/1.1 200 868 https://localhost:9443/devportal/apis/e4370ba6-92b7-4702-a4ef-88bd6e943f97/test Mozilla/5.0 (Windows NT 10.0; Win64; x64) AppleWebKit/537.36 (KHTML, like Gecko) Chrome/114.0.0.0 Safari/537.36 Edg/114.0.1823.43 0.009
127.0.0.1 - - [15/Jun/2023:16:48:15 +0300] GET /keymanager-operations/dcr/register/cHJ0RTNoTWZwd0ZRSWlxZkJHQzc5cVpad2ZJYQ%3D%3D HTTP/1.1 200 720 - Apache-HttpClient/4.5.13 (Java/20.0.1) 0.003
0:0:0:0:0:0:0:1 - - [15/Jun/2023:16:48:15 +0300] GET /api/am/devportal/v3/applications/6682948b-f35d-4c71-8419-f7bfb414574a/oauth-keys HTTP/1.1 200 868 https://localhost:9443/devportal/apis/e4370ba6-92b7-4702-a4ef-88bd6e943f97/test Mozilla/5.0 (Windows NT 10.0; Win64; x64) AppleWebKit/537.36 (KHTML, like Gecko) Chrome/114.0.0.0 Safari/537.36 Edg/114.0.1823.43 0.011
0:0:0:0:0:0:0:1 - - [15/Jun/2023:16:48:22 +0300] GET /devportal/site/public/dist/ApiListing.124eade6a6be03879d65.bundle.js HTTP/1.1 200 8080 https://localhost:9443/devportal/applications Mozilla/5.0 (Windows NT 10.0; Win64; x64) AppleWebKit/537.36 (KHTML, like Gecko) Chrome/114.0.0.0 Safari/537.36 Edg/114.0.1823.43 0.006
0:0:0:0:0:0:0:1 - - [15/Jun/2023:16:48:22 +0300] GET /devportal/site/public/images/_favicon.ico HTTP/1.1 200 1150 https://localhost:9443/devportal/applications Mozilla/5.0 (Windows NT 10.0; Win64; x64) AppleWebKit/537.36 (KHTML, like Gecko) Chrome/114.0.0.0 Safari/537.36 Edg/114.0.1823.43 0.006
0:0:0:0:0:0:0:1 - - [15/Jun/2023:16:48:22 +0300] GET /api/am/devportal/v3/swagger.yaml HTTP/1.1 200 26878 https://localhost:9443/devportal/applications Mozilla/5.0 (Windows NT 10.0; Win64; x64) AppleWebKit/537.36 (KHTML, like Gecko) Chrome/114.0.0.0 Safari/537.36 Edg/114.0.1823.43 0.018
0:0:0:0:0:0:0:1 - - [15/Jun/2023:16:48:23 +0300] GET /api/am/devportal/v3/applications?sortBy=name&sortOrder=asc&limit=10&offset=0 HTTP/1.1 200 578 https://localhost:9443/devportal/applications Mozilla/5.0 (Windows NT 10.0; Win64; x64) AppleWebKit/537.36 (KHTML, like Gecko) Chrome/114.0.0.0 Safari/537.36 Edg/114.0.1823.43 0.004
0:0:0:0:0:0:0:1 - - [15/Jun/2023:16:48:24 +0300] GET /devportal/site/public/dist/7.78efb95d9f7afcfbb567.bundle.js HTTP/1.1 200 42986 https://localhost:9443/devportal/applications/6682948b-f35d-4c71-8419-f7bfb414574a Mozilla/5.0 (Windows NT 10.0; Win64; x64) AppleWebKit/537.36 (KHTML, like Gecko) Chrome/114.0.0.0 Safari/537.36 Edg/114.0.1823.43 0.017
0:0:0:0:0:0:0:1 - - [15/Jun/2023:16:48:24 +0300] GET /devportal/site/public/dist/vendors~APIComments~APIOverview~ApplicationDetails.9553ed9b23431ac21302.bundle.js HTTP/1.1 200 5490 https://localhost:9443/devportal/applications/6682948b-f35d-4c71-8419-f7bfb414574a Mozilla/5.0 (Windows NT 10.0; Win64; x64) AppleWebKit/537.36 (KHTML, like Gecko) Chrome/114.0.0.0 Safari/537.36 Edg/114.0.1823.43 0.016
0:0:0:0:0:0:0:1 - - [15/Jun/2023:16:48:25 +0300] GET /devportal/site/public/images/_favicon.ico HTTP/1.1 200 1150 https://localhost:9443/devportal/applications/6682948b-f35d-4c71-8419-f7bfb414574a Mozilla/5.0 (Windows NT 10.0; Win64; x64) AppleWebKit/537.36 (KHTML, like Gecko) Chrome/114.0.0.0 Safari/537.36 Edg/114.0.1823.43 0.005
0:0:0:0:0:0:0:1 - - [15/Jun/2023:16:48:25 +0300] GET /devportal/site/public/dist/ApplicationDetails.84676b0e418ac76ec3ec.bundle.js HTTP/1.1 200 118257 https://localhost:9443/devportal/applications/6682948b-f35d-4c71-8419-f7bfb414574a Mozilla/5.0 (Windows NT 10.0; Win64; x64) AppleWebKit/537.36 (KHTML, like Gecko) Chrome/114.0.0.0 Safari/537.36 Edg/114.0.1823.43 0.056
127.0.0.1 - - [15/Jun/2023:16:48:25 +0300] GET /keymanager-operations/dcr/register/cHJ0RTNoTWZwd0ZRSWlxZkJHQzc5cVpad2ZJYQ%3D%3D HTTP/1.1 200 720 - Apache-HttpClient/4.5.13 (Java/20.0.1) 0.002
0:0:0:0:0:0:0:1 - - [15/Jun/2023:16:48:25 +0300] GET /api/am/devportal/v3/applications/6682948b-f35d-4c71-8419-f7bfb414574a HTTP/1.1 200 342 https://localhost:9443/devportal/applications/6682948b-f35d-4c71-8419-f7bfb414574a Mozilla/5.0 (Windows NT 10.0; Win64; x64) AppleWebKit/537.36 (KHTML, like Gecko) Chrome/114.0.0.0 Safari/537.36 Edg/114.0.1823.43 0.008
0:0:0:0:0:0:0:1 - - [15/Jun/2023:16:48:25 +0300] GET /devportal/site/public/images/_favicon.ico HTTP/1.1 200 1150 https://localhost:9443/devportal/applications/6682948b-f35d-4c71-8419-f7bfb414574a/overview Mozilla/5.0 (Windows NT 10.0; Win64; x64) AppleWebKit/537.36 (KHTML, like Gecko) Chrome/114.0.0.0 Safari/537.36 Edg/114.0.1823.43 0.002
0:0:0:0:0:0:0:1 - - [15/Jun/2023:16:48:25 +0300] GET /api/am/devportal/v3/throttling-policies/application/10PerMin HTTP/1.1 200 493 https://localhost:9443/devportal/applications/6682948b-f35d-4c71-8419-f7bfb414574a/overview Mozilla/5.0 (Windows NT 10.0; Win64; x64) AppleWebKit/537.36 (KHTML, like Gecko) Chrome/114.0.0.0 Safari/537.36 Edg/114.0.1823.43 0.016
127.0.0.1 - - [15/Jun/2023:16:48:25 +0300] GET /keymanager-operations/dcr/register/cHJ0RTNoTWZwd0ZRSWlxZkJHQzc5cVpad2ZJYQ%3D%3D HTTP/1.1 200 720 - Apache-HttpClient/4.5.13 (Java/20.0.1) 0.004
0:0:0:0:0:0:0:1 - - [15/Jun/2023:16:48:25 +0300] GET /api/am/devportal/v3/applications/6682948b-f35d-4c71-8419-f7bfb414574a HTTP/1.1 200 342 https://localhost:9443/devportal/applications/6682948b-f35d-4c71-8419-f7bfb414574a/overview Mozilla/5.0 (Windows NT 10.0; Win64; x64) AppleWebKit/537.36 (KHTML, like Gecko) Chrome/114.0.0.0 Safari/537.36 Edg/114.0.1823.43 0.023
0:0:0:0:0:0:0:1 - - [15/Jun/2023:16:48:25 +0300] GET /api/am/devportal/v3/throttling-policies/application/10PerMin HTTP/1.1 200 493 https://localhost:9443/devportal/applications/6682948b-f35d-4c71-8419-f7bfb414574a/overview Mozilla/5.0 (Windows NT 10.0; Win64; x64) AppleWebKit/537.36 (KHTML, like Gecko) Chrome/114.0.0.0 Safari/537.36 Edg/114.0.1823.43 0.004
0:0:0:0:0:0:0:1 - - [15/Jun/2023:16:48:28 +0300] GET /devportal/site/public/images/_favicon.ico HTTP/1.1 200 1150 https://localhost:9443/devportal/applications/6682948b-f35d-4c71-8419-f7bfb414574a/sandboxkeys/oauth Mozilla/5.0 (Windows NT 10.0; Win64; x64) AppleWebKit/537.36 (KHTML, like Gecko) Chrome/114.0.0.0 Safari/537.36 Edg/114.0.1823.43 0.007
0:0:0:0:0:0:0:1 - - [15/Jun/2023:16:48:28 +0300] GET /api/am/devportal/v3/swagger.yaml HTTP/1.1 200 26878 https://localhost:9443/devportal/applications/6682948b-f35d-4c71-8419-f7bfb414574a/sandboxkeys/oauth Mozilla/5.0 (Windows NT 10.0; Win64; x64) AppleWebKit/537.36 (KHTML, like Gecko) Chrome/114.0.0.0 Safari/537.36 Edg/114.0.1823.43 0.030
127.0.0.1 - - [15/Jun/2023:16:48:28 +0300] GET /oauth2/token/.well-known/openid-configuration HTTP/1.1 200 2395 - Apache-HttpClient/4.5.13 (Java/20.0.1) 0.003
0:0:0:0:0:0:0:1 - - [15/Jun/2023:16:48:28 +0300] GET /api/am/devportal/v3/key-managers HTTP/1.1 200 763 https://localhost:9443/devportal/applications/6682948b-f35d-4c71-8419-f7bfb414574a/sandboxkeys/oauth Mozilla/5.0 (Windows NT 10.0; Win64; x64) AppleWebKit/537.36 (KHTML, like Gecko) Chrome/114.0.0.0 Safari/537.36 Edg/114.0.1823.43 0.050
127.0.0.1 - - [15/Jun/2023:16:48:28 +0300] GET /keymanager-operations/dcr/register/cHJ0RTNoTWZwd0ZRSWlxZkJHQzc5cVpad2ZJYQ%3D%3D HTTP/1.1 200 720 - Apache-HttpClient/4.5.13 (Java/20.0.1) 0.003
0:0:0:0:0:0:0:1 - - [15/Jun/2023:16:48:28 +0300] GET /api/am/devportal/v3/applications/6682948b-f35d-4c71-8419-f7bfb414574a HTTP/1.1 200 342 https://localhost:9443/devportal/applications/6682948b-f35d-4c71-8419-f7bfb414574a/sandboxkeys/oauth Mozilla/5.0 (Windows NT 10.0; Win64; x64) AppleWebKit/537.36 (KHTML, like Gecko) Chrome/114.0.0.0 Safari/537.36 Edg/114.0.1823.43 0.012
127.0.0.1 - - [15/Jun/2023:16:48:28 +0300] GET /keymanager-operations/dcr/register/cHJ0RTNoTWZwd0ZRSWlxZkJHQzc5cVpad2ZJYQ%3D%3D HTTP/1.1 200 720 - Apache-HttpClient/4.5.13 (Java/20.0.1) 0.004
0:0:0:0:0:0:0:1 - - [15/Jun/2023:16:48:28 +0300] GET /api/am/devportal/v3/applications/6682948b-f35d-4c71-8419-f7bfb414574a/oauth-keys HTTP/1.1 200 868 https://localhost:9443/devportal/applications/6682948b-f35d-4c71-8419-f7bfb414574a/sandboxkeys/oauth Mozilla/5.0 (Windows NT 10.0; Win64; x64) AppleWebKit/537.36 (KHTML, like Gecko) Chrome/114.0.0.0 Safari/537.36 Edg/114.0.1823.43 0.008
0:0:0:0:0:0:0:1 - - [15/Jun/2023:16:48:28 +0300] GET /api/am/devportal/v3/swagger.yaml HTTP/1.1 200 26878 https://localhost:9443/devportal/applications/6682948b-f35d-4c71-8419-f7bfb414574a/sandboxkeys/oauth Mozilla/5.0 (Windows NT 10.0; Win64; x64) AppleWebKit/537.36 (KHTML, like Gecko) Chrome/114.0.0.0 Safari/537.36 Edg/114.0.1823.43 0.009
127.0.0.1 - - [15/Jun/2023:16:48:28 +0300] GET /keymanager-operations/dcr/register/cHJ0RTNoTWZwd0ZRSWlxZkJHQzc5cVpad2ZJYQ%3D%3D HTTP/1.1 200 720 - Apache-HttpClient/4.5.13 (Java/20.0.1) 0.003
0:0:0:0:0:0:0:1 - - [15/Jun/2023:16:48:28 +0300] GET /api/am/devportal/v3/applications/6682948b-f35d-4c71-8419-f7bfb414574a HTTP/1.1 200 342 https://localhost:9443/devportal/applications/6682948b-f35d-4c71-8419-f7bfb414574a/sandboxkeys/oauth Mozilla/5.0 (Windows NT 10.0; Win64; x64) AppleWebKit/537.36 (KHTML, like Gecko) Chrome/114.0.0.0 Safari/537.36 Edg/114.0.1823.43 0.024
127.0.0.1 - - [15/Jun/2023:16:48:28 +0300] GET /keymanager-operations/dcr/register/cHJ0RTNoTWZwd0ZRSWlxZkJHQzc5cVpad2ZJYQ%3D%3D HTTP/1.1 200 720 - Apache-HttpClient/4.5.13 (Java/20.0.1) 0.004
0:0:0:0:0:0:0:1 - - [15/Jun/2023:16:48:28 +0300] GET /api/am/devportal/v3/applications/6682948b-f35d-4c71-8419-f7bfb414574a/oauth-keys HTTP/1.1 200 868 https://localhost:9443/devportal/applications/6682948b-f35d-4c71-8419-f7bfb414574a/sandboxkeys/oauth Mozilla/5.0 (Windows NT 10.0; Win64; x64) AppleWebKit/537.36 (KHTML, like Gecko) Chrome/114.0.0.0 Safari/537.36 Edg/114.0.1823.43 0.010
127.0.0.1 - - [15/Jun/2023:16:48:32 +0300] GET /keymanager-operations/dcr/register/cHJ0RTNoTWZwd0ZRSWlxZkJHQzc5cVpad2ZJYQ%3D%3D HTTP/1.1 200 720 - Apache-HttpClient/4.5.13 (Java/20.0.1) 0.007
0:0:0:0:0:0:0:1 - - [15/Jun/2023:16:48:32 +0300] GET /api/am/devportal/v3/applications/6682948b-f35d-4c71-8419-f7bfb414574a/oauth-keys HTTP/1.1 200 868 https://localhost:9443/devportal/applications/6682948b-f35d-4c71-8419-f7bfb414574a/sandboxkeys/oauth Mozilla/5.0 (Windows NT 10.0; Win64; x64) AppleWebKit/537.36 (KHTML, like Gecko) Chrome/114.0.0.0 Safari/537.36 Edg/114.0.1823.43 0.015
127.0.0.1 - - [15/Jun/2023:16:48:32 +0300] GET /keymanager-operations/dcr/register/cHJ0RTNoTWZwd0ZRSWlxZkJHQzc5cVpad2ZJYQ%3D%3D HTTP/1.1 200 720 - Apache-HttpClient/4.5.13 (Java/20.0.1) 0.003
127.0.0.1 - - [15/Jun/2023:16:48:32 +0300] GET /keymanager-operations/dcr/register/cHJ0RTNoTWZwd0ZRSWlxZkJHQzc5cVpad2ZJYQ%3D%3D HTTP/1.1 200 720 - Apache-HttpClient/4.5.13 (Java/20.0.1) 0.003
0:0:0:0:0:0:0:1 - - [15/Jun/2023:16:48:32 +0300] POST /api/am/devportal/v3/applications/6682948b-f35d-4c71-8419-f7bfb414574a/oauth-keys/7d5966e3-360c-4652-801d-f758560a95cd/generate-token HTTP/1.1 200 890 https://localhost:9443/devportal/applications/6682948b-f35d-4c71-8419-f7bfb414574a/sandboxkeys/oauth Mozilla/5.0 (Windows NT 10.0; Win64; x64) AppleWebKit/537.36 (KHTML, like Gecko) Chrome/114.0.0.0 Safari/537.36 Edg/114.0.1823.43 0.082
127.0.0.1 - - [15/Jun/2023:16:48:32 +0300] POST /oauth2/token HTTP/1.1 200 1183 - Apache-HttpClient/4.5.13 (Java/20.0.1) 0.026
127.0.0.1 - - [15/Jun/2023:16:48:32 +0300] POST /internal/data/v1/notify HTTP/1.1 200 - - Apache-HttpClient/4.5.13 (Java/20.0.1) 0.033
0:0:0:0:0:0:0:1 - - [15/Jun/2023:16:48:59 +0300] GET /devportal/site/public/images/_favicon.ico HTTP/1.1 200 1150 https://localhost:9443/devportal/apis Mozilla/5.0 (Windows NT 10.0; Win64; x64) AppleWebKit/537.36 (KHTML, like Gecko) Chrome/114.0.0.0 Safari/537.36 Edg/114.0.1823.43 0.004
0:0:0:0:0:0:0:1 - - [15/Jun/2023:16:48:59 +0300] GET /api/am/devportal/v3/api-categories HTTP/1.1 200 21 https://localhost:9443/devportal/apis Mozilla/5.0 (Windows NT 10.0; Win64; x64) AppleWebKit/537.36 (KHTML, like Gecko) Chrome/114.0.0.0 Safari/537.36 Edg/114.0.1823.43 0.023
0:0:0:0:0:0:0:1 - - [15/Jun/2023:16:48:59 +0300] GET /api/am/devportal/v3/tags HTTP/1.1 200 147 https://localhost:9443/devportal/apis Mozilla/5.0 (Windows NT 10.0; Win64; x64) AppleWebKit/537.36 (KHTML, like Gecko) Chrome/114.0.0.0 Safari/537.36 Edg/114.0.1823.43 0.038
0:0:0:0:0:0:0:1 - - [15/Jun/2023:16:48:59 +0300] GET /api/am/devportal/v3/apis?limit=10&offset=0 HTTP/1.1 200 749 https://localhost:9443/devportal/apis Mozilla/5.0 (Windows NT 10.0; Win64; x64) AppleWebKit/537.36 (KHTML, like Gecko) Chrome/114.0.0.0 Safari/537.36 Edg/114.0.1823.43 0.063
0:0:0:0:0:0:0:1 - - [15/Jun/2023:16:49:00 +0300] GET /api/am/devportal/v3/apis/e4370ba6-92b7-4702-a4ef-88bd6e943f97/ratings HTTP/1.1 200 125 https://localhost:9443/devportal/apis Mozilla/5.0 (Windows NT 10.0; Win64; x64) AppleWebKit/537.36 (KHTML, like Gecko) Chrome/114.0.0.0 Safari/537.36 Edg/114.0.1823.43 0.023
0:0:0:0:0:0:0:1 - - [15/Jun/2023:16:49:00 +0300] GET /api/am/devportal/v3/apis/e4370ba6-92b7-4702-a4ef-88bd6e943f97/thumbnail HTTP/1.1 204 - https://localhost:9443/devportal/apis Mozilla/5.0 (Windows NT 10.0; Win64; x64) AppleWebKit/537.36 (KHTML, like Gecko) Chrome/114.0.0.0 Safari/537.36 Edg/114.0.1823.43 0.046
0:0:0:0:0:0:0:1 - - [15/Jun/2023:16:49:00 +0300] GET /api/am/devportal/v3/apis/746c7962-0923-4c21-be0e-a84d3748b57b/ratings HTTP/1.1 200 125 https://localhost:9443/devportal/apis Mozilla/5.0 (Windows NT 10.0; Win64; x64) AppleWebKit/537.36 (KHTML, like Gecko) Chrome/114.0.0.0 Safari/537.36 Edg/114.0.1823.43 0.039
0:0:0:0:0:0:0:1 - - [15/Jun/2023:16:49:00 +0300] GET /api/am/devportal/v3/apis/bd412728-6963-4947-ba67-61fa1e164022/thumbnail HTTP/1.1 204 - https://localhost:9443/devportal/apis Mozilla/5.0 (Windows NT 10.0; Win64; x64) AppleWebKit/537.36 (KHTML, like Gecko) Chrome/114.0.0.0 Safari/537.36 Edg/114.0.1823.43 0.051
0:0:0:0:0:0:0:1 - - [15/Jun/2023:16:49:00 +0300] GET /api/am/devportal/v3/apis/b708e07c-f833-4577-9072-b66243c058b3/ratings HTTP/1.1 200 125 https://localhost:9443/devportal/apis Mozilla/5.0 (Windows NT 10.0; Win64; x64) AppleWebKit/537.36 (KHTML, like Gecko) Chrome/114.0.0.0 Safari/537.36 Edg/114.0.1823.43 0.051
0:0:0:0:0:0:0:1 - - [15/Jun/2023:16:49:00 +0300] GET /api/am/devportal/v3/apis/746c7962-0923-4c21-be0e-a84d3748b57b/thumbnail HTTP/1.1 204 - https://localhost:9443/devportal/apis Mozilla/5.0 (Windows NT 10.0; Win64; x64) AppleWebKit/537.36 (KHTML, like Gecko) Chrome/114.0.0.0 Safari/537.36 Edg/114.0.1823.43 0.048
0:0:0:0:0:0:0:1 - - [15/Jun/2023:16:49:00 +0300] GET /api/am/devportal/v3/apis/b708e07c-f833-4577-9072-b66243c058b3/thumbnail HTTP/1.1 204 - https://localhost:9443/devportal/apis Mozilla/5.0 (Windows NT 10.0; Win64; x64) AppleWebKit/537.36 (KHTML, like Gecko) Chrome/114.0.0.0 Safari/537.36 Edg/114.0.1823.43 0.039
0:0:0:0:0:0:0:1 - - [15/Jun/2023:16:49:00 +0300] GET /api/am/devportal/v3/apis/8485612f-b238-4e6d-9c05-e116e15f9121/ratings HTTP/1.1 200 125 https://localhost:9443/devportal/apis Mozilla/5.0 (Windows NT 10.0; Win64; x64) AppleWebKit/537.36 (KHTML, like Gecko) Chrome/114.0.0.0 Safari/537.36 Edg/114.0.1823.43 0.041
0:0:0:0:0:0:0:1 - - [15/Jun/2023:16:49:00 +0300] GET /api/am/devportal/v3/apis/bd412728-6963-4947-ba67-61fa1e164022/ratings HTTP/1.1 200 125 https://localhost:9443/devportal/apis Mozilla/5.0 (Windows NT 10.0; Win64; x64) AppleWebKit/537.36 (KHTML, like Gecko) Chrome/114.0.0.0 Safari/537.36 Edg/114.0.1823.43 0.114
0:0:0:0:0:0:0:1 - - [15/Jun/2023:16:49:00 +0300] GET /api/am/devportal/v3/apis/8485612f-b238-4e6d-9c05-e116e15f9121/thumbnail HTTP/1.1 204 - https://localhost:9443/devportal/apis Mozilla/5.0 (Windows NT 10.0; Win64; x64) AppleWebKit/537.36 (KHTML, like Gecko) Chrome/114.0.0.0 Safari/537.36 Edg/114.0.1823.43 0.069
0:0:0:0:0:0:0:1 - - [15/Jun/2023:16:49:01 +0300] GET /devportal/site/public/images/_favicon.ico HTTP/1.1 200 1150 https://localhost:9443/devportal/apis/e4370ba6-92b7-4702-a4ef-88bd6e943f97 Mozilla/5.0 (Windows NT 10.0; Win64; x64) AppleWebKit/537.36 (KHTML, like Gecko) Chrome/114.0.0.0 Safari/537.36 Edg/114.0.1823.43 0.002
0:0:0:0:0:0:0:1 - - [15/Jun/2023:16:49:01 +0300] GET /api/am/devportal/v3/applications?limit=5000 HTTP/1.1 200 579 https://localhost:9443/devportal/apis/e4370ba6-92b7-4702-a4ef-88bd6e943f97 Mozilla/5.0 (Windows NT 10.0; Win64; x64) AppleWebKit/537.36 (KHTML, like Gecko) Chrome/114.0.0.0 Safari/537.36 Edg/114.0.1823.43 0.016
127.0.0.1 - - [15/Jun/2023:16:49:01 +0300] GET /keymanager-operations/dcr/register/cHJ0RTNoTWZwd0ZRSWlxZkJHQzc5cVpad2ZJYQ%3D%3D HTTP/1.1 200 720 - Apache-HttpClient/4.5.13 (Java/20.0.1) 0.003
0:0:0:0:0:0:0:1 - - [15/Jun/2023:16:49:01 +0300] GET /api/am/devportal/v3/apis/e4370ba6-92b7-4702-a4ef-88bd6e943f97 HTTP/1.1 200 1032 https://localhost:9443/devportal/apis/e4370ba6-92b7-4702-a4ef-88bd6e943f97 Mozilla/5.0 (Windows NT 10.0; Win64; x64) AppleWebKit/537.36 (KHTML, like Gecko) Chrome/114.0.0.0 Safari/537.36 Edg/114.0.1823.43 0.034
0:0:0:0:0:0:0:1 - - [15/Jun/2023:16:49:01 +0300] GET /api/am/devportal/v3/subscriptions?apiId=e4370ba6-92b7-4702-a4ef-88bd6e943f97&limit=25 HTTP/1.1 200 697 https://localhost:9443/devportal/apis/e4370ba6-92b7-4702-a4ef-88bd6e943f97 Mozilla/5.0 (Windows NT 10.0; Win64; x64) AppleWebKit/537.36 (KHTML, like Gecko) Chrome/114.0.0.0 Safari/537.36 Edg/114.0.1823.43 0.040
127.0.0.1 - - [15/Jun/2023:16:49:01 +0300] GET /keymanager-operations/dcr/register/cHJ0RTNoTWZwd0ZRSWlxZkJHQzc5cVpad2ZJYQ%3D%3D HTTP/1.1 200 720 - Apache-HttpClient/4.5.13 (Java/20.0.1) 0.010
0:0:0:0:0:0:0:1 - - [15/Jun/2023:16:49:01 +0300] GET /api/am/devportal/v3/subscriptions?apiId=e4370ba6-92b7-4702-a4ef-88bd6e943f97&limit=5000 HTTP/1.1 200 699 https://localhost:9443/devportal/apis/e4370ba6-92b7-4702-a4ef-88bd6e943f97 Mozilla/5.0 (Windows NT 10.0; Win64; x64) AppleWebKit/537.36 (KHTML, like Gecko) Chrome/114.0.0.0 Safari/537.36 Edg/114.0.1823.43 0.063
0:0:0:0:0:0:0:1 - - [15/Jun/2023:16:49:01 +0300] GET /devportal/site/public/dist/APIOverview.9b9a6e01add6e880d662.bundle.js HTTP/1.1 200 20063 https://localhost:9443/devportal/apis/e4370ba6-92b7-4702-a4ef-88bd6e943f97/overview Mozilla/5.0 (Windows NT 10.0; Win64; x64) AppleWebKit/537.36 (KHTML, like Gecko) Chrome/114.0.0.0 Safari/537.36 Edg/114.0.1823.43 0.048
0:0:0:0:0:0:0:1 - - [15/Jun/2023:16:49:01 +0300] GET /devportal/site/public/images/_favicon.ico HTTP/1.1 200 1150 https://localhost:9443/devportal/apis/e4370ba6-92b7-4702-a4ef-88bd6e943f97/overview Mozilla/5.0 (Windows NT 10.0; Win64; x64) AppleWebKit/537.36 (KHTML, like Gecko) Chrome/114.0.0.0 Safari/537.36 Edg/114.0.1823.43 0.003
0:0:0:0:0:0:0:1 - - [15/Jun/2023:16:49:01 +0300] GET /devportal/site/public/dist/vendors~APIOverview~MDReactMarkdown.c8e68cd152f6972597f4.bundle.js HTTP/1.1 200 23172 https://localhost:9443/devportal/apis/e4370ba6-92b7-4702-a4ef-88bd6e943f97/overview Mozilla/5.0 (Windows NT 10.0; Win64; x64) AppleWebKit/537.36 (KHTML, like Gecko) Chrome/114.0.0.0 Safari/537.36 Edg/114.0.1823.43 0.032
0:0:0:0:0:0:0:1 - - [15/Jun/2023:16:49:01 +0300] GET /devportal/site/public/dist/vendors~APIDocuments~APIOverview.f394ac01608a94b6dd74.bundle.js HTTP/1.1 200 34374 https://localhost:9443/devportal/apis/e4370ba6-92b7-4702-a4ef-88bd6e943f97/overview Mozilla/5.0 (Windows NT 10.0; Win64; x64) AppleWebKit/537.36 (KHTML, like Gecko) Chrome/114.0.0.0 Safari/537.36 Edg/114.0.1823.43 0.119
0:0:0:0:0:0:0:1 - - [15/Jun/2023:16:49:01 +0300] GET /api/am/devportal/v3/throttling-policies/subscription HTTP/1.1 200 634 https://localhost:9443/devportal/apis/e4370ba6-92b7-4702-a4ef-88bd6e943f97/overview Mozilla/5.0 (Windows NT 10.0; Win64; x64) AppleWebKit/537.36 (KHTML, like Gecko) Chrome/114.0.0.0 Safari/537.36 Edg/114.0.1823.43 0.011
0:0:0:0:0:0:0:1 - - [15/Jun/2023:16:49:01 +0300] GET /api/am/devportal/v3/throttling-policies/subscription HTTP/1.1 200 634 https://localhost:9443/devportal/apis/e4370ba6-92b7-4702-a4ef-88bd6e943f97/overview Mozilla/5.0 (Windows NT 10.0; Win64; x64) AppleWebKit/537.36 (KHTML, like Gecko) Chrome/114.0.0.0 Safari/537.36 Edg/114.0.1823.43 0.006
0:0:0:0:0:0:0:1 - - [15/Jun/2023:16:49:01 +0300] GET /api/am/devportal/v3/apis/e4370ba6-92b7-4702-a4ef-88bd6e943f97/documents HTTP/1.1 200 92 https://localhost:9443/devportal/apis/e4370ba6-92b7-4702-a4ef-88bd6e943f97/overview Mozilla/5.0 (Windows NT 10.0; Win64; x64) AppleWebKit/537.36 (KHTML, like Gecko) Chrome/114.0.0.0 Safari/537.36 Edg/114.0.1823.43 0.019
0:0:0:0:0:0:0:1 - - [15/Jun/2023:16:49:01 +0300] GET /api/am/devportal/v3/apis/e4370ba6-92b7-4702-a4ef-88bd6e943f97/documents HTTP/1.1 200 92 https://localhost:9443/devportal/apis/e4370ba6-92b7-4702-a4ef-88bd6e943f97/overview Mozilla/5.0 (Windows NT 10.0; Win64; x64) AppleWebKit/537.36 (KHTML, like Gecko) Chrome/114.0.0.0 Safari/537.36 Edg/114.0.1823.43 0.029
0:0:0:0:0:0:0:1 - - [15/Jun/2023:16:49:01 +0300] GET /api/am/devportal/v3/apis/e4370ba6-92b7-4702-a4ef-88bd6e943f97/thumbnail HTTP/1.1 204 - https://localhost:9443/devportal/apis/e4370ba6-92b7-4702-a4ef-88bd6e943f97/overview Mozilla/5.0 (Windows NT 10.0; Win64; x64) AppleWebKit/537.36 (KHTML, like Gecko) Chrome/114.0.0.0 Safari/537.36 Edg/114.0.1823.43 0.027
0:0:0:0:0:0:0:1 - - [15/Jun/2023:16:49:01 +0300] GET /api/am/devportal/v3/apis/e4370ba6-92b7-4702-a4ef-88bd6e943f97/comments?limit=5&offset=0 HTTP/1.1 200 101 https://localhost:9443/devportal/apis/e4370ba6-92b7-4702-a4ef-88bd6e943f97/overview Mozilla/5.0 (Windows NT 10.0; Win64; x64) AppleWebKit/537.36 (KHTML, like Gecko) Chrome/114.0.0.0 Safari/537.36 Edg/114.0.1823.43 0.041
0:0:0:0:0:0:0:1 - - [15/Jun/2023:16:49:01 +0300] GET /api/am/devportal/v3/apis/e4370ba6-92b7-4702-a4ef-88bd6e943f97/ratings HTTP/1.1 200 125 https://localhost:9443/devportal/apis/e4370ba6-92b7-4702-a4ef-88bd6e943f97/overview Mozilla/5.0 (Windows NT 10.0; Win64; x64) AppleWebKit/537.36 (KHTML, like Gecko) Chrome/114.0.0.0 Safari/537.36 Edg/114.0.1823.43 0.064
0:0:0:0:0:0:0:1 - - [15/Jun/2023:16:49:04 +0300] GET /api/am/devportal/v3/applications?limit=5000 HTTP/1.1 200 579 https://localhost:9443/devportal/apis/e4370ba6-92b7-4702-a4ef-88bd6e943f97/test Mozilla/5.0 (Windows NT 10.0; Win64; x64) AppleWebKit/537.36 (KHTML, like Gecko) Chrome/114.0.0.0 Safari/537.36 Edg/114.0.1823.43 0.021
0:0:0:0:0:0:0:1 - - [15/Jun/2023:16:49:04 +0300] GET /api/am/devportal/v3/apis/e4370ba6-92b7-4702-a4ef-88bd6e943f97 HTTP/1.1 200 1032 https://localhost:9443/devportal/apis/e4370ba6-92b7-4702-a4ef-88bd6e943f97/test Mozilla/5.0 (Windows NT 10.0; Win64; x64) AppleWebKit/537.36 (KHTML, like Gecko) Chrome/114.0.0.0 Safari/537.36 Edg/114.0.1823.43 0.027
0:0:0:0:0:0:0:1 - - [15/Jun/2023:16:49:04 +0300] GET /devportal/site/public/images/_favicon.ico HTTP/1.1 200 1150 https://localhost:9443/devportal/apis/e4370ba6-92b7-4702-a4ef-88bd6e943f97/test Mozilla/5.0 (Windows NT 10.0; Win64; x64) AppleWebKit/537.36 (KHTML, like Gecko) Chrome/114.0.0.0 Safari/537.36 Edg/114.0.1823.43 0.014
127.0.0.1 - - [15/Jun/2023:16:49:04 +0300] GET /keymanager-operations/dcr/register/cHJ0RTNoTWZwd0ZRSWlxZkJHQzc5cVpad2ZJYQ%3D%3D HTTP/1.1 200 720 - Apache-HttpClient/4.5.13 (Java/20.0.1) 0.005
127.0.0.1 - - [15/Jun/2023:16:49:04 +0300] GET /keymanager-operations/dcr/register/cHJ0RTNoTWZwd0ZRSWlxZkJHQzc5cVpad2ZJYQ%3D%3D HTTP/1.1 200 720 - Apache-HttpClient/4.5.13 (Java/20.0.1) 0.008
0:0:0:0:0:0:0:1 - - [15/Jun/2023:16:49:04 +0300] GET /api/am/devportal/v3/subscriptions?apiId=e4370ba6-92b7-4702-a4ef-88bd6e943f97&limit=5000 HTTP/1.1 200 699 https://localhost:9443/devportal/apis/e4370ba6-92b7-4702-a4ef-88bd6e943f97/test Mozilla/5.0 (Windows NT 10.0; Win64; x64) AppleWebKit/537.36 (KHTML, like Gecko) Chrome/114.0.0.0 Safari/537.36 Edg/114.0.1823.43 0.045
0:0:0:0:0:0:0:1 - - [15/Jun/2023:16:49:04 +0300] GET /api/am/devportal/v3/apis/e4370ba6-92b7-4702-a4ef-88bd6e943f97 HTTP/1.1 200 1032 https://localhost:9443/devportal/apis/e4370ba6-92b7-4702-a4ef-88bd6e943f97/test Mozilla/5.0 (Windows NT 10.0; Win64; x64) AppleWebKit/537.36 (KHTML, like Gecko) Chrome/114.0.0.0 Safari/537.36 Edg/114.0.1823.43 0.024
0:0:0:0:0:0:0:1 - - [15/Jun/2023:16:49:04 +0300] GET /api/am/devportal/v3/subscriptions?apiId=e4370ba6-92b7-4702-a4ef-88bd6e943f97&limit=25 HTTP/1.1 200 697 https://localhost:9443/devportal/apis/e4370ba6-92b7-4702-a4ef-88bd6e943f97/test Mozilla/5.0 (Windows NT 10.0; Win64; x64) AppleWebKit/537.36 (KHTML, like Gecko) Chrome/114.0.0.0 Safari/537.36 Edg/114.0.1823.43 0.054
0:0:0:0:0:0:0:1 - - [15/Jun/2023:16:49:04 +0300] GET /api/am/devportal/v3/apis/e4370ba6-92b7-4702-a4ef-88bd6e943f97/swagger?environmentName=Default HTTP/1.1 200 380 https://localhost:9443/devportal/apis/e4370ba6-92b7-4702-a4ef-88bd6e943f97/test Mozilla/5.0 (Windows NT 10.0; Win64; x64) AppleWebKit/537.36 (KHTML, like Gecko) Chrome/114.0.0.0 Safari/537.36 Edg/114.0.1823.43 0.016
0:0:0:0:0:0:0:1 - - [15/Jun/2023:16:49:04 +0300] GET /api/am/devportal/v3/swagger.yaml HTTP/1.1 200 26878 https://localhost:9443/devportal/apis/e4370ba6-92b7-4702-a4ef-88bd6e943f97/test Mozilla/5.0 (Windows NT 10.0; Win64; x64) AppleWebKit/537.36 (KHTML, like Gecko) Chrome/114.0.0.0 Safari/537.36 Edg/114.0.1823.43 0.011
127.0.0.1 - - [15/Jun/2023:16:49:04 +0300] GET /oauth2/token/.well-known/openid-configuration HTTP/1.1 200 2395 - Apache-HttpClient/4.5.13 (Java/20.0.1) 0.006
0:0:0:0:0:0:0:1 - - [15/Jun/2023:16:49:04 +0300] GET /api/am/devportal/v3/key-managers HTTP/1.1 200 763 https://localhost:9443/devportal/apis/e4370ba6-92b7-4702-a4ef-88bd6e943f97/test Mozilla/5.0 (Windows NT 10.0; Win64; x64) AppleWebKit/537.36 (KHTML, like Gecko) Chrome/114.0.0.0 Safari/537.36 Edg/114.0.1823.43 0.031
127.0.0.1 - - [15/Jun/2023:16:49:04 +0300] GET /keymanager-operations/dcr/register/cHJ0RTNoTWZwd0ZRSWlxZkJHQzc5cVpad2ZJYQ%3D%3D HTTP/1.1 200 720 - Apache-HttpClient/4.5.13 (Java/20.0.1) 0.019
0:0:0:0:0:0:0:1 - - [15/Jun/2023:16:49:04 +0300] GET /api/am/devportal/v3/subscriptions?apiId=e4370ba6-92b7-4702-a4ef-88bd6e943f97&limit=25 HTTP/1.1 200 697 https://localhost:9443/devportal/apis/e4370ba6-92b7-4702-a4ef-88bd6e943f97/test Mozilla/5.0 (Windows NT 10.0; Win64; x64) AppleWebKit/537.36 (KHTML, like Gecko) Chrome/114.0.0.0 Safari/537.36 Edg/114.0.1823.43 0.047
127.0.0.1 - - [15/Jun/2023:16:49:04 +0300] GET /keymanager-operations/dcr/register/cHJ0RTNoTWZwd0ZRSWlxZkJHQzc5cVpad2ZJYQ%3D%3D HTTP/1.1 200 720 - Apache-HttpClient/4.5.13 (Java/20.0.1) 0.008
0:0:0:0:0:0:0:1 - - [15/Jun/2023:16:49:04 +0300] GET /api/am/devportal/v3/subscriptions?apiId=e4370ba6-92b7-4702-a4ef-88bd6e943f97&limit=25 HTTP/1.1 200 697 https://localhost:9443/devportal/apis/e4370ba6-92b7-4702-a4ef-88bd6e943f97/test Mozilla/5.0 (Windows NT 10.0; Win64; x64) AppleWebKit/537.36 (KHTML, like Gecko) Chrome/114.0.0.0 Safari/537.36 Edg/114.0.1823.43 0.089
0:0:0:0:0:0:0:1 - - [15/Jun/2023:16:49:04 +0300] GET /api/am/devportal/v3/applications/ HTTP/1.1 200 578 https://localhost:9443/devportal/apis/e4370ba6-92b7-4702-a4ef-88bd6e943f97/test Mozilla/5.0 (Windows NT 10.0; Win64; x64) AppleWebKit/537.36 (KHTML, like Gecko) Chrome/114.0.0.0 Safari/537.36 Edg/114.0.1823.43 0.102
0:0:0:0:0:0:0:1 - - [15/Jun/2023:16:49:04 +0300] GET /api/am/devportal/v3/swagger.yaml HTTP/1.1 200 26878 https://localhost:9443/devportal/apis/e4370ba6-92b7-4702-a4ef-88bd6e943f97/test Mozilla/5.0 (Windows NT 10.0; Win64; x64) AppleWebKit/537.36 (KHTML, like Gecko) Chrome/114.0.0.0 Safari/537.36 Edg/114.0.1823.43 0.031
127.0.0.1 - - [15/Jun/2023:16:49:04 +0300] GET /keymanager-operations/dcr/register/cHJ0RTNoTWZwd0ZRSWlxZkJHQzc5cVpad2ZJYQ%3D%3D HTTP/1.1 200 720 - Apache-HttpClient/4.5.13 (Java/20.0.1) 0.004
0:0:0:0:0:0:0:1 - - [15/Jun/2023:16:49:04 +0300] GET /api/am/devportal/v3/applications/6682948b-f35d-4c71-8419-f7bfb414574a HTTP/1.1 200 342 https://localhost:9443/devportal/apis/e4370ba6-92b7-4702-a4ef-88bd6e943f97/test Mozilla/5.0 (Windows NT 10.0; Win64; x64) AppleWebKit/537.36 (KHTML, like Gecko) Chrome/114.0.0.0 Safari/537.36 Edg/114.0.1823.43 0.011
127.0.0.1 - - [15/Jun/2023:16:49:04 +0300] GET /keymanager-operations/dcr/register/cHJ0RTNoTWZwd0ZRSWlxZkJHQzc5cVpad2ZJYQ%3D%3D HTTP/1.1 200 720 - Apache-HttpClient/4.5.13 (Java/20.0.1) 0.003
0:0:0:0:0:0:0:1 - - [15/Jun/2023:16:49:04 +0300] GET /api/am/devportal/v3/applications/6682948b-f35d-4c71-8419-f7bfb414574a/oauth-keys HTTP/1.1 200 868 https://localhost:9443/devportal/apis/e4370ba6-92b7-4702-a4ef-88bd6e943f97/test Mozilla/5.0 (Windows NT 10.0; Win64; x64) AppleWebKit/537.36 (KHTML, like Gecko) Chrome/114.0.0.0 Safari/537.36 Edg/114.0.1823.43 0.011
0:0:0:0:0:0:0:1 - - [15/Jun/2023:16:49:04 +0300] GET /api/am/devportal/v3/swagger.yaml HTTP/1.1 200 26878 https://localhost:9443/devportal/apis/e4370ba6-92b7-4702-a4ef-88bd6e943f97/test Mozilla/5.0 (Windows NT 10.0; Win64; x64) AppleWebKit/537.36 (KHTML, like Gecko) Chrome/114.0.0.0 Safari/537.36 Edg/114.0.1823.43 0.015
0:0:0:0:0:0:0:1 - - [15/Jun/2023:16:49:04 +0300] GET /api/am/devportal/v3/swagger.yaml HTTP/1.1 200 26878 https://localhost:9443/devportal/apis/e4370ba6-92b7-4702-a4ef-88bd6e943f97/test Mozilla/5.0 (Windows NT 10.0; Win64; x64) AppleWebKit/537.36 (KHTML, like Gecko) Chrome/114.0.0.0 Safari/537.36 Edg/114.0.1823.43 0.013
127.0.0.1 - - [15/Jun/2023:16:49:05 +0300] GET /keymanager-operations/dcr/register/cHJ0RTNoTWZwd0ZRSWlxZkJHQzc5cVpad2ZJYQ%3D%3D HTTP/1.1 200 720 - Apache-HttpClient/4.5.13 (Java/20.0.1) 0.003
0:0:0:0:0:0:0:1 - - [15/Jun/2023:16:49:05 +0300] GET /api/am/devportal/v3/applications/6682948b-f35d-4c71-8419-f7bfb414574a HTTP/1.1 200 342 https://localhost:9443/devportal/apis/e4370ba6-92b7-4702-a4ef-88bd6e943f97/test Mozilla/5.0 (Windows NT 10.0; Win64; x64) AppleWebKit/537.36 (KHTML, like Gecko) Chrome/114.0.0.0 Safari/537.36 Edg/114.0.1823.43 0.011
127.0.0.1 - - [15/Jun/2023:16:49:05 +0300] GET /keymanager-operations/dcr/register/cHJ0RTNoTWZwd0ZRSWlxZkJHQzc5cVpad2ZJYQ%3D%3D HTTP/1.1 200 720 - Apache-HttpClient/4.5.13 (Java/20.0.1) 0.004
0:0:0:0:0:0:0:1 - - [15/Jun/2023:16:49:05 +0300] GET /api/am/devportal/v3/applications/6682948b-f35d-4c71-8419-f7bfb414574a HTTP/1.1 200 342 https://localhost:9443/devportal/apis/e4370ba6-92b7-4702-a4ef-88bd6e943f97/test Mozilla/5.0 (Windows NT 10.0; Win64; x64) AppleWebKit/537.36 (KHTML, like Gecko) Chrome/114.0.0.0 Safari/537.36 Edg/114.0.1823.43 0.013
127.0.0.1 - - [15/Jun/2023:16:49:05 +0300] GET /keymanager-operations/dcr/register/cHJ0RTNoTWZwd0ZRSWlxZkJHQzc5cVpad2ZJYQ%3D%3D HTTP/1.1 200 720 - Apache-HttpClient/4.5.13 (Java/20.0.1) 0.007
0:0:0:0:0:0:0:1 - - [15/Jun/2023:16:49:05 +0300] GET /api/am/devportal/v3/applications/6682948b-f35d-4c71-8419-f7bfb414574a/oauth-keys HTTP/1.1 200 868 https://localhost:9443/devportal/apis/e4370ba6-92b7-4702-a4ef-88bd6e943f97/test Mozilla/5.0 (Windows NT 10.0; Win64; x64) AppleWebKit/537.36 (KHTML, like Gecko) Chrome/114.0.0.0 Safari/537.36 Edg/114.0.1823.43 0.014
127.0.0.1 - - [15/Jun/2023:16:49:05 +0300] GET /keymanager-operations/dcr/register/cHJ0RTNoTWZwd0ZRSWlxZkJHQzc5cVpad2ZJYQ%3D%3D HTTP/1.1 200 720 - Apache-HttpClient/4.5.13 (Java/20.0.1) 0.006
0:0:0:0:0:0:0:1 - - [15/Jun/2023:16:49:05 +0300] GET /api/am/devportal/v3/applications/6682948b-f35d-4c71-8419-f7bfb414574a/oauth-keys HTTP/1.1 200 868 https://localhost:9443/devportal/apis/e4370ba6-92b7-4702-a4ef-88bd6e943f97/test Mozilla/5.0 (Windows NT 10.0; Win64; x64) AppleWebKit/537.36 (KHTML, like Gecko) Chrome/114.0.0.0 Safari/537.36 Edg/114.0.1823.43 0.013
0:0:0:0:0:0:0:1 - - [15/Jun/2023:16:49:46 +0300] GET /api/am/publisher/v4/endpoint-certificates?endpoint=http%3A%2F%2Ftest-dash.evmak.com%2Fsandbox HTTP/1.1 200 100 https://localhost:9443/publisher/apis/e4370ba6-92b7-4702-a4ef-88bd6e943f97/endpoints Mozilla/5.0 (Windows NT 10.0; Win64; x64) AppleWebKit/537.36 (KHTML, like Gecko) Chrome/114.0.0.0 Safari/537.36 Edg/114.0.1823.43 0.032
0:0:0:0:0:0:0:1 - - [15/Jun/2023:16:49:46 +0300] GET /api/am/publisher/v4/apis/e4370ba6-92b7-4702-a4ef-88bd6e943f97/swagger HTTP/1.1 200 683 https://localhost:9443/publisher/apis/e4370ba6-92b7-4702-a4ef-88bd6e943f97/endpoints Mozilla/5.0 (Windows NT 10.0; Win64; x64) AppleWebKit/537.36 (KHTML, like Gecko) Chrome/114.0.0.0 Safari/537.36 Edg/114.0.1823.43 0.079
0:0:0:0:0:0:0:1 - - [15/Jun/2023:16:50:05 +0300] POST /api/am/publisher/v4/apis/validate-endpoint?endpointUrl=http%3A%2F%2Ftest-dash.evmak.com&apiId=e4370ba6-92b7-4702-a4ef-88bd6e943f97 HTTP/1.1 200 52 https://localhost:9443/publisher/apis/e4370ba6-92b7-4702-a4ef-88bd6e943f97/endpoints Mozilla/5.0 (Windows NT 10.0; Win64; x64) AppleWebKit/537.36 (KHTML, like Gecko) Chrome/114.0.0.0 Safari/537.36 Edg/114.0.1823.43 2.443
0:0:0:0:0:0:0:1 - - [15/Jun/2023:16:50:21 +0300] PUT /api/am/publisher/v4/apis/e4370ba6-92b7-4702-a4ef-88bd6e943f97 HTTP/1.1 200 1189 https://localhost:9443/publisher/apis/e4370ba6-92b7-4702-a4ef-88bd6e943f97/endpoints Mozilla/5.0 (Windows NT 10.0; Win64; x64) AppleWebKit/537.36 (KHTML, like Gecko) Chrome/114.0.0.0 Safari/537.36 Edg/114.0.1823.43 0.333
0:0:0:0:0:0:0:1 - - [15/Jun/2023:16:50:21 +0300] - 400 - - - 0.000
0:0:0:0:0:0:0:1 - - [15/Jun/2023:16:50:21 +0300] GET /api/am/publisher/v4/endpoint-certificates?endpoint=http%3A%2F%2Ftest-dash.evmak.com HTTP/1.1 200 100 https://localhost:9443/publisher/apis/e4370ba6-92b7-4702-a4ef-88bd6e943f97/endpoints Mozilla/5.0 (Windows NT 10.0; Win64; x64) AppleWebKit/537.36 (KHTML, like Gecko) Chrome/114.0.0.0 Safari/537.36 Edg/114.0.1823.43 0.007
0:0:0:0:0:0:0:1 - - [15/Jun/2023:16:50:21 +0300] GET /api/am/publisher/v4/apis/e4370ba6-92b7-4702-a4ef-88bd6e943f97/swagger HTTP/1.1 200 680 https://localhost:9443/publisher/apis/e4370ba6-92b7-4702-a4ef-88bd6e943f97/endpoints Mozilla/5.0 (Windows NT 10.0; Win64; x64) AppleWebKit/537.36 (KHTML, like Gecko) Chrome/114.0.0.0 Safari/537.36 Edg/114.0.1823.43 0.028
127.0.0.1 - - [15/Jun/2023:16:50:26 +0300] GET /internal/data/v1/apis?context=/sandbox/1.0.0&version=1.0.0&gatewayLabel=Default HTTP/1.1 200 945 - Apache-HttpClient/4.5.13 (Java/20.0.1) 0.006
127.0.0.1 - - [15/Jun/2023:16:50:26 +0300] GET /internal/data/v1/apis?context=/sandbox/1.0.0&version=1.0.0&gatewayLabel=Default HTTP/1.1 200 945 - Apache-HttpClient/4.5.13 (Java/20.0.1) 0.007
0:0:0:0:0:0:0:1 - - [15/Jun/2023:16:50:28 +0300] GET /devportal/apis/e4370ba6-92b7-4702-a4ef-88bd6e943f97/test HTTP/1.1 200 1691 - Mozilla/5.0 (Windows NT 10.0; Win64; x64) AppleWebKit/537.36 (KHTML, like Gecko) Chrome/114.0.0.0 Safari/537.36 Edg/114.0.1823.43 0.009
0:0:0:0:0:0:0:1 - - [15/Jun/2023:16:50:28 +0300] GET /devportal/site/public/css/main.css HTTP/1.1 200 2092 https://localhost:9443/devportal/apis/e4370ba6-92b7-4702-a4ef-88bd6e943f97/test Mozilla/5.0 (Windows NT 10.0; Win64; x64) AppleWebKit/537.36 (KHTML, like Gecko) Chrome/114.0.0.0 Safari/537.36 Edg/114.0.1823.43 0.006
0:0:0:0:0:0:0:1 - - [15/Jun/2023:16:50:28 +0300] GET /devportal/site/public/fonts/iconfont/material-icons.css HTTP/1.1 200 970 https://localhost:9443/devportal/apis/e4370ba6-92b7-4702-a4ef-88bd6e943f97/test Mozilla/5.0 (Windows NT 10.0; Win64; x64) AppleWebKit/537.36 (KHTML, like Gecko) Chrome/114.0.0.0 Safari/537.36 Edg/114.0.1823.43 0.003
0:0:0:0:0:0:0:1 - - [15/Jun/2023:16:50:28 +0300] GET /devportal/site/public/css/overrides.css HTTP/1.1 200 - https://localhost:9443/devportal/apis/e4370ba6-92b7-4702-a4ef-88bd6e943f97/test Mozilla/5.0 (Windows NT 10.0; Win64; x64) AppleWebKit/537.36 (KHTML, like Gecko) Chrome/114.0.0.0 Safari/537.36 Edg/114.0.1823.43 0.022
0:0:0:0:0:0:0:1 - - [15/Jun/2023:16:50:28 +0300] GET /devportal/site/public/theme/userTheme.js HTTP/1.1 200 96 https://localhost:9443/devportal/apis/e4370ba6-92b7-4702-a4ef-88bd6e943f97/test Mozilla/5.0 (Windows NT 10.0; Win64; x64) AppleWebKit/537.36 (KHTML, like Gecko) Chrome/114.0.0.0 Safari/537.36 Edg/114.0.1823.43 0.047
0:0:0:0:0:0:0:1 - - [15/Jun/2023:16:50:28 +0300] - 400 - - - 0.000
0:0:0:0:0:0:0:1 - - [15/Jun/2023:16:50:28 +0300] - 400 - - - 0.000
0:0:0:0:0:0:0:1 - - [15/Jun/2023:16:50:28 +0300] - 400 - - - 0.000
0:0:0:0:0:0:0:1 - - [15/Jun/2023:16:50:28 +0300] GET /devportal/services/settings/settings.js HTTP/1.1 200 1474 https://localhost:9443/devportal/apis/e4370ba6-92b7-4702-a4ef-88bd6e943f97/test Mozilla/5.0 (Windows NT 10.0; Win64; x64) AppleWebKit/537.36 (KHTML, like Gecko) Chrome/114.0.0.0 Safari/537.36 Edg/114.0.1823.43 0.008
0:0:0:0:0:0:0:1 - - [15/Jun/2023:16:50:28 +0300] GET /devportal/site/public/locales/en.json HTTP/1.1 200 57092 https://localhost:9443/devportal/apis/e4370ba6-92b7-4702-a4ef-88bd6e943f97/test Mozilla/5.0 (Windows NT 10.0; Win64; x64) AppleWebKit/537.36 (KHTML, like Gecko) Chrome/114.0.0.0 Safari/537.36 Edg/114.0.1823.43 0.003
0:0:0:0:0:0:0:1 - - [15/Jun/2023:16:50:28 +0300] GET /devportal/site/public/images/_favicon.ico HTTP/1.1 200 1150 https://localhost:9443/devportal/apis/e4370ba6-92b7-4702-a4ef-88bd6e943f97/test Mozilla/5.0 (Windows NT 10.0; Win64; x64) AppleWebKit/537.36 (KHTML, like Gecko) Chrome/114.0.0.0 Safari/537.36 Edg/114.0.1823.43 0.003
0:0:0:0:0:0:0:1 - - [15/Jun/2023:16:50:28 +0300] GET /api/am/devportal/v3/swagger.yaml HTTP/1.1 200 26878 https://localhost:9443/devportal/apis/e4370ba6-92b7-4702-a4ef-88bd6e943f97/test Mozilla/5.0 (Windows NT 10.0; Win64; x64) AppleWebKit/537.36 (KHTML, like Gecko) Chrome/114.0.0.0 Safari/537.36 Edg/114.0.1823.43 0.015
0:0:0:0:0:0:0:1 - - [15/Jun/2023:16:50:28 +0300] GET /devportal/site/public/images/favicon.ico HTTP/1.1 200 162098 https://localhost:9443/devportal/apis/e4370ba6-92b7-4702-a4ef-88bd6e943f97/test Mozilla/5.0 (Windows NT 10.0; Win64; x64) AppleWebKit/537.36 (KHTML, like Gecko) Chrome/114.0.0.0 Safari/537.36 Edg/114.0.1823.43 0.008
0:0:0:0:0:0:0:1 - - [15/Jun/2023:16:50:28 +0300] GET /api/am/devportal/v3/settings HTTP/1.1 200 915 https://localhost:9443/devportal/apis/e4370ba6-92b7-4702-a4ef-88bd6e943f97/test Mozilla/5.0 (Windows NT 10.0; Win64; x64) AppleWebKit/537.36 (KHTML, like Gecko) Chrome/114.0.0.0 Safari/537.36 Edg/114.0.1823.43 0.150
0:0:0:0:0:0:0:1 - - [15/Jun/2023:16:50:28 +0300] GET /devportal/site/public/dist/ProtectedApp.42893a52cd015332b409.bundle.js HTTP/1.1 200 70963 https://localhost:9443/devportal/apis/e4370ba6-92b7-4702-a4ef-88bd6e943f97/test Mozilla/5.0 (Windows NT 10.0; Win64; x64) AppleWebKit/537.36 (KHTML, like Gecko) Chrome/114.0.0.0 Safari/537.36 Edg/114.0.1823.43 0.017
0:0:0:0:0:0:0:1 - - [15/Jun/2023:16:50:28 +0300] GET /devportal/site/public/dist/vendors~ProtectedApp.018eeb6bd33ca37011cd.bundle.js HTTP/1.1 200 126488 https://localhost:9443/devportal/apis/e4370ba6-92b7-4702-a4ef-88bd6e943f97/test Mozilla/5.0 (Windows NT 10.0; Win64; x64) AppleWebKit/537.36 (KHTML, like Gecko) Chrome/114.0.0.0 Safari/537.36 Edg/114.0.1823.43 0.035
0:0:0:0:0:0:0:1 - - [15/Jun/2023:16:50:28 +0300] GET /devportal/site/public/theme/temporary_environments_config.json HTTP/1.1 200 - https://localhost:9443/devportal/apis/e4370ba6-92b7-4702-a4ef-88bd6e943f97/test Mozilla/5.0 (Windows NT 10.0; Win64; x64) AppleWebKit/537.36 (KHTML, like Gecko) Chrome/114.0.0.0 Safari/537.36 Edg/114.0.1823.43 0.003
0:0:0:0:0:0:0:1 - - [15/Jun/2023:16:50:28 +0300] GET /devportal/site/public/theme/temporary_features_config.json HTTP/1.1 200 - https://localhost:9443/devportal/apis/e4370ba6-92b7-4702-a4ef-88bd6e943f97/test Mozilla/5.0 (Windows NT 10.0; Win64; x64) AppleWebKit/537.36 (KHTML, like Gecko) Chrome/114.0.0.0 Safari/537.36 Edg/114.0.1823.43 0.003
0:0:0:0:0:0:0:1 - - [15/Jun/2023:16:50:28 +0300] GET /api/am/devportal/v3/tenants?state=active HTTP/1.1 200 96 https://localhost:9443/devportal/apis/e4370ba6-92b7-4702-a4ef-88bd6e943f97/test Mozilla/5.0 (Windows NT 10.0; Win64; x64) AppleWebKit/537.36 (KHTML, like Gecko) Chrome/114.0.0.0 Safari/537.36 Edg/114.0.1823.43 0.003
0:0:0:0:0:0:0:1 - - [15/Jun/2023:16:50:28 +0300] GET /devportal/site/public/dist/vendors~Apis~Landing.e9d0b010bafc4e7686f8.bundle.js HTTP/1.1 200 4090 https://localhost:9443/devportal/apis/e4370ba6-92b7-4702-a4ef-88bd6e943f97/test Mozilla/5.0 (Windows NT 10.0; Win64; x64) AppleWebKit/537.36 (KHTML, like Gecko) Chrome/114.0.0.0 Safari/537.36 Edg/114.0.1823.43 0.009
0:0:0:0:0:0:0:1 - - [15/Jun/2023:16:50:28 +0300] GET /devportal/site/public/dist/vendors~ApiListing~Apis~ApplicationDetails.720bc2e40480316deaca.bundle.js HTTP/1.1 200 3839 https://localhost:9443/devportal/apis/e4370ba6-92b7-4702-a4ef-88bd6e943f97/test Mozilla/5.0 (Windows NT 10.0; Win64; x64) AppleWebKit/537.36 (KHTML, like Gecko) Chrome/114.0.0.0 Safari/537.36 Edg/114.0.1823.43 0.018
0:0:0:0:0:0:0:1 - - [15/Jun/2023:16:50:28 +0300] GET /devportal/site/public/dist/Apis~Landing.44f03df4105c342867a1.bundle.js HTTP/1.1 200 6722 https://localhost:9443/devportal/apis/e4370ba6-92b7-4702-a4ef-88bd6e943f97/test Mozilla/5.0 (Windows NT 10.0; Win64; x64) AppleWebKit/537.36 (KHTML, like Gecko) Chrome/114.0.0.0 Safari/537.36 Edg/114.0.1823.43 0.012
0:0:0:0:0:0:0:1 - - [15/Jun/2023:16:50:28 +0300] - 400 - - - 0.000
0:0:0:0:0:0:0:1 - - [15/Jun/2023:16:50:28 +0300] - 400 - - - 0.000
0:0:0:0:0:0:0:1 - - [15/Jun/2023:16:50:28 +0300] GET /devportal HTTP/1.1 302 - https://localhost:9443/devportal/apis/e4370ba6-92b7-4702-a4ef-88bd6e943f97/test Mozilla/5.0 (Windows NT 10.0; Win64; x64) AppleWebKit/537.36 (KHTML, like Gecko) Chrome/114.0.0.0 Safari/537.36 Edg/114.0.1823.43 0.000
0:0:0:0:0:0:0:1 - - [15/Jun/2023:16:50:28 +0300] GET /oidc/checksession?client_id=PWfgQzPGHoxzOjpmoCalMGNtF2Ia&redirect_uri=https://localhost:9443/devportal/services/auth/callback/login HTTP/1.1 200 3134 https://localhost:9443/devportal/apis/e4370ba6-92b7-4702-a4ef-88bd6e943f97/test Mozilla/5.0 (Windows NT 10.0; Win64; x64) AppleWebKit/537.36 (KHTML, like Gecko) Chrome/114.0.0.0 Safari/537.36 Edg/114.0.1823.43 0.039
0:0:0:0:0:0:0:1 - - [15/Jun/2023:16:50:29 +0300] GET /devportal/site/public/dist/vendors~Apis.3a6169883ec8c6c5366d.bundle.js HTTP/1.1 200 87282 https://localhost:9443/devportal/apis/e4370ba6-92b7-4702-a4ef-88bd6e943f97/test Mozilla/5.0 (Windows NT 10.0; Win64; x64) AppleWebKit/537.36 (KHTML, like Gecko) Chrome/114.0.0.0 Safari/537.36 Edg/114.0.1823.43 0.071
0:0:0:0:0:0:0:1 - - [15/Jun/2023:16:50:29 +0300] GET /devportal/ HTTP/1.1 200 1691 https://localhost:9443/devportal/apis/e4370ba6-92b7-4702-a4ef-88bd6e943f97/test Mozilla/5.0 (Windows NT 10.0; Win64; x64) AppleWebKit/537.36 (KHTML, like Gecko) Chrome/114.0.0.0 Safari/537.36 Edg/114.0.1823.43 0.017
0:0:0:0:0:0:0:1 - - [15/Jun/2023:16:50:29 +0300] GET /devportal/site/public/dist/Apis.800351a0eb878c789ea9.bundle.js HTTP/1.1 200 25570 https://localhost:9443/devportal/apis/e4370ba6-92b7-4702-a4ef-88bd6e943f97/test Mozilla/5.0 (Windows NT 10.0; Win64; x64) AppleWebKit/537.36 (KHTML, like Gecko) Chrome/114.0.0.0 Safari/537.36 Edg/114.0.1823.43 0.046
0:0:0:0:0:0:0:1 - - [15/Jun/2023:16:50:29 +0300] GET /api/am/devportal/v3/applications?limit=5000 HTTP/1.1 200 579 https://localhost:9443/devportal/apis/e4370ba6-92b7-4702-a4ef-88bd6e943f97/test Mozilla/5.0 (Windows NT 10.0; Win64; x64) AppleWebKit/537.36 (KHTML, like Gecko) Chrome/114.0.0.0 Safari/537.36 Edg/114.0.1823.43 0.027
0:0:0:0:0:0:0:1 - - [15/Jun/2023:16:50:29 +0300] GET /api/am/devportal/v3/apis/e4370ba6-92b7-4702-a4ef-88bd6e943f97 HTTP/1.1 200 1032 https://localhost:9443/devportal/apis/e4370ba6-92b7-4702-a4ef-88bd6e943f97/test Mozilla/5.0 (Windows NT 10.0; Win64; x64) AppleWebKit/537.36 (KHTML, like Gecko) Chrome/114.0.0.0 Safari/537.36 Edg/114.0.1823.43 0.043
127.0.0.1 - - [15/Jun/2023:16:50:29 +0300] GET /keymanager-operations/dcr/register/cHJ0RTNoTWZwd0ZRSWlxZkJHQzc5cVpad2ZJYQ%3D%3D HTTP/1.1 200 720 - Apache-HttpClient/4.5.13 (Java/20.0.1) 0.010
0:0:0:0:0:0:0:1 - - [15/Jun/2023:16:50:29 +0300] GET /api/am/devportal/v3/subscriptions?apiId=e4370ba6-92b7-4702-a4ef-88bd6e943f97&limit=25 HTTP/1.1 200 697 https://localhost:9443/devportal/apis/e4370ba6-92b7-4702-a4ef-88bd6e943f97/test Mozilla/5.0 (Windows NT 10.0; Win64; x64) AppleWebKit/537.36 (KHTML, like Gecko) Chrome/114.0.0.0 Safari/537.36 Edg/114.0.1823.43 0.065
127.0.0.1 - - [15/Jun/2023:16:50:29 +0300] GET /keymanager-operations/dcr/register/cHJ0RTNoTWZwd0ZRSWlxZkJHQzc5cVpad2ZJYQ%3D%3D HTTP/1.1 200 720 - Apache-HttpClient/4.5.13 (Java/20.0.1) 0.015
0:0:0:0:0:0:0:1 - - [15/Jun/2023:16:50:29 +0300] - 400 - - - 0.000
0:0:0:0:0:0:0:1 - - [15/Jun/2023:16:50:29 +0300] - 400 - - - 0.000
0:0:0:0:0:0:0:1 - - [15/Jun/2023:16:50:29 +0300] GET /api/am/devportal/v3/subscriptions?apiId=e4370ba6-92b7-4702-a4ef-88bd6e943f97&limit=5000 HTTP/1.1 200 699 https://localhost:9443/devportal/apis/e4370ba6-92b7-4702-a4ef-88bd6e943f97/test Mozilla/5.0 (Windows NT 10.0; Win64; x64) AppleWebKit/537.36 (KHTML, like Gecko) Chrome/114.0.0.0 Safari/537.36 Edg/114.0.1823.43 0.080
0:0:0:0:0:0:0:1 - - [15/Jun/2023:16:50:29 +0300] GET /devportal/site/public/dist/5.57286c37eacce5fafae0.bundle.js HTTP/1.1 200 84080 https://localhost:9443/devportal/apis/e4370ba6-92b7-4702-a4ef-88bd6e943f97/test Mozilla/5.0 (Windows NT 10.0; Win64; x64) AppleWebKit/537.36 (KHTML, like Gecko) Chrome/114.0.0.0 Safari/537.36 Edg/114.0.1823.43 0.051
0:0:0:0:0:0:0:1 - - [15/Jun/2023:16:50:29 +0300] GET /devportal/site/public/dist/vendors~APIConsole~GraphQLConsole.fdedfa5fe9df001a3725.bundle.js HTTP/1.1 200 55674 https://localhost:9443/devportal/apis/e4370ba6-92b7-4702-a4ef-88bd6e943f97/test Mozilla/5.0 (Windows NT 10.0; Win64; x64) AppleWebKit/537.36 (KHTML, like Gecko) Chrome/114.0.0.0 Safari/537.36 Edg/114.0.1823.43 0.060
0:0:0:0:0:0:0:1 - - [15/Jun/2023:16:50:29 +0300] GET /devportal/site/public/dist/vendors~APIConsole~APIDocuments~ApplicationDetails.632f7f3618b917dd72cb.bundle.js HTTP/1.1 200 25476 https://localhost:9443/devportal/apis/e4370ba6-92b7-4702-a4ef-88bd6e943f97/test Mozilla/5.0 (Windows NT 10.0; Win64; x64) AppleWebKit/537.36 (KHTML, like Gecko) Chrome/114.0.0.0 Safari/537.36 Edg/114.0.1823.43 0.075
