0:0:0:0:0:0:0:1 - - [16/Jun/2023:12:25:39 +0300] GET /api/am/devportal/v3/subscriptions?apiId=e4370ba6-92b7-4702-a4ef-88bd6e943f97&limit=5000 HTTP/1.1 200 703 https://localhost:9443/devportal/apis/e4370ba6-92b7-4702-a4ef-88bd6e943f97 Mozilla/5.0 (Windows NT 10.0; Win64; x64) AppleWebKit/537.36 (KHTML, like Gecko) Chrome/114.0.0.0 Safari/537.36 Edg/114.0.1823.43 0.073
0:0:0:0:0:0:0:1 - - [16/Jun/2023:12:25:39 +0300] GET /api/am/devportal/v3/apis/e4370ba6-92b7-4702-a4ef-88bd6e943f97 HTTP/1.1 200 1124 https://localhost:9443/devportal/apis/e4370ba6-92b7-4702-a4ef-88bd6e943f97 Mozilla/5.0 (Windows NT 10.0; Win64; x64) AppleWebKit/537.36 (KHTML, like Gecko) Chrome/114.0.0.0 Safari/537.36 Edg/114.0.1823.43 0.142
0:0:0:0:0:0:0:1 - - [16/Jun/2023:12:25:39 +0300] GET /devportal/site/public/images/_favicon.ico HTTP/1.1 200 1150 https://localhost:9443/devportal/apis/e4370ba6-92b7-4702-a4ef-88bd6e943f97/overview Mozilla/5.0 (Windows NT 10.0; Win64; x64) AppleWebKit/537.36 (KHTML, like Gecko) Chrome/114.0.0.0 Safari/537.36 Edg/114.0.1823.43 0.002
0:0:0:0:0:0:0:1 - - [16/Jun/2023:12:25:39 +0300] GET /api/am/devportal/v3/throttling-policies/subscription HTTP/1.1 200 634 https://localhost:9443/devportal/apis/e4370ba6-92b7-4702-a4ef-88bd6e943f97/overview Mozilla/5.0 (Windows NT 10.0; Win64; x64) AppleWebKit/537.36 (KHTML, like Gecko) Chrome/114.0.0.0 Safari/537.36 Edg/114.0.1823.43 0.020
0:0:0:0:0:0:0:1 - - [16/Jun/2023:12:25:39 +0300] GET /api/am/devportal/v3/throttling-policies/subscription HTTP/1.1 200 634 https://localhost:9443/devportal/apis/e4370ba6-92b7-4702-a4ef-88bd6e943f97/overview Mozilla/5.0 (Windows NT 10.0; Win64; x64) AppleWebKit/537.36 (KHTML, like Gecko) Chrome/114.0.0.0 Safari/537.36 Edg/114.0.1823.43 0.014
0:0:0:0:0:0:0:1 - - [16/Jun/2023:12:25:39 +0300] GET /api/am/devportal/v3/apis/e4370ba6-92b7-4702-a4ef-88bd6e943f97/documents HTTP/1.1 200 247 https://localhost:9443/devportal/apis/e4370ba6-92b7-4702-a4ef-88bd6e943f97/overview Mozilla/5.0 (Windows NT 10.0; Win64; x64) AppleWebKit/537.36 (KHTML, like Gecko) Chrome/114.0.0.0 Safari/537.36 Edg/114.0.1823.43 0.038
0:0:0:0:0:0:0:1 - - [16/Jun/2023:12:25:39 +0300] GET /api/am/devportal/v3/apis/e4370ba6-92b7-4702-a4ef-88bd6e943f97/documents HTTP/1.1 200 247 https://localhost:9443/devportal/apis/e4370ba6-92b7-4702-a4ef-88bd6e943f97/overview Mozilla/5.0 (Windows NT 10.0; Win64; x64) AppleWebKit/537.36 (KHTML, like Gecko) Chrome/114.0.0.0 Safari/537.36 Edg/114.0.1823.43 0.023
0:0:0:0:0:0:0:1 - - [16/Jun/2023:12:25:39 +0300] GET /api/am/devportal/v3/apis/e4370ba6-92b7-4702-a4ef-88bd6e943f97/comments?limit=5&offset=0 HTTP/1.1 200 101 https://localhost:9443/devportal/apis/e4370ba6-92b7-4702-a4ef-88bd6e943f97/overview Mozilla/5.0 (Windows NT 10.0; Win64; x64) AppleWebKit/537.36 (KHTML, like Gecko) Chrome/114.0.0.0 Safari/537.36 Edg/114.0.1823.43 0.048
0:0:0:0:0:0:0:1 - - [16/Jun/2023:12:25:39 +0300] GET /api/am/devportal/v3/apis/e4370ba6-92b7-4702-a4ef-88bd6e943f97/thumbnail HTTP/1.1 204 - https://localhost:9443/devportal/apis/e4370ba6-92b7-4702-a4ef-88bd6e943f97/overview Mozilla/5.0 (Windows NT 10.0; Win64; x64) AppleWebKit/537.36 (KHTML, like Gecko) Chrome/114.0.0.0 Safari/537.36 Edg/114.0.1823.43 0.058
0:0:0:0:0:0:0:1 - - [16/Jun/2023:12:25:39 +0300] GET /api/am/devportal/v3/apis/e4370ba6-92b7-4702-a4ef-88bd6e943f97/ratings HTTP/1.1 200 125 https://localhost:9443/devportal/apis/e4370ba6-92b7-4702-a4ef-88bd6e943f97/overview Mozilla/5.0 (Windows NT 10.0; Win64; x64) AppleWebKit/537.36 (KHTML, like Gecko) Chrome/114.0.0.0 Safari/537.36 Edg/114.0.1823.43 0.058
0:0:0:0:0:0:0:1 - - [16/Jun/2023:12:25:39 +0300] GET /api/am/devportal/v3/apis/e4370ba6-92b7-4702-a4ef-88bd6e943f97/documents HTTP/1.1 200 247 https://localhost:9443/devportal/apis/e4370ba6-92b7-4702-a4ef-88bd6e943f97/overview Mozilla/5.0 (Windows NT 10.0; Win64; x64) AppleWebKit/537.36 (KHTML, like Gecko) Chrome/114.0.0.0 Safari/537.36 Edg/114.0.1823.43 0.046
0:0:0:0:0:0:0:1 - - [16/Jun/2023:12:25:40 +0300] GET /devportal/site/public/dist/vendors~APICredentials.b631ff2ba79ad9a03e8f.bundle.js HTTP/1.1 200 7297 https://localhost:9443/devportal/apis/e4370ba6-92b7-4702-a4ef-88bd6e943f97/credentials Mozilla/5.0 (Windows NT 10.0; Win64; x64) AppleWebKit/537.36 (KHTML, like Gecko) Chrome/114.0.0.0 Safari/537.36 Edg/114.0.1823.43 0.008
0:0:0:0:0:0:0:1 - - [16/Jun/2023:12:25:40 +0300] GET /devportal/site/public/dist/APICredentials.adc4c21efd10886734c0.bundle.js HTTP/1.1 200 19944 https://localhost:9443/devportal/apis/e4370ba6-92b7-4702-a4ef-88bd6e943f97/credentials Mozilla/5.0 (Windows NT 10.0; Win64; x64) AppleWebKit/537.36 (KHTML, like Gecko) Chrome/114.0.0.0 Safari/537.36 Edg/114.0.1823.43 0.015
0:0:0:0:0:0:0:1 - - [16/Jun/2023:12:25:40 +0300] GET /devportal/site/public/images/_favicon.ico HTTP/1.1 200 1150 https://localhost:9443/devportal/apis/e4370ba6-92b7-4702-a4ef-88bd6e943f97/credentials Mozilla/5.0 (Windows NT 10.0; Win64; x64) AppleWebKit/537.36 (KHTML, like Gecko) Chrome/114.0.0.0 Safari/537.36 Edg/114.0.1823.43 0.002
127.0.0.1 - - [16/Jun/2023:12:25:43 +0300] GET /keymanager-operations/dcr/register/MHFfRExjbVRFTmxsZmtqNk9JdjB2WDJ1Q0FJYQ%3D%3D HTTP/1.1 200 720 - Apache-HttpClient/4.5.13 (Java/20.0.1) 0.021
0:0:0:0:0:0:0:1 - - [16/Jun/2023:12:25:43 +0300] POST /api/am/devportal/v3/subscriptions HTTP/1.1 201 648 https://localhost:9443/devportal/apis/e4370ba6-92b7-4702-a4ef-88bd6e943f97/credentials Mozilla/5.0 (Windows NT 10.0; Win64; x64) AppleWebKit/537.36 (KHTML, like Gecko) Chrome/114.0.0.0 Safari/537.36 Edg/114.0.1823.43 0.159
0:0:0:0:0:0:0:1 - - [16/Jun/2023:12:25:43 +0300] GET /api/am/devportal/v3/apis/e4370ba6-92b7-4702-a4ef-88bd6e943f97 HTTP/1.1 200 1124 https://localhost:9443/devportal/apis/e4370ba6-92b7-4702-a4ef-88bd6e943f97/credentials Mozilla/5.0 (Windows NT 10.0; Win64; x64) AppleWebKit/537.36 (KHTML, like Gecko) Chrome/114.0.0.0 Safari/537.36 Edg/114.0.1823.43 0.049
0:0:0:0:0:0:0:1 - - [16/Jun/2023:12:25:43 +0300] GET /api/am/devportal/v3/applications?limit=5000 HTTP/1.1 200 965 https://localhost:9443/devportal/apis/e4370ba6-92b7-4702-a4ef-88bd6e943f97/credentials Mozilla/5.0 (Windows NT 10.0; Win64; x64) AppleWebKit/537.36 (KHTML, like Gecko) Chrome/114.0.0.0 Safari/537.36 Edg/114.0.1823.43 0.058
127.0.0.1 - - [16/Jun/2023:12:25:43 +0300] GET /keymanager-operations/dcr/register/dmRmdVE0TjFxdE96TFd5T1I0a0Fnd01BUm5RYQ%3D%3D HTTP/1.1 200 782 - Apache-HttpClient/4.5.13 (Java/20.0.1) 0.036
127.0.0.1 - - [16/Jun/2023:12:25:43 +0300] GET /keymanager-operations/dcr/register/MHFfRExjbVRFTmxsZmtqNk9JdjB2WDJ1Q0FJYQ%3D%3D HTTP/1.1 200 720 - Apache-HttpClient/4.5.13 (Java/20.0.1) 0.019
0:0:0:0:0:0:0:1 - - [16/Jun/2023:12:25:43 +0300] GET /api/am/devportal/v3/subscriptions?apiId=e4370ba6-92b7-4702-a4ef-88bd6e943f97&limit=5000 HTTP/1.1 200 809 https://localhost:9443/devportal/apis/e4370ba6-92b7-4702-a4ef-88bd6e943f97/credentials Mozilla/5.0 (Windows NT 10.0; Win64; x64) AppleWebKit/537.36 (KHTML, like Gecko) Chrome/114.0.0.0 Safari/537.36 Edg/114.0.1823.43 0.140
127.0.0.1 - - [16/Jun/2023:12:25:43 +0300] GET /keymanager-operations/dcr/register/MHFfRExjbVRFTmxsZmtqNk9JdjB2WDJ1Q0FJYQ%3D%3D HTTP/1.1 200 720 - Apache-HttpClient/4.5.13 (Java/20.0.1) 0.016
127.0.0.1 - - [16/Jun/2023:12:25:43 +0300] GET /keymanager-operations/dcr/register/dmRmdVE0TjFxdE96TFd5T1I0a0Fnd01BUm5RYQ%3D%3D HTTP/1.1 200 782 - Apache-HttpClient/4.5.13 (Java/20.0.1) 0.005
0:0:0:0:0:0:0:1 - - [16/Jun/2023:12:25:43 +0300] GET /api/am/devportal/v3/subscriptions?apiId=e4370ba6-92b7-4702-a4ef-88bd6e943f97&limit=25 HTTP/1.1 200 808 https://localhost:9443/devportal/apis/e4370ba6-92b7-4702-a4ef-88bd6e943f97/credentials Mozilla/5.0 (Windows NT 10.0; Win64; x64) AppleWebKit/537.36 (KHTML, like Gecko) Chrome/114.0.0.0 Safari/537.36 Edg/114.0.1823.43 0.326
0:0:0:0:0:0:0:1 - - [16/Jun/2023:12:25:50 +0300] GET /api/am/devportal/v3/throttling-policies/subscription HTTP/1.1 200 634 https://localhost:9443/devportal/apis/e4370ba6-92b7-4702-a4ef-88bd6e943f97/overview Mozilla/5.0 (Windows NT 10.0; Win64; x64) AppleWebKit/537.36 (KHTML, like Gecko) Chrome/114.0.0.0 Safari/537.36 Edg/114.0.1823.43 0.015
0:0:0:0:0:0:0:1 - - [16/Jun/2023:12:25:50 +0300] GET /devportal/site/public/images/_favicon.ico HTTP/1.1 200 1150 https://localhost:9443/devportal/apis/e4370ba6-92b7-4702-a4ef-88bd6e943f97/overview Mozilla/5.0 (Windows NT 10.0; Win64; x64) AppleWebKit/537.36 (KHTML, like Gecko) Chrome/114.0.0.0 Safari/537.36 Edg/114.0.1823.43 0.019
0:0:0:0:0:0:0:1 - - [16/Jun/2023:12:25:51 +0300] GET /api/am/devportal/v3/throttling-policies/subscription HTTP/1.1 200 634 https://localhost:9443/devportal/apis/e4370ba6-92b7-4702-a4ef-88bd6e943f97/overview Mozilla/5.0 (Windows NT 10.0; Win64; x64) AppleWebKit/537.36 (KHTML, like Gecko) Chrome/114.0.0.0 Safari/537.36 Edg/114.0.1823.43 0.033
0:0:0:0:0:0:0:1 - - [16/Jun/2023:12:25:51 +0300] GET /api/am/devportal/v3/apis/e4370ba6-92b7-4702-a4ef-88bd6e943f97/documents HTTP/1.1 200 247 https://localhost:9443/devportal/apis/e4370ba6-92b7-4702-a4ef-88bd6e943f97/overview Mozilla/5.0 (Windows NT 10.0; Win64; x64) AppleWebKit/537.36 (KHTML, like Gecko) Chrome/114.0.0.0 Safari/537.36 Edg/114.0.1823.43 0.058
0:0:0:0:0:0:0:1 - - [16/Jun/2023:12:25:51 +0300] GET /api/am/devportal/v3/apis/e4370ba6-92b7-4702-a4ef-88bd6e943f97/documents HTTP/1.1 200 247 https://localhost:9443/devportal/apis/e4370ba6-92b7-4702-a4ef-88bd6e943f97/overview Mozilla/5.0 (Windows NT 10.0; Win64; x64) AppleWebKit/537.36 (KHTML, like Gecko) Chrome/114.0.0.0 Safari/537.36 Edg/114.0.1823.43 0.030
0:0:0:0:0:0:0:1 - - [16/Jun/2023:12:25:51 +0300] GET /api/am/devportal/v3/apis/e4370ba6-92b7-4702-a4ef-88bd6e943f97/ratings HTTP/1.1 200 125 https://localhost:9443/devportal/apis/e4370ba6-92b7-4702-a4ef-88bd6e943f97/overview Mozilla/5.0 (Windows NT 10.0; Win64; x64) AppleWebKit/537.36 (KHTML, like Gecko) Chrome/114.0.0.0 Safari/537.36 Edg/114.0.1823.43 0.024
0:0:0:0:0:0:0:1 - - [16/Jun/2023:12:25:51 +0300] GET /api/am/devportal/v3/apis/e4370ba6-92b7-4702-a4ef-88bd6e943f97/documents HTTP/1.1 200 247 https://localhost:9443/devportal/apis/e4370ba6-92b7-4702-a4ef-88bd6e943f97/overview Mozilla/5.0 (Windows NT 10.0; Win64; x64) AppleWebKit/537.36 (KHTML, like Gecko) Chrome/114.0.0.0 Safari/537.36 Edg/114.0.1823.43 0.046
0:0:0:0:0:0:0:1 - - [16/Jun/2023:12:25:51 +0300] GET /api/am/devportal/v3/apis/e4370ba6-92b7-4702-a4ef-88bd6e943f97/thumbnail HTTP/1.1 204 - https://localhost:9443/devportal/apis/e4370ba6-92b7-4702-a4ef-88bd6e943f97/overview Mozilla/5.0 (Windows NT 10.0; Win64; x64) AppleWebKit/537.36 (KHTML, like Gecko) Chrome/114.0.0.0 Safari/537.36 Edg/114.0.1823.43 0.078
0:0:0:0:0:0:0:1 - - [16/Jun/2023:12:25:51 +0300] GET /api/am/devportal/v3/apis/e4370ba6-92b7-4702-a4ef-88bd6e943f97/comments?limit=5&offset=0 HTTP/1.1 200 101 https://localhost:9443/devportal/apis/e4370ba6-92b7-4702-a4ef-88bd6e943f97/overview Mozilla/5.0 (Windows NT 10.0; Win64; x64) AppleWebKit/537.36 (KHTML, like Gecko) Chrome/114.0.0.0 Safari/537.36 Edg/114.0.1823.43 0.089
0:0:0:0:0:0:0:1 - - [16/Jun/2023:12:25:55 +0300] GET /api/am/devportal/v3/apis/e4370ba6-92b7-4702-a4ef-88bd6e943f97 HTTP/1.1 200 1124 https://localhost:9443/devportal/apis/e4370ba6-92b7-4702-a4ef-88bd6e943f97/test Mozilla/5.0 (Windows NT 10.0; Win64; x64) AppleWebKit/537.36 (KHTML, like Gecko) Chrome/114.0.0.0 Safari/537.36 Edg/114.0.1823.43 0.040
0:0:0:0:0:0:0:1 - - [16/Jun/2023:12:25:55 +0300] GET /devportal/site/public/images/_favicon.ico HTTP/1.1 200 1150 https://localhost:9443/devportal/apis/e4370ba6-92b7-4702-a4ef-88bd6e943f97/test Mozilla/5.0 (Windows NT 10.0; Win64; x64) AppleWebKit/537.36 (KHTML, like Gecko) Chrome/114.0.0.0 Safari/537.36 Edg/114.0.1823.43 0.019
0:0:0:0:0:0:0:1 - - [16/Jun/2023:12:25:55 +0300] GET /api/am/devportal/v3/applications?limit=5000 HTTP/1.1 200 965 https://localhost:9443/devportal/apis/e4370ba6-92b7-4702-a4ef-88bd6e943f97/test Mozilla/5.0 (Windows NT 10.0; Win64; x64) AppleWebKit/537.36 (KHTML, like Gecko) Chrome/114.0.0.0 Safari/537.36 Edg/114.0.1823.43 0.034
127.0.0.1 - - [16/Jun/2023:12:25:55 +0300] GET /keymanager-operations/dcr/register/dmRmdVE0TjFxdE96TFd5T1I0a0Fnd01BUm5RYQ%3D%3D HTTP/1.1 200 782 - Apache-HttpClient/4.5.13 (Java/20.0.1) 0.009
127.0.0.1 - - [16/Jun/2023:12:25:55 +0300] GET /keymanager-operations/dcr/register/MHFfRExjbVRFTmxsZmtqNk9JdjB2WDJ1Q0FJYQ%3D%3D HTTP/1.1 200 720 - Apache-HttpClient/4.5.13 (Java/20.0.1) 0.011
127.0.0.1 - - [16/Jun/2023:12:25:55 +0300] GET /keymanager-operations/dcr/register/dmRmdVE0TjFxdE96TFd5T1I0a0Fnd01BUm5RYQ%3D%3D HTTP/1.1 200 782 - Apache-HttpClient/4.5.13 (Java/20.0.1) 0.033
0:0:0:0:0:0:0:1 - - [16/Jun/2023:12:25:55 +0300] GET /api/am/devportal/v3/subscriptions?apiId=e4370ba6-92b7-4702-a4ef-88bd6e943f97&limit=25 HTTP/1.1 200 808 https://localhost:9443/devportal/apis/e4370ba6-92b7-4702-a4ef-88bd6e943f97/test Mozilla/5.0 (Windows NT 10.0; Win64; x64) AppleWebKit/537.36 (KHTML, like Gecko) Chrome/114.0.0.0 Safari/537.36 Edg/114.0.1823.43 0.130
127.0.0.1 - - [16/Jun/2023:12:25:55 +0300] GET /keymanager-operations/dcr/register/MHFfRExjbVRFTmxsZmtqNk9JdjB2WDJ1Q0FJYQ%3D%3D HTTP/1.1 200 720 - Apache-HttpClient/4.5.13 (Java/20.0.1) 0.007
0:0:0:0:0:0:0:1 - - [16/Jun/2023:12:25:55 +0300] GET /api/am/devportal/v3/apis/e4370ba6-92b7-4702-a4ef-88bd6e943f97 HTTP/1.1 200 1124 https://localhost:9443/devportal/apis/e4370ba6-92b7-4702-a4ef-88bd6e943f97/test Mozilla/5.0 (Windows NT 10.0; Win64; x64) AppleWebKit/537.36 (KHTML, like Gecko) Chrome/114.0.0.0 Safari/537.36 Edg/114.0.1823.43 0.122
0:0:0:0:0:0:0:1 - - [16/Jun/2023:12:25:55 +0300] GET /api/am/devportal/v3/subscriptions?apiId=e4370ba6-92b7-4702-a4ef-88bd6e943f97&limit=5000 HTTP/1.1 200 809 https://localhost:9443/devportal/apis/e4370ba6-92b7-4702-a4ef-88bd6e943f97/test Mozilla/5.0 (Windows NT 10.0; Win64; x64) AppleWebKit/537.36 (KHTML, like Gecko) Chrome/114.0.0.0 Safari/537.36 Edg/114.0.1823.43 0.182
0:0:0:0:0:0:0:1 - - [16/Jun/2023:12:25:55 +0300] GET /api/am/devportal/v3/apis/e4370ba6-92b7-4702-a4ef-88bd6e943f97/swagger?environmentName=Default HTTP/1.1 200 472 https://localhost:9443/devportal/apis/e4370ba6-92b7-4702-a4ef-88bd6e943f97/test Mozilla/5.0 (Windows NT 10.0; Win64; x64) AppleWebKit/537.36 (KHTML, like Gecko) Chrome/114.0.0.0 Safari/537.36 Edg/114.0.1823.43 0.057
0:0:0:0:0:0:0:1 - - [16/Jun/2023:12:25:55 +0300] GET /api/am/devportal/v3/swagger.yaml HTTP/1.1 200 26878 https://localhost:9443/devportal/apis/e4370ba6-92b7-4702-a4ef-88bd6e943f97/test Mozilla/5.0 (Windows NT 10.0; Win64; x64) AppleWebKit/537.36 (KHTML, like Gecko) Chrome/114.0.0.0 Safari/537.36 Edg/114.0.1823.43 0.025
0:0:0:0:0:0:0:1 - - [16/Jun/2023:12:25:55 +0300] GET /api/am/devportal/v3/key-managers HTTP/1.1 200 763 https://localhost:9443/devportal/apis/e4370ba6-92b7-4702-a4ef-88bd6e943f97/test Mozilla/5.0 (Windows NT 10.0; Win64; x64) AppleWebKit/537.36 (KHTML, like Gecko) Chrome/114.0.0.0 Safari/537.36 Edg/114.0.1823.43 0.223
127.0.0.1 - - [16/Jun/2023:12:25:55 +0300] GET /keymanager-operations/dcr/register/MHFfRExjbVRFTmxsZmtqNk9JdjB2WDJ1Q0FJYQ%3D%3D HTTP/1.1 200 720 - Apache-HttpClient/4.5.13 (Java/20.0.1) 0.004
127.0.0.1 - - [16/Jun/2023:12:25:55 +0300] GET /oauth2/token/.well-known/openid-configuration HTTP/1.1 200 2395 - Apache-HttpClient/4.5.13 (Java/20.0.1) 0.077
127.0.0.1 - - [16/Jun/2023:12:25:55 +0300] GET /keymanager-operations/dcr/register/dmRmdVE0TjFxdE96TFd5T1I0a0Fnd01BUm5RYQ%3D%3D HTTP/1.1 200 782 - Apache-HttpClient/4.5.13 (Java/20.0.1) 0.012
0:0:0:0:0:0:0:1 - - [16/Jun/2023:12:25:55 +0300] GET /api/am/devportal/v3/subscriptions?apiId=e4370ba6-92b7-4702-a4ef-88bd6e943f97&limit=25 HTTP/1.1 200 808 https://localhost:9443/devportal/apis/e4370ba6-92b7-4702-a4ef-88bd6e943f97/test Mozilla/5.0 (Windows NT 10.0; Win64; x64) AppleWebKit/537.36 (KHTML, like Gecko) Chrome/114.0.0.0 Safari/537.36 Edg/114.0.1823.43 0.274
127.0.0.1 - - [16/Jun/2023:12:25:55 +0300] GET /keymanager-operations/dcr/register/MHFfRExjbVRFTmxsZmtqNk9JdjB2WDJ1Q0FJYQ%3D%3D HTTP/1.1 200 720 - Apache-HttpClient/4.5.13 (Java/20.0.1) 0.019
127.0.0.1 - - [16/Jun/2023:12:25:55 +0300] GET /keymanager-operations/dcr/register/dmRmdVE0TjFxdE96TFd5T1I0a0Fnd01BUm5RYQ%3D%3D HTTP/1.1 200 782 - Apache-HttpClient/4.5.13 (Java/20.0.1) 0.015
0:0:0:0:0:0:0:1 - - [16/Jun/2023:12:25:55 +0300] GET /api/am/devportal/v3/subscriptions?apiId=e4370ba6-92b7-4702-a4ef-88bd6e943f97&limit=25 HTTP/1.1 200 808 https://localhost:9443/devportal/apis/e4370ba6-92b7-4702-a4ef-88bd6e943f97/test Mozilla/5.0 (Windows NT 10.0; Win64; x64) AppleWebKit/537.36 (KHTML, like Gecko) Chrome/114.0.0.0 Safari/537.36 Edg/114.0.1823.43 0.071
0:0:0:0:0:0:0:1 - - [16/Jun/2023:12:25:55 +0300] GET /api/am/devportal/v3/applications/ HTTP/1.1 200 963 https://localhost:9443/devportal/apis/e4370ba6-92b7-4702-a4ef-88bd6e943f97/test Mozilla/5.0 (Windows NT 10.0; Win64; x64) AppleWebKit/537.36 (KHTML, like Gecko) Chrome/114.0.0.0 Safari/537.36 Edg/114.0.1823.43 0.016
0:0:0:0:0:0:0:1 - - [16/Jun/2023:12:25:55 +0300] GET /api/am/devportal/v3/swagger.yaml HTTP/1.1 200 26878 https://localhost:9443/devportal/apis/e4370ba6-92b7-4702-a4ef-88bd6e943f97/test Mozilla/5.0 (Windows NT 10.0; Win64; x64) AppleWebKit/537.36 (KHTML, like Gecko) Chrome/114.0.0.0 Safari/537.36 Edg/114.0.1823.43 0.025
127.0.0.1 - - [16/Jun/2023:12:25:56 +0300] GET /keymanager-operations/dcr/register/dmRmdVE0TjFxdE96TFd5T1I0a0Fnd01BUm5RYQ%3D%3D HTTP/1.1 200 782 - Apache-HttpClient/4.5.13 (Java/20.0.1) 0.007
0:0:0:0:0:0:0:1 - - [16/Jun/2023:12:25:56 +0300] GET /api/am/devportal/v3/applications/f619e635-d5b4-4581-b1e2-9bf97a46cf3d HTTP/1.1 200 357 https://localhost:9443/devportal/apis/e4370ba6-92b7-4702-a4ef-88bd6e943f97/test Mozilla/5.0 (Windows NT 10.0; Win64; x64) AppleWebKit/537.36 (KHTML, like Gecko) Chrome/114.0.0.0 Safari/537.36 Edg/114.0.1823.43 0.015
127.0.0.1 - - [16/Jun/2023:12:25:56 +0300] GET /keymanager-operations/dcr/register/dmRmdVE0TjFxdE96TFd5T1I0a0Fnd01BUm5RYQ%3D%3D HTTP/1.1 200 782 - Apache-HttpClient/4.5.13 (Java/20.0.1) 0.027
0:0:0:0:0:0:0:1 - - [16/Jun/2023:12:25:56 +0300] GET /api/am/devportal/v3/applications/f619e635-d5b4-4581-b1e2-9bf97a46cf3d/oauth-keys HTTP/1.1 200 930 https://localhost:9443/devportal/apis/e4370ba6-92b7-4702-a4ef-88bd6e943f97/test Mozilla/5.0 (Windows NT 10.0; Win64; x64) AppleWebKit/537.36 (KHTML, like Gecko) Chrome/114.0.0.0 Safari/537.36 Edg/114.0.1823.43 0.034
0:0:0:0:0:0:0:1 - - [16/Jun/2023:12:25:56 +0300] GET /api/am/devportal/v3/swagger.yaml HTTP/1.1 200 26878 https://localhost:9443/devportal/apis/e4370ba6-92b7-4702-a4ef-88bd6e943f97/test Mozilla/5.0 (Windows NT 10.0; Win64; x64) AppleWebKit/537.36 (KHTML, like Gecko) Chrome/114.0.0.0 Safari/537.36 Edg/114.0.1823.43 0.031
127.0.0.1 - - [16/Jun/2023:12:25:56 +0300] GET /keymanager-operations/dcr/register/dmRmdVE0TjFxdE96TFd5T1I0a0Fnd01BUm5RYQ%3D%3D HTTP/1.1 200 782 - Apache-HttpClient/4.5.13 (Java/20.0.1) 0.004
0:0:0:0:0:0:0:1 - - [16/Jun/2023:12:25:56 +0300] GET /api/am/devportal/v3/applications/f619e635-d5b4-4581-b1e2-9bf97a46cf3d HTTP/1.1 200 357 https://localhost:9443/devportal/apis/e4370ba6-92b7-4702-a4ef-88bd6e943f97/test Mozilla/5.0 (Windows NT 10.0; Win64; x64) AppleWebKit/537.36 (KHTML, like Gecko) Chrome/114.0.0.0 Safari/537.36 Edg/114.0.1823.43 0.011
127.0.0.1 - - [16/Jun/2023:12:25:56 +0300] GET /keymanager-operations/dcr/register/dmRmdVE0TjFxdE96TFd5T1I0a0Fnd01BUm5RYQ%3D%3D HTTP/1.1 200 782 - Apache-HttpClient/4.5.13 (Java/20.0.1) 0.004
0:0:0:0:0:0:0:1 - - [16/Jun/2023:12:25:56 +0300] GET /api/am/devportal/v3/applications/f619e635-d5b4-4581-b1e2-9bf97a46cf3d/oauth-keys HTTP/1.1 200 930 https://localhost:9443/devportal/apis/e4370ba6-92b7-4702-a4ef-88bd6e943f97/test Mozilla/5.0 (Windows NT 10.0; Win64; x64) AppleWebKit/537.36 (KHTML, like Gecko) Chrome/114.0.0.0 Safari/537.36 Edg/114.0.1823.43 0.011
0:0:0:0:0:0:0:1 - - [16/Jun/2023:12:26:00 +0300] GET /api/am/devportal/v3/swagger.yaml HTTP/1.1 200 26878 https://localhost:9443/devportal/apis/e4370ba6-92b7-4702-a4ef-88bd6e943f97/test Mozilla/5.0 (Windows NT 10.0; Win64; x64) AppleWebKit/537.36 (KHTML, like Gecko) Chrome/114.0.0.0 Safari/537.36 Edg/114.0.1823.43 0.015
127.0.0.1 - - [16/Jun/2023:12:26:00 +0300] GET /keymanager-operations/dcr/register/MHFfRExjbVRFTmxsZmtqNk9JdjB2WDJ1Q0FJYQ%3D%3D HTTP/1.1 200 720 - Apache-HttpClient/4.5.13 (Java/20.0.1) 0.003
0:0:0:0:0:0:0:1 - - [16/Jun/2023:12:26:00 +0300] GET /api/am/devportal/v3/applications/d8414650-0dc6-4424-9310-830582be7bd1 HTTP/1.1 200 336 https://localhost:9443/devportal/apis/e4370ba6-92b7-4702-a4ef-88bd6e943f97/test Mozilla/5.0 (Windows NT 10.0; Win64; x64) AppleWebKit/537.36 (KHTML, like Gecko) Chrome/114.0.0.0 Safari/537.36 Edg/114.0.1823.43 0.017
127.0.0.1 - - [16/Jun/2023:12:26:00 +0300] GET /keymanager-operations/dcr/register/MHFfRExjbVRFTmxsZmtqNk9JdjB2WDJ1Q0FJYQ%3D%3D HTTP/1.1 200 720 - Apache-HttpClient/4.5.13 (Java/20.0.1) 0.004
0:0:0:0:0:0:0:1 - - [16/Jun/2023:12:26:00 +0300] GET /api/am/devportal/v3/applications/d8414650-0dc6-4424-9310-830582be7bd1/oauth-keys HTTP/1.1 200 868 https://localhost:9443/devportal/apis/e4370ba6-92b7-4702-a4ef-88bd6e943f97/test Mozilla/5.0 (Windows NT 10.0; Win64; x64) AppleWebKit/537.36 (KHTML, like Gecko) Chrome/114.0.0.0 Safari/537.36 Edg/114.0.1823.43 0.012
0:0:0:0:0:0:0:1 - - [16/Jun/2023:12:26:04 +0300] GET /api/am/devportal/v3/swagger.yaml HTTP/1.1 200 26878 https://localhost:9443/devportal/apis/e4370ba6-92b7-4702-a4ef-88bd6e943f97/test Mozilla/5.0 (Windows NT 10.0; Win64; x64) AppleWebKit/537.36 (KHTML, like Gecko) Chrome/114.0.0.0 Safari/537.36 Edg/114.0.1823.43 0.015
0:0:0:0:0:0:0:1 - - [16/Jun/2023:12:26:04 +0300] GET /api/am/devportal/v3/swagger.yaml HTTP/1.1 200 26878 https://localhost:9443/devportal/apis/e4370ba6-92b7-4702-a4ef-88bd6e943f97/test Mozilla/5.0 (Windows NT 10.0; Win64; x64) AppleWebKit/537.36 (KHTML, like Gecko) Chrome/114.0.0.0 Safari/537.36 Edg/114.0.1823.43 0.015
0:0:0:0:0:0:0:1 - - [16/Jun/2023:12:26:05 +0300] GET /api/am/devportal/v3/applications/d8414650-0dc6-4424-9310-830582be7bd1 HTTP/1.1 200 336 https://localhost:9443/devportal/apis/e4370ba6-92b7-4702-a4ef-88bd6e943f97/test Mozilla/5.0 (Windows NT 10.0; Win64; x64) AppleWebKit/537.36 (KHTML, like Gecko) Chrome/114.0.0.0 Safari/537.36 Edg/114.0.1823.43 0.019
127.0.0.1 - - [16/Jun/2023:12:26:05 +0300] GET /keymanager-operations/dcr/register/MHFfRExjbVRFTmxsZmtqNk9JdjB2WDJ1Q0FJYQ%3D%3D HTTP/1.1 200 720 - Apache-HttpClient/4.5.13 (Java/20.0.1) 0.011
0:0:0:0:0:0:0:1 - - [16/Jun/2023:12:26:05 +0300] GET /api/am/devportal/v3/applications/d8414650-0dc6-4424-9310-830582be7bd1 HTTP/1.1 200 336 https://localhost:9443/devportal/apis/e4370ba6-92b7-4702-a4ef-88bd6e943f97/test Mozilla/5.0 (Windows NT 10.0; Win64; x64) AppleWebKit/537.36 (KHTML, like Gecko) Chrome/114.0.0.0 Safari/537.36 Edg/114.0.1823.43 0.027
127.0.0.1 - - [16/Jun/2023:12:26:05 +0300] GET /keymanager-operations/dcr/register/MHFfRExjbVRFTmxsZmtqNk9JdjB2WDJ1Q0FJYQ%3D%3D HTTP/1.1 200 720 - Apache-HttpClient/4.5.13 (Java/20.0.1) 0.020
127.0.0.1 - - [16/Jun/2023:12:26:05 +0300] GET /keymanager-operations/dcr/register/MHFfRExjbVRFTmxsZmtqNk9JdjB2WDJ1Q0FJYQ%3D%3D HTTP/1.1 200 720 - Apache-HttpClient/4.5.13 (Java/20.0.1) 0.012
0:0:0:0:0:0:0:1 - - [16/Jun/2023:12:26:05 +0300] GET /api/am/devportal/v3/applications/d8414650-0dc6-4424-9310-830582be7bd1/oauth-keys HTTP/1.1 200 868 https://localhost:9443/devportal/apis/e4370ba6-92b7-4702-a4ef-88bd6e943f97/test Mozilla/5.0 (Windows NT 10.0; Win64; x64) AppleWebKit/537.36 (KHTML, like Gecko) Chrome/114.0.0.0 Safari/537.36 Edg/114.0.1823.43 0.035
0:0:0:0:0:0:0:1 - - [16/Jun/2023:12:26:05 +0300] GET /api/am/devportal/v3/applications/d8414650-0dc6-4424-9310-830582be7bd1/oauth-keys HTTP/1.1 200 868 https://localhost:9443/devportal/apis/e4370ba6-92b7-4702-a4ef-88bd6e943f97/test Mozilla/5.0 (Windows NT 10.0; Win64; x64) AppleWebKit/537.36 (KHTML, like Gecko) Chrome/114.0.0.0 Safari/537.36 Edg/114.0.1823.43 0.019
127.0.0.1 - - [16/Jun/2023:12:26:05 +0300] GET /keymanager-operations/dcr/register/MHFfRExjbVRFTmxsZmtqNk9JdjB2WDJ1Q0FJYQ%3D%3D HTTP/1.1 200 720 - Apache-HttpClient/4.5.13 (Java/20.0.1) 0.008
0:0:0:0:0:0:0:1 - - [16/Jun/2023:12:48:19 +0300] - 400 - - - 0.000
0:0:0:0:0:0:0:1 - - [16/Jun/2023:12:48:19 +0300] - 400 - - - 0.000
0:0:0:0:0:0:0:1 - - [16/Jun/2023:12:48:19 +0300] - 400 - - - 0.000
0:0:0:0:0:0:0:1 - - [16/Jun/2023:12:48:19 +0300] GET /devportal HTTP/1.1 302 - - Mozilla/5.0 (Windows NT 10.0; Win64; x64) AppleWebKit/537.36 (KHTML, like Gecko) Chrome/114.0.0.0 Safari/537.36 Edg/114.0.1823.43 0.000
0:0:0:0:0:0:0:1 - - [16/Jun/2023:12:48:19 +0300] GET /devportal/ HTTP/1.1 200 1691 - Mozilla/5.0 (Windows NT 10.0; Win64; x64) AppleWebKit/537.36 (KHTML, like Gecko) Chrome/114.0.0.0 Safari/537.36 Edg/114.0.1823.43 0.018
0:0:0:0:0:0:0:1 - - [16/Jun/2023:12:48:19 +0300] GET /devportal/site/public/css/main.css HTTP/1.1 200 2092 https://localhost:9443/devportal/ Mozilla/5.0 (Windows NT 10.0; Win64; x64) AppleWebKit/537.36 (KHTML, like Gecko) Chrome/114.0.0.0 Safari/537.36 Edg/114.0.1823.43 0.014
0:0:0:0:0:0:0:1 - - [16/Jun/2023:12:48:19 +0300] - 400 - - - 0.000
0:0:0:0:0:0:0:1 - - [16/Jun/2023:12:48:19 +0300] - 400 - - - 0.000
0:0:0:0:0:0:0:1 - - [16/Jun/2023:12:48:19 +0300] - 400 - - - 0.000
0:0:0:0:0:0:0:1 - - [16/Jun/2023:12:48:19 +0300] GET /devportal/site/public/fonts/iconfont/material-icons.css HTTP/1.1 200 970 https://localhost:9443/devportal/ Mozilla/5.0 (Windows NT 10.0; Win64; x64) AppleWebKit/537.36 (KHTML, like Gecko) Chrome/114.0.0.0 Safari/537.36 Edg/114.0.1823.43 0.005
0:0:0:0:0:0:0:1 - - [16/Jun/2023:12:48:19 +0300] - 400 - - - 0.000
0:0:0:0:0:0:0:1 - - [16/Jun/2023:12:48:19 +0300] - 400 - - - 0.000
0:0:0:0:0:0:0:1 - - [16/Jun/2023:12:48:19 +0300] GET /devportal/site/public/fonts/iconfont/MaterialIcons.js HTTP/1.1 200 6703 https://localhost:9443/devportal/ Mozilla/5.0 (Windows NT 10.0; Win64; x64) AppleWebKit/537.36 (KHTML, like Gecko) Chrome/114.0.0.0 Safari/537.36 Edg/114.0.1823.43 0.021
0:0:0:0:0:0:0:1 - - [16/Jun/2023:12:48:19 +0300] GET /devportal/site/public/css/overrides.css HTTP/1.1 200 - https://localhost:9443/devportal/ Mozilla/5.0 (Windows NT 10.0; Win64; x64) AppleWebKit/537.36 (KHTML, like Gecko) Chrome/114.0.0.0 Safari/537.36 Edg/114.0.1823.43 0.004
0:0:0:0:0:0:0:1 - - [16/Jun/2023:12:48:19 +0300] GET /devportal/site/public/theme/userTheme.js HTTP/1.1 200 96 https://localhost:9443/devportal/ Mozilla/5.0 (Windows NT 10.0; Win64; x64) AppleWebKit/537.36 (KHTML, like Gecko) Chrome/114.0.0.0 Safari/537.36 Edg/114.0.1823.43 0.018
0:0:0:0:0:0:0:1 - - [16/Jun/2023:12:48:19 +0300] GET /devportal/services/settings/settings.js HTTP/1.1 200 1474 https://localhost:9443/devportal/ Mozilla/5.0 (Windows NT 10.0; Win64; x64) AppleWebKit/537.36 (KHTML, like Gecko) Chrome/114.0.0.0 Safari/537.36 Edg/114.0.1823.43 0.037
0:0:0:0:0:0:0:1 - - [16/Jun/2023:12:48:19 +0300] GET /devportal/site/public/dist/index.e79b6b708401484695fc.bundle.js HTTP/1.1 200 271108 https://localhost:9443/devportal/ Mozilla/5.0 (Windows NT 10.0; Win64; x64) AppleWebKit/537.36 (KHTML, like Gecko) Chrome/114.0.0.0 Safari/537.36 Edg/114.0.1823.43 0.137
0:0:0:0:0:0:0:1 - - [16/Jun/2023:12:48:19 +0300] GET /devportal/site/public/locales/en.json HTTP/1.1 200 57092 https://localhost:9443/devportal/ Mozilla/5.0 (Windows NT 10.0; Win64; x64) AppleWebKit/537.36 (KHTML, like Gecko) Chrome/114.0.0.0 Safari/537.36 Edg/114.0.1823.43 0.039
0:0:0:0:0:0:0:1 - - [16/Jun/2023:12:48:19 +0300] GET /devportal/site/public/images/_favicon.ico HTTP/1.1 200 1150 https://localhost:9443/devportal/ Mozilla/5.0 (Windows NT 10.0; Win64; x64) AppleWebKit/537.36 (KHTML, like Gecko) Chrome/114.0.0.0 Safari/537.36 Edg/114.0.1823.43 0.011
0:0:0:0:0:0:0:1 - - [16/Jun/2023:12:48:19 +0300] GET /api/am/devportal/v3/swagger.yaml HTTP/1.1 200 26878 https://localhost:9443/devportal/ Mozilla/5.0 (Windows NT 10.0; Win64; x64) AppleWebKit/537.36 (KHTML, like Gecko) Chrome/114.0.0.0 Safari/537.36 Edg/114.0.1823.43 0.046
0:0:0:0:0:0:0:1 - - [16/Jun/2023:12:48:20 +0300] GET /api/am/devportal/v3/settings HTTP/1.1 200 915 https://localhost:9443/devportal/ Mozilla/5.0 (Windows NT 10.0; Win64; x64) AppleWebKit/537.36 (KHTML, like Gecko) Chrome/114.0.0.0 Safari/537.36 Edg/114.0.1823.43 0.601
0:0:0:0:0:0:0:1 - - [16/Jun/2023:12:48:20 +0300] GET /devportal/site/public/dist/ProtectedApp.42893a52cd015332b409.bundle.js HTTP/1.1 200 70963 https://localhost:9443/devportal/ Mozilla/5.0 (Windows NT 10.0; Win64; x64) AppleWebKit/537.36 (KHTML, like Gecko) Chrome/114.0.0.0 Safari/537.36 Edg/114.0.1823.43 0.033
0:0:0:0:0:0:0:1 - - [16/Jun/2023:12:48:21 +0300] GET /devportal/site/public/dist/vendors~ProtectedApp.018eeb6bd33ca37011cd.bundle.js HTTP/1.1 200 126488 https://localhost:9443/devportal/ Mozilla/5.0 (Windows NT 10.0; Win64; x64) AppleWebKit/537.36 (KHTML, like Gecko) Chrome/114.0.0.0 Safari/537.36 Edg/114.0.1823.43 0.102
0:0:0:0:0:0:0:1 - - [16/Jun/2023:12:48:21 +0300] GET /devportal/site/public/theme/temporary_environments_config.json HTTP/1.1 200 - https://localhost:9443/devportal/ Mozilla/5.0 (Windows NT 10.0; Win64; x64) AppleWebKit/537.36 (KHTML, like Gecko) Chrome/114.0.0.0 Safari/537.36 Edg/114.0.1823.43 0.011
0:0:0:0:0:0:0:1 - - [16/Jun/2023:12:48:21 +0300] GET /devportal/site/public/theme/temporary_features_config.json HTTP/1.1 200 - https://localhost:9443/devportal/ Mozilla/5.0 (Windows NT 10.0; Win64; x64) AppleWebKit/537.36 (KHTML, like Gecko) Chrome/114.0.0.0 Safari/537.36 Edg/114.0.1823.43 0.015
0:0:0:0:0:0:0:1 - - [16/Jun/2023:12:48:21 +0300] GET /api/am/devportal/v3/tenants?state=active HTTP/1.1 200 96 https://localhost:9443/devportal/ Mozilla/5.0 (Windows NT 10.0; Win64; x64) AppleWebKit/537.36 (KHTML, like Gecko) Chrome/114.0.0.0 Safari/537.36 Edg/114.0.1823.43 0.183
0:0:0:0:0:0:0:1 - - [16/Jun/2023:12:48:21 +0300] GET /oidc/checksession?client_id=PWfgQzPGHoxzOjpmoCalMGNtF2Ia&redirect_uri=https://localhost:9443/devportal/services/auth/callback/login HTTP/1.1 200 3134 https://localhost:9443/devportal/ Mozilla/5.0 (Windows NT 10.0; Win64; x64) AppleWebKit/537.36 (KHTML, like Gecko) Chrome/114.0.0.0 Safari/537.36 Edg/114.0.1823.43 0.005
0:0:0:0:0:0:0:1 - - [16/Jun/2023:12:48:21 +0300] GET /devportal/site/public/dist/Apis~Landing.44f03df4105c342867a1.bundle.js HTTP/1.1 200 6722 https://localhost:9443/devportal/apis Mozilla/5.0 (Windows NT 10.0; Win64; x64) AppleWebKit/537.36 (KHTML, like Gecko) Chrome/114.0.0.0 Safari/537.36 Edg/114.0.1823.43 0.013
0:0:0:0:0:0:0:1 - - [16/Jun/2023:12:48:21 +0300] GET /devportal/site/public/dist/vendors~Apis~Landing.e9d0b010bafc4e7686f8.bundle.js HTTP/1.1 200 4090 https://localhost:9443/devportal/apis Mozilla/5.0 (Windows NT 10.0; Win64; x64) AppleWebKit/537.36 (KHTML, like Gecko) Chrome/114.0.0.0 Safari/537.36 Edg/114.0.1823.43 0.010
0:0:0:0:0:0:0:1 - - [16/Jun/2023:12:48:21 +0300] - 400 - - - 0.000
0:0:0:0:0:0:0:1 - - [16/Jun/2023:12:48:21 +0300] - 400 - - - 0.000
0:0:0:0:0:0:0:1 - - [16/Jun/2023:12:48:21 +0300] GET /devportal HTTP/1.1 302 - https://localhost:9443/devportal/apis Mozilla/5.0 (Windows NT 10.0; Win64; x64) AppleWebKit/537.36 (KHTML, like Gecko) Chrome/114.0.0.0 Safari/537.36 Edg/114.0.1823.43 0.000
0:0:0:0:0:0:0:1 - - [16/Jun/2023:12:48:21 +0300] GET /devportal/site/public/dist/Apis.800351a0eb878c789ea9.bundle.js HTTP/1.1 200 25570 https://localhost:9443/devportal/apis Mozilla/5.0 (Windows NT 10.0; Win64; x64) AppleWebKit/537.36 (KHTML, like Gecko) Chrome/114.0.0.0 Safari/537.36 Edg/114.0.1823.43 0.029
0:0:0:0:0:0:0:1 - - [16/Jun/2023:12:48:21 +0300] GET /devportal/site/public/dist/vendors~ApiListing~Apis~ApplicationDetails.720bc2e40480316deaca.bundle.js HTTP/1.1 200 3839 https://localhost:9443/devportal/apis Mozilla/5.0 (Windows NT 10.0; Win64; x64) AppleWebKit/537.36 (KHTML, like Gecko) Chrome/114.0.0.0 Safari/537.36 Edg/114.0.1823.43 0.031
0:0:0:0:0:0:0:1 - - [16/Jun/2023:12:48:21 +0300] GET /devportal/site/public/images/appbarBack.png HTTP/1.1 200 1964 https://localhost:9443/devportal/apis Mozilla/5.0 (Windows NT 10.0; Win64; x64) AppleWebKit/537.36 (KHTML, like Gecko) Chrome/114.0.0.0 Safari/537.36 Edg/114.0.1823.43 0.072
0:0:0:0:0:0:0:1 - - [16/Jun/2023:12:48:21 +0300] GET /devportal/site/public/fonts/Open_Sans/mem8YaGs126MiZpBA-UFVZ0bf8pkAg.woff2 HTTP/1.1 200 8892 https://localhost:9443/devportal/site/public/css/main.css Mozilla/5.0 (Windows NT 10.0; Win64; x64) AppleWebKit/537.36 (KHTML, like Gecko) Chrome/114.0.0.0 Safari/537.36 Edg/114.0.1823.43 0.011
0:0:0:0:0:0:0:1 - - [16/Jun/2023:12:48:21 +0300] GET /devportal/site/public/images/logo.svg HTTP/1.1 200 74991 https://localhost:9443/devportal/apis Mozilla/5.0 (Windows NT 10.0; Win64; x64) AppleWebKit/537.36 (KHTML, like Gecko) Chrome/114.0.0.0 Safari/537.36 Edg/114.0.1823.43 0.114
0:0:0:0:0:0:0:1 - - [16/Jun/2023:12:48:21 +0300] GET /devportal/site/public/fonts/iconfont/MaterialIcons-Regular.woff2 HTTP/1.1 200 60840 https://localhost:9443/devportal/site/public/fonts/iconfont/material-icons.css Mozilla/5.0 (Windows NT 10.0; Win64; x64) AppleWebKit/537.36 (KHTML, like Gecko) Chrome/114.0.0.0 Safari/537.36 Edg/114.0.1823.43 0.031
0:0:0:0:0:0:0:1 - - [16/Jun/2023:12:48:21 +0300] GET /devportal/site/public/fonts/Open_Sans/mem5YaGs126MiZpBA-UN7rgOUuhpKKSTjw.woff2 HTTP/1.1 200 8800 https://localhost:9443/devportal/site/public/css/main.css Mozilla/5.0 (Windows NT 10.0; Win64; x64) AppleWebKit/537.36 (KHTML, like Gecko) Chrome/114.0.0.0 Safari/537.36 Edg/114.0.1823.43 0.006
0:0:0:0:0:0:0:1 - - [16/Jun/2023:12:48:21 +0300] GET /devportal/site/public/images/_favicon.ico HTTP/1.1 200 1150 https://localhost:9443/devportal/apis Mozilla/5.0 (Windows NT 10.0; Win64; x64) AppleWebKit/537.36 (KHTML, like Gecko) Chrome/114.0.0.0 Safari/537.36 Edg/114.0.1823.43 0.019
0:0:0:0:0:0:0:1 - - [16/Jun/2023:12:48:21 +0300] GET /devportal/ HTTP/1.1 200 1691 https://localhost:9443/devportal/apis Mozilla/5.0 (Windows NT 10.0; Win64; x64) AppleWebKit/537.36 (KHTML, like Gecko) Chrome/114.0.0.0 Safari/537.36 Edg/114.0.1823.43 0.025
0:0:0:0:0:0:0:1 - - [16/Jun/2023:12:48:21 +0300] GET /devportal/site/public/dist/vendors~Apis.3a6169883ec8c6c5366d.bundle.js HTTP/1.1 200 87282 https://localhost:9443/devportal/apis Mozilla/5.0 (Windows NT 10.0; Win64; x64) AppleWebKit/537.36 (KHTML, like Gecko) Chrome/114.0.0.0 Safari/537.36 Edg/114.0.1823.43 0.180
0:0:0:0:0:0:0:1 - - [16/Jun/2023:12:48:21 +0300] GET /api/am/devportal/v3/api-categories HTTP/1.1 200 21 https://localhost:9443/devportal/apis Mozilla/5.0 (Windows NT 10.0; Win64; x64) AppleWebKit/537.36 (KHTML, like Gecko) Chrome/114.0.0.0 Safari/537.36 Edg/114.0.1823.43 0.025
0:0:0:0:0:0:0:1 - - [16/Jun/2023:12:48:21 +0300] GET /api/am/devportal/v3/tags HTTP/1.1 200 147 https://localhost:9443/devportal/apis Mozilla/5.0 (Windows NT 10.0; Win64; x64) AppleWebKit/537.36 (KHTML, like Gecko) Chrome/114.0.0.0 Safari/537.36 Edg/114.0.1823.43 0.102
0:0:0:0:0:0:0:1 - - [16/Jun/2023:12:48:21 +0300] GET /api/am/devportal/v3/apis?limit=10&offset=0 HTTP/1.1 200 749 https://localhost:9443/devportal/apis Mozilla/5.0 (Windows NT 10.0; Win64; x64) AppleWebKit/537.36 (KHTML, like Gecko) Chrome/114.0.0.0 Safari/537.36 Edg/114.0.1823.43 0.149
0:0:0:0:0:0:0:1 - - [16/Jun/2023:12:48:22 +0300] GET /api/am/devportal/v3/apis/bd412728-6963-4947-ba67-61fa1e164022/ratings HTTP/1.1 200 125 https://localhost:9443/devportal/apis Mozilla/5.0 (Windows NT 10.0; Win64; x64) AppleWebKit/537.36 (KHTML, like Gecko) Chrome/114.0.0.0 Safari/537.36 Edg/114.0.1823.43 0.066
0:0:0:0:0:0:0:1 - - [16/Jun/2023:12:48:22 +0300] GET /api/am/devportal/v3/apis/e4370ba6-92b7-4702-a4ef-88bd6e943f97/ratings HTTP/1.1 200 125 https://localhost:9443/devportal/apis Mozilla/5.0 (Windows NT 10.0; Win64; x64) AppleWebKit/537.36 (KHTML, like Gecko) Chrome/114.0.0.0 Safari/537.36 Edg/114.0.1823.43 0.076
0:0:0:0:0:0:0:1 - - [16/Jun/2023:12:48:22 +0300] GET /api/am/devportal/v3/apis/bd412728-6963-4947-ba67-61fa1e164022/thumbnail HTTP/1.1 204 - https://localhost:9443/devportal/apis Mozilla/5.0 (Windows NT 10.0; Win64; x64) AppleWebKit/537.36 (KHTML, like Gecko) Chrome/114.0.0.0 Safari/537.36 Edg/114.0.1823.43 0.089
0:0:0:0:0:0:0:1 - - [16/Jun/2023:12:48:22 +0300] GET /api/am/devportal/v3/apis/b708e07c-f833-4577-9072-b66243c058b3/ratings HTTP/1.1 200 125 https://localhost:9443/devportal/apis Mozilla/5.0 (Windows NT 10.0; Win64; x64) AppleWebKit/537.36 (KHTML, like Gecko) Chrome/114.0.0.0 Safari/537.36 Edg/114.0.1823.43 0.080
0:0:0:0:0:0:0:1 - - [16/Jun/2023:12:48:22 +0300] GET /api/am/devportal/v3/apis/b708e07c-f833-4577-9072-b66243c058b3/thumbnail HTTP/1.1 204 - https://localhost:9443/devportal/apis Mozilla/5.0 (Windows NT 10.0; Win64; x64) AppleWebKit/537.36 (KHTML, like Gecko) Chrome/114.0.0.0 Safari/537.36 Edg/114.0.1823.43 0.137
0:0:0:0:0:0:0:1 - - [16/Jun/2023:12:48:22 +0300] GET /api/am/devportal/v3/apis/e4370ba6-92b7-4702-a4ef-88bd6e943f97/thumbnail HTTP/1.1 204 - https://localhost:9443/devportal/apis Mozilla/5.0 (Windows NT 10.0; Win64; x64) AppleWebKit/537.36 (KHTML, like Gecko) Chrome/114.0.0.0 Safari/537.36 Edg/114.0.1823.43 0.235
0:0:0:0:0:0:0:1 - - [16/Jun/2023:12:48:22 +0300] GET /api/am/devportal/v3/apis/746c7962-0923-4c21-be0e-a84d3748b57b/thumbnail HTTP/1.1 204 - https://localhost:9443/devportal/apis Mozilla/5.0 (Windows NT 10.0; Win64; x64) AppleWebKit/537.36 (KHTML, like Gecko) Chrome/114.0.0.0 Safari/537.36 Edg/114.0.1823.43 0.286
0:0:0:0:0:0:0:1 - - [16/Jun/2023:12:48:22 +0300] GET /api/am/devportal/v3/apis/746c7962-0923-4c21-be0e-a84d3748b57b/ratings HTTP/1.1 200 125 https://localhost:9443/devportal/apis Mozilla/5.0 (Windows NT 10.0; Win64; x64) AppleWebKit/537.36 (KHTML, like Gecko) Chrome/114.0.0.0 Safari/537.36 Edg/114.0.1823.43 0.279
0:0:0:0:0:0:0:1 - - [16/Jun/2023:12:48:22 +0300] GET /api/am/devportal/v3/apis/8485612f-b238-4e6d-9c05-e116e15f9121/thumbnail HTTP/1.1 204 - https://localhost:9443/devportal/apis Mozilla/5.0 (Windows NT 10.0; Win64; x64) AppleWebKit/537.36 (KHTML, like Gecko) Chrome/114.0.0.0 Safari/537.36 Edg/114.0.1823.43 0.176
0:0:0:0:0:0:0:1 - - [16/Jun/2023:12:48:22 +0300] GET /api/am/devportal/v3/apis/8485612f-b238-4e6d-9c05-e116e15f9121/ratings HTTP/1.1 200 125 https://localhost:9443/devportal/apis Mozilla/5.0 (Windows NT 10.0; Win64; x64) AppleWebKit/537.36 (KHTML, like Gecko) Chrome/114.0.0.0 Safari/537.36 Edg/114.0.1823.43 0.239
0:0:0:0:0:0:0:1 - - [16/Jun/2023:12:48:28 +0300] GET /carbon HTTP/1.1 302 - - Mozilla/5.0 (Windows NT 10.0; Win64; x64) AppleWebKit/537.36 (KHTML, like Gecko) Chrome/114.0.0.0 Safari/537.36 Edg/114.0.1823.43 0.002
0:0:0:0:0:0:0:1 - - [16/Jun/2023:12:48:28 +0300] GET /carbon/admin/index.jsp HTTP/1.1 302 - - Mozilla/5.0 (Windows NT 10.0; Win64; x64) AppleWebKit/537.36 (KHTML, like Gecko) Chrome/114.0.0.0 Safari/537.36 Edg/114.0.1823.43 0.003
0:0:0:0:0:0:0:1 - - [16/Jun/2023:12:48:28 +0300] GET /carbon/admin/login.jsp HTTP/1.1 200 3670 - Mozilla/5.0 (Windows NT 10.0; Win64; x64) AppleWebKit/537.36 (KHTML, like Gecko) Chrome/114.0.0.0 Safari/537.36 Edg/114.0.1823.43 0.122
0:0:0:0:0:0:0:1 - - [16/Jun/2023:12:48:29 +0300] GET /carbon/admin/js/csrfPrevention.js HTTP/1.1 200 4370 https://localhost:9443/carbon/admin/login.jsp Mozilla/5.0 (Windows NT 10.0; Win64; x64) AppleWebKit/537.36 (KHTML, like Gecko) Chrome/114.0.0.0 Safari/537.36 Edg/114.0.1823.43 0.530
0:0:0:0:0:0:0:1 - - [16/Jun/2023:12:48:29 +0300] GET /carbon/styles/css/main.css HTTP/1.1 200 1240 https://localhost:9443/carbon/admin/login.jsp Mozilla/5.0 (Windows NT 10.0; Win64; x64) AppleWebKit/537.36 (KHTML, like Gecko) Chrome/114.0.0.0 Safari/537.36 Edg/114.0.1823.43 0.756
0:0:0:0:0:0:0:1 - - [16/Jun/2023:12:48:29 +0300] GET /carbon/admin/css/carbonFormStyles.css HTTP/1.1 200 2050 https://localhost:9443/carbon/admin/login.jsp Mozilla/5.0 (Windows NT 10.0; Win64; x64) AppleWebKit/537.36 (KHTML, like Gecko) Chrome/114.0.0.0 Safari/537.36 Edg/114.0.1823.43 0.935
0:0:0:0:0:0:0:1 - - [16/Jun/2023:12:48:29 +0300] GET /carbon/dialog/css/dialog.css HTTP/1.1 200 510 https://localhost:9443/carbon/admin/login.jsp Mozilla/5.0 (Windows NT 10.0; Win64; x64) AppleWebKit/537.36 (KHTML, like Gecko) Chrome/114.0.0.0 Safari/537.36 Edg/114.0.1823.43 0.946
0:0:0:0:0:0:0:1 - - [16/Jun/2023:12:48:29 +0300] GET /carbon/dialog/css/jqueryui/jqueryui-themeroller.css HTTP/1.1 200 8841 https://localhost:9443/carbon/admin/login.jsp Mozilla/5.0 (Windows NT 10.0; Win64; x64) AppleWebKit/537.36 (KHTML, like Gecko) Chrome/114.0.0.0 Safari/537.36 Edg/114.0.1823.43 0.956
0:0:0:0:0:0:0:1 - - [16/Jun/2023:12:48:29 +0300] GET /carbon/admin/js/jquery-migrate-3.3.2.js HTTP/1.1 200 8236 https://localhost:9443/carbon/admin/login.jsp Mozilla/5.0 (Windows NT 10.0; Win64; x64) AppleWebKit/537.36 (KHTML, like Gecko) Chrome/114.0.0.0 Safari/537.36 Edg/114.0.1823.43 0.206
0:0:0:0:0:0:0:1 - - [16/Jun/2023:12:48:29 +0300] GET /carbon/admin/css/global.css HTTP/1.1 200 5311 https://localhost:9443/carbon/admin/login.jsp Mozilla/5.0 (Windows NT 10.0; Win64; x64) AppleWebKit/537.36 (KHTML, like Gecko) Chrome/114.0.0.0 Safari/537.36 Edg/114.0.1823.43 0.972
0:0:0:0:0:0:0:1 - - [16/Jun/2023:12:48:29 +0300] - 400 - - - 0.000
0:0:0:0:0:0:0:1 - - [16/Jun/2023:12:48:29 +0300] POST /carbon/admin/js/csrfPrevention.js HTTP/1.1 200 52 https://localhost:9443/carbon/admin/login.jsp Mozilla/5.0 (Windows NT 10.0; Win64; x64) AppleWebKit/537.36 (KHTML, like Gecko) Chrome/114.0.0.0 Safari/537.36 Edg/114.0.1823.43 0.002
0:0:0:0:0:0:0:1 - - [16/Jun/2023:12:48:29 +0300] GET /carbon/admin/js/jquery-3.6.0.min.js HTTP/1.1 200 31389 https://localhost:9443/carbon/admin/login.jsp Mozilla/5.0 (Windows NT 10.0; Win64; x64) AppleWebKit/537.36 (KHTML, like Gecko) Chrome/114.0.0.0 Safari/537.36 Edg/114.0.1823.43 0.450
0:0:0:0:0:0:0:1 - - [16/Jun/2023:12:48:29 +0300] GET /carbon/admin/js/jquery.validate.js HTTP/1.1 200 13953 https://localhost:9443/carbon/admin/login.jsp Mozilla/5.0 (Windows NT 10.0; Win64; x64) AppleWebKit/537.36 (KHTML, like Gecko) Chrome/114.0.0.0 Safari/537.36 Edg/114.0.1823.43 0.068
0:0:0:0:0:0:0:1 - - [16/Jun/2023:12:48:29 +0300] GET /carbon/admin/js/jquery.cookie.js HTTP/1.1 200 1407 https://localhost:9443/carbon/admin/login.jsp Mozilla/5.0 (Windows NT 10.0; Win64; x64) AppleWebKit/537.36 (KHTML, like Gecko) Chrome/114.0.0.0 Safari/537.36 Edg/114.0.1823.43 0.062
0:0:0:0:0:0:0:1 - - [16/Jun/2023:12:48:29 +0300] GET /carbon/admin/js/jquery.form.js HTTP/1.1 200 13555 https://localhost:9443/carbon/admin/login.jsp Mozilla/5.0 (Windows NT 10.0; Win64; x64) AppleWebKit/537.36 (KHTML, like Gecko) Chrome/114.0.0.0 Safari/537.36 Edg/114.0.1823.43 0.079
0:0:0:0:0:0:0:1 - - [16/Jun/2023:12:48:29 +0300] GET /carbon/admin/js/jquery.ui.core.min.js HTTP/1.1 200 1952 https://localhost:9443/carbon/admin/login.jsp Mozilla/5.0 (Windows NT 10.0; Win64; x64) AppleWebKit/537.36 (KHTML, like Gecko) Chrome/114.0.0.0 Safari/537.36 Edg/114.0.1823.43 0.064
0:0:0:0:0:0:0:1 - - [16/Jun/2023:12:48:29 +0300] GET /carbon/admin/js/jquery.ui.tabs.min.js HTTP/1.1 200 3787 https://localhost:9443/carbon/admin/login.jsp Mozilla/5.0 (Windows NT 10.0; Win64; x64) AppleWebKit/537.36 (KHTML, like Gecko) Chrome/114.0.0.0 Safari/537.36 Edg/114.0.1823.43 0.038
0:0:0:0:0:0:0:1 - - [16/Jun/2023:12:48:29 +0300] GET /carbon/admin/js/customControls.js HTTP/1.1 200 1193 https://localhost:9443/carbon/admin/login.jsp Mozilla/5.0 (Windows NT 10.0; Win64; x64) AppleWebKit/537.36 (KHTML, like Gecko) Chrome/114.0.0.0 Safari/537.36 Edg/114.0.1823.43 0.005
0:0:0:0:0:0:0:1 - - [16/Jun/2023:12:48:29 +0300] GET /carbon/dialog/js/dialog.js HTTP/1.1 200 2644 https://localhost:9443/carbon/admin/login.jsp Mozilla/5.0 (Windows NT 10.0; Win64; x64) AppleWebKit/537.36 (KHTML, like Gecko) Chrome/114.0.0.0 Safari/537.36 Edg/114.0.1823.43 0.014
0:0:0:0:0:0:0:1 - - [16/Jun/2023:12:48:30 +0300] GET /carbon/admin/js/jquery.ui.widget.min.js HTTP/1.1 200 2517 https://localhost:9443/carbon/admin/login.jsp Mozilla/5.0 (Windows NT 10.0; Win64; x64) AppleWebKit/537.36 (KHTML, like Gecko) Chrome/114.0.0.0 Safari/537.36 Edg/114.0.1823.43 0.111
0:0:0:0:0:0:0:1 - - [16/Jun/2023:12:48:30 +0300] GET /carbon/yui/build/yahoo-dom-event/yahoo-dom-event.js HTTP/1.1 200 10684 https://localhost:9443/carbon/admin/login.jsp Mozilla/5.0 (Windows NT 10.0; Win64; x64) AppleWebKit/537.36 (KHTML, like Gecko) Chrome/114.0.0.0 Safari/537.36 Edg/114.0.1823.43 0.060
0:0:0:0:0:0:0:1 - - [16/Jun/2023:12:48:30 +0300] GET /carbon/admin/js/WSRequest.js HTTP/1.1 200 12981 https://localhost:9443/carbon/admin/login.jsp Mozilla/5.0 (Windows NT 10.0; Win64; x64) AppleWebKit/537.36 (KHTML, like Gecko) Chrome/114.0.0.0 Safari/537.36 Edg/114.0.1823.43 0.080
0:0:0:0:0:0:0:1 - - [16/Jun/2023:12:48:30 +0300] GET /carbon/admin/js/cookies.js HTTP/1.1 200 1136 https://localhost:9443/carbon/admin/login.jsp Mozilla/5.0 (Windows NT 10.0; Win64; x64) AppleWebKit/537.36 (KHTML, like Gecko) Chrome/114.0.0.0 Safari/537.36 Edg/114.0.1823.43 0.076
0:0:0:0:0:0:0:1 - - [16/Jun/2023:12:48:30 +0300] GET /carbon/admin/js/main.js HTTP/1.1 200 15412 https://localhost:9443/carbon/admin/login.jsp Mozilla/5.0 (Windows NT 10.0; Win64; x64) AppleWebKit/537.36 (KHTML, like Gecko) Chrome/114.0.0.0 Safari/537.36 Edg/114.0.1823.43 0.084
0:0:0:0:0:0:0:1 - - [16/Jun/2023:12:48:30 +0300] GET /carbon/dialog/js/jqueryui/jquery-ui.min.js HTTP/1.1 200 68849 https://localhost:9443/carbon/admin/login.jsp Mozilla/5.0 (Windows NT 10.0; Win64; x64) AppleWebKit/537.36 (KHTML, like Gecko) Chrome/114.0.0.0 Safari/537.36 Edg/114.0.1823.43 0.160
0:0:0:0:0:0:0:1 - - [16/Jun/2023:12:48:30 +0300] GET /carbon/yui/build/animation/animation-min.js HTTP/1.1 200 4768 https://localhost:9443/carbon/admin/login.jsp Mozilla/5.0 (Windows NT 10.0; Win64; x64) AppleWebKit/537.36 (KHTML, like Gecko) Chrome/114.0.0.0 Safari/537.36 Edg/114.0.1823.43 0.060
0:0:0:0:0:0:0:1 - - [16/Jun/2023:12:48:30 +0300] GET /carbon/yui/build/yahoo/yahoo-min.js HTTP/1.1 200 2523 https://localhost:9443/carbon/admin/login.jsp Mozilla/5.0 (Windows NT 10.0; Win64; x64) AppleWebKit/537.36 (KHTML, like Gecko) Chrome/114.0.0.0 Safari/537.36 Edg/114.0.1823.43 0.012
0:0:0:0:0:0:0:1 - - [16/Jun/2023:12:48:30 +0300] GET /carbon/admin/js/template.js HTTP/1.1 200 3501 https://localhost:9443/carbon/admin/login.jsp Mozilla/5.0 (Windows NT 10.0; Win64; x64) AppleWebKit/537.36 (KHTML, like Gecko) Chrome/114.0.0.0 Safari/537.36 Edg/114.0.1823.43 0.020
0:0:0:0:0:0:0:1 - - [16/Jun/2023:12:48:30 +0300] GET /carbon/yui/build/selector/selector-min.js HTTP/1.1 200 2895 https://localhost:9443/carbon/admin/login.jsp Mozilla/5.0 (Windows NT 10.0; Win64; x64) AppleWebKit/537.36 (KHTML, like Gecko) Chrome/114.0.0.0 Safari/537.36 Edg/114.0.1823.43 0.035
0:0:0:0:0:0:0:1 - - [16/Jun/2023:12:48:30 +0300] GET /carbon/admin/images/user-guide.gif HTTP/1.1 200 2228 https://localhost:9443/carbon/admin/login.jsp Mozilla/5.0 (Windows NT 10.0; Win64; x64) AppleWebKit/537.36 (KHTML, like Gecko) Chrome/114.0.0.0 Safari/537.36 Edg/114.0.1823.43 0.024
0:0:0:0:0:0:0:1 - - [16/Jun/2023:12:48:30 +0300] GET /carbon/admin/images/forum.gif HTTP/1.1 200 1977 https://localhost:9443/carbon/admin/login.jsp Mozilla/5.0 (Windows NT 10.0; Win64; x64) AppleWebKit/537.36 (KHTML, like Gecko) Chrome/114.0.0.0 Safari/537.36 Edg/114.0.1823.43 0.021
0:0:0:0:0:0:0:1 - - [16/Jun/2023:12:48:30 +0300] GET /carbon/admin/images/up-arrow.gif HTTP/1.1 200 615 https://localhost:9443/carbon/admin/login.jsp Mozilla/5.0 (Windows NT 10.0; Win64; x64) AppleWebKit/537.36 (KHTML, like Gecko) Chrome/114.0.0.0 Safari/537.36 Edg/114.0.1823.43 0.025
0:0:0:0:0:0:0:1 - - [16/Jun/2023:12:48:30 +0300] GET /carbon/admin/images/issue-tracker.gif HTTP/1.1 200 1821 https://localhost:9443/carbon/admin/login.jsp Mozilla/5.0 (Windows NT 10.0; Win64; x64) AppleWebKit/537.36 (KHTML, like Gecko) Chrome/114.0.0.0 Safari/537.36 Edg/114.0.1823.43 0.019
0:0:0:0:0:0:0:1 - - [16/Jun/2023:12:48:30 +0300] GET /carbon/admin/images/1px.gif HTTP/1.1 200 43 https://localhost:9443/carbon/admin/login.jsp Mozilla/5.0 (Windows NT 10.0; Win64; x64) AppleWebKit/537.36 (KHTML, like Gecko) Chrome/114.0.0.0 Safari/537.36 Edg/114.0.1823.43 0.029
0:0:0:0:0:0:0:1 - - [16/Jun/2023:12:48:30 +0300] GET /carbon/styles/images/api-header-region-bg.png HTTP/1.1 200 255 https://localhost:9443/carbon/styles/css/main.css Mozilla/5.0 (Windows NT 10.0; Win64; x64) AppleWebKit/537.36 (KHTML, like Gecko) Chrome/114.0.0.0 Safari/537.36 Edg/114.0.1823.43 0.016
0:0:0:0:0:0:0:1 - - [16/Jun/2023:12:48:30 +0300] GET /carbon/styles/images/api-header-back.png HTTP/1.1 200 22845 https://localhost:9443/carbon/styles/css/main.css Mozilla/5.0 (Windows NT 10.0; Win64; x64) AppleWebKit/537.36 (KHTML, like Gecko) Chrome/114.0.0.0 Safari/537.36 Edg/114.0.1823.43 0.003
0:0:0:0:0:0:0:1 - - [16/Jun/2023:12:48:30 +0300] GET /carbon/admin/images/help.gif HTTP/1.1 200 411 https://localhost:9443/carbon/admin/css/global.css Mozilla/5.0 (Windows NT 10.0; Win64; x64) AppleWebKit/537.36 (KHTML, like Gecko) Chrome/114.0.0.0 Safari/537.36 Edg/114.0.1823.43 0.001
0:0:0:0:0:0:0:1 - - [16/Jun/2023:12:48:30 +0300] GET /carbon/styles/images/api-server-menu-panel-bg.png HTTP/1.1 200 218 https://localhost:9443/carbon/styles/css/main.css Mozilla/5.0 (Windows NT 10.0; Win64; x64) AppleWebKit/537.36 (KHTML, like Gecko) Chrome/114.0.0.0 Safari/537.36 Edg/114.0.1823.43 0.005
0:0:0:0:0:0:0:1 - - [16/Jun/2023:12:48:30 +0300] GET /carbon/styles/images/api-logo.png HTTP/1.1 200 4077 https://localhost:9443/carbon/styles/css/main.css Mozilla/5.0 (Windows NT 10.0; Win64; x64) AppleWebKit/537.36 (KHTML, like Gecko) Chrome/114.0.0.0 Safari/537.36 Edg/114.0.1823.43 0.006
0:0:0:0:0:0:0:1 - - [16/Jun/2023:12:48:30 +0300] GET /carbon/styles/images/api-server-menu-header.gif HTTP/1.1 200 176 https://localhost:9443/carbon/styles/css/main.css Mozilla/5.0 (Windows NT 10.0; Win64; x64) AppleWebKit/537.36 (KHTML, like Gecko) Chrome/114.0.0.0 Safari/537.36 Edg/114.0.1823.43 0.003
0:0:0:0:0:0:0:1 - - [16/Jun/2023:12:48:30 +0300] GET /carbon/admin/images/menu_header.gif HTTP/1.1 404 823 https://localhost:9443/carbon/styles/css/main.css Mozilla/5.0 (Windows NT 10.0; Win64; x64) AppleWebKit/537.36 (KHTML, like Gecko) Chrome/114.0.0.0 Safari/537.36 Edg/114.0.1823.43 0.013
