0:0:0:0:0:0:0:1 - - [08/Jun/2023:15:43:20 +0300] - 400 - - - 0.000
0:0:0:0:0:0:0:1 - - [08/Jun/2023:15:43:20 +0300] - 400 - - - 0.000
0:0:0:0:0:0:0:1 - - [08/Jun/2023:15:43:20 +0300] GET /devportal/site/public/dist/vendors~APICredentials.b631ff2ba79ad9a03e8f.bundle.js HTTP/1.1 200 7297 https://localhost:9443/devportal/apis/746c7962-0923-4c21-be0e-a84d3748b57b/credentials Mozilla/5.0 (Windows NT 10.0; Win64; x64) AppleWebKit/537.36 (KHTML, like Gecko) Chrome/114.0.0.0 Safari/537.36 Edg/114.0.1823.37 0.010
0:0:0:0:0:0:0:1 - - [08/Jun/2023:15:43:20 +0300] GET /devportal/site/public/dist/7.78efb95d9f7afcfbb567.bundle.js HTTP/1.1 200 42986 https://localhost:9443/devportal/apis/746c7962-0923-4c21-be0e-a84d3748b57b/credentials Mozilla/5.0 (Windows NT 10.0; Win64; x64) AppleWebKit/537.36 (KHTML, like Gecko) Chrome/114.0.0.0 Safari/537.36 Edg/114.0.1823.37 0.050
0:0:0:0:0:0:0:1 - - [08/Jun/2023:15:43:20 +0300] GET /devportal/site/public/dist/APICredentials.adc4c21efd10886734c0.bundle.js HTTP/1.1 200 19944 https://localhost:9443/devportal/apis/746c7962-0923-4c21-be0e-a84d3748b57b/credentials Mozilla/5.0 (Windows NT 10.0; Win64; x64) AppleWebKit/537.36 (KHTML, like Gecko) Chrome/114.0.0.0 Safari/537.36 Edg/114.0.1823.37 0.056
0:0:0:0:0:0:0:1 - - [08/Jun/2023:15:43:20 +0300] GET /devportal/site/public/images/_favicon.ico HTTP/1.1 200 1150 https://localhost:9443/devportal/apis/746c7962-0923-4c21-be0e-a84d3748b57b/credentials Mozilla/5.0 (Windows NT 10.0; Win64; x64) AppleWebKit/537.36 (KHTML, like Gecko) Chrome/114.0.0.0 Safari/537.36 Edg/114.0.1823.37 0.017
0:0:0:0:0:0:0:1 - - [08/Jun/2023:15:43:22 +0300] - 400 - - - 0.000
0:0:0:0:0:0:0:1 - - [08/Jun/2023:15:43:22 +0300] GET /devportal/site/public/images/_favicon.ico HTTP/1.1 200 1150 https://localhost:9443/devportal/apis/746c7962-0923-4c21-be0e-a84d3748b57b/credentials/wizard Mozilla/5.0 (Windows NT 10.0; Win64; x64) AppleWebKit/537.36 (KHTML, like Gecko) Chrome/114.0.0.0 Safari/537.36 Edg/114.0.1823.37 0.001
0:0:0:0:0:0:0:1 - - [08/Jun/2023:15:43:22 +0300] GET /api/am/devportal/v3/settings/application-attributes HTTP/1.1 200 21 https://localhost:9443/devportal/apis/746c7962-0923-4c21-be0e-a84d3748b57b/credentials/wizard Mozilla/5.0 (Windows NT 10.0; Win64; x64) AppleWebKit/537.36 (KHTML, like Gecko) Chrome/114.0.0.0 Safari/537.36 Edg/114.0.1823.37 0.229
0:0:0:0:0:0:0:1 - - [08/Jun/2023:15:43:22 +0300] GET /api/am/devportal/v3/throttling-policies/application HTTP/1.1 200 473 https://localhost:9443/devportal/apis/746c7962-0923-4c21-be0e-a84d3748b57b/credentials/wizard Mozilla/5.0 (Windows NT 10.0; Win64; x64) AppleWebKit/537.36 (KHTML, like Gecko) Chrome/114.0.0.0 Safari/537.36 Edg/114.0.1823.37 0.237
0:0:0:0:0:0:0:1 - - [08/Jun/2023:15:43:22 +0300] GET /api/am/devportal/v3/key-managers HTTP/1.1 200 763 https://localhost:9443/devportal/apis/746c7962-0923-4c21-be0e-a84d3748b57b/credentials/wizard Mozilla/5.0 (Windows NT 10.0; Win64; x64) AppleWebKit/537.36 (KHTML, like Gecko) Chrome/114.0.0.0 Safari/537.36 Edg/114.0.1823.37 0.273
127.0.0.1 - - [08/Jun/2023:15:43:22 +0300] GET /oauth2/token/.well-known/openid-configuration HTTP/1.1 200 2395 - Apache-HttpClient/4.5.13 (Java/20.0.1) 0.021
0:0:0:0:0:0:0:1 - - [08/Jun/2023:15:43:31 +0300] GET /api/am/devportal/v3/api-categories HTTP/1.1 200 21 https://localhost:9443/devportal/apis Mozilla/5.0 (Windows NT 10.0; Win64; x64) AppleWebKit/537.36 (KHTML, like Gecko) Chrome/114.0.0.0 Safari/537.36 Edg/114.0.1823.37 0.015
0:0:0:0:0:0:0:1 - - [08/Jun/2023:15:43:31 +0300] GET /devportal/site/public/images/_favicon.ico HTTP/1.1 200 1150 https://localhost:9443/devportal/apis Mozilla/5.0 (Windows NT 10.0; Win64; x64) AppleWebKit/537.36 (KHTML, like Gecko) Chrome/114.0.0.0 Safari/537.36 Edg/114.0.1823.37 0.026
0:0:0:0:0:0:0:1 - - [08/Jun/2023:15:43:31 +0300] GET /api/am/devportal/v3/tags HTTP/1.1 200 119 https://localhost:9443/devportal/apis Mozilla/5.0 (Windows NT 10.0; Win64; x64) AppleWebKit/537.36 (KHTML, like Gecko) Chrome/114.0.0.0 Safari/537.36 Edg/114.0.1823.37 0.085
0:0:0:0:0:0:0:1 - - [08/Jun/2023:15:43:31 +0300] GET /api/am/devportal/v3/apis?limit=10&offset=0 HTTP/1.1 200 840 https://localhost:9443/devportal/apis Mozilla/5.0 (Windows NT 10.0; Win64; x64) AppleWebKit/537.36 (KHTML, like Gecko) Chrome/114.0.0.0 Safari/537.36 Edg/114.0.1823.37 0.105
0:0:0:0:0:0:0:1 - - [08/Jun/2023:15:43:31 +0300] GET /api/am/devportal/v3/apis/746c7962-0923-4c21-be0e-a84d3748b57b/ratings HTTP/1.1 200 125 https://localhost:9443/devportal/apis Mozilla/5.0 (Windows NT 10.0; Win64; x64) AppleWebKit/537.36 (KHTML, like Gecko) Chrome/114.0.0.0 Safari/537.36 Edg/114.0.1823.37 0.024
0:0:0:0:0:0:0:1 - - [08/Jun/2023:15:43:33 +0300] - 400 - - - 0.000
0:0:0:0:0:0:0:1 - - [08/Jun/2023:15:43:33 +0300] GET /api/am/devportal/v3/applications?limit=5000 HTTP/1.1 200 94 https://localhost:9443/devportal/apis/746c7962-0923-4c21-be0e-a84d3748b57b/overview Mozilla/5.0 (Windows NT 10.0; Win64; x64) AppleWebKit/537.36 (KHTML, like Gecko) Chrome/114.0.0.0 Safari/537.36 Edg/114.0.1823.37 0.023
0:0:0:0:0:0:0:1 - - [08/Jun/2023:15:43:33 +0300] GET /api/am/devportal/v3/apis/746c7962-0923-4c21-be0e-a84d3748b57b HTTP/1.1 200 2479 https://localhost:9443/devportal/apis/746c7962-0923-4c21-be0e-a84d3748b57b/overview Mozilla/5.0 (Windows NT 10.0; Win64; x64) AppleWebKit/537.36 (KHTML, like Gecko) Chrome/114.0.0.0 Safari/537.36 Edg/114.0.1823.37 0.047
0:0:0:0:0:0:0:1 - - [08/Jun/2023:15:43:33 +0300] GET /devportal/site/public/images/_favicon.ico HTTP/1.1 200 1150 https://localhost:9443/devportal/apis/746c7962-0923-4c21-be0e-a84d3748b57b/overview Mozilla/5.0 (Windows NT 10.0; Win64; x64) AppleWebKit/537.36 (KHTML, like Gecko) Chrome/114.0.0.0 Safari/537.36 Edg/114.0.1823.37 0.002
0:0:0:0:0:0:0:1 - - [08/Jun/2023:15:43:33 +0300] GET /api/am/devportal/v3/subscriptions?apiId=746c7962-0923-4c21-be0e-a84d3748b57b&limit=25 HTTP/1.1 200 92 https://localhost:9443/devportal/apis/746c7962-0923-4c21-be0e-a84d3748b57b/overview Mozilla/5.0 (Windows NT 10.0; Win64; x64) AppleWebKit/537.36 (KHTML, like Gecko) Chrome/114.0.0.0 Safari/537.36 Edg/114.0.1823.37 0.086
0:0:0:0:0:0:0:1 - - [08/Jun/2023:15:43:33 +0300] GET /api/am/devportal/v3/subscriptions?apiId=746c7962-0923-4c21-be0e-a84d3748b57b&limit=5000 HTTP/1.1 200 94 https://localhost:9443/devportal/apis/746c7962-0923-4c21-be0e-a84d3748b57b/overview Mozilla/5.0 (Windows NT 10.0; Win64; x64) AppleWebKit/537.36 (KHTML, like Gecko) Chrome/114.0.0.0 Safari/537.36 Edg/114.0.1823.37 0.082
0:0:0:0:0:0:0:1 - - [08/Jun/2023:15:43:33 +0300] GET /api/am/devportal/v3/apis/746c7962-0923-4c21-be0e-a84d3748b57b/documents HTTP/1.1 200 92 https://localhost:9443/devportal/apis/746c7962-0923-4c21-be0e-a84d3748b57b/overview Mozilla/5.0 (Windows NT 10.0; Win64; x64) AppleWebKit/537.36 (KHTML, like Gecko) Chrome/114.0.0.0 Safari/537.36 Edg/114.0.1823.37 0.037
0:0:0:0:0:0:0:1 - - [08/Jun/2023:15:43:33 +0300] GET /api/am/devportal/v3/throttling-policies/subscription HTTP/1.1 200 634 https://localhost:9443/devportal/apis/746c7962-0923-4c21-be0e-a84d3748b57b/overview Mozilla/5.0 (Windows NT 10.0; Win64; x64) AppleWebKit/537.36 (KHTML, like Gecko) Chrome/114.0.0.0 Safari/537.36 Edg/114.0.1823.37 0.045
0:0:0:0:0:0:0:1 - - [08/Jun/2023:15:43:33 +0300] GET /api/am/devportal/v3/throttling-policies/subscription HTTP/1.1 200 634 https://localhost:9443/devportal/apis/746c7962-0923-4c21-be0e-a84d3748b57b/overview Mozilla/5.0 (Windows NT 10.0; Win64; x64) AppleWebKit/537.36 (KHTML, like Gecko) Chrome/114.0.0.0 Safari/537.36 Edg/114.0.1823.37 0.038
0:0:0:0:0:0:0:1 - - [08/Jun/2023:15:43:33 +0300] GET /api/am/devportal/v3/apis/746c7962-0923-4c21-be0e-a84d3748b57b/documents HTTP/1.1 200 92 https://localhost:9443/devportal/apis/746c7962-0923-4c21-be0e-a84d3748b57b/overview Mozilla/5.0 (Windows NT 10.0; Win64; x64) AppleWebKit/537.36 (KHTML, like Gecko) Chrome/114.0.0.0 Safari/537.36 Edg/114.0.1823.37 0.064
0:0:0:0:0:0:0:1 - - [08/Jun/2023:15:43:33 +0300] GET /api/am/devportal/v3/apis/746c7962-0923-4c21-be0e-a84d3748b57b/comments?limit=5&offset=0 HTTP/1.1 200 101 https://localhost:9443/devportal/apis/746c7962-0923-4c21-be0e-a84d3748b57b/overview Mozilla/5.0 (Windows NT 10.0; Win64; x64) AppleWebKit/537.36 (KHTML, like Gecko) Chrome/114.0.0.0 Safari/537.36 Edg/114.0.1823.37 0.089
0:0:0:0:0:0:0:1 - - [08/Jun/2023:15:43:33 +0300] GET /api/am/devportal/v3/apis/746c7962-0923-4c21-be0e-a84d3748b57b/ratings HTTP/1.1 200 125 https://localhost:9443/devportal/apis/746c7962-0923-4c21-be0e-a84d3748b57b/overview Mozilla/5.0 (Windows NT 10.0; Win64; x64) AppleWebKit/537.36 (KHTML, like Gecko) Chrome/114.0.0.0 Safari/537.36 Edg/114.0.1823.37 0.099
0:0:0:0:0:0:0:1 - - [08/Jun/2023:15:43:33 +0300] GET /api/am/devportal/v3/apis/746c7962-0923-4c21-be0e-a84d3748b57b/thumbnail HTTP/1.1 204 - https://localhost:9443/devportal/apis/746c7962-0923-4c21-be0e-a84d3748b57b/overview Mozilla/5.0 (Windows NT 10.0; Win64; x64) AppleWebKit/537.36 (KHTML, like Gecko) Chrome/114.0.0.0 Safari/537.36 Edg/114.0.1823.37 0.031
0:0:0:0:0:0:0:1 - - [08/Jun/2023:15:43:37 +0300] GET /devportal/site/public/images/_favicon.ico HTTP/1.1 200 1150 https://localhost:9443/devportal/apis/746c7962-0923-4c21-be0e-a84d3748b57b/credentials Mozilla/5.0 (Windows NT 10.0; Win64; x64) AppleWebKit/537.36 (KHTML, like Gecko) Chrome/114.0.0.0 Safari/537.36 Edg/114.0.1823.37 0.007
0:0:0:0:0:0:0:1 - - [08/Jun/2023:15:43:39 +0300] GET /api/am/devportal/v3/throttling-policies/application HTTP/1.1 200 473 https://localhost:9443/devportal/apis/746c7962-0923-4c21-be0e-a84d3748b57b/credentials/wizard Mozilla/5.0 (Windows NT 10.0; Win64; x64) AppleWebKit/537.36 (KHTML, like Gecko) Chrome/114.0.0.0 Safari/537.36 Edg/114.0.1823.37 0.009
0:0:0:0:0:0:0:1 - - [08/Jun/2023:15:43:39 +0300] GET /api/am/devportal/v3/settings/application-attributes HTTP/1.1 200 21 https://localhost:9443/devportal/apis/746c7962-0923-4c21-be0e-a84d3748b57b/credentials/wizard Mozilla/5.0 (Windows NT 10.0; Win64; x64) AppleWebKit/537.36 (KHTML, like Gecko) Chrome/114.0.0.0 Safari/537.36 Edg/114.0.1823.37 0.009
0:0:0:0:0:0:0:1 - - [08/Jun/2023:15:43:39 +0300] GET /devportal/site/public/images/_favicon.ico HTTP/1.1 200 1150 https://localhost:9443/devportal/apis/746c7962-0923-4c21-be0e-a84d3748b57b/credentials/wizard Mozilla/5.0 (Windows NT 10.0; Win64; x64) AppleWebKit/537.36 (KHTML, like Gecko) Chrome/114.0.0.0 Safari/537.36 Edg/114.0.1823.37 0.003
127.0.0.1 - - [08/Jun/2023:15:43:39 +0300] GET /oauth2/token/.well-known/openid-configuration HTTP/1.1 200 2395 - Apache-HttpClient/4.5.13 (Java/20.0.1) 0.004
0:0:0:0:0:0:0:1 - - [08/Jun/2023:15:43:39 +0300] GET /api/am/devportal/v3/key-managers HTTP/1.1 200 763 https://localhost:9443/devportal/apis/746c7962-0923-4c21-be0e-a84d3748b57b/credentials/wizard Mozilla/5.0 (Windows NT 10.0; Win64; x64) AppleWebKit/537.36 (KHTML, like Gecko) Chrome/114.0.0.0 Safari/537.36 Edg/114.0.1823.37 0.023
0:0:0:0:0:0:0:1 - - [08/Jun/2023:15:45:35 +0300] - 400 - - - 0.000
0:0:0:0:0:0:0:1 - - [08/Jun/2023:15:45:35 +0300] GET /devportal/site/public/dist/ApiListing.124eade6a6be03879d65.bundle.js HTTP/1.1 200 8080 https://localhost:9443/devportal/applications Mozilla/5.0 (Windows NT 10.0; Win64; x64) AppleWebKit/537.36 (KHTML, like Gecko) Chrome/114.0.0.0 Safari/537.36 Edg/114.0.1823.37 0.014
0:0:0:0:0:0:0:1 - - [08/Jun/2023:15:45:35 +0300] - 400 - - - 0.000
0:0:0:0:0:0:0:1 - - [08/Jun/2023:15:45:35 +0300] GET /devportal/site/public/images/_favicon.ico HTTP/1.1 200 1150 https://localhost:9443/devportal/applications Mozilla/5.0 (Windows NT 10.0; Win64; x64) AppleWebKit/537.36 (KHTML, like Gecko) Chrome/114.0.0.0 Safari/537.36 Edg/114.0.1823.37 0.003
0:0:0:0:0:0:0:1 - - [08/Jun/2023:15:45:35 +0300] GET /api/am/devportal/v3/swagger.yaml HTTP/1.1 200 26878 https://localhost:9443/devportal/applications Mozilla/5.0 (Windows NT 10.0; Win64; x64) AppleWebKit/537.36 (KHTML, like Gecko) Chrome/114.0.0.0 Safari/537.36 Edg/114.0.1823.37 0.022
0:0:0:0:0:0:0:1 - - [08/Jun/2023:15:45:36 +0300] GET /api/am/devportal/v3/applications?sortBy=name&sortOrder=asc&limit=10&offset=0 HTTP/1.1 200 92 https://localhost:9443/devportal/applications Mozilla/5.0 (Windows NT 10.0; Win64; x64) AppleWebKit/537.36 (KHTML, like Gecko) Chrome/114.0.0.0 Safari/537.36 Edg/114.0.1823.37 0.224
0:0:0:0:0:0:0:1 - - [08/Jun/2023:15:45:40 +0300] - 400 - - - 0.000
0:0:0:0:0:0:0:1 - - [08/Jun/2023:15:45:40 +0300] - 400 - - - 0.000
0:0:0:0:0:0:0:1 - - [08/Jun/2023:15:45:40 +0300] GET /api/am/devportal/v3/api-categories HTTP/1.1 200 21 https://localhost:9443/devportal/apis Mozilla/5.0 (Windows NT 10.0; Win64; x64) AppleWebKit/537.36 (KHTML, like Gecko) Chrome/114.0.0.0 Safari/537.36 Edg/114.0.1823.37 0.007
0:0:0:0:0:0:0:1 - - [08/Jun/2023:15:45:40 +0300] GET /devportal/site/public/images/_favicon.ico HTTP/1.1 200 1150 https://localhost:9443/devportal/apis Mozilla/5.0 (Windows NT 10.0; Win64; x64) AppleWebKit/537.36 (KHTML, like Gecko) Chrome/114.0.0.0 Safari/537.36 Edg/114.0.1823.37 0.009
0:0:0:0:0:0:0:1 - - [08/Jun/2023:15:45:40 +0300] GET /api/am/devportal/v3/tags HTTP/1.1 200 119 https://localhost:9443/devportal/apis Mozilla/5.0 (Windows NT 10.0; Win64; x64) AppleWebKit/537.36 (KHTML, like Gecko) Chrome/114.0.0.0 Safari/537.36 Edg/114.0.1823.37 0.045
0:0:0:0:0:0:0:1 - - [08/Jun/2023:15:45:40 +0300] GET /api/am/devportal/v3/apis?limit=10&offset=0 HTTP/1.1 200 840 https://localhost:9443/devportal/apis Mozilla/5.0 (Windows NT 10.0; Win64; x64) AppleWebKit/537.36 (KHTML, like Gecko) Chrome/114.0.0.0 Safari/537.36 Edg/114.0.1823.37 0.059
0:0:0:0:0:0:0:1 - - [08/Jun/2023:15:45:41 +0300] GET /api/am/devportal/v3/apis/746c7962-0923-4c21-be0e-a84d3748b57b/ratings HTTP/1.1 200 125 https://localhost:9443/devportal/apis Mozilla/5.0 (Windows NT 10.0; Win64; x64) AppleWebKit/537.36 (KHTML, like Gecko) Chrome/114.0.0.0 Safari/537.36 Edg/114.0.1823.37 0.016
0:0:0:0:0:0:0:1 - - [08/Jun/2023:15:45:43 +0300] GET /devportal/site/public/images/_favicon.ico HTTP/1.1 200 1150 https://localhost:9443/devportal/applications Mozilla/5.0 (Windows NT 10.0; Win64; x64) AppleWebKit/537.36 (KHTML, like Gecko) Chrome/114.0.0.0 Safari/537.36 Edg/114.0.1823.37 0.002
0:0:0:0:0:0:0:1 - - [08/Jun/2023:15:45:43 +0300] GET /api/am/devportal/v3/swagger.yaml HTTP/1.1 200 26878 https://localhost:9443/devportal/applications Mozilla/5.0 (Windows NT 10.0; Win64; x64) AppleWebKit/537.36 (KHTML, like Gecko) Chrome/114.0.0.0 Safari/537.36 Edg/114.0.1823.37 0.029
0:0:0:0:0:0:0:1 - - [08/Jun/2023:15:45:43 +0300] GET /api/am/devportal/v3/applications?sortBy=name&sortOrder=asc&limit=10&offset=0 HTTP/1.1 200 92 https://localhost:9443/devportal/applications Mozilla/5.0 (Windows NT 10.0; Win64; x64) AppleWebKit/537.36 (KHTML, like Gecko) Chrome/114.0.0.0 Safari/537.36 Edg/114.0.1823.37 0.005
0:0:0:0:0:0:0:1 - - [08/Jun/2023:15:45:45 +0300] GET /api/am/devportal/v3/api-categories HTTP/1.1 200 21 https://localhost:9443/devportal/apis Mozilla/5.0 (Windows NT 10.0; Win64; x64) AppleWebKit/537.36 (KHTML, like Gecko) Chrome/114.0.0.0 Safari/537.36 Edg/114.0.1823.37 0.006
0:0:0:0:0:0:0:1 - - [08/Jun/2023:15:45:45 +0300] GET /devportal/site/public/images/_favicon.ico HTTP/1.1 200 1150 https://localhost:9443/devportal/apis Mozilla/5.0 (Windows NT 10.0; Win64; x64) AppleWebKit/537.36 (KHTML, like Gecko) Chrome/114.0.0.0 Safari/537.36 Edg/114.0.1823.37 0.006
0:0:0:0:0:0:0:1 - - [08/Jun/2023:15:45:45 +0300] GET /api/am/devportal/v3/tags HTTP/1.1 200 119 https://localhost:9443/devportal/apis Mozilla/5.0 (Windows NT 10.0; Win64; x64) AppleWebKit/537.36 (KHTML, like Gecko) Chrome/114.0.0.0 Safari/537.36 Edg/114.0.1823.37 0.026
0:0:0:0:0:0:0:1 - - [08/Jun/2023:15:45:45 +0300] GET /api/am/devportal/v3/apis?limit=10&offset=0 HTTP/1.1 200 840 https://localhost:9443/devportal/apis Mozilla/5.0 (Windows NT 10.0; Win64; x64) AppleWebKit/537.36 (KHTML, like Gecko) Chrome/114.0.0.0 Safari/537.36 Edg/114.0.1823.37 0.042
0:0:0:0:0:0:0:1 - - [08/Jun/2023:15:45:46 +0300] GET /api/am/devportal/v3/apis/746c7962-0923-4c21-be0e-a84d3748b57b/ratings HTTP/1.1 200 125 https://localhost:9443/devportal/apis Mozilla/5.0 (Windows NT 10.0; Win64; x64) AppleWebKit/537.36 (KHTML, like Gecko) Chrome/114.0.0.0 Safari/537.36 Edg/114.0.1823.37 0.013
0:0:0:0:0:0:0:1 - - [08/Jun/2023:15:45:57 +0300] - 400 - - - 0.000
0:0:0:0:0:0:0:1 - - [08/Jun/2023:15:45:57 +0300] GET /api/am/devportal/v3/subscriptions?apiId=746c7962-0923-4c21-be0e-a84d3748b57b&limit=5000 HTTP/1.1 200 94 https://localhost:9443/devportal/apis/746c7962-0923-4c21-be0e-a84d3748b57b/overview Mozilla/5.0 (Windows NT 10.0; Win64; x64) AppleWebKit/537.36 (KHTML, like Gecko) Chrome/114.0.0.0 Safari/537.36 Edg/114.0.1823.37 0.022
0:0:0:0:0:0:0:1 - - [08/Jun/2023:15:45:57 +0300] GET /api/am/devportal/v3/applications?limit=5000 HTTP/1.1 200 94 https://localhost:9443/devportal/apis/746c7962-0923-4c21-be0e-a84d3748b57b/overview Mozilla/5.0 (Windows NT 10.0; Win64; x64) AppleWebKit/537.36 (KHTML, like Gecko) Chrome/114.0.0.0 Safari/537.36 Edg/114.0.1823.37 0.022
0:0:0:0:0:0:0:1 - - [08/Jun/2023:15:45:57 +0300] GET /api/am/devportal/v3/subscriptions?apiId=746c7962-0923-4c21-be0e-a84d3748b57b&limit=25 HTTP/1.1 200 92 https://localhost:9443/devportal/apis/746c7962-0923-4c21-be0e-a84d3748b57b/overview Mozilla/5.0 (Windows NT 10.0; Win64; x64) AppleWebKit/537.36 (KHTML, like Gecko) Chrome/114.0.0.0 Safari/537.36 Edg/114.0.1823.37 0.037
0:0:0:0:0:0:0:1 - - [08/Jun/2023:15:45:57 +0300] GET /devportal/site/public/images/_favicon.ico HTTP/1.1 200 1150 https://localhost:9443/devportal/apis/746c7962-0923-4c21-be0e-a84d3748b57b/overview Mozilla/5.0 (Windows NT 10.0; Win64; x64) AppleWebKit/537.36 (KHTML, like Gecko) Chrome/114.0.0.0 Safari/537.36 Edg/114.0.1823.37 0.017
0:0:0:0:0:0:0:1 - - [08/Jun/2023:15:45:57 +0300] GET /api/am/devportal/v3/apis/746c7962-0923-4c21-be0e-a84d3748b57b HTTP/1.1 200 2479 https://localhost:9443/devportal/apis/746c7962-0923-4c21-be0e-a84d3748b57b/overview Mozilla/5.0 (Windows NT 10.0; Win64; x64) AppleWebKit/537.36 (KHTML, like Gecko) Chrome/114.0.0.0 Safari/537.36 Edg/114.0.1823.37 0.051
0:0:0:0:0:0:0:1 - - [08/Jun/2023:15:45:57 +0300] GET /api/am/devportal/v3/throttling-policies/subscription HTTP/1.1 200 634 https://localhost:9443/devportal/apis/746c7962-0923-4c21-be0e-a84d3748b57b/overview Mozilla/5.0 (Windows NT 10.0; Win64; x64) AppleWebKit/537.36 (KHTML, like Gecko) Chrome/114.0.0.0 Safari/537.36 Edg/114.0.1823.37 0.006
0:0:0:0:0:0:0:1 - - [08/Jun/2023:15:45:57 +0300] GET /devportal/site/public/images/leftMenuBack.png HTTP/1.1 200 5308 https://localhost:9443/devportal/apis/746c7962-0923-4c21-be0e-a84d3748b57b/overview Mozilla/5.0 (Windows NT 10.0; Win64; x64) AppleWebKit/537.36 (KHTML, like Gecko) Chrome/114.0.0.0 Safari/537.36 Edg/114.0.1823.37 0.024
0:0:0:0:0:0:0:1 - - [08/Jun/2023:15:45:57 +0300] GET /api/am/devportal/v3/throttling-policies/subscription HTTP/1.1 200 634 https://localhost:9443/devportal/apis/746c7962-0923-4c21-be0e-a84d3748b57b/overview Mozilla/5.0 (Windows NT 10.0; Win64; x64) AppleWebKit/537.36 (KHTML, like Gecko) Chrome/114.0.0.0 Safari/537.36 Edg/114.0.1823.37 0.026
0:0:0:0:0:0:0:1 - - [08/Jun/2023:15:45:57 +0300] GET /api/am/devportal/v3/apis/746c7962-0923-4c21-be0e-a84d3748b57b/documents HTTP/1.1 200 92 https://localhost:9443/devportal/apis/746c7962-0923-4c21-be0e-a84d3748b57b/overview Mozilla/5.0 (Windows NT 10.0; Win64; x64) AppleWebKit/537.36 (KHTML, like Gecko) Chrome/114.0.0.0 Safari/537.36 Edg/114.0.1823.37 0.039
0:0:0:0:0:0:0:1 - - [08/Jun/2023:15:45:57 +0300] GET /api/am/devportal/v3/apis/746c7962-0923-4c21-be0e-a84d3748b57b/documents HTTP/1.1 200 92 https://localhost:9443/devportal/apis/746c7962-0923-4c21-be0e-a84d3748b57b/overview Mozilla/5.0 (Windows NT 10.0; Win64; x64) AppleWebKit/537.36 (KHTML, like Gecko) Chrome/114.0.0.0 Safari/537.36 Edg/114.0.1823.37 0.017
0:0:0:0:0:0:0:1 - - [08/Jun/2023:15:45:57 +0300] GET /api/am/devportal/v3/apis/746c7962-0923-4c21-be0e-a84d3748b57b/ratings HTTP/1.1 200 125 https://localhost:9443/devportal/apis/746c7962-0923-4c21-be0e-a84d3748b57b/overview Mozilla/5.0 (Windows NT 10.0; Win64; x64) AppleWebKit/537.36 (KHTML, like Gecko) Chrome/114.0.0.0 Safari/537.36 Edg/114.0.1823.37 0.047
0:0:0:0:0:0:0:1 - - [08/Jun/2023:15:45:57 +0300] GET /api/am/devportal/v3/apis/746c7962-0923-4c21-be0e-a84d3748b57b/thumbnail HTTP/1.1 204 - https://localhost:9443/devportal/apis/746c7962-0923-4c21-be0e-a84d3748b57b/overview Mozilla/5.0 (Windows NT 10.0; Win64; x64) AppleWebKit/537.36 (KHTML, like Gecko) Chrome/114.0.0.0 Safari/537.36 Edg/114.0.1823.37 0.083
0:0:0:0:0:0:0:1 - - [08/Jun/2023:15:45:57 +0300] GET /api/am/devportal/v3/apis/746c7962-0923-4c21-be0e-a84d3748b57b/comments?limit=5&offset=0 HTTP/1.1 200 101 https://localhost:9443/devportal/apis/746c7962-0923-4c21-be0e-a84d3748b57b/overview Mozilla/5.0 (Windows NT 10.0; Win64; x64) AppleWebKit/537.36 (KHTML, like Gecko) Chrome/114.0.0.0 Safari/537.36 Edg/114.0.1823.37 0.115
0:0:0:0:0:0:0:1 - - [08/Jun/2023:15:46:00 +0300] GET /devportal/site/public/images/_favicon.ico HTTP/1.1 200 1150 https://localhost:9443/devportal/applications Mozilla/5.0 (Windows NT 10.0; Win64; x64) AppleWebKit/537.36 (KHTML, like Gecko) Chrome/114.0.0.0 Safari/537.36 Edg/114.0.1823.37 0.003
0:0:0:0:0:0:0:1 - - [08/Jun/2023:15:46:00 +0300] GET /api/am/devportal/v3/swagger.yaml HTTP/1.1 200 26878 https://localhost:9443/devportal/applications Mozilla/5.0 (Windows NT 10.0; Win64; x64) AppleWebKit/537.36 (KHTML, like Gecko) Chrome/114.0.0.0 Safari/537.36 Edg/114.0.1823.37 0.037
0:0:0:0:0:0:0:1 - - [08/Jun/2023:15:46:00 +0300] GET /api/am/devportal/v3/applications?sortBy=name&sortOrder=asc&limit=10&offset=0 HTTP/1.1 200 92 https://localhost:9443/devportal/applications Mozilla/5.0 (Windows NT 10.0; Win64; x64) AppleWebKit/537.36 (KHTML, like Gecko) Chrome/114.0.0.0 Safari/537.36 Edg/114.0.1823.37 0.007
0:0:0:0:0:0:0:1 - - [08/Jun/2023:15:46:03 +0300] GET /api/am/devportal/v3/api-categories HTTP/1.1 200 21 https://localhost:9443/devportal/apis Mozilla/5.0 (Windows NT 10.0; Win64; x64) AppleWebKit/537.36 (KHTML, like Gecko) Chrome/114.0.0.0 Safari/537.36 Edg/114.0.1823.37 0.015
0:0:0:0:0:0:0:1 - - [08/Jun/2023:15:46:03 +0300] GET /devportal/site/public/images/_favicon.ico HTTP/1.1 200 1150 https://localhost:9443/devportal/apis Mozilla/5.0 (Windows NT 10.0; Win64; x64) AppleWebKit/537.36 (KHTML, like Gecko) Chrome/114.0.0.0 Safari/537.36 Edg/114.0.1823.37 0.004
0:0:0:0:0:0:0:1 - - [08/Jun/2023:15:46:04 +0300] GET /api/am/devportal/v3/tags HTTP/1.1 200 119 https://localhost:9443/devportal/apis Mozilla/5.0 (Windows NT 10.0; Win64; x64) AppleWebKit/537.36 (KHTML, like Gecko) Chrome/114.0.0.0 Safari/537.36 Edg/114.0.1823.37 0.031
0:0:0:0:0:0:0:1 - - [08/Jun/2023:15:46:04 +0300] GET /api/am/devportal/v3/apis?limit=10&offset=0 HTTP/1.1 200 840 https://localhost:9443/devportal/apis Mozilla/5.0 (Windows NT 10.0; Win64; x64) AppleWebKit/537.36 (KHTML, like Gecko) Chrome/114.0.0.0 Safari/537.36 Edg/114.0.1823.37 0.119
0:0:0:0:0:0:0:1 - - [08/Jun/2023:15:46:04 +0300] GET /api/am/devportal/v3/apis/746c7962-0923-4c21-be0e-a84d3748b57b/ratings HTTP/1.1 200 125 https://localhost:9443/devportal/apis Mozilla/5.0 (Windows NT 10.0; Win64; x64) AppleWebKit/537.36 (KHTML, like Gecko) Chrome/114.0.0.0 Safari/537.36 Edg/114.0.1823.37 0.015
0:0:0:0:0:0:0:1 - - [08/Jun/2023:15:46:06 +0300] GET /api/am/devportal/v3/applications?limit=5000 HTTP/1.1 200 94 https://localhost:9443/devportal/apis/746c7962-0923-4c21-be0e-a84d3748b57b/overview Mozilla/5.0 (Windows NT 10.0; Win64; x64) AppleWebKit/537.36 (KHTML, like Gecko) Chrome/114.0.0.0 Safari/537.36 Edg/114.0.1823.37 0.009
0:0:0:0:0:0:0:1 - - [08/Jun/2023:15:46:06 +0300] GET /devportal/site/public/images/_favicon.ico HTTP/1.1 200 1150 https://localhost:9443/devportal/apis/746c7962-0923-4c21-be0e-a84d3748b57b/overview Mozilla/5.0 (Windows NT 10.0; Win64; x64) AppleWebKit/537.36 (KHTML, like Gecko) Chrome/114.0.0.0 Safari/537.36 Edg/114.0.1823.37 0.006
0:0:0:0:0:0:0:1 - - [08/Jun/2023:15:46:06 +0300] GET /api/am/devportal/v3/subscriptions?apiId=746c7962-0923-4c21-be0e-a84d3748b57b&limit=25 HTTP/1.1 200 92 https://localhost:9443/devportal/apis/746c7962-0923-4c21-be0e-a84d3748b57b/overview Mozilla/5.0 (Windows NT 10.0; Win64; x64) AppleWebKit/537.36 (KHTML, like Gecko) Chrome/114.0.0.0 Safari/537.36 Edg/114.0.1823.37 0.032
0:0:0:0:0:0:0:1 - - [08/Jun/2023:15:46:06 +0300] GET /api/am/devportal/v3/subscriptions?apiId=746c7962-0923-4c21-be0e-a84d3748b57b&limit=5000 HTTP/1.1 200 94 https://localhost:9443/devportal/apis/746c7962-0923-4c21-be0e-a84d3748b57b/overview Mozilla/5.0 (Windows NT 10.0; Win64; x64) AppleWebKit/537.36 (KHTML, like Gecko) Chrome/114.0.0.0 Safari/537.36 Edg/114.0.1823.37 0.037
0:0:0:0:0:0:0:1 - - [08/Jun/2023:15:46:06 +0300] GET /api/am/devportal/v3/apis/746c7962-0923-4c21-be0e-a84d3748b57b HTTP/1.1 200 2479 https://localhost:9443/devportal/apis/746c7962-0923-4c21-be0e-a84d3748b57b/overview Mozilla/5.0 (Windows NT 10.0; Win64; x64) AppleWebKit/537.36 (KHTML, like Gecko) Chrome/114.0.0.0 Safari/537.36 Edg/114.0.1823.37 0.041
0:0:0:0:0:0:0:1 - - [08/Jun/2023:15:46:06 +0300] GET /api/am/devportal/v3/throttling-policies/subscription HTTP/1.1 200 634 https://localhost:9443/devportal/apis/746c7962-0923-4c21-be0e-a84d3748b57b/overview Mozilla/5.0 (Windows NT 10.0; Win64; x64) AppleWebKit/537.36 (KHTML, like Gecko) Chrome/114.0.0.0 Safari/537.36 Edg/114.0.1823.37 0.014
0:0:0:0:0:0:0:1 - - [08/Jun/2023:15:46:06 +0300] GET /api/am/devportal/v3/throttling-policies/subscription HTTP/1.1 200 634 https://localhost:9443/devportal/apis/746c7962-0923-4c21-be0e-a84d3748b57b/overview Mozilla/5.0 (Windows NT 10.0; Win64; x64) AppleWebKit/537.36 (KHTML, like Gecko) Chrome/114.0.0.0 Safari/537.36 Edg/114.0.1823.37 0.010
0:0:0:0:0:0:0:1 - - [08/Jun/2023:15:46:06 +0300] GET /api/am/devportal/v3/apis/746c7962-0923-4c21-be0e-a84d3748b57b/documents HTTP/1.1 200 92 https://localhost:9443/devportal/apis/746c7962-0923-4c21-be0e-a84d3748b57b/overview Mozilla/5.0 (Windows NT 10.0; Win64; x64) AppleWebKit/537.36 (KHTML, like Gecko) Chrome/114.0.0.0 Safari/537.36 Edg/114.0.1823.37 0.037
0:0:0:0:0:0:0:1 - - [08/Jun/2023:15:46:06 +0300] GET /api/am/devportal/v3/apis/746c7962-0923-4c21-be0e-a84d3748b57b/documents HTTP/1.1 200 92 https://localhost:9443/devportal/apis/746c7962-0923-4c21-be0e-a84d3748b57b/overview Mozilla/5.0 (Windows NT 10.0; Win64; x64) AppleWebKit/537.36 (KHTML, like Gecko) Chrome/114.0.0.0 Safari/537.36 Edg/114.0.1823.37 0.018
0:0:0:0:0:0:0:1 - - [08/Jun/2023:15:46:06 +0300] GET /api/am/devportal/v3/apis/746c7962-0923-4c21-be0e-a84d3748b57b/comments?limit=5&offset=0 HTTP/1.1 200 101 https://localhost:9443/devportal/apis/746c7962-0923-4c21-be0e-a84d3748b57b/overview Mozilla/5.0 (Windows NT 10.0; Win64; x64) AppleWebKit/537.36 (KHTML, like Gecko) Chrome/114.0.0.0 Safari/537.36 Edg/114.0.1823.37 0.055
0:0:0:0:0:0:0:1 - - [08/Jun/2023:15:46:06 +0300] GET /api/am/devportal/v3/apis/746c7962-0923-4c21-be0e-a84d3748b57b/ratings HTTP/1.1 200 125 https://localhost:9443/devportal/apis/746c7962-0923-4c21-be0e-a84d3748b57b/overview Mozilla/5.0 (Windows NT 10.0; Win64; x64) AppleWebKit/537.36 (KHTML, like Gecko) Chrome/114.0.0.0 Safari/537.36 Edg/114.0.1823.37 0.058
0:0:0:0:0:0:0:1 - - [08/Jun/2023:15:46:06 +0300] GET /api/am/devportal/v3/apis/746c7962-0923-4c21-be0e-a84d3748b57b/thumbnail HTTP/1.1 204 - https://localhost:9443/devportal/apis/746c7962-0923-4c21-be0e-a84d3748b57b/overview Mozilla/5.0 (Windows NT 10.0; Win64; x64) AppleWebKit/537.36 (KHTML, like Gecko) Chrome/114.0.0.0 Safari/537.36 Edg/114.0.1823.37 0.081
0:0:0:0:0:0:0:1 - - [08/Jun/2023:15:46:10 +0300] GET /devportal/site/public/images/_favicon.ico HTTP/1.1 200 1150 https://localhost:9443/devportal/apis/746c7962-0923-4c21-be0e-a84d3748b57b/credentials Mozilla/5.0 (Windows NT 10.0; Win64; x64) AppleWebKit/537.36 (KHTML, like Gecko) Chrome/114.0.0.0 Safari/537.36 Edg/114.0.1823.37 0.005
0:0:0:0:0:0:0:1 - - [08/Jun/2023:15:46:20 +0300] GET /api/am/devportal/v3/throttling-policies/application HTTP/1.1 200 473 https://localhost:9443/devportal/apis/746c7962-0923-4c21-be0e-a84d3748b57b/credentials/wizard Mozilla/5.0 (Windows NT 10.0; Win64; x64) AppleWebKit/537.36 (KHTML, like Gecko) Chrome/114.0.0.0 Safari/537.36 Edg/114.0.1823.37 0.006
0:0:0:0:0:0:0:1 - - [08/Jun/2023:15:46:20 +0300] GET /api/am/devportal/v3/settings/application-attributes HTTP/1.1 200 21 https://localhost:9443/devportal/apis/746c7962-0923-4c21-be0e-a84d3748b57b/credentials/wizard Mozilla/5.0 (Windows NT 10.0; Win64; x64) AppleWebKit/537.36 (KHTML, like Gecko) Chrome/114.0.0.0 Safari/537.36 Edg/114.0.1823.37 0.008
0:0:0:0:0:0:0:1 - - [08/Jun/2023:15:46:20 +0300] GET /devportal/site/public/images/_favicon.ico HTTP/1.1 200 1150 https://localhost:9443/devportal/apis/746c7962-0923-4c21-be0e-a84d3748b57b/credentials/wizard Mozilla/5.0 (Windows NT 10.0; Win64; x64) AppleWebKit/537.36 (KHTML, like Gecko) Chrome/114.0.0.0 Safari/537.36 Edg/114.0.1823.37 0.008
127.0.0.1 - - [08/Jun/2023:15:46:20 +0300] GET /oauth2/token/.well-known/openid-configuration HTTP/1.1 200 2395 - Apache-HttpClient/4.5.13 (Java/20.0.1) 0.004
0:0:0:0:0:0:0:1 - - [08/Jun/2023:15:46:20 +0300] GET /api/am/devportal/v3/key-managers HTTP/1.1 200 763 https://localhost:9443/devportal/apis/746c7962-0923-4c21-be0e-a84d3748b57b/credentials/wizard Mozilla/5.0 (Windows NT 10.0; Win64; x64) AppleWebKit/537.36 (KHTML, like Gecko) Chrome/114.0.0.0 Safari/537.36 Edg/114.0.1823.37 0.029
0:0:0:0:0:0:0:1 - - [08/Jun/2023:15:46:36 +0300] POST /api/am/devportal/v3/applications HTTP/1.1 201 335 https://localhost:9443/devportal/apis/746c7962-0923-4c21-be0e-a84d3748b57b/credentials/wizard Mozilla/5.0 (Windows NT 10.0; Win64; x64) AppleWebKit/537.36 (KHTML, like Gecko) Chrome/114.0.0.0 Safari/537.36 Edg/114.0.1823.37 0.080
0:0:0:0:0:0:0:1 - - [08/Jun/2023:15:46:41 +0300] POST /api/am/devportal/v3/subscriptions HTTP/1.1 201 731 https://localhost:9443/devportal/apis/746c7962-0923-4c21-be0e-a84d3748b57b/credentials/wizard Mozilla/5.0 (Windows NT 10.0; Win64; x64) AppleWebKit/537.36 (KHTML, like Gecko) Chrome/114.0.0.0 Safari/537.36 Edg/114.0.1823.37 0.060
127.0.0.1 - - [08/Jun/2023:15:46:41 +0300] GET /oauth2/token/.well-known/openid-configuration HTTP/1.1 200 2395 - Apache-HttpClient/4.5.13 (Java/20.0.1) 0.004
0:0:0:0:0:0:0:1 - - [08/Jun/2023:15:46:41 +0300] GET /api/am/devportal/v3/key-managers HTTP/1.1 200 763 https://localhost:9443/devportal/apis/746c7962-0923-4c21-be0e-a84d3748b57b/credentials/wizard Mozilla/5.0 (Windows NT 10.0; Win64; x64) AppleWebKit/537.36 (KHTML, like Gecko) Chrome/114.0.0.0 Safari/537.36 Edg/114.0.1823.37 0.026
0:0:0:0:0:0:0:1 - - [08/Jun/2023:15:46:57 +0300] GET /api/am/devportal/v3/swagger.yaml HTTP/1.1 200 26878 https://localhost:9443/devportal/apis/746c7962-0923-4c21-be0e-a84d3748b57b/credentials/wizard Mozilla/5.0 (Windows NT 10.0; Win64; x64) AppleWebKit/537.36 (KHTML, like Gecko) Chrome/114.0.0.0 Safari/537.36 Edg/114.0.1823.37 0.011
0:0:0:0:0:0:0:1 - - [08/Jun/2023:15:46:57 +0300] GET /api/am/devportal/v3/applications/d8414650-0dc6-4424-9310-830582be7bd1 HTTP/1.1 200 336 https://localhost:9443/devportal/apis/746c7962-0923-4c21-be0e-a84d3748b57b/credentials/wizard Mozilla/5.0 (Windows NT 10.0; Win64; x64) AppleWebKit/537.36 (KHTML, like Gecko) Chrome/114.0.0.0 Safari/537.36 Edg/114.0.1823.37 0.007
127.0.0.1 - - [08/Jun/2023:15:46:57 +0300] POST /keymanager-operations/dcr/register HTTP/1.1 201 720 - Apache-HttpClient/4.5.13 (Java/20.0.1) 0.148
127.0.0.1 - - [08/Jun/2023:15:46:57 +0300] POST /oauth2/token HTTP/1.1 200 1183 - Apache-HttpClient/4.5.13 (Java/20.0.1) 0.021
0:0:0:0:0:0:0:1 - - [08/Jun/2023:15:46:57 +0300] POST /api/am/devportal/v3/applications/d8414650-0dc6-4424-9310-830582be7bd1/generate-keys HTTP/1.1 200 1329 https://localhost:9443/devportal/apis/746c7962-0923-4c21-be0e-a84d3748b57b/credentials/wizard Mozilla/5.0 (Windows NT 10.0; Win64; x64) AppleWebKit/537.36 (KHTML, like Gecko) Chrome/114.0.0.0 Safari/537.36 Edg/114.0.1823.37 0.208
0:0:0:0:0:0:0:1 - - [08/Jun/2023:15:46:58 +0300] GET /api/am/devportal/v3/swagger.yaml HTTP/1.1 200 26878 https://localhost:9443/devportal/apis/746c7962-0923-4c21-be0e-a84d3748b57b/credentials/wizard Mozilla/5.0 (Windows NT 10.0; Win64; x64) AppleWebKit/537.36 (KHTML, like Gecko) Chrome/114.0.0.0 Safari/537.36 Edg/114.0.1823.37 0.022
127.0.0.1 - - [08/Jun/2023:15:46:58 +0300] GET /keymanager-operations/dcr/register/MHFfRExjbVRFTmxsZmtqNk9JdjB2WDJ1Q0FJYQ%3D%3D HTTP/1.1 200 720 - Apache-HttpClient/4.5.13 (Java/20.0.1) 0.006
0:0:0:0:0:0:0:1 - - [08/Jun/2023:15:46:58 +0300] GET /api/am/devportal/v3/applications/d8414650-0dc6-4424-9310-830582be7bd1 HTTP/1.1 200 336 https://localhost:9443/devportal/apis/746c7962-0923-4c21-be0e-a84d3748b57b/credentials/wizard Mozilla/5.0 (Windows NT 10.0; Win64; x64) AppleWebKit/537.36 (KHTML, like Gecko) Chrome/114.0.0.0 Safari/537.36 Edg/114.0.1823.37 0.056
0:0:0:0:0:0:0:1 - - [08/Jun/2023:15:46:58 +0300] GET /api/am/devportal/v3/applications/d8414650-0dc6-4424-9310-830582be7bd1/oauth-keys HTTP/1.1 200 868 https://localhost:9443/devportal/apis/746c7962-0923-4c21-be0e-a84d3748b57b/credentials/wizard Mozilla/5.0 (Windows NT 10.0; Win64; x64) AppleWebKit/537.36 (KHTML, like Gecko) Chrome/114.0.0.0 Safari/537.36 Edg/114.0.1823.37 0.015
127.0.0.1 - - [08/Jun/2023:15:46:58 +0300] GET /keymanager-operations/dcr/register/MHFfRExjbVRFTmxsZmtqNk9JdjB2WDJ1Q0FJYQ%3D%3D HTTP/1.1 200 720 - Apache-HttpClient/4.5.13 (Java/20.0.1) 0.010
0:0:0:0:0:0:0:1 - - [08/Jun/2023:15:47:05 +0300] GET /api/am/devportal/v3/swagger.yaml HTTP/1.1 200 26878 https://localhost:9443/devportal/apis/746c7962-0923-4c21-be0e-a84d3748b57b/credentials/wizard Mozilla/5.0 (Windows NT 10.0; Win64; x64) AppleWebKit/537.36 (KHTML, like Gecko) Chrome/114.0.0.0 Safari/537.36 Edg/114.0.1823.37 0.013
127.0.0.1 - - [08/Jun/2023:15:47:05 +0300] GET /keymanager-operations/dcr/register/MHFfRExjbVRFTmxsZmtqNk9JdjB2WDJ1Q0FJYQ%3D%3D HTTP/1.1 200 720 - Apache-HttpClient/4.5.13 (Java/20.0.1) 0.008
0:0:0:0:0:0:0:1 - - [08/Jun/2023:15:47:05 +0300] GET /api/am/devportal/v3/applications/d8414650-0dc6-4424-9310-830582be7bd1 HTTP/1.1 200 336 https://localhost:9443/devportal/apis/746c7962-0923-4c21-be0e-a84d3748b57b/credentials/wizard Mozilla/5.0 (Windows NT 10.0; Win64; x64) AppleWebKit/537.36 (KHTML, like Gecko) Chrome/114.0.0.0 Safari/537.36 Edg/114.0.1823.37 0.017
127.0.0.1 - - [08/Jun/2023:15:47:05 +0300] GET /keymanager-operations/dcr/register/MHFfRExjbVRFTmxsZmtqNk9JdjB2WDJ1Q0FJYQ%3D%3D HTTP/1.1 200 720 - Apache-HttpClient/4.5.13 (Java/20.0.1) 0.006
0:0:0:0:0:0:0:1 - - [08/Jun/2023:15:47:05 +0300] GET /api/am/devportal/v3/applications/d8414650-0dc6-4424-9310-830582be7bd1/oauth-keys HTTP/1.1 200 868 https://localhost:9443/devportal/apis/746c7962-0923-4c21-be0e-a84d3748b57b/credentials/wizard Mozilla/5.0 (Windows NT 10.0; Win64; x64) AppleWebKit/537.36 (KHTML, like Gecko) Chrome/114.0.0.0 Safari/537.36 Edg/114.0.1823.37 0.019
127.0.0.1 - - [08/Jun/2023:15:47:05 +0300] GET /keymanager-operations/dcr/register/MHFfRExjbVRFTmxsZmtqNk9JdjB2WDJ1Q0FJYQ%3D%3D HTTP/1.1 200 720 - Apache-HttpClient/4.5.13 (Java/20.0.1) 0.005
127.0.0.1 - - [08/Jun/2023:15:47:05 +0300] GET /keymanager-operations/dcr/register/MHFfRExjbVRFTmxsZmtqNk9JdjB2WDJ1Q0FJYQ%3D%3D HTTP/1.1 200 720 - Apache-HttpClient/4.5.13 (Java/20.0.1) 0.005
127.0.0.1 - - [08/Jun/2023:15:47:05 +0300] POST /oauth2/token HTTP/1.1 200 1183 - Apache-HttpClient/4.5.13 (Java/20.0.1) 0.024
0:0:0:0:0:0:0:1 - - [08/Jun/2023:15:47:05 +0300] POST /api/am/devportal/v3/applications/d8414650-0dc6-4424-9310-830582be7bd1/oauth-keys/15e53310-e0a3-4f4c-bba4-05809bd5486b/generate-token HTTP/1.1 200 895 https://localhost:9443/devportal/apis/746c7962-0923-4c21-be0e-a84d3748b57b/credentials/wizard Mozilla/5.0 (Windows NT 10.0; Win64; x64) AppleWebKit/537.36 (KHTML, like Gecko) Chrome/114.0.0.0 Safari/537.36 Edg/114.0.1823.37 0.062
127.0.0.1 - - [08/Jun/2023:15:47:05 +0300] POST /internal/data/v1/notify HTTP/1.1 200 - - Apache-HttpClient/4.5.13 (Java/20.0.1) 0.018
0:0:0:0:0:0:0:1 - - [08/Jun/2023:15:47:22 +0300] - 400 - - - 0.000
0:0:0:0:0:0:0:1 - - [08/Jun/2023:15:47:22 +0300] - 400 - - - 0.000
0:0:0:0:0:0:0:1 - - [08/Jun/2023:15:47:22 +0300] - 400 - - - 0.000
0:0:0:0:0:0:0:1 - - [08/Jun/2023:15:47:22 +0300] - 400 - - - 0.000
0:0:0:0:0:0:0:1 - - [08/Jun/2023:15:47:22 +0300] GET /devportal/site/public/images/_favicon.ico HTTP/1.1 200 1150 https://localhost:9443/devportal/apis/746c7962-0923-4c21-be0e-a84d3748b57b/credentials Mozilla/5.0 (Windows NT 10.0; Win64; x64) AppleWebKit/537.36 (KHTML, like Gecko) Chrome/114.0.0.0 Safari/537.36 Edg/114.0.1823.37 0.008
0:0:0:0:0:0:0:1 - - [08/Jun/2023:15:47:22 +0300] GET /api/am/devportal/v3/applications?limit=5000 HTTP/1.1 200 376 https://localhost:9443/devportal/apis/746c7962-0923-4c21-be0e-a84d3748b57b/credentials Mozilla/5.0 (Windows NT 10.0; Win64; x64) AppleWebKit/537.36 (KHTML, like Gecko) Chrome/114.0.0.0 Safari/537.36 Edg/114.0.1823.37 0.020
0:0:0:0:0:0:0:1 - - [08/Jun/2023:15:47:22 +0300] GET /api/am/devportal/v3/apis/746c7962-0923-4c21-be0e-a84d3748b57b HTTP/1.1 200 2479 https://localhost:9443/devportal/apis/746c7962-0923-4c21-be0e-a84d3748b57b/credentials Mozilla/5.0 (Windows NT 10.0; Win64; x64) AppleWebKit/537.36 (KHTML, like Gecko) Chrome/114.0.0.0 Safari/537.36 Edg/114.0.1823.37 0.067
127.0.0.1 - - [08/Jun/2023:15:47:22 +0300] GET /keymanager-operations/dcr/register/MHFfRExjbVRFTmxsZmtqNk9JdjB2WDJ1Q0FJYQ%3D%3D HTTP/1.1 200 720 - Apache-HttpClient/4.5.13 (Java/20.0.1) 0.035
127.0.0.1 - - [08/Jun/2023:15:47:22 +0300] GET /keymanager-operations/dcr/register/MHFfRExjbVRFTmxsZmtqNk9JdjB2WDJ1Q0FJYQ%3D%3D HTTP/1.1 200 720 - Apache-HttpClient/4.5.13 (Java/20.0.1) 0.015
0:0:0:0:0:0:0:1 - - [08/Jun/2023:15:47:22 +0300] GET /api/am/devportal/v3/subscriptions?apiId=746c7962-0923-4c21-be0e-a84d3748b57b&limit=25 HTTP/1.1 200 781 https://localhost:9443/devportal/apis/746c7962-0923-4c21-be0e-a84d3748b57b/credentials Mozilla/5.0 (Windows NT 10.0; Win64; x64) AppleWebKit/537.36 (KHTML, like Gecko) Chrome/114.0.0.0 Safari/537.36 Edg/114.0.1823.37 0.083
0:0:0:0:0:0:0:1 - - [08/Jun/2023:15:47:22 +0300] GET /api/am/devportal/v3/subscriptions?apiId=746c7962-0923-4c21-be0e-a84d3748b57b&limit=5000 HTTP/1.1 200 782 https://localhost:9443/devportal/apis/746c7962-0923-4c21-be0e-a84d3748b57b/credentials Mozilla/5.0 (Windows NT 10.0; Win64; x64) AppleWebKit/537.36 (KHTML, like Gecko) Chrome/114.0.0.0 Safari/537.36 Edg/114.0.1823.37 0.102
0:0:0:0:0:0:0:1 - - [08/Jun/2023:15:49:05 +0300] - 400 - - - 0.000
0:0:0:0:0:0:0:1 - - [08/Jun/2023:15:49:05 +0300] - 400 - - - 0.000
0:0:0:0:0:0:0:1 - - [08/Jun/2023:15:49:05 +0300] GET /devportal/site/public/images/_favicon.ico HTTP/1.1 200 1150 https://localhost:9443/devportal/applications Mozilla/5.0 (Windows NT 10.0; Win64; x64) AppleWebKit/537.36 (KHTML, like Gecko) Chrome/114.0.0.0 Safari/537.36 Edg/114.0.1823.37 0.008
0:0:0:0:0:0:0:1 - - [08/Jun/2023:15:49:05 +0300] GET /api/am/devportal/v3/swagger.yaml HTTP/1.1 200 26878 https://localhost:9443/devportal/applications Mozilla/5.0 (Windows NT 10.0; Win64; x64) AppleWebKit/537.36 (KHTML, like Gecko) Chrome/114.0.0.0 Safari/537.36 Edg/114.0.1823.37 0.020
0:0:0:0:0:0:0:1 - - [08/Jun/2023:15:49:06 +0300] GET /api/am/devportal/v3/applications?sortBy=name&sortOrder=asc&limit=10&offset=0 HTTP/1.1 200 374 https://localhost:9443/devportal/applications Mozilla/5.0 (Windows NT 10.0; Win64; x64) AppleWebKit/537.36 (KHTML, like Gecko) Chrome/114.0.0.0 Safari/537.36 Edg/114.0.1823.37 0.215
0:0:0:0:0:0:0:1 - - [08/Jun/2023:15:49:08 +0300] GET /devportal/site/public/images/_favicon.ico HTTP/1.1 200 1150 https://localhost:9443/devportal/applications/d8414650-0dc6-4424-9310-830582be7bd1 Mozilla/5.0 (Windows NT 10.0; Win64; x64) AppleWebKit/537.36 (KHTML, like Gecko) Chrome/114.0.0.0 Safari/537.36 Edg/114.0.1823.37 0.008
0:0:0:0:0:0:0:1 - - [08/Jun/2023:15:49:09 +0300] GET /devportal/site/public/dist/ApplicationDetails.84676b0e418ac76ec3ec.bundle.js HTTP/1.1 200 118257 https://localhost:9443/devportal/applications/d8414650-0dc6-4424-9310-830582be7bd1 Mozilla/5.0 (Windows NT 10.0; Win64; x64) AppleWebKit/537.36 (KHTML, like Gecko) Chrome/114.0.0.0 Safari/537.36 Edg/114.0.1823.37 0.056
127.0.0.1 - - [08/Jun/2023:15:49:09 +0300] GET /keymanager-operations/dcr/register/MHFfRExjbVRFTmxsZmtqNk9JdjB2WDJ1Q0FJYQ%3D%3D HTTP/1.1 200 720 - Apache-HttpClient/4.5.13 (Java/20.0.1) 0.008
0:0:0:0:0:0:0:1 - - [08/Jun/2023:15:49:09 +0300] GET /api/am/devportal/v3/applications/d8414650-0dc6-4424-9310-830582be7bd1 HTTP/1.1 200 336 https://localhost:9443/devportal/applications/d8414650-0dc6-4424-9310-830582be7bd1 Mozilla/5.0 (Windows NT 10.0; Win64; x64) AppleWebKit/537.36 (KHTML, like Gecko) Chrome/114.0.0.0 Safari/537.36 Edg/114.0.1823.37 0.023
0:0:0:0:0:0:0:1 - - [08/Jun/2023:15:49:09 +0300] GET /api/am/devportal/v3/throttling-policies/application/20PerMin HTTP/1.1 200 493 https://localhost:9443/devportal/applications/d8414650-0dc6-4424-9310-830582be7bd1/overview Mozilla/5.0 (Windows NT 10.0; Win64; x64) AppleWebKit/537.36 (KHTML, like Gecko) Chrome/114.0.0.0 Safari/537.36 Edg/114.0.1823.37 0.017
0:0:0:0:0:0:0:1 - - [08/Jun/2023:15:49:09 +0300] - 400 - - - 0.000
0:0:0:0:0:0:0:1 - - [08/Jun/2023:15:49:09 +0300] GET /devportal/site/public/images/_favicon.ico HTTP/1.1 200 1150 https://localhost:9443/devportal/applications/d8414650-0dc6-4424-9310-830582be7bd1/overview Mozilla/5.0 (Windows NT 10.0; Win64; x64) AppleWebKit/537.36 (KHTML, like Gecko) Chrome/114.0.0.0 Safari/537.36 Edg/114.0.1823.37 0.035
127.0.0.1 - - [08/Jun/2023:15:49:09 +0300] GET /keymanager-operations/dcr/register/MHFfRExjbVRFTmxsZmtqNk9JdjB2WDJ1Q0FJYQ%3D%3D HTTP/1.1 200 720 - Apache-HttpClient/4.5.13 (Java/20.0.1) 0.007
0:0:0:0:0:0:0:1 - - [08/Jun/2023:15:49:09 +0300] GET /api/am/devportal/v3/applications/d8414650-0dc6-4424-9310-830582be7bd1 HTTP/1.1 200 336 https://localhost:9443/devportal/applications/d8414650-0dc6-4424-9310-830582be7bd1/overview Mozilla/5.0 (Windows NT 10.0; Win64; x64) AppleWebKit/537.36 (KHTML, like Gecko) Chrome/114.0.0.0 Safari/537.36 Edg/114.0.1823.37 0.062
0:0:0:0:0:0:0:1 - - [08/Jun/2023:15:49:09 +0300] GET /api/am/devportal/v3/throttling-policies/application/20PerMin HTTP/1.1 200 493 https://localhost:9443/devportal/applications/d8414650-0dc6-4424-9310-830582be7bd1/overview Mozilla/5.0 (Windows NT 10.0; Win64; x64) AppleWebKit/537.36 (KHTML, like Gecko) Chrome/114.0.0.0 Safari/537.36 Edg/114.0.1823.37 0.006
0:0:0:0:0:0:0:1 - - [08/Jun/2023:15:49:14 +0300] GET /api/am/devportal/v3/swagger.yaml HTTP/1.1 200 26878 https://localhost:9443/devportal/applications/d8414650-0dc6-4424-9310-830582be7bd1/productionkeys/oauth Mozilla/5.0 (Windows NT 10.0; Win64; x64) AppleWebKit/537.36 (KHTML, like Gecko) Chrome/114.0.0.0 Safari/537.36 Edg/114.0.1823.37 0.027
0:0:0:0:0:0:0:1 - - [08/Jun/2023:15:49:14 +0300] GET /devportal/site/public/images/_favicon.ico HTTP/1.1 200 1150 https://localhost:9443/devportal/applications/d8414650-0dc6-4424-9310-830582be7bd1/productionkeys/oauth Mozilla/5.0 (Windows NT 10.0; Win64; x64) AppleWebKit/537.36 (KHTML, like Gecko) Chrome/114.0.0.0 Safari/537.36 Edg/114.0.1823.37 0.056
0:0:0:0:0:0:0:1 - - [08/Jun/2023:15:49:14 +0300] - 400 - - - 0.000
127.0.0.1 - - [08/Jun/2023:15:49:14 +0300] GET /oauth2/token/.well-known/openid-configuration HTTP/1.1 200 2395 - Apache-HttpClient/4.5.13 (Java/20.0.1) 0.006
0:0:0:0:0:0:0:1 - - [08/Jun/2023:15:49:14 +0300] GET /api/am/devportal/v3/key-managers HTTP/1.1 200 763 https://localhost:9443/devportal/applications/d8414650-0dc6-4424-9310-830582be7bd1/productionkeys/oauth Mozilla/5.0 (Windows NT 10.0; Win64; x64) AppleWebKit/537.36 (KHTML, like Gecko) Chrome/114.0.0.0 Safari/537.36 Edg/114.0.1823.37 0.093
127.0.0.1 - - [08/Jun/2023:15:49:15 +0300] GET /keymanager-operations/dcr/register/MHFfRExjbVRFTmxsZmtqNk9JdjB2WDJ1Q0FJYQ%3D%3D HTTP/1.1 200 720 - Apache-HttpClient/4.5.13 (Java/20.0.1) 0.005
0:0:0:0:0:0:0:1 - - [08/Jun/2023:15:49:15 +0300] GET /api/am/devportal/v3/applications/d8414650-0dc6-4424-9310-830582be7bd1 HTTP/1.1 200 336 https://localhost:9443/devportal/applications/d8414650-0dc6-4424-9310-830582be7bd1/productionkeys/oauth Mozilla/5.0 (Windows NT 10.0; Win64; x64) AppleWebKit/537.36 (KHTML, like Gecko) Chrome/114.0.0.0 Safari/537.36 Edg/114.0.1823.37 0.014
127.0.0.1 - - [08/Jun/2023:15:49:15 +0300] GET /keymanager-operations/dcr/register/MHFfRExjbVRFTmxsZmtqNk9JdjB2WDJ1Q0FJYQ%3D%3D HTTP/1.1 200 720 - Apache-HttpClient/4.5.13 (Java/20.0.1) 0.003
0:0:0:0:0:0:0:1 - - [08/Jun/2023:15:49:15 +0300] GET /api/am/devportal/v3/applications/d8414650-0dc6-4424-9310-830582be7bd1/oauth-keys HTTP/1.1 200 868 https://localhost:9443/devportal/applications/d8414650-0dc6-4424-9310-830582be7bd1/productionkeys/oauth Mozilla/5.0 (Windows NT 10.0; Win64; x64) AppleWebKit/537.36 (KHTML, like Gecko) Chrome/114.0.0.0 Safari/537.36 Edg/114.0.1823.37 0.012
0:0:0:0:0:0:0:1 - - [08/Jun/2023:15:49:15 +0300] GET /api/am/devportal/v3/swagger.yaml HTTP/1.1 200 26878 https://localhost:9443/devportal/applications/d8414650-0dc6-4424-9310-830582be7bd1/productionkeys/oauth Mozilla/5.0 (Windows NT 10.0; Win64; x64) AppleWebKit/537.36 (KHTML, like Gecko) Chrome/114.0.0.0 Safari/537.36 Edg/114.0.1823.37 0.014
127.0.0.1 - - [08/Jun/2023:15:49:15 +0300] GET /keymanager-operations/dcr/register/MHFfRExjbVRFTmxsZmtqNk9JdjB2WDJ1Q0FJYQ%3D%3D HTTP/1.1 200 720 - Apache-HttpClient/4.5.13 (Java/20.0.1) 0.012
0:0:0:0:0:0:0:1 - - [08/Jun/2023:15:49:15 +0300] GET /api/am/devportal/v3/applications/d8414650-0dc6-4424-9310-830582be7bd1 HTTP/1.1 200 336 https://localhost:9443/devportal/applications/d8414650-0dc6-4424-9310-830582be7bd1/productionkeys/oauth Mozilla/5.0 (Windows NT 10.0; Win64; x64) AppleWebKit/537.36 (KHTML, like Gecko) Chrome/114.0.0.0 Safari/537.36 Edg/114.0.1823.37 0.065
127.0.0.1 - - [08/Jun/2023:15:49:15 +0300] GET /keymanager-operations/dcr/register/MHFfRExjbVRFTmxsZmtqNk9JdjB2WDJ1Q0FJYQ%3D%3D HTTP/1.1 200 720 - Apache-HttpClient/4.5.13 (Java/20.0.1) 0.005
0:0:0:0:0:0:0:1 - - [08/Jun/2023:15:49:15 +0300] GET /api/am/devportal/v3/applications/d8414650-0dc6-4424-9310-830582be7bd1/oauth-keys HTTP/1.1 200 868 https://localhost:9443/devportal/applications/d8414650-0dc6-4424-9310-830582be7bd1/productionkeys/oauth Mozilla/5.0 (Windows NT 10.0; Win64; x64) AppleWebKit/537.36 (KHTML, like Gecko) Chrome/114.0.0.0 Safari/537.36 Edg/114.0.1823.37 0.015
0:0:0:0:0:0:0:1 - - [08/Jun/2023:15:49:18 +0300] GET /api/am/devportal/v3/swagger.yaml HTTP/1.1 200 26878 https://localhost:9443/devportal/applications/d8414650-0dc6-4424-9310-830582be7bd1/productionkeys/oauth Mozilla/5.0 (Windows NT 10.0; Win64; x64) AppleWebKit/537.36 (KHTML, like Gecko) Chrome/114.0.0.0 Safari/537.36 Edg/114.0.1823.37 0.039
127.0.0.1 - - [08/Jun/2023:15:49:18 +0300] GET /oauth2/token/.well-known/openid-configuration HTTP/1.1 200 2395 - Apache-HttpClient/4.5.13 (Java/20.0.1) 0.045
0:0:0:0:0:0:0:1 - - [08/Jun/2023:15:49:18 +0300] GET /api/am/devportal/v3/key-managers HTTP/1.1 200 763 https://localhost:9443/devportal/applications/d8414650-0dc6-4424-9310-830582be7bd1/productionkeys/oauth Mozilla/5.0 (Windows NT 10.0; Win64; x64) AppleWebKit/537.36 (KHTML, like Gecko) Chrome/114.0.0.0 Safari/537.36 Edg/114.0.1823.37 0.131
127.0.0.1 - - [08/Jun/2023:15:49:18 +0300] GET /keymanager-operations/dcr/register/MHFfRExjbVRFTmxsZmtqNk9JdjB2WDJ1Q0FJYQ%3D%3D HTTP/1.1 200 720 - Apache-HttpClient/4.5.13 (Java/20.0.1) 0.005
0:0:0:0:0:0:0:1 - - [08/Jun/2023:15:49:18 +0300] GET /api/am/devportal/v3/applications/d8414650-0dc6-4424-9310-830582be7bd1 HTTP/1.1 200 336 https://localhost:9443/devportal/applications/d8414650-0dc6-4424-9310-830582be7bd1/productionkeys/oauth Mozilla/5.0 (Windows NT 10.0; Win64; x64) AppleWebKit/537.36 (KHTML, like Gecko) Chrome/114.0.0.0 Safari/537.36 Edg/114.0.1823.37 0.016
127.0.0.1 - - [08/Jun/2023:15:49:18 +0300] GET /keymanager-operations/dcr/register/MHFfRExjbVRFTmxsZmtqNk9JdjB2WDJ1Q0FJYQ%3D%3D HTTP/1.1 200 720 - Apache-HttpClient/4.5.13 (Java/20.0.1) 0.029
0:0:0:0:0:0:0:1 - - [08/Jun/2023:15:49:18 +0300] GET /api/am/devportal/v3/applications/d8414650-0dc6-4424-9310-830582be7bd1/oauth-keys HTTP/1.1 200 868 https://localhost:9443/devportal/applications/d8414650-0dc6-4424-9310-830582be7bd1/productionkeys/oauth Mozilla/5.0 (Windows NT 10.0; Win64; x64) AppleWebKit/537.36 (KHTML, like Gecko) Chrome/114.0.0.0 Safari/537.36 Edg/114.0.1823.37 0.037
0:0:0:0:0:0:0:1 - - [08/Jun/2023:15:49:18 +0300] GET /api/am/devportal/v3/swagger.yaml HTTP/1.1 200 26878 https://localhost:9443/devportal/applications/d8414650-0dc6-4424-9310-830582be7bd1/productionkeys/oauth Mozilla/5.0 (Windows NT 10.0; Win64; x64) AppleWebKit/537.36 (KHTML, like Gecko) Chrome/114.0.0.0 Safari/537.36 Edg/114.0.1823.37 0.012
127.0.0.1 - - [08/Jun/2023:15:49:18 +0300] GET /keymanager-operations/dcr/register/MHFfRExjbVRFTmxsZmtqNk9JdjB2WDJ1Q0FJYQ%3D%3D HTTP/1.1 200 720 - Apache-HttpClient/4.5.13 (Java/20.0.1) 0.006
0:0:0:0:0:0:0:1 - - [08/Jun/2023:15:49:18 +0300] GET /api/am/devportal/v3/applications/d8414650-0dc6-4424-9310-830582be7bd1 HTTP/1.1 200 336 https://localhost:9443/devportal/applications/d8414650-0dc6-4424-9310-830582be7bd1/productionkeys/oauth Mozilla/5.0 (Windows NT 10.0; Win64; x64) AppleWebKit/537.36 (KHTML, like Gecko) Chrome/114.0.0.0 Safari/537.36 Edg/114.0.1823.37 0.014
127.0.0.1 - - [08/Jun/2023:15:49:18 +0300] GET /keymanager-operations/dcr/register/MHFfRExjbVRFTmxsZmtqNk9JdjB2WDJ1Q0FJYQ%3D%3D HTTP/1.1 200 720 - Apache-HttpClient/4.5.13 (Java/20.0.1) 0.004
0:0:0:0:0:0:0:1 - - [08/Jun/2023:15:49:18 +0300] GET /api/am/devportal/v3/applications/d8414650-0dc6-4424-9310-830582be7bd1/oauth-keys HTTP/1.1 200 868 https://localhost:9443/devportal/applications/d8414650-0dc6-4424-9310-830582be7bd1/productionkeys/oauth Mozilla/5.0 (Windows NT 10.0; Win64; x64) AppleWebKit/537.36 (KHTML, like Gecko) Chrome/114.0.0.0 Safari/537.36 Edg/114.0.1823.37 0.012
0:0:0:0:0:0:0:1 - - [08/Jun/2023:15:49:35 +0300] - 400 - - - 0.000
0:0:0:0:0:0:0:1 - - [08/Jun/2023:15:49:35 +0300] - 400 - - - 0.000
