0:0:0:0:0:0:0:1 - - [07/Jun/2023:23:48:51 +0300] GET /api/am/publisher/v4/apis/719bdd0a-15a5-43cd-bc55-463d0c5cf80f/swagger HTTP/1.1 200 710 https://localhost:9443/publisher/apis/719bdd0a-15a5-43cd-bc55-463d0c5cf80f/endpoints Mozilla/5.0 (Windows NT 10.0; Win64; x64) AppleWebKit/537.36 (KHTML, like Gecko) Chrome/114.0.0.0 Safari/537.36 Edg/114.0.1823.37 0.197
0:0:0:0:0:0:0:1 - - [07/Jun/2023:23:48:51 +0300] GET /api/am/publisher/v4/endpoint-certificates?endpoint=http%3A%2F%2Fdemo.localhost%3A8000%2Fcategories%2F%7Bstr%3A%20id%7D HTTP/1.1 200 100 https://localhost:9443/publisher/apis/719bdd0a-15a5-43cd-bc55-463d0c5cf80f/endpoints Mozilla/5.0 (Windows NT 10.0; Win64; x64) AppleWebKit/537.36 (KHTML, like Gecko) Chrome/114.0.0.0 Safari/537.36 Edg/114.0.1823.37 0.088
0:0:0:0:0:0:0:1 - - [07/Jun/2023:23:48:59 +0300] PUT /api/am/publisher/v4/apis/719bdd0a-15a5-43cd-bc55-463d0c5cf80f HTTP/1.1 200 1246 https://localhost:9443/publisher/apis/719bdd0a-15a5-43cd-bc55-463d0c5cf80f/endpoints Mozilla/5.0 (Windows NT 10.0; Win64; x64) AppleWebKit/537.36 (KHTML, like Gecko) Chrome/114.0.0.0 Safari/537.36 Edg/114.0.1823.37 0.234
0:0:0:0:0:0:0:1 - - [07/Jun/2023:23:49:00 +0300] GET /api/am/publisher/v4/endpoint-certificates?endpoint=http%3A%2F%2Fdemo.localhost%3A8000%2Fcategories%2F%7Bstr%3A%20id%7D HTTP/1.1 200 100 https://localhost:9443/publisher/apis/719bdd0a-15a5-43cd-bc55-463d0c5cf80f/endpoints Mozilla/5.0 (Windows NT 10.0; Win64; x64) AppleWebKit/537.36 (KHTML, like Gecko) Chrome/114.0.0.0 Safari/537.36 Edg/114.0.1823.37 0.005
0:0:0:0:0:0:0:1 - - [07/Jun/2023:23:49:00 +0300] GET /api/am/publisher/v4/apis/719bdd0a-15a5-43cd-bc55-463d0c5cf80f/swagger HTTP/1.1 200 710 https://localhost:9443/publisher/apis/719bdd0a-15a5-43cd-bc55-463d0c5cf80f/endpoints Mozilla/5.0 (Windows NT 10.0; Win64; x64) AppleWebKit/537.36 (KHTML, like Gecko) Chrome/114.0.0.0 Safari/537.36 Edg/114.0.1823.37 0.028
0:0:0:0:0:0:0:1 - - [07/Jun/2023:23:49:04 +0300] GET /api/am/publisher/v4/apis/719bdd0a-15a5-43cd-bc55-463d0c5cf80f/revisions?query=deployed%3Atrue HTTP/1.1 200 21 https://localhost:9443/publisher/apis/719bdd0a-15a5-43cd-bc55-463d0c5cf80f/overview Mozilla/5.0 (Windows NT 10.0; Win64; x64) AppleWebKit/537.36 (KHTML, like Gecko) Chrome/114.0.0.0 Safari/537.36 Edg/114.0.1823.37 0.006
0:0:0:0:0:0:0:1 - - [07/Jun/2023:23:49:04 +0300] GET /api/am/publisher/v4/apis/719bdd0a-15a5-43cd-bc55-463d0c5cf80f/swagger HTTP/1.1 200 710 https://localhost:9443/publisher/apis/719bdd0a-15a5-43cd-bc55-463d0c5cf80f/overview Mozilla/5.0 (Windows NT 10.0; Win64; x64) AppleWebKit/537.36 (KHTML, like Gecko) Chrome/114.0.0.0 Safari/537.36 Edg/114.0.1823.37 0.023
0:0:0:0:0:0:0:1 - - [07/Jun/2023:23:49:18 +0300] - 400 - - - 0.000
0:0:0:0:0:0:0:1 - - [07/Jun/2023:23:49:18 +0300] - 400 - - - 0.000
0:0:0:0:0:0:0:1 - - [07/Jun/2023:23:49:18 +0300] GET /api/am/publisher/v4/throttling-policies/api?limit=80 HTTP/1.1 200 395 https://localhost:9443/publisher/apis/719bdd0a-15a5-43cd-bc55-463d0c5cf80f/resources Mozilla/5.0 (Windows NT 10.0; Win64; x64) AppleWebKit/537.36 (KHTML, like Gecko) Chrome/114.0.0.0 Safari/537.36 Edg/114.0.1823.37 0.005
0:0:0:0:0:0:0:1 - - [07/Jun/2023:23:49:18 +0300] GET /api/am/publisher/v4/apis/719bdd0a-15a5-43cd-bc55-463d0c5cf80f/amznResourceNames HTTP/1.1 200 2 https://localhost:9443/publisher/apis/719bdd0a-15a5-43cd-bc55-463d0c5cf80f/resources Mozilla/5.0 (Windows NT 10.0; Win64; x64) AppleWebKit/537.36 (KHTML, like Gecko) Chrome/114.0.0.0 Safari/537.36 Edg/114.0.1823.37 0.032
0:0:0:0:0:0:0:1 - - [07/Jun/2023:23:49:18 +0300] GET /api/am/publisher/v4/scopes HTTP/1.1 200 92 https://localhost:9443/publisher/apis/719bdd0a-15a5-43cd-bc55-463d0c5cf80f/resources Mozilla/5.0 (Windows NT 10.0; Win64; x64) AppleWebKit/537.36 (KHTML, like Gecko) Chrome/114.0.0.0 Safari/537.36 Edg/114.0.1823.37 0.017
0:0:0:0:0:0:0:1 - - [07/Jun/2023:23:49:18 +0300] GET /api/am/publisher/v4/apis/719bdd0a-15a5-43cd-bc55-463d0c5cf80f/swagger HTTP/1.1 200 710 https://localhost:9443/publisher/apis/719bdd0a-15a5-43cd-bc55-463d0c5cf80f/resources Mozilla/5.0 (Windows NT 10.0; Win64; x64) AppleWebKit/537.36 (KHTML, like Gecko) Chrome/114.0.0.0 Safari/537.36 Edg/114.0.1823.37 0.050
0:0:0:0:0:0:0:1 - - [07/Jun/2023:23:50:24 +0300] - 400 - - - 0.000
0:0:0:0:0:0:0:1 - - [07/Jun/2023:23:50:24 +0300] GET /api/am/publisher/v4/apis/719bdd0a-15a5-43cd-bc55-463d0c5cf80f/swagger HTTP/1.1 200 710 https://localhost:9443/publisher/apis/719bdd0a-15a5-43cd-bc55-463d0c5cf80f/api%20definition Mozilla/5.0 (Windows NT 10.0; Win64; x64) AppleWebKit/537.36 (KHTML, like Gecko) Chrome/114.0.0.0 Safari/537.36 Edg/114.0.1823.37 0.190
0:0:0:0:0:0:0:1 - - [07/Jun/2023:23:50:24 +0300] - 400 - - - 0.000
0:0:0:0:0:0:0:1 - - [07/Jun/2023:23:50:24 +0300] GET /publisher/site/public/dist/editor.worker.js HTTP/1.1 200 1068 https://localhost:9443/publisher/apis/719bdd0a-15a5-43cd-bc55-463d0c5cf80f/api%20definition Mozilla/5.0 (Windows NT 10.0; Win64; x64) AppleWebKit/537.36 (KHTML, like Gecko) Chrome/114.0.0.0 Safari/537.36 Edg/114.0.1823.37 0.140
0:0:0:0:0:0:0:1 - - [07/Jun/2023:23:50:24 +0300] GET /publisher/site/public/dist/25.e813a2e047de17ca9b43.bundle.js HTTP/1.1 200 1340 https://localhost:9443/publisher/apis/719bdd0a-15a5-43cd-bc55-463d0c5cf80f/api%20definition Mozilla/5.0 (Windows NT 10.0; Win64; x64) AppleWebKit/537.36 (KHTML, like Gecko) Chrome/114.0.0.0 Safari/537.36 Edg/114.0.1823.37 0.112
0:0:0:0:0:0:0:1 - - [07/Jun/2023:23:50:25 +0300] GET /publisher/site/public/dist/b3726f0165bf67ac68494ee7a1b9f6ce.ttf HTTP/1.1 200 61024 https://localhost:9443/publisher/apis/9f738f54-0425-4e5d-b1a9-c9fe284c24f9/overview Mozilla/5.0 (Windows NT 10.0; Win64; x64) AppleWebKit/537.36 (KHTML, like Gecko) Chrome/114.0.0.0 Safari/537.36 Edg/114.0.1823.37 0.086
0:0:0:0:0:0:0:1 - - [07/Jun/2023:23:50:38 +0300] - 400 - - - 0.000
0:0:0:0:0:0:0:1 - - [07/Jun/2023:23:50:38 +0300] - 400 - - - 0.000
0:0:0:0:0:0:0:1 - - [07/Jun/2023:23:50:38 +0300] GET /api/am/publisher/v4/throttling-policies/api?limit=80 HTTP/1.1 200 395 https://localhost:9443/publisher/apis/719bdd0a-15a5-43cd-bc55-463d0c5cf80f/resources Mozilla/5.0 (Windows NT 10.0; Win64; x64) AppleWebKit/537.36 (KHTML, like Gecko) Chrome/114.0.0.0 Safari/537.36 Edg/114.0.1823.37 0.010
0:0:0:0:0:0:0:1 - - [07/Jun/2023:23:50:38 +0300] GET /api/am/publisher/v4/apis/719bdd0a-15a5-43cd-bc55-463d0c5cf80f/amznResourceNames HTTP/1.1 200 2 https://localhost:9443/publisher/apis/719bdd0a-15a5-43cd-bc55-463d0c5cf80f/resources Mozilla/5.0 (Windows NT 10.0; Win64; x64) AppleWebKit/537.36 (KHTML, like Gecko) Chrome/114.0.0.0 Safari/537.36 Edg/114.0.1823.37 0.036
0:0:0:0:0:0:0:1 - - [07/Jun/2023:23:50:38 +0300] GET /api/am/publisher/v4/scopes HTTP/1.1 200 92 https://localhost:9443/publisher/apis/719bdd0a-15a5-43cd-bc55-463d0c5cf80f/resources Mozilla/5.0 (Windows NT 10.0; Win64; x64) AppleWebKit/537.36 (KHTML, like Gecko) Chrome/114.0.0.0 Safari/537.36 Edg/114.0.1823.37 0.017
0:0:0:0:0:0:0:1 - - [07/Jun/2023:23:50:38 +0300] GET /api/am/publisher/v4/apis/719bdd0a-15a5-43cd-bc55-463d0c5cf80f/swagger HTTP/1.1 200 710 https://localhost:9443/publisher/apis/719bdd0a-15a5-43cd-bc55-463d0c5cf80f/resources Mozilla/5.0 (Windows NT 10.0; Win64; x64) AppleWebKit/537.36 (KHTML, like Gecko) Chrome/114.0.0.0 Safari/537.36 Edg/114.0.1823.37 0.056
0:0:0:0:0:0:0:1 - - [07/Jun/2023:23:51:38 +0300] PUT /api/am/publisher/v4/apis/719bdd0a-15a5-43cd-bc55-463d0c5cf80f/swagger HTTP/1.1 200 742 https://localhost:9443/publisher/apis/719bdd0a-15a5-43cd-bc55-463d0c5cf80f/resources Mozilla/5.0 (Windows NT 10.0; Win64; x64) AppleWebKit/537.36 (KHTML, like Gecko) Chrome/114.0.0.0 Safari/537.36 Edg/114.0.1823.37 0.242
0:0:0:0:0:0:0:1 - - [07/Jun/2023:23:51:39 +0300] GET /api/am/publisher/v4/apis/719bdd0a-15a5-43cd-bc55-463d0c5cf80f HTTP/1.1 200 1204 https://localhost:9443/publisher/apis/719bdd0a-15a5-43cd-bc55-463d0c5cf80f/resources Mozilla/5.0 (Windows NT 10.0; Win64; x64) AppleWebKit/537.36 (KHTML, like Gecko) Chrome/114.0.0.0 Safari/537.36 Edg/114.0.1823.37 0.087
0:0:0:0:0:0:0:1 - - [07/Jun/2023:23:51:46 +0300] - 400 - - - 0.000
0:0:0:0:0:0:0:1 - - [07/Jun/2023:23:51:46 +0300] GET /api/am/publisher/v4/apis/719bdd0a-15a5-43cd-bc55-463d0c5cf80f/revisions?query=deployed%3Atrue HTTP/1.1 200 21 https://localhost:9443/publisher/apis/719bdd0a-15a5-43cd-bc55-463d0c5cf80f/overview Mozilla/5.0 (Windows NT 10.0; Win64; x64) AppleWebKit/537.36 (KHTML, like Gecko) Chrome/114.0.0.0 Safari/537.36 Edg/114.0.1823.37 0.006
0:0:0:0:0:0:0:1 - - [07/Jun/2023:23:51:46 +0300] GET /api/am/publisher/v4/apis/719bdd0a-15a5-43cd-bc55-463d0c5cf80f/swagger HTTP/1.1 200 742 https://localhost:9443/publisher/apis/719bdd0a-15a5-43cd-bc55-463d0c5cf80f/overview Mozilla/5.0 (Windows NT 10.0; Win64; x64) AppleWebKit/537.36 (KHTML, like Gecko) Chrome/114.0.0.0 Safari/537.36 Edg/114.0.1823.37 0.032
0:0:0:0:0:0:0:1 - - [07/Jun/2023:23:52:10 +0300] GET /api/am/publisher/v4/apis/719bdd0a-15a5-43cd-bc55-463d0c5cf80f/asyncapi HTTP/1.1 200 - https://localhost:9443/publisher/apis/719bdd0a-15a5-43cd-bc55-463d0c5cf80f/deployments Mozilla/5.0 (Windows NT 10.0; Win64; x64) AppleWebKit/537.36 (KHTML, like Gecko) Chrome/114.0.0.0 Safari/537.36 Edg/114.0.1823.37 0.091
0:0:0:0:0:0:0:1 - - [07/Jun/2023:23:52:43 +0300] POST /api/am/publisher/v4/apis/719bdd0a-15a5-43cd-bc55-463d0c5cf80f/revisions HTTP/1.1 201 216 https://localhost:9443/publisher/apis/719bdd0a-15a5-43cd-bc55-463d0c5cf80f/deployments Mozilla/5.0 (Windows NT 10.0; Win64; x64) AppleWebKit/537.36 (KHTML, like Gecko) Chrome/114.0.0.0 Safari/537.36 Edg/114.0.1823.37 0.163
0:0:0:0:0:0:0:1 - - [07/Jun/2023:23:52:43 +0300] POST /api/am/publisher/v4/apis/719bdd0a-15a5-43cd-bc55-463d0c5cf80f/deploy-revision?revisionId=f0c429aa-7434-4af6-a386-0a0d4b9cac88 HTTP/1.1 201 176 https://localhost:9443/publisher/apis/719bdd0a-15a5-43cd-bc55-463d0c5cf80f/deployments Mozilla/5.0 (Windows NT 10.0; Win64; x64) AppleWebKit/537.36 (KHTML, like Gecko) Chrome/114.0.0.0 Safari/537.36 Edg/114.0.1823.37 0.032
0:0:0:0:0:0:0:1 - - [07/Jun/2023:23:52:44 +0300] - 400 - - - 0.000
0:0:0:0:0:0:0:1 - - [07/Jun/2023:23:52:44 +0300] GET /api/am/publisher/v4/apis/719bdd0a-15a5-43cd-bc55-463d0c5cf80f/revisions HTTP/1.1 200 411 https://localhost:9443/publisher/apis/719bdd0a-15a5-43cd-bc55-463d0c5cf80f/deployments Mozilla/5.0 (Windows NT 10.0; Win64; x64) AppleWebKit/537.36 (KHTML, like Gecko) Chrome/114.0.0.0 Safari/537.36 Edg/114.0.1823.37 0.077
0:0:0:0:0:0:0:1 - - [07/Jun/2023:23:52:44 +0300] GET /api/am/publisher/v4/apis/719bdd0a-15a5-43cd-bc55-463d0c5cf80f/revisions?query=deployed%3Atrue HTTP/1.1 200 411 https://localhost:9443/publisher/apis/719bdd0a-15a5-43cd-bc55-463d0c5cf80f/deployments Mozilla/5.0 (Windows NT 10.0; Win64; x64) AppleWebKit/537.36 (KHTML, like Gecko) Chrome/114.0.0.0 Safari/537.36 Edg/114.0.1823.37 0.021
0:0:0:0:0:0:0:1 - - [07/Jun/2023:23:52:44 +0300] GET /api/am/publisher/v4/apis/719bdd0a-15a5-43cd-bc55-463d0c5cf80f/asyncapi HTTP/1.1 200 - https://localhost:9443/publisher/apis/719bdd0a-15a5-43cd-bc55-463d0c5cf80f/deployments Mozilla/5.0 (Windows NT 10.0; Win64; x64) AppleWebKit/537.36 (KHTML, like Gecko) Chrome/114.0.0.0 Safari/537.36 Edg/114.0.1823.37 0.104
0:0:0:0:0:0:0:1 - - [07/Jun/2023:23:52:44 +0300] GET /api/am/publisher/v4/apis/719bdd0a-15a5-43cd-bc55-463d0c5cf80f/asyncapi HTTP/1.1 200 - https://localhost:9443/publisher/apis/719bdd0a-15a5-43cd-bc55-463d0c5cf80f/deployments Mozilla/5.0 (Windows NT 10.0; Win64; x64) AppleWebKit/537.36 (KHTML, like Gecko) Chrome/114.0.0.0 Safari/537.36 Edg/114.0.1823.37 0.033
0:0:0:0:0:0:0:1 - - [07/Jun/2023:23:52:45 +0300] GET /api/am/publisher/v4/apis/719bdd0a-15a5-43cd-bc55-463d0c5cf80f/asyncapi HTTP/1.1 200 - https://localhost:9443/publisher/apis/719bdd0a-15a5-43cd-bc55-463d0c5cf80f/deployments Mozilla/5.0 (Windows NT 10.0; Win64; x64) AppleWebKit/537.36 (KHTML, like Gecko) Chrome/114.0.0.0 Safari/537.36 Edg/114.0.1823.37 0.019
0:0:0:0:0:0:0:1 - - [07/Jun/2023:23:52:58 +0300] GET /api/am/publisher/v4/apis/719bdd0a-15a5-43cd-bc55-463d0c5cf80f/revisions?query=deployed%3Atrue HTTP/1.1 200 411 https://localhost:9443/publisher/apis/719bdd0a-15a5-43cd-bc55-463d0c5cf80f/overview Mozilla/5.0 (Windows NT 10.0; Win64; x64) AppleWebKit/537.36 (KHTML, like Gecko) Chrome/114.0.0.0 Safari/537.36 Edg/114.0.1823.37 0.009
0:0:0:0:0:0:0:1 - - [07/Jun/2023:23:52:58 +0300] GET /api/am/publisher/v4/apis/719bdd0a-15a5-43cd-bc55-463d0c5cf80f/swagger HTTP/1.1 200 742 https://localhost:9443/publisher/apis/719bdd0a-15a5-43cd-bc55-463d0c5cf80f/overview Mozilla/5.0 (Windows NT 10.0; Win64; x64) AppleWebKit/537.36 (KHTML, like Gecko) Chrome/114.0.0.0 Safari/537.36 Edg/114.0.1823.37 0.040
0:0:0:0:0:0:0:1 - - [07/Jun/2023:23:53:02 +0300] POST /api/am/publisher/v4/apis/change-lifecycle?action=Publish&apiId=719bdd0a-15a5-43cd-bc55-463d0c5cf80f HTTP/1.1 200 300 https://localhost:9443/publisher/apis/719bdd0a-15a5-43cd-bc55-463d0c5cf80f/overview Mozilla/5.0 (Windows NT 10.0; Win64; x64) AppleWebKit/537.36 (KHTML, like Gecko) Chrome/114.0.0.0 Safari/537.36 Edg/114.0.1823.37 0.155
0:0:0:0:0:0:0:1 - - [07/Jun/2023:23:53:02 +0300] GET /api/am/publisher/v4/apis/719bdd0a-15a5-43cd-bc55-463d0c5cf80f HTTP/1.1 200 1202 https://localhost:9443/publisher/apis/719bdd0a-15a5-43cd-bc55-463d0c5cf80f/overview Mozilla/5.0 (Windows NT 10.0; Win64; x64) AppleWebKit/537.36 (KHTML, like Gecko) Chrome/114.0.0.0 Safari/537.36 Edg/114.0.1823.37 0.022
0:0:0:0:0:0:0:1 - - [07/Jun/2023:23:53:02 +0300] GET /api/am/publisher/v4/apis/719bdd0a-15a5-43cd-bc55-463d0c5cf80f/revisions?query=deployed%3Atrue HTTP/1.1 200 411 https://localhost:9443/publisher/apis/719bdd0a-15a5-43cd-bc55-463d0c5cf80f/overview Mozilla/5.0 (Windows NT 10.0; Win64; x64) AppleWebKit/537.36 (KHTML, like Gecko) Chrome/114.0.0.0 Safari/537.36 Edg/114.0.1823.37 0.006
0:0:0:0:0:0:0:1 - - [07/Jun/2023:23:53:02 +0300] GET /api/am/publisher/v4/apis/719bdd0a-15a5-43cd-bc55-463d0c5cf80f/swagger HTTP/1.1 200 742 https://localhost:9443/publisher/apis/719bdd0a-15a5-43cd-bc55-463d0c5cf80f/overview Mozilla/5.0 (Windows NT 10.0; Win64; x64) AppleWebKit/537.36 (KHTML, like Gecko) Chrome/114.0.0.0 Safari/537.36 Edg/114.0.1823.37 0.116
0:0:0:0:0:0:0:1 - - [07/Jun/2023:23:53:04 +0300] GET /devportal/apis/719bdd0a-15a5-43cd-bc55-463d0c5cf80f/overview HTTP/1.1 200 1691 - Mozilla/5.0 (Windows NT 10.0; Win64; x64) AppleWebKit/537.36 (KHTML, like Gecko) Chrome/114.0.0.0 Safari/537.36 Edg/114.0.1823.37 0.018
0:0:0:0:0:0:0:1 - - [07/Jun/2023:23:53:05 +0300] GET /devportal/site/public/theme/userTheme.js HTTP/1.1 200 96 https://localhost:9443/devportal/apis/719bdd0a-15a5-43cd-bc55-463d0c5cf80f/overview Mozilla/5.0 (Windows NT 10.0; Win64; x64) AppleWebKit/537.36 (KHTML, like Gecko) Chrome/114.0.0.0 Safari/537.36 Edg/114.0.1823.37 0.016
0:0:0:0:0:0:0:1 - - [07/Jun/2023:23:53:05 +0300] GET /devportal/site/public/fonts/iconfont/material-icons.css HTTP/1.1 200 970 https://localhost:9443/devportal/apis/719bdd0a-15a5-43cd-bc55-463d0c5cf80f/overview Mozilla/5.0 (Windows NT 10.0; Win64; x64) AppleWebKit/537.36 (KHTML, like Gecko) Chrome/114.0.0.0 Safari/537.36 Edg/114.0.1823.37 0.006
0:0:0:0:0:0:0:1 - - [07/Jun/2023:23:53:05 +0300] GET /devportal/site/public/css/main.css HTTP/1.1 200 2092 https://localhost:9443/devportal/apis/719bdd0a-15a5-43cd-bc55-463d0c5cf80f/overview Mozilla/5.0 (Windows NT 10.0; Win64; x64) AppleWebKit/537.36 (KHTML, like Gecko) Chrome/114.0.0.0 Safari/537.36 Edg/114.0.1823.37 0.024
0:0:0:0:0:0:0:1 - - [07/Jun/2023:23:53:05 +0300] GET /devportal/site/public/css/overrides.css HTTP/1.1 200 - https://localhost:9443/devportal/apis/719bdd0a-15a5-43cd-bc55-463d0c5cf80f/overview Mozilla/5.0 (Windows NT 10.0; Win64; x64) AppleWebKit/537.36 (KHTML, like Gecko) Chrome/114.0.0.0 Safari/537.36 Edg/114.0.1823.37 0.004
0:0:0:0:0:0:0:1 - - [07/Jun/2023:23:53:05 +0300] GET /devportal/site/public/fonts/iconfont/MaterialIcons.js HTTP/1.1 200 6703 https://localhost:9443/devportal/apis/719bdd0a-15a5-43cd-bc55-463d0c5cf80f/overview Mozilla/5.0 (Windows NT 10.0; Win64; x64) AppleWebKit/537.36 (KHTML, like Gecko) Chrome/114.0.0.0 Safari/537.36 Edg/114.0.1823.37 0.010
0:0:0:0:0:0:0:1 - - [07/Jun/2023:23:53:05 +0300] GET /devportal/services/settings/settings.js HTTP/1.1 200 1474 https://localhost:9443/devportal/apis/719bdd0a-15a5-43cd-bc55-463d0c5cf80f/overview Mozilla/5.0 (Windows NT 10.0; Win64; x64) AppleWebKit/537.36 (KHTML, like Gecko) Chrome/114.0.0.0 Safari/537.36 Edg/114.0.1823.37 0.010
0:0:0:0:0:0:0:1 - - [07/Jun/2023:23:53:05 +0300] - 400 - - - 0.000
0:0:0:0:0:0:0:1 - - [07/Jun/2023:23:53:05 +0300] - 400 - - - 0.000
0:0:0:0:0:0:0:1 - - [07/Jun/2023:23:53:05 +0300] - 400 - - - 0.000
0:0:0:0:0:0:0:1 - - [07/Jun/2023:23:53:05 +0300] GET /devportal/site/public/dist/index.e79b6b708401484695fc.bundle.js HTTP/1.1 200 271108 https://localhost:9443/devportal/apis/719bdd0a-15a5-43cd-bc55-463d0c5cf80f/overview Mozilla/5.0 (Windows NT 10.0; Win64; x64) AppleWebKit/537.36 (KHTML, like Gecko) Chrome/114.0.0.0 Safari/537.36 Edg/114.0.1823.37 0.094
0:0:0:0:0:0:0:1 - - [07/Jun/2023:23:53:05 +0300] GET /devportal/site/public/locales/en.json HTTP/1.1 200 57092 https://localhost:9443/devportal/apis/719bdd0a-15a5-43cd-bc55-463d0c5cf80f/overview Mozilla/5.0 (Windows NT 10.0; Win64; x64) AppleWebKit/537.36 (KHTML, like Gecko) Chrome/114.0.0.0 Safari/537.36 Edg/114.0.1823.37 0.009
0:0:0:0:0:0:0:1 - - [07/Jun/2023:23:53:05 +0300] GET /devportal/site/public/images/_favicon.ico HTTP/1.1 200 1150 https://localhost:9443/devportal/apis/719bdd0a-15a5-43cd-bc55-463d0c5cf80f/overview Mozilla/5.0 (Windows NT 10.0; Win64; x64) AppleWebKit/537.36 (KHTML, like Gecko) Chrome/114.0.0.0 Safari/537.36 Edg/114.0.1823.37 0.004
0:0:0:0:0:0:0:1 - - [07/Jun/2023:23:53:05 +0300] GET /api/am/devportal/v3/swagger.yaml HTTP/1.1 200 26878 https://localhost:9443/devportal/apis/719bdd0a-15a5-43cd-bc55-463d0c5cf80f/overview Mozilla/5.0 (Windows NT 10.0; Win64; x64) AppleWebKit/537.36 (KHTML, like Gecko) Chrome/114.0.0.0 Safari/537.36 Edg/114.0.1823.37 0.089
0:0:0:0:0:0:0:1 - - [07/Jun/2023:23:53:06 +0300] GET /api/am/devportal/v3/settings HTTP/1.1 200 915 https://localhost:9443/devportal/apis/719bdd0a-15a5-43cd-bc55-463d0c5cf80f/overview Mozilla/5.0 (Windows NT 10.0; Win64; x64) AppleWebKit/537.36 (KHTML, like Gecko) Chrome/114.0.0.0 Safari/537.36 Edg/114.0.1823.37 0.598
0:0:0:0:0:0:0:1 - - [07/Jun/2023:23:53:06 +0300] GET /devportal/site/public/dist/ProtectedApp.42893a52cd015332b409.bundle.js HTTP/1.1 200 70963 https://localhost:9443/devportal/apis/719bdd0a-15a5-43cd-bc55-463d0c5cf80f/overview Mozilla/5.0 (Windows NT 10.0; Win64; x64) AppleWebKit/537.36 (KHTML, like Gecko) Chrome/114.0.0.0 Safari/537.36 Edg/114.0.1823.37 0.025
0:0:0:0:0:0:0:1 - - [07/Jun/2023:23:53:06 +0300] GET /devportal/site/public/dist/vendors~ProtectedApp.018eeb6bd33ca37011cd.bundle.js HTTP/1.1 200 126488 https://localhost:9443/devportal/apis/719bdd0a-15a5-43cd-bc55-463d0c5cf80f/overview Mozilla/5.0 (Windows NT 10.0; Win64; x64) AppleWebKit/537.36 (KHTML, like Gecko) Chrome/114.0.0.0 Safari/537.36 Edg/114.0.1823.37 0.057
0:0:0:0:0:0:0:1 - - [07/Jun/2023:23:53:06 +0300] GET /devportal/site/public/theme/temporary_environments_config.json HTTP/1.1 200 - https://localhost:9443/devportal/apis/719bdd0a-15a5-43cd-bc55-463d0c5cf80f/overview Mozilla/5.0 (Windows NT 10.0; Win64; x64) AppleWebKit/537.36 (KHTML, like Gecko) Chrome/114.0.0.0 Safari/537.36 Edg/114.0.1823.37 0.004
0:0:0:0:0:0:0:1 - - [07/Jun/2023:23:53:06 +0300] GET /devportal/site/public/theme/temporary_features_config.json HTTP/1.1 200 - https://localhost:9443/devportal/apis/719bdd0a-15a5-43cd-bc55-463d0c5cf80f/overview Mozilla/5.0 (Windows NT 10.0; Win64; x64) AppleWebKit/537.36 (KHTML, like Gecko) Chrome/114.0.0.0 Safari/537.36 Edg/114.0.1823.37 0.008
0:0:0:0:0:0:0:1 - - [07/Jun/2023:23:53:06 +0300] GET /api/am/devportal/v3/tenants?state=active HTTP/1.1 200 96 https://localhost:9443/devportal/apis/719bdd0a-15a5-43cd-bc55-463d0c5cf80f/overview Mozilla/5.0 (Windows NT 10.0; Win64; x64) AppleWebKit/537.36 (KHTML, like Gecko) Chrome/114.0.0.0 Safari/537.36 Edg/114.0.1823.37 0.040
0:0:0:0:0:0:0:1 - - [07/Jun/2023:23:53:06 +0300] - 400 - - - 0.000
0:0:0:0:0:0:0:1 - - [07/Jun/2023:23:53:06 +0300] - 400 - - - 0.000
0:0:0:0:0:0:0:1 - - [07/Jun/2023:23:53:06 +0300] - 400 - - - 0.000
0:0:0:0:0:0:0:1 - - [07/Jun/2023:23:53:06 +0300] GET /oidc/checksession?client_id=PWfgQzPGHoxzOjpmoCalMGNtF2Ia&redirect_uri=https://localhost:9443/devportal/services/auth/callback/login HTTP/1.1 200 3134 https://localhost:9443/devportal/apis/719bdd0a-15a5-43cd-bc55-463d0c5cf80f/overview Mozilla/5.0 (Windows NT 10.0; Win64; x64) AppleWebKit/537.36 (KHTML, like Gecko) Chrome/114.0.0.0 Safari/537.36 Edg/114.0.1823.37 0.003
0:0:0:0:0:0:0:1 - - [07/Jun/2023:23:53:06 +0300] GET /devportal/site/public/dist/vendors~Apis~Landing.e9d0b010bafc4e7686f8.bundle.js HTTP/1.1 200 4090 https://localhost:9443/devportal/apis/719bdd0a-15a5-43cd-bc55-463d0c5cf80f/overview Mozilla/5.0 (Windows NT 10.0; Win64; x64) AppleWebKit/537.36 (KHTML, like Gecko) Chrome/114.0.0.0 Safari/537.36 Edg/114.0.1823.37 0.023
0:0:0:0:0:0:0:1 - - [07/Jun/2023:23:53:06 +0300] GET /devportal/site/public/dist/vendors~ApiListing~Apis~ApplicationDetails.720bc2e40480316deaca.bundle.js HTTP/1.1 200 3839 https://localhost:9443/devportal/apis/719bdd0a-15a5-43cd-bc55-463d0c5cf80f/overview Mozilla/5.0 (Windows NT 10.0; Win64; x64) AppleWebKit/537.36 (KHTML, like Gecko) Chrome/114.0.0.0 Safari/537.36 Edg/114.0.1823.37 0.027
0:0:0:0:0:0:0:1 - - [07/Jun/2023:23:53:06 +0300] GET /devportal/site/public/dist/Apis~Landing.44f03df4105c342867a1.bundle.js HTTP/1.1 200 6722 https://localhost:9443/devportal/apis/719bdd0a-15a5-43cd-bc55-463d0c5cf80f/overview Mozilla/5.0 (Windows NT 10.0; Win64; x64) AppleWebKit/537.36 (KHTML, like Gecko) Chrome/114.0.0.0 Safari/537.36 Edg/114.0.1823.37 0.020
0:0:0:0:0:0:0:1 - - [07/Jun/2023:23:53:06 +0300] GET /devportal/site/public/images/logo.svg HTTP/1.1 200 74991 https://localhost:9443/devportal/apis/719bdd0a-15a5-43cd-bc55-463d0c5cf80f/overview Mozilla/5.0 (Windows NT 10.0; Win64; x64) AppleWebKit/537.36 (KHTML, like Gecko) Chrome/114.0.0.0 Safari/537.36 Edg/114.0.1823.37 0.011
0:0:0:0:0:0:0:1 - - [07/Jun/2023:23:53:06 +0300] GET /devportal HTTP/1.1 302 - https://localhost:9443/devportal/apis/719bdd0a-15a5-43cd-bc55-463d0c5cf80f/overview Mozilla/5.0 (Windows NT 10.0; Win64; x64) AppleWebKit/537.36 (KHTML, like Gecko) Chrome/114.0.0.0 Safari/537.36 Edg/114.0.1823.37 0.000
0:0:0:0:0:0:0:1 - - [07/Jun/2023:23:53:06 +0300] GET /devportal/site/public/images/appbarBack.png HTTP/1.1 200 1964 https://localhost:9443/devportal/apis/719bdd0a-15a5-43cd-bc55-463d0c5cf80f/overview Mozilla/5.0 (Windows NT 10.0; Win64; x64) AppleWebKit/537.36 (KHTML, like Gecko) Chrome/114.0.0.0 Safari/537.36 Edg/114.0.1823.37 0.013
0:0:0:0:0:0:0:1 - - [07/Jun/2023:23:53:06 +0300] GET /devportal/site/public/dist/Apis.800351a0eb878c789ea9.bundle.js HTTP/1.1 200 25570 https://localhost:9443/devportal/apis/719bdd0a-15a5-43cd-bc55-463d0c5cf80f/overview Mozilla/5.0 (Windows NT 10.0; Win64; x64) AppleWebKit/537.36 (KHTML, like Gecko) Chrome/114.0.0.0 Safari/537.36 Edg/114.0.1823.37 0.045
0:0:0:0:0:0:0:1 - - [07/Jun/2023:23:53:06 +0300] GET /devportal/site/public/dist/vendors~Apis.3a6169883ec8c6c5366d.bundle.js HTTP/1.1 200 87282 https://localhost:9443/devportal/apis/719bdd0a-15a5-43cd-bc55-463d0c5cf80f/overview Mozilla/5.0 (Windows NT 10.0; Win64; x64) AppleWebKit/537.36 (KHTML, like Gecko) Chrome/114.0.0.0 Safari/537.36 Edg/114.0.1823.37 0.077
0:0:0:0:0:0:0:1 - - [07/Jun/2023:23:53:06 +0300] GET /devportal/site/public/fonts/Open_Sans/mem8YaGs126MiZpBA-UFVZ0bf8pkAg.woff2 HTTP/1.1 200 8892 https://localhost:9443/devportal/site/public/css/main.css Mozilla/5.0 (Windows NT 10.0; Win64; x64) AppleWebKit/537.36 (KHTML, like Gecko) Chrome/114.0.0.0 Safari/537.36 Edg/114.0.1823.37 0.018
0:0:0:0:0:0:0:1 - - [07/Jun/2023:23:53:06 +0300] GET /devportal/site/public/fonts/Open_Sans/mem5YaGs126MiZpBA-UN7rgOUuhpKKSTjw.woff2 HTTP/1.1 200 8800 https://localhost:9443/devportal/site/public/css/main.css Mozilla/5.0 (Windows NT 10.0; Win64; x64) AppleWebKit/537.36 (KHTML, like Gecko) Chrome/114.0.0.0 Safari/537.36 Edg/114.0.1823.37 0.043
0:0:0:0:0:0:0:1 - - [07/Jun/2023:23:53:06 +0300] GET /devportal/site/public/fonts/iconfont/MaterialIcons-Regular.woff2 HTTP/1.1 200 60840 https://localhost:9443/devportal/site/public/fonts/iconfont/material-icons.css Mozilla/5.0 (Windows NT 10.0; Win64; x64) AppleWebKit/537.36 (KHTML, like Gecko) Chrome/114.0.0.0 Safari/537.36 Edg/114.0.1823.37 0.072
0:0:0:0:0:0:0:1 - - [07/Jun/2023:23:53:06 +0300] GET /devportal/ HTTP/1.1 200 1691 https://localhost:9443/devportal/apis/719bdd0a-15a5-43cd-bc55-463d0c5cf80f/overview Mozilla/5.0 (Windows NT 10.0; Win64; x64) AppleWebKit/537.36 (KHTML, like Gecko) Chrome/114.0.0.0 Safari/537.36 Edg/114.0.1823.37 0.032
0:0:0:0:0:0:0:1 - - [07/Jun/2023:23:53:06 +0300] GET /api/am/devportal/v3/applications?limit=5000 HTTP/1.1 200 421 https://localhost:9443/devportal/apis/719bdd0a-15a5-43cd-bc55-463d0c5cf80f/overview Mozilla/5.0 (Windows NT 10.0; Win64; x64) AppleWebKit/537.36 (KHTML, like Gecko) Chrome/114.0.0.0 Safari/537.36 Edg/114.0.1823.37 0.054
0:0:0:0:0:0:0:1 - - [07/Jun/2023:23:53:06 +0300] GET /api/am/devportal/v3/subscriptions?apiId=719bdd0a-15a5-43cd-bc55-463d0c5cf80f&limit=5000 HTTP/1.1 200 94 https://localhost:9443/devportal/apis/719bdd0a-15a5-43cd-bc55-463d0c5cf80f/overview Mozilla/5.0 (Windows NT 10.0; Win64; x64) AppleWebKit/537.36 (KHTML, like Gecko) Chrome/114.0.0.0 Safari/537.36 Edg/114.0.1823.37 0.066
0:0:0:0:0:0:0:1 - - [07/Jun/2023:23:53:06 +0300] GET /api/am/devportal/v3/subscriptions?apiId=719bdd0a-15a5-43cd-bc55-463d0c5cf80f&limit=25 HTTP/1.1 200 92 https://localhost:9443/devportal/apis/719bdd0a-15a5-43cd-bc55-463d0c5cf80f/overview Mozilla/5.0 (Windows NT 10.0; Win64; x64) AppleWebKit/537.36 (KHTML, like Gecko) Chrome/114.0.0.0 Safari/537.36 Edg/114.0.1823.37 0.096
0:0:0:0:0:0:0:1 - - [07/Jun/2023:23:53:06 +0300] GET /devportal/site/public/dist/vendors~APIComments~APIOverview~ApplicationDetails.9553ed9b23431ac21302.bundle.js HTTP/1.1 200 5490 https://localhost:9443/devportal/apis/719bdd0a-15a5-43cd-bc55-463d0c5cf80f/overview Mozilla/5.0 (Windows NT 10.0; Win64; x64) AppleWebKit/537.36 (KHTML, like Gecko) Chrome/114.0.0.0 Safari/537.36 Edg/114.0.1823.37 0.016
0:0:0:0:0:0:0:1 - - [07/Jun/2023:23:53:06 +0300] GET /devportal/site/public/dist/vendors~APIDocuments~APIOverview.f394ac01608a94b6dd74.bundle.js HTTP/1.1 200 34374 https://localhost:9443/devportal/apis/719bdd0a-15a5-43cd-bc55-463d0c5cf80f/overview Mozilla/5.0 (Windows NT 10.0; Win64; x64) AppleWebKit/537.36 (KHTML, like Gecko) Chrome/114.0.0.0 Safari/537.36 Edg/114.0.1823.37 0.037
0:0:0:0:0:0:0:1 - - [07/Jun/2023:23:53:06 +0300] GET /devportal/site/public/dist/vendors~APIOverview~MDReactMarkdown.c8e68cd152f6972597f4.bundle.js HTTP/1.1 200 23172 https://localhost:9443/devportal/apis/719bdd0a-15a5-43cd-bc55-463d0c5cf80f/overview Mozilla/5.0 (Windows NT 10.0; Win64; x64) AppleWebKit/537.36 (KHTML, like Gecko) Chrome/114.0.0.0 Safari/537.36 Edg/114.0.1823.37 0.038
0:0:0:0:0:0:0:1 - - [07/Jun/2023:23:53:06 +0300] GET /devportal/site/public/images/leftMenuBack.png HTTP/1.1 200 5308 https://localhost:9443/devportal/apis/719bdd0a-15a5-43cd-bc55-463d0c5cf80f/overview Mozilla/5.0 (Windows NT 10.0; Win64; x64) AppleWebKit/537.36 (KHTML, like Gecko) Chrome/114.0.0.0 Safari/537.36 Edg/114.0.1823.37 0.044
0:0:0:0:0:0:0:1 - - [07/Jun/2023:23:53:06 +0300] GET /devportal/site/public/dist/APIOverview.9b9a6e01add6e880d662.bundle.js HTTP/1.1 200 20063 https://localhost:9443/devportal/apis/719bdd0a-15a5-43cd-bc55-463d0c5cf80f/overview Mozilla/5.0 (Windows NT 10.0; Win64; x64) AppleWebKit/537.36 (KHTML, like Gecko) Chrome/114.0.0.0 Safari/537.36 Edg/114.0.1823.37 0.053
0:0:0:0:0:0:0:1 - - [07/Jun/2023:23:53:06 +0300] GET /api/am/devportal/v3/apis/719bdd0a-15a5-43cd-bc55-463d0c5cf80f HTTP/1.1 200 1085 https://localhost:9443/devportal/apis/719bdd0a-15a5-43cd-bc55-463d0c5cf80f/overview Mozilla/5.0 (Windows NT 10.0; Win64; x64) AppleWebKit/537.36 (KHTML, like Gecko) Chrome/114.0.0.0 Safari/537.36 Edg/114.0.1823.37 0.197
0:0:0:0:0:0:0:1 - - [07/Jun/2023:23:53:07 +0300] GET /devportal/site/public/dist/vendors~APIConsole~APIDocuments~APIOverview.351585fe0b19dbf2f65f.bundle.js HTTP/1.1 200 224002 https://localhost:9443/devportal/apis/719bdd0a-15a5-43cd-bc55-463d0c5cf80f/overview Mozilla/5.0 (Windows NT 10.0; Win64; x64) AppleWebKit/537.36 (KHTML, like Gecko) Chrome/114.0.0.0 Safari/537.36 Edg/114.0.1823.37 0.079
0:0:0:0:0:0:0:1 - - [07/Jun/2023:23:53:07 +0300] GET /api/am/devportal/v3/throttling-policies/subscription HTTP/1.1 200 634 https://localhost:9443/devportal/apis/719bdd0a-15a5-43cd-bc55-463d0c5cf80f/overview Mozilla/5.0 (Windows NT 10.0; Win64; x64) AppleWebKit/537.36 (KHTML, like Gecko) Chrome/114.0.0.0 Safari/537.36 Edg/114.0.1823.37 0.017
0:0:0:0:0:0:0:1 - - [07/Jun/2023:23:53:07 +0300] GET /api/am/devportal/v3/throttling-policies/subscription HTTP/1.1 200 634 https://localhost:9443/devportal/apis/719bdd0a-15a5-43cd-bc55-463d0c5cf80f/overview Mozilla/5.0 (Windows NT 10.0; Win64; x64) AppleWebKit/537.36 (KHTML, like Gecko) Chrome/114.0.0.0 Safari/537.36 Edg/114.0.1823.37 0.009
0:0:0:0:0:0:0:1 - - [07/Jun/2023:23:53:07 +0300] GET /api/am/devportal/v3/apis/719bdd0a-15a5-43cd-bc55-463d0c5cf80f/documents HTTP/1.1 200 92 https://localhost:9443/devportal/apis/719bdd0a-15a5-43cd-bc55-463d0c5cf80f/overview Mozilla/5.0 (Windows NT 10.0; Win64; x64) AppleWebKit/537.36 (KHTML, like Gecko) Chrome/114.0.0.0 Safari/537.36 Edg/114.0.1823.37 0.036
0:0:0:0:0:0:0:1 - - [07/Jun/2023:23:53:07 +0300] GET /api/am/devportal/v3/apis/719bdd0a-15a5-43cd-bc55-463d0c5cf80f/ratings HTTP/1.1 200 125 https://localhost:9443/devportal/apis/719bdd0a-15a5-43cd-bc55-463d0c5cf80f/overview Mozilla/5.0 (Windows NT 10.0; Win64; x64) AppleWebKit/537.36 (KHTML, like Gecko) Chrome/114.0.0.0 Safari/537.36 Edg/114.0.1823.37 0.033
0:0:0:0:0:0:0:1 - - [07/Jun/2023:23:53:07 +0300] GET /api/am/devportal/v3/apis/719bdd0a-15a5-43cd-bc55-463d0c5cf80f/thumbnail HTTP/1.1 204 - https://localhost:9443/devportal/apis/719bdd0a-15a5-43cd-bc55-463d0c5cf80f/overview Mozilla/5.0 (Windows NT 10.0; Win64; x64) AppleWebKit/537.36 (KHTML, like Gecko) Chrome/114.0.0.0 Safari/537.36 Edg/114.0.1823.37 0.064
0:0:0:0:0:0:0:1 - - [07/Jun/2023:23:53:07 +0300] GET /api/am/devportal/v3/apis/719bdd0a-15a5-43cd-bc55-463d0c5cf80f/documents HTTP/1.1 200 92 https://localhost:9443/devportal/apis/719bdd0a-15a5-43cd-bc55-463d0c5cf80f/overview Mozilla/5.0 (Windows NT 10.0; Win64; x64) AppleWebKit/537.36 (KHTML, like Gecko) Chrome/114.0.0.0 Safari/537.36 Edg/114.0.1823.37 0.197
0:0:0:0:0:0:0:1 - - [07/Jun/2023:23:53:07 +0300] GET /api/am/devportal/v3/apis/719bdd0a-15a5-43cd-bc55-463d0c5cf80f/comments?limit=5&offset=0 HTTP/1.1 200 101 https://localhost:9443/devportal/apis/719bdd0a-15a5-43cd-bc55-463d0c5cf80f/overview Mozilla/5.0 (Windows NT 10.0; Win64; x64) AppleWebKit/537.36 (KHTML, like Gecko) Chrome/114.0.0.0 Safari/537.36 Edg/114.0.1823.37 0.104
127.0.0.1 - - [07/Jun/2023:23:53:10 +0300] GET /oauth2/token/.well-known/openid-configuration HTTP/1.1 200 2395 - Apache-HttpClient/4.5.13 (Java/20.0.1) 0.014
0:0:0:0:0:0:0:1 - - [07/Jun/2023:23:53:10 +0300] GET /api/am/devportal/v3/key-managers HTTP/1.1 200 763 https://localhost:9443/devportal/apis/719bdd0a-15a5-43cd-bc55-463d0c5cf80f/overview Mozilla/5.0 (Windows NT 10.0; Win64; x64) AppleWebKit/537.36 (KHTML, like Gecko) Chrome/114.0.0.0 Safari/537.36 Edg/114.0.1823.37 0.053
0:0:0:0:0:0:0:1 - - [07/Jun/2023:23:53:10 +0300] GET /api/am/devportal/v3/swagger.yaml HTTP/1.1 200 26878 https://localhost:9443/devportal/apis/719bdd0a-15a5-43cd-bc55-463d0c5cf80f/overview Mozilla/5.0 (Windows NT 10.0; Win64; x64) AppleWebKit/537.36 (KHTML, like Gecko) Chrome/114.0.0.0 Safari/537.36 Edg/114.0.1823.37 0.017
127.0.0.1 - - [07/Jun/2023:23:53:11 +0300] GET /keymanager-operations/dcr/register/TGZpV3p4VXdQRUhQZEg5cFMybU9TR2JTbkh3YQ%3D%3D HTTP/1.1 200 720 - Apache-HttpClient/4.5.13 (Java/20.0.1) 0.005
0:0:0:0:0:0:0:1 - - [07/Jun/2023:23:53:11 +0300] GET /api/am/devportal/v3/applications/4354f62c-1300-46d2-b8ea-b9414304335c HTTP/1.1 200 381 https://localhost:9443/devportal/apis/719bdd0a-15a5-43cd-bc55-463d0c5cf80f/overview Mozilla/5.0 (Windows NT 10.0; Win64; x64) AppleWebKit/537.36 (KHTML, like Gecko) Chrome/114.0.0.0 Safari/537.36 Edg/114.0.1823.37 0.030
127.0.0.1 - - [07/Jun/2023:23:53:11 +0300] GET /keymanager-operations/dcr/register/TGZpV3p4VXdQRUhQZEg5cFMybU9TR2JTbkh3YQ%3D%3D HTTP/1.1 200 720 - Apache-HttpClient/4.5.13 (Java/20.0.1) 0.007
0:0:0:0:0:0:0:1 - - [07/Jun/2023:23:53:11 +0300] GET /api/am/devportal/v3/applications/4354f62c-1300-46d2-b8ea-b9414304335c/oauth-keys HTTP/1.1 200 868 https://localhost:9443/devportal/apis/719bdd0a-15a5-43cd-bc55-463d0c5cf80f/overview Mozilla/5.0 (Windows NT 10.0; Win64; x64) AppleWebKit/537.36 (KHTML, like Gecko) Chrome/114.0.0.0 Safari/537.36 Edg/114.0.1823.37 0.015
127.0.0.1 - - [07/Jun/2023:23:53:11 +0300] GET /keymanager-operations/dcr/register/TGZpV3p4VXdQRUhQZEg5cFMybU9TR2JTbkh3YQ%3D%3D HTTP/1.1 200 720 - Apache-HttpClient/4.5.13 (Java/20.0.1) 0.003
0:0:0:0:0:0:0:1 - - [07/Jun/2023:23:53:11 +0300] POST /api/am/devportal/v3/subscriptions HTTP/1.1 201 662 https://localhost:9443/devportal/apis/719bdd0a-15a5-43cd-bc55-463d0c5cf80f/overview Mozilla/5.0 (Windows NT 10.0; Win64; x64) AppleWebKit/537.36 (KHTML, like Gecko) Chrome/114.0.0.0 Safari/537.36 Edg/114.0.1823.37 0.035
0:0:0:0:0:0:0:1 - - [07/Jun/2023:23:53:17 +0300] GET /devportal/site/public/dist/vendors~APIConsole~APIDocuments~ApplicationDetails.632f7f3618b917dd72cb.bundle.js HTTP/1.1 200 25476 https://localhost:9443/devportal/apis/719bdd0a-15a5-43cd-bc55-463d0c5cf80f/test Mozilla/5.0 (Windows NT 10.0; Win64; x64) AppleWebKit/537.36 (KHTML, like Gecko) Chrome/114.0.0.0 Safari/537.36 Edg/114.0.1823.37 0.026
0:0:0:0:0:0:0:1 - - [07/Jun/2023:23:53:17 +0300] GET /devportal/site/public/dist/vendors~APIConsole~GraphQLConsole.fdedfa5fe9df001a3725.bundle.js HTTP/1.1 200 55674 https://localhost:9443/devportal/apis/719bdd0a-15a5-43cd-bc55-463d0c5cf80f/test Mozilla/5.0 (Windows NT 10.0; Win64; x64) AppleWebKit/537.36 (KHTML, like Gecko) Chrome/114.0.0.0 Safari/537.36 Edg/114.0.1823.37 0.040
0:0:0:0:0:0:0:1 - - [07/Jun/2023:23:53:17 +0300] GET /devportal/site/public/dist/5.57286c37eacce5fafae0.bundle.js HTTP/1.1 200 84080 https://localhost:9443/devportal/apis/719bdd0a-15a5-43cd-bc55-463d0c5cf80f/test Mozilla/5.0 (Windows NT 10.0; Win64; x64) AppleWebKit/537.36 (KHTML, like Gecko) Chrome/114.0.0.0 Safari/537.36 Edg/114.0.1823.37 0.077
0:0:0:0:0:0:0:1 - - [07/Jun/2023:23:53:17 +0300] GET /devportal/site/public/images/_favicon.ico HTTP/1.1 200 1150 https://localhost:9443/devportal/apis/719bdd0a-15a5-43cd-bc55-463d0c5cf80f/test Mozilla/5.0 (Windows NT 10.0; Win64; x64) AppleWebKit/537.36 (KHTML, like Gecko) Chrome/114.0.0.0 Safari/537.36 Edg/114.0.1823.37 0.015
0:0:0:0:0:0:0:1 - - [07/Jun/2023:23:53:17 +0300] GET /api/am/devportal/v3/applications?limit=5000 HTTP/1.1 200 421 https://localhost:9443/devportal/apis/719bdd0a-15a5-43cd-bc55-463d0c5cf80f/test Mozilla/5.0 (Windows NT 10.0; Win64; x64) AppleWebKit/537.36 (KHTML, like Gecko) Chrome/114.0.0.0 Safari/537.36 Edg/114.0.1823.37 0.019
0:0:0:0:0:0:0:1 - - [07/Jun/2023:23:53:17 +0300] GET /api/am/devportal/v3/apis/719bdd0a-15a5-43cd-bc55-463d0c5cf80f HTTP/1.1 200 1085 https://localhost:9443/devportal/apis/719bdd0a-15a5-43cd-bc55-463d0c5cf80f/test Mozilla/5.0 (Windows NT 10.0; Win64; x64) AppleWebKit/537.36 (KHTML, like Gecko) Chrome/114.0.0.0 Safari/537.36 Edg/114.0.1823.37 0.055
127.0.0.1 - - [07/Jun/2023:23:53:17 +0300] GET /keymanager-operations/dcr/register/TGZpV3p4VXdQRUhQZEg5cFMybU9TR2JTbkh3YQ%3D%3D HTTP/1.1 200 720 - Apache-HttpClient/4.5.13 (Java/20.0.1) 0.007
0:0:0:0:0:0:0:1 - - [07/Jun/2023:23:53:17 +0300] GET /api/am/devportal/v3/subscriptions?apiId=719bdd0a-15a5-43cd-bc55-463d0c5cf80f&limit=25 HTTP/1.1 200 712 https://localhost:9443/devportal/apis/719bdd0a-15a5-43cd-bc55-463d0c5cf80f/test Mozilla/5.0 (Windows NT 10.0; Win64; x64) AppleWebKit/537.36 (KHTML, like Gecko) Chrome/114.0.0.0 Safari/537.36 Edg/114.0.1823.37 0.067
127.0.0.1 - - [07/Jun/2023:23:53:17 +0300] GET /keymanager-operations/dcr/register/TGZpV3p4VXdQRUhQZEg5cFMybU9TR2JTbkh3YQ%3D%3D HTTP/1.1 200 720 - Apache-HttpClient/4.5.13 (Java/20.0.1) 0.006
0:0:0:0:0:0:0:1 - - [07/Jun/2023:23:53:17 +0300] GET /api/am/devportal/v3/subscriptions?apiId=719bdd0a-15a5-43cd-bc55-463d0c5cf80f&limit=5000 HTTP/1.1 200 714 https://localhost:9443/devportal/apis/719bdd0a-15a5-43cd-bc55-463d0c5cf80f/test Mozilla/5.0 (Windows NT 10.0; Win64; x64) AppleWebKit/537.36 (KHTML, like Gecko) Chrome/114.0.0.0 Safari/537.36 Edg/114.0.1823.37 0.129
0:0:0:0:0:0:0:1 - - [07/Jun/2023:23:53:18 +0300] GET /devportal/site/public/dist/APIConsole.b3e80a9dce3816857c0c.bundle.js HTTP/1.1 200 1748096 https://localhost:9443/devportal/apis/719bdd0a-15a5-43cd-bc55-463d0c5cf80f/test Mozilla/5.0 (Windows NT 10.0; Win64; x64) AppleWebKit/537.36 (KHTML, like Gecko) Chrome/114.0.0.0 Safari/537.36 Edg/114.0.1823.37 0.533
0:0:0:0:0:0:0:1 - - [07/Jun/2023:23:53:18 +0300] GET /api/am/devportal/v3/apis/719bdd0a-15a5-43cd-bc55-463d0c5cf80f HTTP/1.1 200 1085 https://localhost:9443/devportal/apis/719bdd0a-15a5-43cd-bc55-463d0c5cf80f/test Mozilla/5.0 (Windows NT 10.0; Win64; x64) AppleWebKit/537.36 (KHTML, like Gecko) Chrome/114.0.0.0 Safari/537.36 Edg/114.0.1823.37 0.012
0:0:0:0:0:0:0:1 - - [07/Jun/2023:23:53:18 +0300] GET /api/am/devportal/v3/apis/719bdd0a-15a5-43cd-bc55-463d0c5cf80f/swagger?environmentName=Default HTTP/1.1 200 444 https://localhost:9443/devportal/apis/719bdd0a-15a5-43cd-bc55-463d0c5cf80f/test Mozilla/5.0 (Windows NT 10.0; Win64; x64) AppleWebKit/537.36 (KHTML, like Gecko) Chrome/114.0.0.0 Safari/537.36 Edg/114.0.1823.37 0.019
0:0:0:0:0:0:0:1 - - [07/Jun/2023:23:53:18 +0300] GET /api/am/devportal/v3/swagger.yaml HTTP/1.1 200 26878 https://localhost:9443/devportal/apis/719bdd0a-15a5-43cd-bc55-463d0c5cf80f/test Mozilla/5.0 (Windows NT 10.0; Win64; x64) AppleWebKit/537.36 (KHTML, like Gecko) Chrome/114.0.0.0 Safari/537.36 Edg/114.0.1823.37 0.016
127.0.0.1 - - [07/Jun/2023:23:53:18 +0300] GET /keymanager-operations/dcr/register/TGZpV3p4VXdQRUhQZEg5cFMybU9TR2JTbkh3YQ%3D%3D HTTP/1.1 200 720 - Apache-HttpClient/4.5.13 (Java/20.0.1) 0.006
127.0.0.1 - - [07/Jun/2023:23:53:18 +0300] GET /oauth2/token/.well-known/openid-configuration HTTP/1.1 200 2395 - Apache-HttpClient/4.5.13 (Java/20.0.1) 0.005
0:0:0:0:0:0:0:1 - - [07/Jun/2023:23:53:18 +0300] GET /api/am/devportal/v3/key-managers HTTP/1.1 200 763 https://localhost:9443/devportal/apis/719bdd0a-15a5-43cd-bc55-463d0c5cf80f/test Mozilla/5.0 (Windows NT 10.0; Win64; x64) AppleWebKit/537.36 (KHTML, like Gecko) Chrome/114.0.0.0 Safari/537.36 Edg/114.0.1823.37 0.028
0:0:0:0:0:0:0:1 - - [07/Jun/2023:23:53:18 +0300] GET /api/am/devportal/v3/subscriptions?apiId=719bdd0a-15a5-43cd-bc55-463d0c5cf80f&limit=25 HTTP/1.1 200 712 https://localhost:9443/devportal/apis/719bdd0a-15a5-43cd-bc55-463d0c5cf80f/test Mozilla/5.0 (Windows NT 10.0; Win64; x64) AppleWebKit/537.36 (KHTML, like Gecko) Chrome/114.0.0.0 Safari/537.36 Edg/114.0.1823.37 0.033
127.0.0.1 - - [07/Jun/2023:23:53:18 +0300] GET /keymanager-operations/dcr/register/TGZpV3p4VXdQRUhQZEg5cFMybU9TR2JTbkh3YQ%3D%3D HTTP/1.1 200 720 - Apache-HttpClient/4.5.13 (Java/20.0.1) 0.042
0:0:0:0:0:0:0:1 - - [07/Jun/2023:23:53:18 +0300] GET /api/am/devportal/v3/subscriptions?apiId=719bdd0a-15a5-43cd-bc55-463d0c5cf80f&limit=25 HTTP/1.1 200 712 https://localhost:9443/devportal/apis/719bdd0a-15a5-43cd-bc55-463d0c5cf80f/test Mozilla/5.0 (Windows NT 10.0; Win64; x64) AppleWebKit/537.36 (KHTML, like Gecko) Chrome/114.0.0.0 Safari/537.36 Edg/114.0.1823.37 0.120
0:0:0:0:0:0:0:1 - - [07/Jun/2023:23:53:19 +0300] GET /api/am/devportal/v3/swagger.yaml HTTP/1.1 200 26878 https://localhost:9443/devportal/apis/719bdd0a-15a5-43cd-bc55-463d0c5cf80f/test Mozilla/5.0 (Windows NT 10.0; Win64; x64) AppleWebKit/537.36 (KHTML, like Gecko) Chrome/114.0.0.0 Safari/537.36 Edg/114.0.1823.37 0.019
0:0:0:0:0:0:0:1 - - [07/Jun/2023:23:53:19 +0300] GET /api/am/devportal/v3/applications/ HTTP/1.1 200 419 https://localhost:9443/devportal/apis/719bdd0a-15a5-43cd-bc55-463d0c5cf80f/test Mozilla/5.0 (Windows NT 10.0; Win64; x64) AppleWebKit/537.36 (KHTML, like Gecko) Chrome/114.0.0.0 Safari/537.36 Edg/114.0.1823.37 0.030
127.0.0.1 - - [07/Jun/2023:23:53:19 +0300] GET /keymanager-operations/dcr/register/TGZpV3p4VXdQRUhQZEg5cFMybU9TR2JTbkh3YQ%3D%3D HTTP/1.1 200 720 - Apache-HttpClient/4.5.13 (Java/20.0.1) 0.003
0:0:0:0:0:0:0:1 - - [07/Jun/2023:23:53:19 +0300] GET /api/am/devportal/v3/applications/4354f62c-1300-46d2-b8ea-b9414304335c HTTP/1.1 200 381 https://localhost:9443/devportal/apis/719bdd0a-15a5-43cd-bc55-463d0c5cf80f/test Mozilla/5.0 (Windows NT 10.0; Win64; x64) AppleWebKit/537.36 (KHTML, like Gecko) Chrome/114.0.0.0 Safari/537.36 Edg/114.0.1823.37 0.011
127.0.0.1 - - [07/Jun/2023:23:53:19 +0300] GET /keymanager-operations/dcr/register/TGZpV3p4VXdQRUhQZEg5cFMybU9TR2JTbkh3YQ%3D%3D HTTP/1.1 200 720 - Apache-HttpClient/4.5.13 (Java/20.0.1) 0.003
0:0:0:0:0:0:0:1 - - [07/Jun/2023:23:53:19 +0300] GET /api/am/devportal/v3/applications/4354f62c-1300-46d2-b8ea-b9414304335c/oauth-keys HTTP/1.1 200 868 https://localhost:9443/devportal/apis/719bdd0a-15a5-43cd-bc55-463d0c5cf80f/test Mozilla/5.0 (Windows NT 10.0; Win64; x64) AppleWebKit/537.36 (KHTML, like Gecko) Chrome/114.0.0.0 Safari/537.36 Edg/114.0.1823.37 0.010
0:0:0:0:0:0:0:1 - - [07/Jun/2023:23:53:19 +0300] GET /api/am/devportal/v3/swagger.yaml HTTP/1.1 200 26878 https://localhost:9443/devportal/apis/719bdd0a-15a5-43cd-bc55-463d0c5cf80f/test Mozilla/5.0 (Windows NT 10.0; Win64; x64) AppleWebKit/537.36 (KHTML, like Gecko) Chrome/114.0.0.0 Safari/537.36 Edg/114.0.1823.37 0.016
0:0:0:0:0:0:0:1 - - [07/Jun/2023:23:53:19 +0300] GET /api/am/devportal/v3/swagger.yaml HTTP/1.1 200 26878 https://localhost:9443/devportal/apis/719bdd0a-15a5-43cd-bc55-463d0c5cf80f/test Mozilla/5.0 (Windows NT 10.0; Win64; x64) AppleWebKit/537.36 (KHTML, like Gecko) Chrome/114.0.0.0 Safari/537.36 Edg/114.0.1823.37 0.014
127.0.0.1 - - [07/Jun/2023:23:53:19 +0300] GET /keymanager-operations/dcr/register/TGZpV3p4VXdQRUhQZEg5cFMybU9TR2JTbkh3YQ%3D%3D HTTP/1.1 200 720 - Apache-HttpClient/4.5.13 (Java/20.0.1) 0.004
0:0:0:0:0:0:0:1 - - [07/Jun/2023:23:53:19 +0300] GET /api/am/devportal/v3/applications/4354f62c-1300-46d2-b8ea-b9414304335c HTTP/1.1 200 381 https://localhost:9443/devportal/apis/719bdd0a-15a5-43cd-bc55-463d0c5cf80f/test Mozilla/5.0 (Windows NT 10.0; Win64; x64) AppleWebKit/537.36 (KHTML, like Gecko) Chrome/114.0.0.0 Safari/537.36 Edg/114.0.1823.37 0.015
127.0.0.1 - - [07/Jun/2023:23:53:19 +0300] GET /keymanager-operations/dcr/register/TGZpV3p4VXdQRUhQZEg5cFMybU9TR2JTbkh3YQ%3D%3D HTTP/1.1 200 720 - Apache-HttpClient/4.5.13 (Java/20.0.1) 0.003
0:0:0:0:0:0:0:1 - - [07/Jun/2023:23:53:19 +0300] GET /api/am/devportal/v3/applications/4354f62c-1300-46d2-b8ea-b9414304335c HTTP/1.1 200 381 https://localhost:9443/devportal/apis/719bdd0a-15a5-43cd-bc55-463d0c5cf80f/test Mozilla/5.0 (Windows NT 10.0; Win64; x64) AppleWebKit/537.36 (KHTML, like Gecko) Chrome/114.0.0.0 Safari/537.36 Edg/114.0.1823.37 0.013
127.0.0.1 - - [07/Jun/2023:23:53:19 +0300] GET /keymanager-operations/dcr/register/TGZpV3p4VXdQRUhQZEg5cFMybU9TR2JTbkh3YQ%3D%3D HTTP/1.1 200 720 - Apache-HttpClient/4.5.13 (Java/20.0.1) 0.005
0:0:0:0:0:0:0:1 - - [07/Jun/2023:23:53:19 +0300] GET /api/am/devportal/v3/applications/4354f62c-1300-46d2-b8ea-b9414304335c/oauth-keys HTTP/1.1 200 868 https://localhost:9443/devportal/apis/719bdd0a-15a5-43cd-bc55-463d0c5cf80f/test Mozilla/5.0 (Windows NT 10.0; Win64; x64) AppleWebKit/537.36 (KHTML, like Gecko) Chrome/114.0.0.0 Safari/537.36 Edg/114.0.1823.37 0.011
127.0.0.1 - - [07/Jun/2023:23:53:19 +0300] GET /keymanager-operations/dcr/register/TGZpV3p4VXdQRUhQZEg5cFMybU9TR2JTbkh3YQ%3D%3D HTTP/1.1 200 720 - Apache-HttpClient/4.5.13 (Java/20.0.1) 0.005
0:0:0:0:0:0:0:1 - - [07/Jun/2023:23:53:19 +0300] GET /api/am/devportal/v3/applications/4354f62c-1300-46d2-b8ea-b9414304335c/oauth-keys HTTP/1.1 200 868 https://localhost:9443/devportal/apis/719bdd0a-15a5-43cd-bc55-463d0c5cf80f/test Mozilla/5.0 (Windows NT 10.0; Win64; x64) AppleWebKit/537.36 (KHTML, like Gecko) Chrome/114.0.0.0 Safari/537.36 Edg/114.0.1823.37 0.012
0:0:0:0:0:0:0:1 - - [07/Jun/2023:23:54:39 +0300] - 400 - - - 0.000
0:0:0:0:0:0:0:1 - - [07/Jun/2023:23:54:39 +0300] GET /api/am/devportal/v3/swagger.yaml HTTP/1.1 200 26878 https://localhost:9443/devportal/apis/719bdd0a-15a5-43cd-bc55-463d0c5cf80f/test Mozilla/5.0 (Windows NT 10.0; Win64; x64) AppleWebKit/537.36 (KHTML, like Gecko) Chrome/114.0.0.0 Safari/537.36 Edg/114.0.1823.37 0.012
127.0.0.1 - - [07/Jun/2023:23:54:39 +0300] GET /keymanager-operations/dcr/register/TGZpV3p4VXdQRUhQZEg5cFMybU9TR2JTbkh3YQ%3D%3D HTTP/1.1 200 720 - Apache-HttpClient/4.5.13 (Java/20.0.1) 0.004
0:0:0:0:0:0:0:1 - - [07/Jun/2023:23:54:39 +0300] GET /api/am/devportal/v3/applications/4354f62c-1300-46d2-b8ea-b9414304335c HTTP/1.1 200 381 https://localhost:9443/devportal/apis/719bdd0a-15a5-43cd-bc55-463d0c5cf80f/test Mozilla/5.0 (Windows NT 10.0; Win64; x64) AppleWebKit/537.36 (KHTML, like Gecko) Chrome/114.0.0.0 Safari/537.36 Edg/114.0.1823.37 0.157
127.0.0.1 - - [07/Jun/2023:23:54:39 +0300] GET /keymanager-operations/dcr/register/TGZpV3p4VXdQRUhQZEg5cFMybU9TR2JTbkh3YQ%3D%3D HTTP/1.1 200 720 - Apache-HttpClient/4.5.13 (Java/20.0.1) 0.005
0:0:0:0:0:0:0:1 - - [07/Jun/2023:23:54:39 +0300] GET /api/am/devportal/v3/applications/4354f62c-1300-46d2-b8ea-b9414304335c/oauth-keys HTTP/1.1 200 868 https://localhost:9443/devportal/apis/719bdd0a-15a5-43cd-bc55-463d0c5cf80f/test Mozilla/5.0 (Windows NT 10.0; Win64; x64) AppleWebKit/537.36 (KHTML, like Gecko) Chrome/114.0.0.0 Safari/537.36 Edg/114.0.1823.37 0.011
127.0.0.1 - - [07/Jun/2023:23:54:39 +0300] GET /keymanager-operations/dcr/register/TGZpV3p4VXdQRUhQZEg5cFMybU9TR2JTbkh3YQ%3D%3D HTTP/1.1 200 720 - Apache-HttpClient/4.5.13 (Java/20.0.1) 0.004
127.0.0.1 - - [07/Jun/2023:23:54:39 +0300] GET /keymanager-operations/dcr/register/TGZpV3p4VXdQRUhQZEg5cFMybU9TR2JTbkh3YQ%3D%3D HTTP/1.1 200 720 - Apache-HttpClient/4.5.13 (Java/20.0.1) 0.007
0:0:0:0:0:0:0:1 - - [07/Jun/2023:23:54:40 +0300] POST /api/am/devportal/v3/applications/4354f62c-1300-46d2-b8ea-b9414304335c/oauth-keys/d1ed5570-3247-4527-8d5e-029382541615/generate-token HTTP/1.1 200 893 https://localhost:9443/devportal/apis/719bdd0a-15a5-43cd-bc55-463d0c5cf80f/test Mozilla/5.0 (Windows NT 10.0; Win64; x64) AppleWebKit/537.36 (KHTML, like Gecko) Chrome/114.0.0.0 Safari/537.36 Edg/114.0.1823.37 0.096
127.0.0.1 - - [07/Jun/2023:23:54:40 +0300] POST /oauth2/token HTTP/1.1 200 1183 - Apache-HttpClient/4.5.13 (Java/20.0.1) 0.047
127.0.0.1 - - [07/Jun/2023:23:54:40 +0300] POST /internal/data/v1/notify HTTP/1.1 200 - - Apache-HttpClient/4.5.13 (Java/20.0.1) 0.046
0:0:0:0:0:0:0:1 - - [07/Jun/2023:23:54:52 +0300] GET /devportal/site/public/fonts/Open_Sans/mem6YaGs126MiZpBA-UFUK0Zdc1GAK6b.woff2 HTTP/1.1 200 9432 https://localhost:9443/devportal/site/public/css/main.css Mozilla/5.0 (Windows NT 10.0; Win64; x64) AppleWebKit/537.36 (KHTML, like Gecko) Chrome/114.0.0.0 Safari/537.36 Edg/114.0.1823.37 0.065
0:0:0:0:0:0:0:1 - - [07/Jun/2023:23:57:06 +0300] - 400 - - - 0.000
0:0:0:0:0:0:0:1 - - [07/Jun/2023:23:57:09 +0300] - 400 - - - 0.000
0:0:0:0:0:0:0:1 - - [07/Jun/2023:23:57:09 +0300] GET /devportal/site/public/dist/ApiListing.124eade6a6be03879d65.bundle.js HTTP/1.1 200 8080 https://localhost:9443/devportal/applications Mozilla/5.0 (Windows NT 10.0; Win64; x64) AppleWebKit/537.36 (KHTML, like Gecko) Chrome/114.0.0.0 Safari/537.36 Edg/114.0.1823.37 0.017
0:0:0:0:0:0:0:1 - - [07/Jun/2023:23:57:09 +0300] GET /devportal/site/public/images/_favicon.ico HTTP/1.1 200 1150 https://localhost:9443/devportal/applications Mozilla/5.0 (Windows NT 10.0; Win64; x64) AppleWebKit/537.36 (KHTML, like Gecko) Chrome/114.0.0.0 Safari/537.36 Edg/114.0.1823.37 0.011
0:0:0:0:0:0:0:1 - - [07/Jun/2023:23:57:09 +0300] GET /api/am/devportal/v3/swagger.yaml HTTP/1.1 200 26878 https://localhost:9443/devportal/applications Mozilla/5.0 (Windows NT 10.0; Win64; x64) AppleWebKit/537.36 (KHTML, like Gecko) Chrome/114.0.0.0 Safari/537.36 Edg/114.0.1823.37 0.040
0:0:0:0:0:0:0:1 - - [07/Jun/2023:23:57:10 +0300] GET /api/am/devportal/v3/applications?sortBy=name&sortOrder=asc&limit=10&offset=0 HTTP/1.1 200 419 https://localhost:9443/devportal/applications Mozilla/5.0 (Windows NT 10.0; Win64; x64) AppleWebKit/537.36 (KHTML, like Gecko) Chrome/114.0.0.0 Safari/537.36 Edg/114.0.1823.37 0.177
0:0:0:0:0:0:0:1 - - [07/Jun/2023:23:57:15 +0300] - 400 - - - 0.000
0:0:0:0:0:0:0:1 - - [07/Jun/2023:23:57:15 +0300] - 400 - - - 0.000
0:0:0:0:0:0:0:1 - - [07/Jun/2023:23:57:15 +0300] - 400 - - - 0.000
0:0:0:0:0:0:0:1 - - [07/Jun/2023:23:57:15 +0300] GET /devportal/site/public/images/_favicon.ico HTTP/1.1 200 1150 https://localhost:9443/devportal/apis Mozilla/5.0 (Windows NT 10.0; Win64; x64) AppleWebKit/537.36 (KHTML, like Gecko) Chrome/114.0.0.0 Safari/537.36 Edg/114.0.1823.37 0.004
0:0:0:0:0:0:0:1 - - [07/Jun/2023:23:57:15 +0300] GET /api/am/devportal/v3/api-categories HTTP/1.1 200 21 https://localhost:9443/devportal/apis Mozilla/5.0 (Windows NT 10.0; Win64; x64) AppleWebKit/537.36 (KHTML, like Gecko) Chrome/114.0.0.0 Safari/537.36 Edg/114.0.1823.37 0.007
0:0:0:0:0:0:0:1 - - [07/Jun/2023:23:57:15 +0300] GET /api/am/devportal/v3/tags HTTP/1.1 200 119 https://localhost:9443/devportal/apis Mozilla/5.0 (Windows NT 10.0; Win64; x64) AppleWebKit/537.36 (KHTML, like Gecko) Chrome/114.0.0.0 Safari/537.36 Edg/114.0.1823.37 0.024
0:0:0:0:0:0:0:1 - - [07/Jun/2023:23:57:15 +0300] GET /api/am/devportal/v3/apis?limit=10&offset=0 HTTP/1.1 200 597 https://localhost:9443/devportal/apis Mozilla/5.0 (Windows NT 10.0; Win64; x64) AppleWebKit/537.36 (KHTML, like Gecko) Chrome/114.0.0.0 Safari/537.36 Edg/114.0.1823.37 0.122
