0:0:0:0:0:0:0:1 - - [18/Jun/2023:19:22:45 +0300] GET /api/am/devportal/v3/apis/8485612f-b238-4e6d-9c05-e116e15f9121/ratings HTTP/1.1 200 125 https://localhost:9443/devportal/apis Mozilla/5.0 (Windows NT 10.0; Win64; x64) AppleWebKit/537.36 (KHTML, like Gecko) Chrome/114.0.0.0 Safari/537.36 Edg/114.0.1823.43 0.206
0:0:0:0:0:0:0:1 - - [18/Jun/2023:19:22:45 +0300] GET /api/am/devportal/v3/apis/746c7962-0923-4c21-be0e-a84d3748b57b/thumbnail HTTP/1.1 204 - https://localhost:9443/devportal/apis Mozilla/5.0 (Windows NT 10.0; Win64; x64) AppleWebKit/537.36 (KHTML, like Gecko) Chrome/114.0.0.0 Safari/537.36 Edg/114.0.1823.43 0.353
0:0:0:0:0:0:0:1 - - [18/Jun/2023:19:22:45 +0300] GET /api/am/devportal/v3/apis/8485612f-b238-4e6d-9c05-e116e15f9121/thumbnail HTTP/1.1 204 - https://localhost:9443/devportal/apis Mozilla/5.0 (Windows NT 10.0; Win64; x64) AppleWebKit/537.36 (KHTML, like Gecko) Chrome/114.0.0.0 Safari/537.36 Edg/114.0.1823.43 0.213
0:0:0:0:0:0:0:1 - - [18/Jun/2023:19:22:45 +0300] GET /api/am/devportal/v3/apis/322d0fa8-4241-4e9e-a381-26b8d42c1467/thumbnail HTTP/1.1 204 - https://localhost:9443/devportal/apis Mozilla/5.0 (Windows NT 10.0; Win64; x64) AppleWebKit/537.36 (KHTML, like Gecko) Chrome/114.0.0.0 Safari/537.36 Edg/114.0.1823.43 0.418
0:0:0:0:0:0:0:1 - - [18/Jun/2023:19:22:47 +0300] GET /devportal/site/public/images/_favicon.ico HTTP/1.1 200 1150 https://localhost:9443/devportal/apis/322d0fa8-4241-4e9e-a381-26b8d42c1467 Mozilla/5.0 (Windows NT 10.0; Win64; x64) AppleWebKit/537.36 (KHTML, like Gecko) Chrome/114.0.0.0 Safari/537.36 Edg/114.0.1823.43 0.011
0:0:0:0:0:0:0:1 - - [18/Jun/2023:19:22:47 +0300] GET /api/am/devportal/v3/applications?limit=5000 HTTP/1.1 200 376 https://localhost:9443/devportal/apis/322d0fa8-4241-4e9e-a381-26b8d42c1467 Mozilla/5.0 (Windows NT 10.0; Win64; x64) AppleWebKit/537.36 (KHTML, like Gecko) Chrome/114.0.0.0 Safari/537.36 Edg/114.0.1823.43 0.008
0:0:0:0:0:0:0:1 - - [18/Jun/2023:19:22:47 +0300] GET /api/am/devportal/v3/apis/322d0fa8-4241-4e9e-a381-26b8d42c1467 HTTP/1.1 200 1102 https://localhost:9443/devportal/apis/322d0fa8-4241-4e9e-a381-26b8d42c1467 Mozilla/5.0 (Windows NT 10.0; Win64; x64) AppleWebKit/537.36 (KHTML, like Gecko) Chrome/114.0.0.0 Safari/537.36 Edg/114.0.1823.43 0.024
127.0.0.1 - - [18/Jun/2023:19:22:47 +0300] GET /keymanager-operations/dcr/register/OHJyZGxmMDBvOEpmc0NCNE4yWHlDblR4ZlFFYQ%3D%3D HTTP/1.1 200 515 - Apache-HttpClient/4.5.13 (Java/20.0.1) 0.010
0:0:0:0:0:0:0:1 - - [18/Jun/2023:19:22:47 +0300] GET /devportal/site/public/images/_favicon.ico HTTP/1.1 200 1150 https://localhost:9443/devportal/apis/322d0fa8-4241-4e9e-a381-26b8d42c1467/overview Mozilla/5.0 (Windows NT 10.0; Win64; x64) AppleWebKit/537.36 (KHTML, like Gecko) Chrome/114.0.0.0 Safari/537.36 Edg/114.0.1823.43 0.010
0:0:0:0:0:0:0:1 - - [18/Jun/2023:19:22:47 +0300] GET /api/am/devportal/v3/subscriptions?apiId=322d0fa8-4241-4e9e-a381-26b8d42c1467&limit=25 HTTP/1.1 200 693 https://localhost:9443/devportal/apis/322d0fa8-4241-4e9e-a381-26b8d42c1467 Mozilla/5.0 (Windows NT 10.0; Win64; x64) AppleWebKit/537.36 (KHTML, like Gecko) Chrome/114.0.0.0 Safari/537.36 Edg/114.0.1823.43 0.137
127.0.0.1 - - [18/Jun/2023:19:22:47 +0300] GET /keymanager-operations/dcr/register/OHJyZGxmMDBvOEpmc0NCNE4yWHlDblR4ZlFFYQ%3D%3D HTTP/1.1 200 515 - Apache-HttpClient/4.5.13 (Java/20.0.1) 0.016
0:0:0:0:0:0:0:1 - - [18/Jun/2023:19:22:47 +0300] GET /devportal/site/public/dist/vendors~APIDocuments~APIOverview.f394ac01608a94b6dd74.bundle.js HTTP/1.1 200 34374 https://localhost:9443/devportal/apis/322d0fa8-4241-4e9e-a381-26b8d42c1467/overview Mozilla/5.0 (Windows NT 10.0; Win64; x64) AppleWebKit/537.36 (KHTML, like Gecko) Chrome/114.0.0.0 Safari/537.36 Edg/114.0.1823.43 0.051
0:0:0:0:0:0:0:1 - - [18/Jun/2023:19:22:47 +0300] GET /api/am/devportal/v3/subscriptions?apiId=322d0fa8-4241-4e9e-a381-26b8d42c1467&limit=5000 HTTP/1.1 200 695 https://localhost:9443/devportal/apis/322d0fa8-4241-4e9e-a381-26b8d42c1467 Mozilla/5.0 (Windows NT 10.0; Win64; x64) AppleWebKit/537.36 (KHTML, like Gecko) Chrome/114.0.0.0 Safari/537.36 Edg/114.0.1823.43 0.138
0:0:0:0:0:0:0:1 - - [18/Jun/2023:19:22:47 +0300] GET /devportal/site/public/dist/vendors~APIOverview~MDReactMarkdown.c8e68cd152f6972597f4.bundle.js HTTP/1.1 200 23172 https://localhost:9443/devportal/apis/322d0fa8-4241-4e9e-a381-26b8d42c1467/overview Mozilla/5.0 (Windows NT 10.0; Win64; x64) AppleWebKit/537.36 (KHTML, like Gecko) Chrome/114.0.0.0 Safari/537.36 Edg/114.0.1823.43 0.035
0:0:0:0:0:0:0:1 - - [18/Jun/2023:19:22:47 +0300] GET /devportal/site/public/dist/APIOverview.9b9a6e01add6e880d662.bundle.js HTTP/1.1 200 20063 https://localhost:9443/devportal/apis/322d0fa8-4241-4e9e-a381-26b8d42c1467/overview Mozilla/5.0 (Windows NT 10.0; Win64; x64) AppleWebKit/537.36 (KHTML, like Gecko) Chrome/114.0.0.0 Safari/537.36 Edg/114.0.1823.43 0.022
0:0:0:0:0:0:0:1 - - [18/Jun/2023:19:22:47 +0300] GET /api/am/devportal/v3/throttling-policies/subscription HTTP/1.1 200 634 https://localhost:9443/devportal/apis/322d0fa8-4241-4e9e-a381-26b8d42c1467/overview Mozilla/5.0 (Windows NT 10.0; Win64; x64) AppleWebKit/537.36 (KHTML, like Gecko) Chrome/114.0.0.0 Safari/537.36 Edg/114.0.1823.43 0.012
0:0:0:0:0:0:0:1 - - [18/Jun/2023:19:22:47 +0300] GET /api/am/devportal/v3/throttling-policies/subscription HTTP/1.1 200 634 https://localhost:9443/devportal/apis/322d0fa8-4241-4e9e-a381-26b8d42c1467/overview Mozilla/5.0 (Windows NT 10.0; Win64; x64) AppleWebKit/537.36 (KHTML, like Gecko) Chrome/114.0.0.0 Safari/537.36 Edg/114.0.1823.43 0.015
0:0:0:0:0:0:0:1 - - [18/Jun/2023:19:22:47 +0300] GET /api/am/devportal/v3/apis/322d0fa8-4241-4e9e-a381-26b8d42c1467/documents HTTP/1.1 200 92 https://localhost:9443/devportal/apis/322d0fa8-4241-4e9e-a381-26b8d42c1467/overview Mozilla/5.0 (Windows NT 10.0; Win64; x64) AppleWebKit/537.36 (KHTML, like Gecko) Chrome/114.0.0.0 Safari/537.36 Edg/114.0.1823.43 0.031
0:0:0:0:0:0:0:1 - - [18/Jun/2023:19:22:47 +0300] GET /api/am/devportal/v3/apis/322d0fa8-4241-4e9e-a381-26b8d42c1467/documents HTTP/1.1 200 92 https://localhost:9443/devportal/apis/322d0fa8-4241-4e9e-a381-26b8d42c1467/overview Mozilla/5.0 (Windows NT 10.0; Win64; x64) AppleWebKit/537.36 (KHTML, like Gecko) Chrome/114.0.0.0 Safari/537.36 Edg/114.0.1823.43 0.034
0:0:0:0:0:0:0:1 - - [18/Jun/2023:19:22:47 +0300] GET /api/am/devportal/v3/apis/322d0fa8-4241-4e9e-a381-26b8d42c1467/comments?limit=5&offset=0 HTTP/1.1 200 101 https://localhost:9443/devportal/apis/322d0fa8-4241-4e9e-a381-26b8d42c1467/overview Mozilla/5.0 (Windows NT 10.0; Win64; x64) AppleWebKit/537.36 (KHTML, like Gecko) Chrome/114.0.0.0 Safari/537.36 Edg/114.0.1823.43 0.030
0:0:0:0:0:0:0:1 - - [18/Jun/2023:19:22:47 +0300] GET /api/am/devportal/v3/apis/322d0fa8-4241-4e9e-a381-26b8d42c1467/ratings HTTP/1.1 200 125 https://localhost:9443/devportal/apis/322d0fa8-4241-4e9e-a381-26b8d42c1467/overview Mozilla/5.0 (Windows NT 10.0; Win64; x64) AppleWebKit/537.36 (KHTML, like Gecko) Chrome/114.0.0.0 Safari/537.36 Edg/114.0.1823.43 0.051
0:0:0:0:0:0:0:1 - - [18/Jun/2023:19:22:47 +0300] GET /api/am/devportal/v3/apis/322d0fa8-4241-4e9e-a381-26b8d42c1467/thumbnail HTTP/1.1 204 - https://localhost:9443/devportal/apis/322d0fa8-4241-4e9e-a381-26b8d42c1467/overview Mozilla/5.0 (Windows NT 10.0; Win64; x64) AppleWebKit/537.36 (KHTML, like Gecko) Chrome/114.0.0.0 Safari/537.36 Edg/114.0.1823.43 0.059
0:0:0:0:0:0:0:1 - - [18/Jun/2023:19:22:49 +0300] GET /api/am/devportal/v3/applications?limit=5000 HTTP/1.1 200 376 https://localhost:9443/devportal/apis/322d0fa8-4241-4e9e-a381-26b8d42c1467/test Mozilla/5.0 (Windows NT 10.0; Win64; x64) AppleWebKit/537.36 (KHTML, like Gecko) Chrome/114.0.0.0 Safari/537.36 Edg/114.0.1823.43 0.009
0:0:0:0:0:0:0:1 - - [18/Jun/2023:19:22:49 +0300] GET /devportal/site/public/images/_favicon.ico HTTP/1.1 200 1150 https://localhost:9443/devportal/apis/322d0fa8-4241-4e9e-a381-26b8d42c1467/test Mozilla/5.0 (Windows NT 10.0; Win64; x64) AppleWebKit/537.36 (KHTML, like Gecko) Chrome/114.0.0.0 Safari/537.36 Edg/114.0.1823.43 0.006
0:0:0:0:0:0:0:1 - - [18/Jun/2023:19:22:49 +0300] GET /api/am/devportal/v3/apis/322d0fa8-4241-4e9e-a381-26b8d42c1467 HTTP/1.1 200 1102 https://localhost:9443/devportal/apis/322d0fa8-4241-4e9e-a381-26b8d42c1467/test Mozilla/5.0 (Windows NT 10.0; Win64; x64) AppleWebKit/537.36 (KHTML, like Gecko) Chrome/114.0.0.0 Safari/537.36 Edg/114.0.1823.43 0.050
127.0.0.1 - - [18/Jun/2023:19:22:49 +0300] GET /keymanager-operations/dcr/register/OHJyZGxmMDBvOEpmc0NCNE4yWHlDblR4ZlFFYQ%3D%3D HTTP/1.1 200 515 - Apache-HttpClient/4.5.13 (Java/20.0.1) 0.008
127.0.0.1 - - [18/Jun/2023:19:22:49 +0300] GET /keymanager-operations/dcr/register/OHJyZGxmMDBvOEpmc0NCNE4yWHlDblR4ZlFFYQ%3D%3D HTTP/1.1 200 515 - Apache-HttpClient/4.5.13 (Java/20.0.1) 0.015
0:0:0:0:0:0:0:1 - - [18/Jun/2023:19:22:49 +0300] GET /api/am/devportal/v3/subscriptions?apiId=322d0fa8-4241-4e9e-a381-26b8d42c1467&limit=25 HTTP/1.1 200 693 https://localhost:9443/devportal/apis/322d0fa8-4241-4e9e-a381-26b8d42c1467/test Mozilla/5.0 (Windows NT 10.0; Win64; x64) AppleWebKit/537.36 (KHTML, like Gecko) Chrome/114.0.0.0 Safari/537.36 Edg/114.0.1823.43 0.091
0:0:0:0:0:0:0:1 - - [18/Jun/2023:19:22:49 +0300] GET /api/am/devportal/v3/subscriptions?apiId=322d0fa8-4241-4e9e-a381-26b8d42c1467&limit=5000 HTTP/1.1 200 695 https://localhost:9443/devportal/apis/322d0fa8-4241-4e9e-a381-26b8d42c1467/test Mozilla/5.0 (Windows NT 10.0; Win64; x64) AppleWebKit/537.36 (KHTML, like Gecko) Chrome/114.0.0.0 Safari/537.36 Edg/114.0.1823.43 0.089
0:0:0:0:0:0:0:1 - - [18/Jun/2023:19:22:49 +0300] GET /api/am/devportal/v3/apis/322d0fa8-4241-4e9e-a381-26b8d42c1467 HTTP/1.1 200 1102 https://localhost:9443/devportal/apis/322d0fa8-4241-4e9e-a381-26b8d42c1467/test Mozilla/5.0 (Windows NT 10.0; Win64; x64) AppleWebKit/537.36 (KHTML, like Gecko) Chrome/114.0.0.0 Safari/537.36 Edg/114.0.1823.43 0.079
0:0:0:0:0:0:0:1 - - [18/Jun/2023:19:22:49 +0300] GET /api/am/devportal/v3/apis/322d0fa8-4241-4e9e-a381-26b8d42c1467/swagger?environmentName=Default HTTP/1.1 200 448 https://localhost:9443/devportal/apis/322d0fa8-4241-4e9e-a381-26b8d42c1467/test Mozilla/5.0 (Windows NT 10.0; Win64; x64) AppleWebKit/537.36 (KHTML, like Gecko) Chrome/114.0.0.0 Safari/537.36 Edg/114.0.1823.43 0.076
0:0:0:0:0:0:0:1 - - [18/Jun/2023:19:22:50 +0300] GET /api/am/devportal/v3/swagger.yaml HTTP/1.1 200 26878 https://localhost:9443/devportal/apis/322d0fa8-4241-4e9e-a381-26b8d42c1467/test Mozilla/5.0 (Windows NT 10.0; Win64; x64) AppleWebKit/537.36 (KHTML, like Gecko) Chrome/114.0.0.0 Safari/537.36 Edg/114.0.1823.43 0.079
127.0.0.1 - - [18/Jun/2023:19:22:50 +0300] GET /keymanager-operations/dcr/register/OHJyZGxmMDBvOEpmc0NCNE4yWHlDblR4ZlFFYQ%3D%3D HTTP/1.1 200 515 - Apache-HttpClient/4.5.13 (Java/20.0.1) 0.005
127.0.0.1 - - [18/Jun/2023:19:22:50 +0300] GET /oauth2/token/.well-known/openid-configuration HTTP/1.1 200 2395 - Apache-HttpClient/4.5.13 (Java/20.0.1) 0.011
0:0:0:0:0:0:0:1 - - [18/Jun/2023:19:22:50 +0300] GET /api/am/devportal/v3/key-managers HTTP/1.1 200 763 https://localhost:9443/devportal/apis/322d0fa8-4241-4e9e-a381-26b8d42c1467/test Mozilla/5.0 (Windows NT 10.0; Win64; x64) AppleWebKit/537.36 (KHTML, like Gecko) Chrome/114.0.0.0 Safari/537.36 Edg/114.0.1823.43 0.180
0:0:0:0:0:0:0:1 - - [18/Jun/2023:19:22:50 +0300] GET /api/am/devportal/v3/subscriptions?apiId=322d0fa8-4241-4e9e-a381-26b8d42c1467&limit=25 HTTP/1.1 200 693 https://localhost:9443/devportal/apis/322d0fa8-4241-4e9e-a381-26b8d42c1467/test Mozilla/5.0 (Windows NT 10.0; Win64; x64) AppleWebKit/537.36 (KHTML, like Gecko) Chrome/114.0.0.0 Safari/537.36 Edg/114.0.1823.43 0.183
127.0.0.1 - - [18/Jun/2023:19:22:50 +0300] GET /keymanager-operations/dcr/register/OHJyZGxmMDBvOEpmc0NCNE4yWHlDblR4ZlFFYQ%3D%3D HTTP/1.1 200 515 - Apache-HttpClient/4.5.13 (Java/20.0.1) 0.004
0:0:0:0:0:0:0:1 - - [18/Jun/2023:19:22:50 +0300] GET /api/am/devportal/v3/subscriptions?apiId=322d0fa8-4241-4e9e-a381-26b8d42c1467&limit=25 HTTP/1.1 200 693 https://localhost:9443/devportal/apis/322d0fa8-4241-4e9e-a381-26b8d42c1467/test Mozilla/5.0 (Windows NT 10.0; Win64; x64) AppleWebKit/537.36 (KHTML, like Gecko) Chrome/114.0.0.0 Safari/537.36 Edg/114.0.1823.43 0.037
0:0:0:0:0:0:0:1 - - [18/Jun/2023:19:22:50 +0300] GET /api/am/devportal/v3/applications/ HTTP/1.1 200 374 https://localhost:9443/devportal/apis/322d0fa8-4241-4e9e-a381-26b8d42c1467/test Mozilla/5.0 (Windows NT 10.0; Win64; x64) AppleWebKit/537.36 (KHTML, like Gecko) Chrome/114.0.0.0 Safari/537.36 Edg/114.0.1823.43 0.068
0:0:0:0:0:0:0:1 - - [18/Jun/2023:19:22:50 +0300] GET /api/am/devportal/v3/swagger.yaml HTTP/1.1 200 26878 https://localhost:9443/devportal/apis/322d0fa8-4241-4e9e-a381-26b8d42c1467/test Mozilla/5.0 (Windows NT 10.0; Win64; x64) AppleWebKit/537.36 (KHTML, like Gecko) Chrome/114.0.0.0 Safari/537.36 Edg/114.0.1823.43 0.026
127.0.0.1 - - [18/Jun/2023:19:22:50 +0300] GET /keymanager-operations/dcr/register/OHJyZGxmMDBvOEpmc0NCNE4yWHlDblR4ZlFFYQ%3D%3D HTTP/1.1 200 515 - Apache-HttpClient/4.5.13 (Java/20.0.1) 0.015
0:0:0:0:0:0:0:1 - - [18/Jun/2023:19:22:50 +0300] GET /api/am/devportal/v3/applications/3da751bc-82c5-433c-a68e-265fd27cecb9 HTTP/1.1 200 336 https://localhost:9443/devportal/apis/322d0fa8-4241-4e9e-a381-26b8d42c1467/test Mozilla/5.0 (Windows NT 10.0; Win64; x64) AppleWebKit/537.36 (KHTML, like Gecko) Chrome/114.0.0.0 Safari/537.36 Edg/114.0.1823.43 0.027
127.0.0.1 - - [18/Jun/2023:19:22:50 +0300] GET /keymanager-operations/dcr/register/OHJyZGxmMDBvOEpmc0NCNE4yWHlDblR4ZlFFYQ%3D%3D HTTP/1.1 200 515 - Apache-HttpClient/4.5.13 (Java/20.0.1) 0.010
0:0:0:0:0:0:0:1 - - [18/Jun/2023:19:22:50 +0300] GET /api/am/devportal/v3/applications/3da751bc-82c5-433c-a68e-265fd27cecb9/oauth-keys HTTP/1.1 200 663 https://localhost:9443/devportal/apis/322d0fa8-4241-4e9e-a381-26b8d42c1467/test Mozilla/5.0 (Windows NT 10.0; Win64; x64) AppleWebKit/537.36 (KHTML, like Gecko) Chrome/114.0.0.0 Safari/537.36 Edg/114.0.1823.43 0.023
0:0:0:0:0:0:0:1 - - [18/Jun/2023:19:22:50 +0300] GET /api/am/devportal/v3/swagger.yaml HTTP/1.1 200 26878 https://localhost:9443/devportal/apis/322d0fa8-4241-4e9e-a381-26b8d42c1467/test Mozilla/5.0 (Windows NT 10.0; Win64; x64) AppleWebKit/537.36 (KHTML, like Gecko) Chrome/114.0.0.0 Safari/537.36 Edg/114.0.1823.43 0.020
0:0:0:0:0:0:0:1 - - [18/Jun/2023:19:22:50 +0300] GET /api/am/devportal/v3/swagger.yaml HTTP/1.1 200 26878 https://localhost:9443/devportal/apis/322d0fa8-4241-4e9e-a381-26b8d42c1467/test Mozilla/5.0 (Windows NT 10.0; Win64; x64) AppleWebKit/537.36 (KHTML, like Gecko) Chrome/114.0.0.0 Safari/537.36 Edg/114.0.1823.43 0.017
127.0.0.1 - - [18/Jun/2023:19:22:51 +0300] GET /keymanager-operations/dcr/register/OHJyZGxmMDBvOEpmc0NCNE4yWHlDblR4ZlFFYQ%3D%3D HTTP/1.1 200 515 - Apache-HttpClient/4.5.13 (Java/20.0.1) 0.008
0:0:0:0:0:0:0:1 - - [18/Jun/2023:19:22:51 +0300] GET /api/am/devportal/v3/applications/3da751bc-82c5-433c-a68e-265fd27cecb9 HTTP/1.1 200 336 https://localhost:9443/devportal/apis/322d0fa8-4241-4e9e-a381-26b8d42c1467/test Mozilla/5.0 (Windows NT 10.0; Win64; x64) AppleWebKit/537.36 (KHTML, like Gecko) Chrome/114.0.0.0 Safari/537.36 Edg/114.0.1823.43 0.104
127.0.0.1 - - [18/Jun/2023:19:22:51 +0300] GET /keymanager-operations/dcr/register/OHJyZGxmMDBvOEpmc0NCNE4yWHlDblR4ZlFFYQ%3D%3D HTTP/1.1 200 515 - Apache-HttpClient/4.5.13 (Java/20.0.1) 0.004
0:0:0:0:0:0:0:1 - - [18/Jun/2023:19:22:51 +0300] GET /api/am/devportal/v3/applications/3da751bc-82c5-433c-a68e-265fd27cecb9 HTTP/1.1 200 336 https://localhost:9443/devportal/apis/322d0fa8-4241-4e9e-a381-26b8d42c1467/test Mozilla/5.0 (Windows NT 10.0; Win64; x64) AppleWebKit/537.36 (KHTML, like Gecko) Chrome/114.0.0.0 Safari/537.36 Edg/114.0.1823.43 0.025
127.0.0.1 - - [18/Jun/2023:19:22:51 +0300] GET /keymanager-operations/dcr/register/OHJyZGxmMDBvOEpmc0NCNE4yWHlDblR4ZlFFYQ%3D%3D HTTP/1.1 200 515 - Apache-HttpClient/4.5.13 (Java/20.0.1) 0.005
0:0:0:0:0:0:0:1 - - [18/Jun/2023:19:22:51 +0300] GET /api/am/devportal/v3/applications/3da751bc-82c5-433c-a68e-265fd27cecb9/oauth-keys HTTP/1.1 200 663 https://localhost:9443/devportal/apis/322d0fa8-4241-4e9e-a381-26b8d42c1467/test Mozilla/5.0 (Windows NT 10.0; Win64; x64) AppleWebKit/537.36 (KHTML, like Gecko) Chrome/114.0.0.0 Safari/537.36 Edg/114.0.1823.43 0.037
127.0.0.1 - - [18/Jun/2023:19:22:51 +0300] GET /keymanager-operations/dcr/register/OHJyZGxmMDBvOEpmc0NCNE4yWHlDblR4ZlFFYQ%3D%3D HTTP/1.1 200 515 - Apache-HttpClient/4.5.13 (Java/20.0.1) 0.005
0:0:0:0:0:0:0:1 - - [18/Jun/2023:19:22:51 +0300] GET /api/am/devportal/v3/applications/3da751bc-82c5-433c-a68e-265fd27cecb9/oauth-keys HTTP/1.1 200 663 https://localhost:9443/devportal/apis/322d0fa8-4241-4e9e-a381-26b8d42c1467/test Mozilla/5.0 (Windows NT 10.0; Win64; x64) AppleWebKit/537.36 (KHTML, like Gecko) Chrome/114.0.0.0 Safari/537.36 Edg/114.0.1823.43 0.017
0:0:0:0:0:0:0:1 - - [18/Jun/2023:19:41:05 +0300] - 400 - - - 0.000
0:0:0:0:0:0:0:1 - - [18/Jun/2023:19:41:05 +0300] - 400 - - - 0.000
0:0:0:0:0:0:0:1 - - [18/Jun/2023:19:41:05 +0300] - 400 - - - 0.000
0:0:0:0:0:0:0:1 - - [18/Jun/2023:19:41:05 +0300] GET /devportal/apis/322d0fa8-4241-4e9e-a381-26b8d42c1467/test HTTP/1.1 200 1691 https://localhost:9443/devportal/apis/322d0fa8-4241-4e9e-a381-26b8d42c1467/overview Mozilla/5.0 (Windows NT 10.0; Win64; x64) AppleWebKit/537.36 (KHTML, like Gecko) Chrome/114.0.0.0 Safari/537.36 Edg/114.0.1823.43 0.009
0:0:0:0:0:0:0:1 - - [18/Jun/2023:19:41:05 +0300] GET /devportal/site/public/css/main.css HTTP/1.1 200 2092 https://localhost:9443/devportal/apis/322d0fa8-4241-4e9e-a381-26b8d42c1467/test Mozilla/5.0 (Windows NT 10.0; Win64; x64) AppleWebKit/537.36 (KHTML, like Gecko) Chrome/114.0.0.0 Safari/537.36 Edg/114.0.1823.43 0.005
0:0:0:0:0:0:0:1 - - [18/Jun/2023:19:41:05 +0300] - 400 - - - 0.000
0:0:0:0:0:0:0:1 - - [18/Jun/2023:19:41:05 +0300] - 400 - - - 0.000
0:0:0:0:0:0:0:1 - - [18/Jun/2023:19:41:05 +0300] - 400 - - - 0.000
0:0:0:0:0:0:0:1 - - [18/Jun/2023:19:41:05 +0300] - 400 - - - 0.000
0:0:0:0:0:0:0:1 - - [18/Jun/2023:19:41:05 +0300] GET /devportal/site/public/fonts/iconfont/material-icons.css HTTP/1.1 200 970 https://localhost:9443/devportal/apis/322d0fa8-4241-4e9e-a381-26b8d42c1467/test Mozilla/5.0 (Windows NT 10.0; Win64; x64) AppleWebKit/537.36 (KHTML, like Gecko) Chrome/114.0.0.0 Safari/537.36 Edg/114.0.1823.43 0.008
0:0:0:0:0:0:0:1 - - [18/Jun/2023:19:41:05 +0300] GET /devportal/site/public/css/overrides.css HTTP/1.1 200 - https://localhost:9443/devportal/apis/322d0fa8-4241-4e9e-a381-26b8d42c1467/test Mozilla/5.0 (Windows NT 10.0; Win64; x64) AppleWebKit/537.36 (KHTML, like Gecko) Chrome/114.0.0.0 Safari/537.36 Edg/114.0.1823.43 0.007
0:0:0:0:0:0:0:1 - - [18/Jun/2023:19:41:05 +0300] GET /devportal/site/public/theme/userTheme.js HTTP/1.1 200 96 https://localhost:9443/devportal/apis/322d0fa8-4241-4e9e-a381-26b8d42c1467/test Mozilla/5.0 (Windows NT 10.0; Win64; x64) AppleWebKit/537.36 (KHTML, like Gecko) Chrome/114.0.0.0 Safari/537.36 Edg/114.0.1823.43 0.010
0:0:0:0:0:0:0:1 - - [18/Jun/2023:19:41:05 +0300] GET /devportal/services/settings/settings.js HTTP/1.1 200 1474 https://localhost:9443/devportal/apis/322d0fa8-4241-4e9e-a381-26b8d42c1467/test Mozilla/5.0 (Windows NT 10.0; Win64; x64) AppleWebKit/537.36 (KHTML, like Gecko) Chrome/114.0.0.0 Safari/537.36 Edg/114.0.1823.43 0.012
0:0:0:0:0:0:0:1 - - [18/Jun/2023:19:41:06 +0300] GET /devportal/site/public/images/_favicon.ico HTTP/1.1 200 1150 https://localhost:9443/devportal/apis/322d0fa8-4241-4e9e-a381-26b8d42c1467/test Mozilla/5.0 (Windows NT 10.0; Win64; x64) AppleWebKit/537.36 (KHTML, like Gecko) Chrome/114.0.0.0 Safari/537.36 Edg/114.0.1823.43 0.008
0:0:0:0:0:0:0:1 - - [18/Jun/2023:19:41:06 +0300] GET /api/am/devportal/v3/swagger.yaml HTTP/1.1 200 26878 https://localhost:9443/devportal/apis/322d0fa8-4241-4e9e-a381-26b8d42c1467/test Mozilla/5.0 (Windows NT 10.0; Win64; x64) AppleWebKit/537.36 (KHTML, like Gecko) Chrome/114.0.0.0 Safari/537.36 Edg/114.0.1823.43 0.106
0:0:0:0:0:0:0:1 - - [18/Jun/2023:19:41:06 +0300] GET /devportal/site/public/images/favicon.ico HTTP/1.1 200 162098 https://localhost:9443/devportal/apis/322d0fa8-4241-4e9e-a381-26b8d42c1467/test Mozilla/5.0 (Windows NT 10.0; Win64; x64) AppleWebKit/537.36 (KHTML, like Gecko) Chrome/114.0.0.0 Safari/537.36 Edg/114.0.1823.43 0.008
0:0:0:0:0:0:0:1 - - [18/Jun/2023:19:41:06 +0300] GET /devportal/site/public/locales/en.json HTTP/1.1 200 57092 https://localhost:9443/devportal/apis/322d0fa8-4241-4e9e-a381-26b8d42c1467/test Mozilla/5.0 (Windows NT 10.0; Win64; x64) AppleWebKit/537.36 (KHTML, like Gecko) Chrome/114.0.0.0 Safari/537.36 Edg/114.0.1823.43 0.116
127.0.0.1 - - [18/Jun/2023:19:41:08 +0300] POST /oauth2/token HTTP/1.1 415 - - Java-http-client/20.0.1 1.480
0:0:0:0:0:0:0:1 - - [18/Jun/2023:19:41:08 +0300] POST /devportal/services/refresh HTTP/1.1 500 87 https://localhost:9443/devportal/apis/322d0fa8-4241-4e9e-a381-26b8d42c1467/test Mozilla/5.0 (Windows NT 10.0; Win64; x64) AppleWebKit/537.36 (KHTML, like Gecko) Chrome/114.0.0.0 Safari/537.36 Edg/114.0.1823.43 2.488
0:0:0:0:0:0:0:1 - - [18/Jun/2023:19:41:08 +0300] GET /api/am/devportal/v3/settings HTTP/1.1 401 101 https://localhost:9443/devportal/apis/322d0fa8-4241-4e9e-a381-26b8d42c1467/test Mozilla/5.0 (Windows NT 10.0; Win64; x64) AppleWebKit/537.36 (KHTML, like Gecko) Chrome/114.0.0.0 Safari/537.36 Edg/114.0.1823.43 0.079
0:0:0:0:0:0:0:1 - - [18/Jun/2023:19:41:09 +0300] GET /devportal/services/auth/callback/logout HTTP/1.1 302 - https://localhost:9443/devportal/apis/322d0fa8-4241-4e9e-a381-26b8d42c1467/test Mozilla/5.0 (Windows NT 10.0; Win64; x64) AppleWebKit/537.36 (KHTML, like Gecko) Chrome/114.0.0.0 Safari/537.36 Edg/114.0.1823.43 0.016
0:0:0:0:0:0:0:1 - - [18/Jun/2023:19:41:09 +0300] GET /devportal/logout?referrer=/apis HTTP/1.1 200 1691 https://localhost:9443/devportal/apis/322d0fa8-4241-4e9e-a381-26b8d42c1467/test Mozilla/5.0 (Windows NT 10.0; Win64; x64) AppleWebKit/537.36 (KHTML, like Gecko) Chrome/114.0.0.0 Safari/537.36 Edg/114.0.1823.43 0.004
0:0:0:0:0:0:0:1 - - [18/Jun/2023:19:41:09 +0300] GET /devportal/site/public/theme/userTheme.js HTTP/1.1 200 96 https://localhost:9443/devportal/logout?referrer=/apis Mozilla/5.0 (Windows NT 10.0; Win64; x64) AppleWebKit/537.36 (KHTML, like Gecko) Chrome/114.0.0.0 Safari/537.36 Edg/114.0.1823.43 0.005
0:0:0:0:0:0:0:1 - - [18/Jun/2023:19:41:09 +0300] GET /devportal/services/settings/settings.js HTTP/1.1 200 1474 https://localhost:9443/devportal/logout?referrer=/apis Mozilla/5.0 (Windows NT 10.0; Win64; x64) AppleWebKit/537.36 (KHTML, like Gecko) Chrome/114.0.0.0 Safari/537.36 Edg/114.0.1823.43 0.007
0:0:0:0:0:0:0:1 - - [18/Jun/2023:19:41:09 +0300] GET /devportal/site/public/locales/en.json HTTP/1.1 200 57092 https://localhost:9443/devportal/logout?referrer=/apis Mozilla/5.0 (Windows NT 10.0; Win64; x64) AppleWebKit/537.36 (KHTML, like Gecko) Chrome/114.0.0.0 Safari/537.36 Edg/114.0.1823.43 0.003
0:0:0:0:0:0:0:1 - - [18/Jun/2023:19:41:09 +0300] GET /api/am/devportal/v3/swagger.yaml HTTP/1.1 200 26878 https://localhost:9443/devportal/logout?referrer=/apis Mozilla/5.0 (Windows NT 10.0; Win64; x64) AppleWebKit/537.36 (KHTML, like Gecko) Chrome/114.0.0.0 Safari/537.36 Edg/114.0.1823.43 0.015
0:0:0:0:0:0:0:1 - - [18/Jun/2023:19:41:09 +0300] GET /devportal/site/public/images/_favicon.ico HTTP/1.1 200 1150 https://localhost:9443/devportal/logout?referrer=/apis Mozilla/5.0 (Windows NT 10.0; Win64; x64) AppleWebKit/537.36 (KHTML, like Gecko) Chrome/114.0.0.0 Safari/537.36 Edg/114.0.1823.43 0.002
0:0:0:0:0:0:0:1 - - [18/Jun/2023:19:41:09 +0300] GET /api/am/devportal/v3/settings HTTP/1.1 200 592 https://localhost:9443/devportal/logout?referrer=/apis Mozilla/5.0 (Windows NT 10.0; Win64; x64) AppleWebKit/537.36 (KHTML, like Gecko) Chrome/114.0.0.0 Safari/537.36 Edg/114.0.1823.43 0.318
0:0:0:0:0:0:0:1 - - [18/Jun/2023:19:41:09 +0300] GET /devportal/site/public/dist/ProtectedApp.42893a52cd015332b409.bundle.js HTTP/1.1 200 70963 https://localhost:9443/devportal/apis Mozilla/5.0 (Windows NT 10.0; Win64; x64) AppleWebKit/537.36 (KHTML, like Gecko) Chrome/114.0.0.0 Safari/537.36 Edg/114.0.1823.43 0.026
0:0:0:0:0:0:0:1 - - [18/Jun/2023:19:41:09 +0300] - 400 - - - 0.000
0:0:0:0:0:0:0:1 - - [18/Jun/2023:19:41:09 +0300] GET /devportal/site/public/images/_favicon.ico HTTP/1.1 200 1150 https://localhost:9443/devportal/apis Mozilla/5.0 (Windows NT 10.0; Win64; x64) AppleWebKit/537.36 (KHTML, like Gecko) Chrome/114.0.0.0 Safari/537.36 Edg/114.0.1823.43 0.002
0:0:0:0:0:0:0:1 - - [18/Jun/2023:19:41:10 +0300] GET /devportal/site/public/dist/vendors~ProtectedApp.018eeb6bd33ca37011cd.bundle.js HTTP/1.1 200 126488 https://localhost:9443/devportal/apis Mozilla/5.0 (Windows NT 10.0; Win64; x64) AppleWebKit/537.36 (KHTML, like Gecko) Chrome/114.0.0.0 Safari/537.36 Edg/114.0.1823.43 0.125
127.0.0.1 - - [18/Jun/2023:19:41:10 +0300] GET /api/am/devportal/v3/settings HTTP/1.1 200 604 - Java-http-client/20.0.1 0.356
0:0:0:0:0:0:0:1 - - [18/Jun/2023:19:41:10 +0300] GET /devportal/services/configs?loginPrompt=false HTTP/1.1 302 - https://localhost:9443/devportal/apis Mozilla/5.0 (Windows NT 10.0; Win64; x64) AppleWebKit/537.36 (KHTML, like Gecko) Chrome/114.0.0.0 Safari/537.36 Edg/114.0.1823.43 0.541
0:0:0:0:0:0:0:1 - - [18/Jun/2023:19:41:10 +0300] GET /oauth2/authorize?response_type=code&client_id=PWfgQzPGHoxzOjpmoCalMGNtF2Ia&scope=apim:admin%20apim:api_key%20apim:app_import_export%20apim:app_manage%20apim:store_settings%20apim:sub_alert_manage%20apim:sub_manage%20apim:subscribe%20openid&state=%2Fapis&redirect_uri=https://localhost:9443/devportal/services/auth/callback/login&prompt=none HTTP/1.1 302 - https://localhost:9443/devportal/apis Mozilla/5.0 (Windows NT 10.0; Win64; x64) AppleWebKit/537.36 (KHTML, like Gecko) Chrome/114.0.0.0 Safari/537.36 Edg/114.0.1823.43 0.259
0:0:0:0:0:0:0:1 - - [18/Jun/2023:19:41:10 +0300] GET /devportal/services/auth/callback/login?error_description=Authentication+required&state=%2Fapis&error=login_required HTTP/1.1 302 - https://localhost:9443/devportal/apis Mozilla/5.0 (Windows NT 10.0; Win64; x64) AppleWebKit/537.36 (KHTML, like Gecko) Chrome/114.0.0.0 Safari/537.36 Edg/114.0.1823.43 0.012
0:0:0:0:0:0:0:1 - - [18/Jun/2023:19:41:10 +0300] GET /devportal/services/auth/callback/logout?referrer=/apis HTTP/1.1 302 - https://localhost:9443/devportal/apis Mozilla/5.0 (Windows NT 10.0; Win64; x64) AppleWebKit/537.36 (KHTML, like Gecko) Chrome/114.0.0.0 Safari/537.36 Edg/114.0.1823.43 0.005
0:0:0:0:0:0:0:1 - - [18/Jun/2023:19:41:10 +0300] GET /devportal/logout?referrer=/apis HTTP/1.1 200 1691 https://localhost:9443/devportal/apis Mozilla/5.0 (Windows NT 10.0; Win64; x64) AppleWebKit/537.36 (KHTML, like Gecko) Chrome/114.0.0.0 Safari/537.36 Edg/114.0.1823.43 0.005
0:0:0:0:0:0:0:1 - - [18/Jun/2023:19:41:10 +0300] GET /devportal/services/settings/settings.js HTTP/1.1 200 1474 https://localhost:9443/devportal/logout?referrer=/apis Mozilla/5.0 (Windows NT 10.0; Win64; x64) AppleWebKit/537.36 (KHTML, like Gecko) Chrome/114.0.0.0 Safari/537.36 Edg/114.0.1823.43 0.011
0:0:0:0:0:0:0:1 - - [18/Jun/2023:19:41:10 +0300] GET /devportal/site/public/theme/userTheme.js HTTP/1.1 200 96 https://localhost:9443/devportal/logout?referrer=/apis Mozilla/5.0 (Windows NT 10.0; Win64; x64) AppleWebKit/537.36 (KHTML, like Gecko) Chrome/114.0.0.0 Safari/537.36 Edg/114.0.1823.43 0.017
0:0:0:0:0:0:0:1 - - [18/Jun/2023:19:41:10 +0300] GET /devportal/site/public/locales/en.json HTTP/1.1 200 57092 https://localhost:9443/devportal/logout?referrer=/apis Mozilla/5.0 (Windows NT 10.0; Win64; x64) AppleWebKit/537.36 (KHTML, like Gecko) Chrome/114.0.0.0 Safari/537.36 Edg/114.0.1823.43 0.023
0:0:0:0:0:0:0:1 - - [18/Jun/2023:19:41:10 +0300] GET /devportal/site/public/images/_favicon.ico HTTP/1.1 200 1150 https://localhost:9443/devportal/logout?referrer=/apis Mozilla/5.0 (Windows NT 10.0; Win64; x64) AppleWebKit/537.36 (KHTML, like Gecko) Chrome/114.0.0.0 Safari/537.36 Edg/114.0.1823.43 0.002
0:0:0:0:0:0:0:1 - - [18/Jun/2023:19:41:10 +0300] GET /api/am/devportal/v3/swagger.yaml HTTP/1.1 200 26878 https://localhost:9443/devportal/logout?referrer=/apis Mozilla/5.0 (Windows NT 10.0; Win64; x64) AppleWebKit/537.36 (KHTML, like Gecko) Chrome/114.0.0.0 Safari/537.36 Edg/114.0.1823.43 0.034
0:0:0:0:0:0:0:1 - - [18/Jun/2023:19:41:11 +0300] GET /api/am/devportal/v3/settings HTTP/1.1 200 592 https://localhost:9443/devportal/logout?referrer=/apis Mozilla/5.0 (Windows NT 10.0; Win64; x64) AppleWebKit/537.36 (KHTML, like Gecko) Chrome/114.0.0.0 Safari/537.36 Edg/114.0.1823.43 0.228
0:0:0:0:0:0:0:1 - - [18/Jun/2023:19:41:11 +0300] GET /devportal/site/public/images/_favicon.ico HTTP/1.1 200 1150 https://localhost:9443/devportal/apis Mozilla/5.0 (Windows NT 10.0; Win64; x64) AppleWebKit/537.36 (KHTML, like Gecko) Chrome/114.0.0.0 Safari/537.36 Edg/114.0.1823.43 0.017
0:0:0:0:0:0:0:1 - - [18/Jun/2023:19:41:11 +0300] - 400 - - - 0.000
0:0:0:0:0:0:0:1 - - [18/Jun/2023:19:41:11 +0300] GET /devportal/site/public/theme/temporary_features_config.json HTTP/1.1 200 - https://localhost:9443/devportal/apis Mozilla/5.0 (Windows NT 10.0; Win64; x64) AppleWebKit/537.36 (KHTML, like Gecko) Chrome/114.0.0.0 Safari/537.36 Edg/114.0.1823.43 0.009
0:0:0:0:0:0:0:1 - - [18/Jun/2023:19:41:11 +0300] GET /devportal/site/public/theme/temporary_environments_config.json HTTP/1.1 200 - https://localhost:9443/devportal/apis Mozilla/5.0 (Windows NT 10.0; Win64; x64) AppleWebKit/537.36 (KHTML, like Gecko) Chrome/114.0.0.0 Safari/537.36 Edg/114.0.1823.43 0.013
0:0:0:0:0:0:0:1 - - [18/Jun/2023:19:41:11 +0300] GET /api/am/devportal/v3/tenants?state=active HTTP/1.1 200 96 https://localhost:9443/devportal/apis Mozilla/5.0 (Windows NT 10.0; Win64; x64) AppleWebKit/537.36 (KHTML, like Gecko) Chrome/114.0.0.0 Safari/537.36 Edg/114.0.1823.43 0.017
0:0:0:0:0:0:0:1 - - [18/Jun/2023:19:41:11 +0300] GET /devportal/site/public/dist/vendors~ApiListing~Apis~ApplicationDetails.720bc2e40480316deaca.bundle.js HTTP/1.1 200 3839 https://localhost:9443/devportal/apis Mozilla/5.0 (Windows NT 10.0; Win64; x64) AppleWebKit/537.36 (KHTML, like Gecko) Chrome/114.0.0.0 Safari/537.36 Edg/114.0.1823.43 0.025
0:0:0:0:0:0:0:1 - - [18/Jun/2023:19:41:11 +0300] GET /devportal/site/public/dist/vendors~Apis~Landing.e9d0b010bafc4e7686f8.bundle.js HTTP/1.1 200 4090 https://localhost:9443/devportal/apis Mozilla/5.0 (Windows NT 10.0; Win64; x64) AppleWebKit/537.36 (KHTML, like Gecko) Chrome/114.0.0.0 Safari/537.36 Edg/114.0.1823.43 0.015
0:0:0:0:0:0:0:1 - - [18/Jun/2023:19:41:11 +0300] - 400 - - - 0.000
0:0:0:0:0:0:0:1 - - [18/Jun/2023:19:41:11 +0300] - 400 - - - 0.000
0:0:0:0:0:0:0:1 - - [18/Jun/2023:19:41:11 +0300] GET /oidc/checksession?client_id=PWfgQzPGHoxzOjpmoCalMGNtF2Ia&redirect_uri=https://localhost:9443/devportal/services/auth/callback/login HTTP/1.1 200 3134 https://localhost:9443/devportal/apis Mozilla/5.0 (Windows NT 10.0; Win64; x64) AppleWebKit/537.36 (KHTML, like Gecko) Chrome/114.0.0.0 Safari/537.36 Edg/114.0.1823.43 0.023
0:0:0:0:0:0:0:1 - - [18/Jun/2023:19:41:11 +0300] - 400 - - - 0.000
0:0:0:0:0:0:0:1 - - [18/Jun/2023:19:41:11 +0300] GET /devportal HTTP/1.1 302 - https://localhost:9443/devportal/apis Mozilla/5.0 (Windows NT 10.0; Win64; x64) AppleWebKit/537.36 (KHTML, like Gecko) Chrome/114.0.0.0 Safari/537.36 Edg/114.0.1823.43 0.000
0:0:0:0:0:0:0:1 - - [18/Jun/2023:19:41:11 +0300] GET /devportal/site/public/dist/Apis~Landing.44f03df4105c342867a1.bundle.js HTTP/1.1 200 6722 https://localhost:9443/devportal/apis Mozilla/5.0 (Windows NT 10.0; Win64; x64) AppleWebKit/537.36 (KHTML, like Gecko) Chrome/114.0.0.0 Safari/537.36 Edg/114.0.1823.43 0.028
0:0:0:0:0:0:0:1 - - [18/Jun/2023:19:41:11 +0300] GET /devportal/site/public/dist/vendors~Apis.3a6169883ec8c6c5366d.bundle.js HTTP/1.1 200 87282 https://localhost:9443/devportal/apis Mozilla/5.0 (Windows NT 10.0; Win64; x64) AppleWebKit/537.36 (KHTML, like Gecko) Chrome/114.0.0.0 Safari/537.36 Edg/114.0.1823.43 0.118
0:0:0:0:0:0:0:1 - - [18/Jun/2023:19:41:11 +0300] GET /devportal/site/public/dist/Apis.800351a0eb878c789ea9.bundle.js HTTP/1.1 200 25570 https://localhost:9443/devportal/apis Mozilla/5.0 (Windows NT 10.0; Win64; x64) AppleWebKit/537.36 (KHTML, like Gecko) Chrome/114.0.0.0 Safari/537.36 Edg/114.0.1823.43 0.133
0:0:0:0:0:0:0:1 - - [18/Jun/2023:19:41:11 +0300] GET /devportal/ HTTP/1.1 200 1691 https://localhost:9443/devportal/apis Mozilla/5.0 (Windows NT 10.0; Win64; x64) AppleWebKit/537.36 (KHTML, like Gecko) Chrome/114.0.0.0 Safari/537.36 Edg/114.0.1823.43 0.126
0:0:0:0:0:0:0:1 - - [18/Jun/2023:19:41:11 +0300] GET /api/am/devportal/v3/api-categories HTTP/1.1 200 21 https://localhost:9443/devportal/apis Mozilla/5.0 (Windows NT 10.0; Win64; x64) AppleWebKit/537.36 (KHTML, like Gecko) Chrome/114.0.0.0 Safari/537.36 Edg/114.0.1823.43 0.007
0:0:0:0:0:0:0:1 - - [18/Jun/2023:19:41:12 +0300] GET /api/am/devportal/v3/tags HTTP/1.1 200 119 https://localhost:9443/devportal/apis Mozilla/5.0 (Windows NT 10.0; Win64; x64) AppleWebKit/537.36 (KHTML, like Gecko) Chrome/114.0.0.0 Safari/537.36 Edg/114.0.1823.43 0.096
0:0:0:0:0:0:0:1 - - [18/Jun/2023:19:41:12 +0300] GET /api/am/devportal/v3/apis?limit=10&offset=0 HTTP/1.1 200 750 https://localhost:9443/devportal/apis Mozilla/5.0 (Windows NT 10.0; Win64; x64) AppleWebKit/537.36 (KHTML, like Gecko) Chrome/114.0.0.0 Safari/537.36 Edg/114.0.1823.43 0.216
0:0:0:0:0:0:0:1 - - [18/Jun/2023:19:41:12 +0300] - 400 - - - 0.000
0:0:0:0:0:0:0:1 - - [18/Jun/2023:19:41:12 +0300] GET /api/am/devportal/v3/apis/746c7962-0923-4c21-be0e-a84d3748b57b/thumbnail HTTP/1.1 204 - https://localhost:9443/devportal/apis Mozilla/5.0 (Windows NT 10.0; Win64; x64) AppleWebKit/537.36 (KHTML, like Gecko) Chrome/114.0.0.0 Safari/537.36 Edg/114.0.1823.43 0.023
0:0:0:0:0:0:0:1 - - [18/Jun/2023:19:41:12 +0300] GET /api/am/devportal/v3/apis/b708e07c-f833-4577-9072-b66243c058b3/thumbnail HTTP/1.1 204 - https://localhost:9443/devportal/apis Mozilla/5.0 (Windows NT 10.0; Win64; x64) AppleWebKit/537.36 (KHTML, like Gecko) Chrome/114.0.0.0 Safari/537.36 Edg/114.0.1823.43 0.043
0:0:0:0:0:0:0:1 - - [18/Jun/2023:19:41:12 +0300] GET /api/am/devportal/v3/apis/8485612f-b238-4e6d-9c05-e116e15f9121/thumbnail HTTP/1.1 204 - https://localhost:9443/devportal/apis Mozilla/5.0 (Windows NT 10.0; Win64; x64) AppleWebKit/537.36 (KHTML, like Gecko) Chrome/114.0.0.0 Safari/537.36 Edg/114.0.1823.43 0.050
0:0:0:0:0:0:0:1 - - [18/Jun/2023:19:41:12 +0300] GET /api/am/devportal/v3/apis/bd412728-6963-4947-ba67-61fa1e164022/thumbnail HTTP/1.1 204 - https://localhost:9443/devportal/apis Mozilla/5.0 (Windows NT 10.0; Win64; x64) AppleWebKit/537.36 (KHTML, like Gecko) Chrome/114.0.0.0 Safari/537.36 Edg/114.0.1823.43 0.107
0:0:0:0:0:0:0:1 - - [18/Jun/2023:19:41:12 +0300] GET /api/am/devportal/v3/apis/322d0fa8-4241-4e9e-a381-26b8d42c1467/thumbnail HTTP/1.1 204 - https://localhost:9443/devportal/apis Mozilla/5.0 (Windows NT 10.0; Win64; x64) AppleWebKit/537.36 (KHTML, like Gecko) Chrome/114.0.0.0 Safari/537.36 Edg/114.0.1823.43 0.123
0:0:0:0:0:0:0:1 - - [18/Jun/2023:19:41:16 +0300] GET /devportal/site/public/images/_favicon.ico HTTP/1.1 200 1150 https://localhost:9443/devportal/applications Mozilla/5.0 (Windows NT 10.0; Win64; x64) AppleWebKit/537.36 (KHTML, like Gecko) Chrome/114.0.0.0 Safari/537.36 Edg/114.0.1823.43 0.001
0:0:0:0:0:0:0:1 - - [18/Jun/2023:19:41:16 +0300] GET /devportal/services/configs HTTP/1.1 302 - https://localhost:9443/devportal/applications Mozilla/5.0 (Windows NT 10.0; Win64; x64) AppleWebKit/537.36 (KHTML, like Gecko) Chrome/114.0.0.0 Safari/537.36 Edg/114.0.1823.43 0.403
127.0.0.1 - - [18/Jun/2023:19:41:16 +0300] GET /api/am/devportal/v3/settings HTTP/1.1 200 604 - Java-http-client/20.0.1 0.340
0:0:0:0:0:0:0:1 - - [18/Jun/2023:19:41:16 +0300] GET /oauth2/authorize?response_type=code&client_id=PWfgQzPGHoxzOjpmoCalMGNtF2Ia&scope=apim:admin%20apim:api_key%20apim:app_import_export%20apim:app_manage%20apim:store_settings%20apim:sub_alert_manage%20apim:sub_manage%20apim:subscribe%20openid&state=%2Fapplications&redirect_uri=https://localhost:9443/devportal/services/auth/callback/login HTTP/1.1 302 - https://localhost:9443/devportal/applications Mozilla/5.0 (Windows NT 10.0; Win64; x64) AppleWebKit/537.36 (KHTML, like Gecko) Chrome/114.0.0.0 Safari/537.36 Edg/114.0.1823.43 0.044
127.0.0.1 - - [18/Jun/2023:19:41:19 +0300] GET /api/server/v1/applications?filter=name+eq+apim_devportal HTTP/1.1 302 - - Apache-HttpClient/4.5.13 (Java/20.0.1) 0.003
127.0.0.1 - - [18/Jun/2023:19:41:19 +0300] GET /carbon/admin/login.jsp HTTP/1.1 200 3675 - Apache-HttpClient/4.5.13 (Java/20.0.1) 0.237
127.0.0.1 - - [18/Jun/2023:19:41:20 +0300] POST /api/server/v1/identity-governance/preferences HTTP/1.1 302 - - Apache-HttpClient/4.5.13 (Java/20.0.1) 0.002
127.0.0.1 - - [18/Jun/2023:19:41:20 +0300] POST /api/server/v1/identity-governance/preferences HTTP/1.1 302 - - Apache-HttpClient/4.5.13 (Java/20.0.1) 0.002
127.0.0.1 - - [18/Jun/2023:19:41:20 +0300] POST /api/server/v1/identity-governance/preferences HTTP/1.1 302 - - Apache-HttpClient/4.5.13 (Java/20.0.1) 0.002
127.0.0.1 - - [18/Jun/2023:19:41:20 +0300] GET /api/server/v1/applications?filter=name+eq+apim_devportal HTTP/1.1 302 - - Apache-HttpClient/4.5.13 (Java/20.0.1) 0.002
127.0.0.1 - - [18/Jun/2023:19:41:20 +0300] GET /carbon/admin/login.jsp HTTP/1.1 200 3673 - Apache-HttpClient/4.5.13 (Java/20.0.1) 0.017
0:0:0:0:0:0:0:1 - - [18/Jun/2023:19:41:20 +0300] GET /authenticationendpoint/login.do?client_id=PWfgQzPGHoxzOjpmoCalMGNtF2Ia&commonAuthCallerPath=%2Foauth2%2Fauthorize&forceAuth=false&passiveAuth=false&redirect_uri=https%3A%2F%2Flocalhost%3A9443%2Fdevportal%2Fservices%2Fauth%2Fcallback%2Flogin&response_type=code&scope=apim%3Aadmin+apim%3Aapi_key+apim%3Aapp_import_export+apim%3Aapp_manage+apim%3Astore_settings+apim%3Asub_alert_manage+apim%3Asub_manage+apim%3Asubscribe+openid&state=%2Fapplications&tenantDomain=carbon.super&sessionDataKey=e31d06a8-ee0c-456d-87be-584b84c2cbdf&relyingParty=PWfgQzPGHoxzOjpmoCalMGNtF2Ia&type=oidc&sp=apim_devportal&isSaaSApp=true&authenticators=BasicAuthenticator%3ALOCAL HTTP/1.1 200 9467 https://localhost:9443/devportal/applications Mozilla/5.0 (Windows NT 10.0; Win64; x64) AppleWebKit/537.36 (KHTML, like Gecko) Chrome/114.0.0.0 Safari/537.36 Edg/114.0.1823.43 3.780
0:0:0:0:0:0:0:1 - - [18/Jun/2023:19:41:20 +0300] GET /authenticationendpoint/libs/themes/default/semantic.min.js HTTP/1.1 200 72294 https://localhost:9443/authenticationendpoint/login.do?client_id=PWfgQzPGHoxzOjpmoCalMGNtF2Ia&commonAuthCallerPath=%2Foauth2%2Fauthorize&forceAuth=false&passiveAuth=false&redirect_uri=https%3A%2F%2Flocalhost%3A9443%2Fdevportal%2Fservices%2Fauth%2Fcallback%2Flogin&response_type=code&scope=apim%3Aadmin+apim%3Aapi_key+apim%3Aapp_import_export+apim%3Aapp_manage+apim%3Astore_settings+apim%3Asub_alert_manage+apim%3Asub_manage+apim%3Asubscribe+openid&state=%2Fapplications&tenantDomain=carbon.super&sessionDataKey=e31d06a8-ee0c-456d-87be-584b84c2cbdf&relyingParty=PWfgQzPGHoxzOjpmoCalMGNtF2Ia&type=oidc&sp=apim_devportal&isSaaSApp=true&authenticators=BasicAuthenticator%3ALOCAL Mozilla/5.0 (Windows NT 10.0; Win64; x64) AppleWebKit/537.36 (KHTML, like Gecko) Chrome/114.0.0.0 Safari/537.36 Edg/114.0.1823.43 0.042
0:0:0:0:0:0:0:1 - - [18/Jun/2023:19:41:20 +0300] GET /authenticationendpoint/libs/jquery_3.6.0/jquery-3.6.0.min.js HTTP/1.1 200 31385 https://localhost:9443/authenticationendpoint/login.do?client_id=PWfgQzPGHoxzOjpmoCalMGNtF2Ia&commonAuthCallerPath=%2Foauth2%2Fauthorize&forceAuth=false&passiveAuth=false&redirect_uri=https%3A%2F%2Flocalhost%3A9443%2Fdevportal%2Fservices%2Fauth%2Fcallback%2Flogin&response_type=code&scope=apim%3Aadmin+apim%3Aapi_key+apim%3Aapp_import_export+apim%3Aapp_manage+apim%3Astore_settings+apim%3Asub_alert_manage+apim%3Asub_manage+apim%3Asubscribe+openid&state=%2Fapplications&tenantDomain=carbon.super&sessionDataKey=e31d06a8-ee0c-456d-87be-584b84c2cbdf&relyingParty=PWfgQzPGHoxzOjpmoCalMGNtF2Ia&type=oidc&sp=apim_devportal&isSaaSApp=true&authenticators=BasicAuthenticator%3ALOCAL Mozilla/5.0 (Windows NT 10.0; Win64; x64) AppleWebKit/537.36 (KHTML, like Gecko) Chrome/114.0.0.0 Safari/537.36 Edg/114.0.1823.43 0.082
0:0:0:0:0:0:0:1 - - [18/Jun/2023:19:41:20 +0300] GET /authenticationendpoint/libs/themes/default/theme.2857d6ef.min.css HTTP/1.1 200 146900 https://localhost:9443/authenticationendpoint/login.do?client_id=PWfgQzPGHoxzOjpmoCalMGNtF2Ia&commonAuthCallerPath=%2Foauth2%2Fauthorize&forceAuth=false&passiveAuth=false&redirect_uri=https%3A%2F%2Flocalhost%3A9443%2Fdevportal%2Fservices%2Fauth%2Fcallback%2Flogin&response_type=code&scope=apim%3Aadmin+apim%3Aapi_key+apim%3Aapp_import_export+apim%3Aapp_manage+apim%3Astore_settings+apim%3Asub_alert_manage+apim%3Asub_manage+apim%3Asubscribe+openid&state=%2Fapplications&tenantDomain=carbon.super&sessionDataKey=e31d06a8-ee0c-456d-87be-584b84c2cbdf&relyingParty=PWfgQzPGHoxzOjpmoCalMGNtF2Ia&type=oidc&sp=apim_devportal&isSaaSApp=true&authenticators=BasicAuthenticator%3ALOCAL Mozilla/5.0 (Windows NT 10.0; Win64; x64) AppleWebKit/537.36 (KHTML, like Gecko) Chrome/114.0.0.0 Safari/537.36 Edg/114.0.1823.43 0.137
0:0:0:0:0:0:0:1 - - [18/Jun/2023:19:41:20 +0300] GET /authenticationendpoint/libs/themes/default/assets/fonts/icons.woff2 HTTP/1.1 200 40148 https://localhost:9443/authenticationendpoint/libs/themes/default/theme.2857d6ef.min.css Mozilla/5.0 (Windows NT 10.0; Win64; x64) AppleWebKit/537.36 (KHTML, like Gecko) Chrome/114.0.0.0 Safari/537.36 Edg/114.0.1823.43 0.009
0:0:0:0:0:0:0:1 - - [18/Jun/2023:19:41:20 +0300] GET /logincontext?sessionDataKey=e31d06a8-ee0c-456d-87be-584b84c2cbdf&application=apim_devportal&tenantDomain=carbon.super&_=1687106480297 HTTP/1.1 200 20 https://localhost:9443/authenticationendpoint/login.do?client_id=PWfgQzPGHoxzOjpmoCalMGNtF2Ia&commonAuthCallerPath=%2Foauth2%2Fauthorize&forceAuth=false&passiveAuth=false&redirect_uri=https%3A%2F%2Flocalhost%3A9443%2Fdevportal%2Fservices%2Fauth%2Fcallback%2Flogin&response_type=code&scope=apim%3Aadmin+apim%3Aapi_key+apim%3Aapp_import_export+apim%3Aapp_manage+apim%3Astore_settings+apim%3Asub_alert_manage+apim%3Asub_manage+apim%3Asubscribe+openid&state=%2Fapplications&tenantDomain=carbon.super&sessionDataKey=e31d06a8-ee0c-456d-87be-584b84c2cbdf&relyingParty=PWfgQzPGHoxzOjpmoCalMGNtF2Ia&type=oidc&sp=apim_devportal&isSaaSApp=true&authenticators=BasicAuthenticator%3ALOCAL Mozilla/5.0 (Windows NT 10.0; Win64; x64) AppleWebKit/537.36 (KHTML, like Gecko) Chrome/114.0.0.0 Safari/537.36 Edg/114.0.1823.43 0.002
0:0:0:0:0:0:0:1 - - [18/Jun/2023:19:41:31 +0300] GET /logincontext?sessionDataKey=e31d06a8-ee0c-456d-87be-584b84c2cbdf&application=apim_devportal&tenantDomain=carbon.super&_=1687106480298 HTTP/1.1 200 20 https://localhost:9443/authenticationendpoint/login.do?client_id=PWfgQzPGHoxzOjpmoCalMGNtF2Ia&commonAuthCallerPath=%2Foauth2%2Fauthorize&forceAuth=false&passiveAuth=false&redirect_uri=https%3A%2F%2Flocalhost%3A9443%2Fdevportal%2Fservices%2Fauth%2Fcallback%2Flogin&response_type=code&scope=apim%3Aadmin+apim%3Aapi_key+apim%3Aapp_import_export+apim%3Aapp_manage+apim%3Astore_settings+apim%3Asub_alert_manage+apim%3Asub_manage+apim%3Asubscribe+openid&state=%2Fapplications&tenantDomain=carbon.super&sessionDataKey=e31d06a8-ee0c-456d-87be-584b84c2cbdf&relyingParty=PWfgQzPGHoxzOjpmoCalMGNtF2Ia&type=oidc&sp=apim_devportal&isSaaSApp=true&authenticators=BasicAuthenticator%3ALOCAL Mozilla/5.0 (Windows NT 10.0; Win64; x64) AppleWebKit/537.36 (KHTML, like Gecko) Chrome/114.0.0.0 Safari/537.36 Edg/114.0.1823.43 0.001
0:0:0:0:0:0:0:1 - - [18/Jun/2023:19:41:31 +0300] POST /commonauth HTTP/1.1 302 - https://localhost:9443/authenticationendpoint/login.do?client_id=PWfgQzPGHoxzOjpmoCalMGNtF2Ia&commonAuthCallerPath=%2Foauth2%2Fauthorize&forceAuth=false&passiveAuth=false&redirect_uri=https%3A%2F%2Flocalhost%3A9443%2Fdevportal%2Fservices%2Fauth%2Fcallback%2Flogin&response_type=code&scope=apim%3Aadmin+apim%3Aapi_key+apim%3Aapp_import_export+apim%3Aapp_manage+apim%3Astore_settings+apim%3Asub_alert_manage+apim%3Asub_manage+apim%3Asubscribe+openid&state=%2Fapplications&tenantDomain=carbon.super&sessionDataKey=e31d06a8-ee0c-456d-87be-584b84c2cbdf&relyingParty=PWfgQzPGHoxzOjpmoCalMGNtF2Ia&type=oidc&sp=apim_devportal&isSaaSApp=true&authenticators=BasicAuthenticator%3ALOCAL Mozilla/5.0 (Windows NT 10.0; Win64; x64) AppleWebKit/537.36 (KHTML, like Gecko) Chrome/114.0.0.0 Safari/537.36 Edg/114.0.1823.43 0.143
0:0:0:0:0:0:0:1 - - [18/Jun/2023:19:41:31 +0300] GET /oauth2/authorize?sessionDataKey=35561917-bbdc-45eb-ba1d-7253c1ea63e8 HTTP/1.1 302 - https://localhost:9443/authenticationendpoint/login.do?client_id=PWfgQzPGHoxzOjpmoCalMGNtF2Ia&commonAuthCallerPath=%2Foauth2%2Fauthorize&forceAuth=false&passiveAuth=false&redirect_uri=https%3A%2F%2Flocalhost%3A9443%2Fdevportal%2Fservices%2Fauth%2Fcallback%2Flogin&response_type=code&scope=apim%3Aadmin+apim%3Aapi_key+apim%3Aapp_import_export+apim%3Aapp_manage+apim%3Astore_settings+apim%3Asub_alert_manage+apim%3Asub_manage+apim%3Asubscribe+openid&state=%2Fapplications&tenantDomain=carbon.super&sessionDataKey=e31d06a8-ee0c-456d-87be-584b84c2cbdf&relyingParty=PWfgQzPGHoxzOjpmoCalMGNtF2Ia&type=oidc&sp=apim_devportal&isSaaSApp=true&authenticators=BasicAuthenticator%3ALOCAL Mozilla/5.0 (Windows NT 10.0; Win64; x64) AppleWebKit/537.36 (KHTML, like Gecko) Chrome/114.0.0.0 Safari/537.36 Edg/114.0.1823.43 0.028
127.0.0.1 - - [18/Jun/2023:19:41:32 +0300] POST /oauth2/token HTTP/1.1 200 1482 - Java-http-client/20.0.1 0.020
0:0:0:0:0:0:0:1 - - [18/Jun/2023:19:41:32 +0300] GET /devportal/services/auth/callback/login?code=1a7663bd-1216-3f83-8db2-ec48c270e78e&state=%2Fapplications&session_state=0b8b240162465f81593524e80f6536e2182a247fad2fbbd207b1db8f4f0ea48c.24PQl-Zp_LA7AjRFPbx_xg HTTP/1.1 302 - https://localhost:9443/authenticationendpoint/login.do?client_id=PWfgQzPGHoxzOjpmoCalMGNtF2Ia&commonAuthCallerPath=%2Foauth2%2Fauthorize&forceAuth=false&passiveAuth=false&redirect_uri=https%3A%2F%2Flocalhost%3A9443%2Fdevportal%2Fservices%2Fauth%2Fcallback%2Flogin&response_type=code&scope=apim%3Aadmin+apim%3Aapi_key+apim%3Aapp_import_export+apim%3Aapp_manage+apim%3Astore_settings+apim%3Asub_alert_manage+apim%3Asub_manage+apim%3Asubscribe+openid&state=%2Fapplications&tenantDomain=carbon.super&sessionDataKey=e31d06a8-ee0c-456d-87be-584b84c2cbdf&relyingParty=PWfgQzPGHoxzOjpmoCalMGNtF2Ia&type=oidc&sp=apim_devportal&isSaaSApp=true&authenticators=BasicAuthenticator%3ALOCAL Mozilla/5.0 (Windows NT 10.0; Win64; x64) AppleWebKit/537.36 (KHTML, like Gecko) Chrome/114.0.0.0 Safari/537.36 Edg/114.0.1823.43 0.052
0:0:0:0:0:0:0:1 - - [18/Jun/2023:19:41:32 +0300] GET /devportal/applications HTTP/1.1 200 1691 https://localhost:9443/authenticationendpoint/login.do?client_id=PWfgQzPGHoxzOjpmoCalMGNtF2Ia&commonAuthCallerPath=%2Foauth2%2Fauthorize&forceAuth=false&passiveAuth=false&redirect_uri=https%3A%2F%2Flocalhost%3A9443%2Fdevportal%2Fservices%2Fauth%2Fcallback%2Flogin&response_type=code&scope=apim%3Aadmin+apim%3Aapi_key+apim%3Aapp_import_export+apim%3Aapp_manage+apim%3Astore_settings+apim%3Asub_alert_manage+apim%3Asub_manage+apim%3Asubscribe+openid&state=%2Fapplications&tenantDomain=carbon.super&sessionDataKey=e31d06a8-ee0c-456d-87be-584b84c2cbdf&relyingParty=PWfgQzPGHoxzOjpmoCalMGNtF2Ia&type=oidc&sp=apim_devportal&isSaaSApp=true&authenticators=BasicAuthenticator%3ALOCAL Mozilla/5.0 (Windows NT 10.0; Win64; x64) AppleWebKit/537.36 (KHTML, like Gecko) Chrome/114.0.0.0 Safari/537.36 Edg/114.0.1823.43 0.007
0:0:0:0:0:0:0:1 - - [18/Jun/2023:19:41:32 +0300] GET /devportal/site/public/css/overrides.css HTTP/1.1 200 - https://localhost:9443/devportal/applications Mozilla/5.0 (Windows NT 10.0; Win64; x64) AppleWebKit/537.36 (KHTML, like Gecko) Chrome/114.0.0.0 Safari/537.36 Edg/114.0.1823.43 0.005
0:0:0:0:0:0:0:1 - - [18/Jun/2023:19:41:32 +0300] GET /devportal/site/public/theme/userTheme.js HTTP/1.1 200 96 https://localhost:9443/devportal/applications Mozilla/5.0 (Windows NT 10.0; Win64; x64) AppleWebKit/537.36 (KHTML, like Gecko) Chrome/114.0.0.0 Safari/537.36 Edg/114.0.1823.43 0.008
0:0:0:0:0:0:0:1 - - [18/Jun/2023:19:41:32 +0300] GET /devportal/services/settings/settings.js HTTP/1.1 200 1474 https://localhost:9443/devportal/applications Mozilla/5.0 (Windows NT 10.0; Win64; x64) AppleWebKit/537.36 (KHTML, like Gecko) Chrome/114.0.0.0 Safari/537.36 Edg/114.0.1823.43 0.008
0:0:0:0:0:0:0:1 - - [18/Jun/2023:19:41:32 +0300] GET /devportal/site/public/locales/en.json HTTP/1.1 200 57092 https://localhost:9443/devportal/applications Mozilla/5.0 (Windows NT 10.0; Win64; x64) AppleWebKit/537.36 (KHTML, like Gecko) Chrome/114.0.0.0 Safari/537.36 Edg/114.0.1823.43 0.006
0:0:0:0:0:0:0:1 - - [18/Jun/2023:19:41:32 +0300] GET /devportal/site/public/images/_favicon.ico HTTP/1.1 200 1150 https://localhost:9443/devportal/applications Mozilla/5.0 (Windows NT 10.0; Win64; x64) AppleWebKit/537.36 (KHTML, like Gecko) Chrome/114.0.0.0 Safari/537.36 Edg/114.0.1823.43 0.004
0:0:0:0:0:0:0:1 - - [18/Jun/2023:19:41:32 +0300] GET /api/am/devportal/v3/swagger.yaml HTTP/1.1 200 26878 https://localhost:9443/devportal/applications Mozilla/5.0 (Windows NT 10.0; Win64; x64) AppleWebKit/537.36 (KHTML, like Gecko) Chrome/114.0.0.0 Safari/537.36 Edg/114.0.1823.43 0.034
0:0:0:0:0:0:0:1 - - [18/Jun/2023:19:41:32 +0300] GET /api/am/devportal/v3/settings HTTP/1.1 200 592 https://localhost:9443/devportal/applications Mozilla/5.0 (Windows NT 10.0; Win64; x64) AppleWebKit/537.36 (KHTML, like Gecko) Chrome/114.0.0.0 Safari/537.36 Edg/114.0.1823.43 0.379
0:0:0:0:0:0:0:1 - - [18/Jun/2023:19:41:33 +0300] GET /devportal/site/public/dist/ProtectedApp.42893a52cd015332b409.bundle.js HTTP/1.1 200 70963 https://localhost:9443/devportal/applications Mozilla/5.0 (Windows NT 10.0; Win64; x64) AppleWebKit/537.36 (KHTML, like Gecko) Chrome/114.0.0.0 Safari/537.36 Edg/114.0.1823.43 0.032
