0:0:0:0:0:0:0:1 - - [13/Jun/2023:13:04:05 +0300] GET /devportal/site/public/css/main.css HTTP/1.1 200 2092 https://localhost:9443/devportal/apis/bd412728-6963-4947-ba67-61fa1e164022/overview Mozilla/5.0 (Windows NT 10.0; Win64; x64) AppleWebKit/537.36 (KHTML, like Gecko) Chrome/114.0.0.0 Safari/537.36 Edg/114.0.1823.43 0.008
0:0:0:0:0:0:0:1 - - [13/Jun/2023:13:04:05 +0300] GET /devportal/site/public/theme/userTheme.js HTTP/1.1 200 96 https://localhost:9443/devportal/apis/bd412728-6963-4947-ba67-61fa1e164022/overview Mozilla/5.0 (Windows NT 10.0; Win64; x64) AppleWebKit/537.36 (KHTML, like Gecko) Chrome/114.0.0.0 Safari/537.36 Edg/114.0.1823.43 0.011
0:0:0:0:0:0:0:1 - - [13/Jun/2023:13:04:05 +0300] GET /devportal/services/settings/settings.js HTTP/1.1 200 1474 https://localhost:9443/devportal/apis/bd412728-6963-4947-ba67-61fa1e164022/overview Mozilla/5.0 (Windows NT 10.0; Win64; x64) AppleWebKit/537.36 (KHTML, like Gecko) Chrome/114.0.0.0 Safari/537.36 Edg/114.0.1823.43 0.011
0:0:0:0:0:0:0:1 - - [13/Jun/2023:13:04:05 +0300] GET /devportal/site/public/fonts/iconfont/material-icons.css HTTP/1.1 200 970 https://localhost:9443/devportal/apis/bd412728-6963-4947-ba67-61fa1e164022/overview Mozilla/5.0 (Windows NT 10.0; Win64; x64) AppleWebKit/537.36 (KHTML, like Gecko) Chrome/114.0.0.0 Safari/537.36 Edg/114.0.1823.43 0.005
0:0:0:0:0:0:0:1 - - [13/Jun/2023:13:04:05 +0300] GET /devportal/site/public/css/overrides.css HTTP/1.1 200 - https://localhost:9443/devportal/apis/bd412728-6963-4947-ba67-61fa1e164022/overview Mozilla/5.0 (Windows NT 10.0; Win64; x64) AppleWebKit/537.36 (KHTML, like Gecko) Chrome/114.0.0.0 Safari/537.36 Edg/114.0.1823.43 0.005
0:0:0:0:0:0:0:1 - - [13/Jun/2023:13:04:05 +0300] GET /devportal/site/public/locales/en.json HTTP/1.1 200 57092 https://localhost:9443/devportal/apis/bd412728-6963-4947-ba67-61fa1e164022/overview Mozilla/5.0 (Windows NT 10.0; Win64; x64) AppleWebKit/537.36 (KHTML, like Gecko) Chrome/114.0.0.0 Safari/537.36 Edg/114.0.1823.43 0.005
0:0:0:0:0:0:0:1 - - [13/Jun/2023:13:04:05 +0300] GET /api/am/devportal/v3/swagger.yaml HTTP/1.1 200 26878 https://localhost:9443/devportal/apis/bd412728-6963-4947-ba67-61fa1e164022/overview Mozilla/5.0 (Windows NT 10.0; Win64; x64) AppleWebKit/537.36 (KHTML, like Gecko) Chrome/114.0.0.0 Safari/537.36 Edg/114.0.1823.43 0.014
0:0:0:0:0:0:0:1 - - [13/Jun/2023:13:04:05 +0300] GET /devportal/site/public/images/_favicon.ico HTTP/1.1 200 1150 https://localhost:9443/devportal/apis/bd412728-6963-4947-ba67-61fa1e164022/overview Mozilla/5.0 (Windows NT 10.0; Win64; x64) AppleWebKit/537.36 (KHTML, like Gecko) Chrome/114.0.0.0 Safari/537.36 Edg/114.0.1823.43 0.004
127.0.0.1 - - [13/Jun/2023:13:04:05 +0300] GET /api/am/publisher/v4/settings HTTP/1.1 200 1457 - Java-http-client/20.0.1 0.871
127.0.0.1 - - [13/Jun/2023:13:04:05 +0300] GET /api/am/service-catalog/v1/settings HTTP/1.1 200 102 - Java-http-client/20.0.1 0.093
0:0:0:0:0:0:0:1 - - [13/Jun/2023:13:04:05 +0300] GET /publisher/services/auth/login?not-Login HTTP/1.1 302 - https://localhost:9443/publisher/apis/bd412728-6963-4947-ba67-61fa1e164022/overview Mozilla/5.0 (Windows NT 10.0; Win64; x64) AppleWebKit/537.36 (KHTML, like Gecko) Chrome/114.0.0.0 Safari/537.36 Edg/114.0.1823.43 1.000
0:0:0:0:0:0:0:1 - - [13/Jun/2023:13:04:05 +0300] GET /oauth2/authorize?response_type=code&client_id=txiX92C5lqCp5l9dsSSrmo9Dr6Ma&scope=apim:admin%20apim:api_create%20apim:api_definition_view%20apim:api_delete%20apim:api_generate_key%20apim:api_import_export%20apim:api_list_view%20apim:api_manage%20apim:api_mediation_policy_manage%20apim:api_product_import_export%20apim:api_publish%20apim:api_view%20apim:app_import_export%20apim:client_certificates_add%20apim:client_certificates_manage%20apim:client_certificates_update%20apim:client_certificates_view%20apim:comment_manage%20apim:comment_view%20apim:comment_write%20apim:common_operation_policy_manage%20apim:common_operation_policy_view%20apim:document_create%20apim:document_manage%20apim:ep_certificates_add%20apim:ep_certificates_manage%20apim:ep_certificates_update%20apim:ep_certificates_view%20apim:mediation_policy_create%20apim:mediation_policy_manage%20apim:mediation_policy_view%20apim:policies_import_export%20apim:pub_alert_manage%20apim:publisher_settings%20apim:shared_scope_manage%20apim:subscription_block%20apim:subscription_manage%20apim:subscription_view%20apim:threat_protection_policy_create%20apim:threat_protection_policy_manage%20apim:tier_manage%20apim:tier_view%20openid%20apim:api_view%20service_catalog:service_view%20service_catalog:service_write&state=%2Fapis%2Fbd412728-6963-4947-ba67-61fa1e164022%2Foverview&redirect_uri=https://localhost:9443/publisher/services/auth/callback/login&prompt=none HTTP/1.1 302 - https://localhost:9443/publisher/apis/bd412728-6963-4947-ba67-61fa1e164022/overview Mozilla/5.0 (Windows NT 10.0; Win64; x64) AppleWebKit/537.36 (KHTML, like Gecko) Chrome/114.0.0.0 Safari/537.36 Edg/114.0.1823.43 0.108
127.0.0.1 - - [13/Jun/2023:13:04:05 +0300] POST /oauth2/token HTTP/1.1 200 2432 - Java-http-client/20.0.1 0.017
0:0:0:0:0:0:0:1 - - [13/Jun/2023:13:04:05 +0300] GET /publisher/services/auth/callback/login?code=fc295ced-6aa6-3c30-944d-9c23a07c8228&state=%2Fapis%2Fbd412728-6963-4947-ba67-61fa1e164022%2Foverview&session_state=48af7f9fcb8bf4680265adc48f82c2fada2af5f0a5e4047a91595cfd6ec13b04.iT--ECIiqQV9caIcJRNkIA HTTP/1.1 302 - https://localhost:9443/publisher/apis/bd412728-6963-4947-ba67-61fa1e164022/overview Mozilla/5.0 (Windows NT 10.0; Win64; x64) AppleWebKit/537.36 (KHTML, like Gecko) Chrome/114.0.0.0 Safari/537.36 Edg/114.0.1823.43 0.050
0:0:0:0:0:0:0:1 - - [13/Jun/2023:13:04:06 +0300] GET /publisher/apis/bd412728-6963-4947-ba67-61fa1e164022/overview HTTP/1.1 200 1713 https://localhost:9443/publisher/apis/bd412728-6963-4947-ba67-61fa1e164022/overview Mozilla/5.0 (Windows NT 10.0; Win64; x64) AppleWebKit/537.36 (KHTML, like Gecko) Chrome/114.0.0.0 Safari/537.36 Edg/114.0.1823.43 0.012
0:0:0:0:0:0:0:1 - - [13/Jun/2023:13:04:06 +0300] GET /api/am/devportal/v3/settings HTTP/1.1 200 592 https://localhost:9443/devportal/apis/bd412728-6963-4947-ba67-61fa1e164022/overview Mozilla/5.0 (Windows NT 10.0; Win64; x64) AppleWebKit/537.36 (KHTML, like Gecko) Chrome/114.0.0.0 Safari/537.36 Edg/114.0.1823.43 0.511
0:0:0:0:0:0:0:1 - - [13/Jun/2023:13:04:06 +0300] GET /publisher/site/public/css/main.css HTTP/1.1 200 2075 https://localhost:9443/publisher/apis/bd412728-6963-4947-ba67-61fa1e164022/overview Mozilla/5.0 (Windows NT 10.0; Win64; x64) AppleWebKit/537.36 (KHTML, like Gecko) Chrome/114.0.0.0 Safari/537.36 Edg/114.0.1823.43 0.009
0:0:0:0:0:0:0:1 - - [13/Jun/2023:13:04:06 +0300] GET /publisher/site/public/css/draftjs.css HTTP/1.1 200 2643 https://localhost:9443/publisher/apis/bd412728-6963-4947-ba67-61fa1e164022/overview Mozilla/5.0 (Windows NT 10.0; Win64; x64) AppleWebKit/537.36 (KHTML, like Gecko) Chrome/114.0.0.0 Safari/537.36 Edg/114.0.1823.43 0.013
0:0:0:0:0:0:0:1 - - [13/Jun/2023:13:04:06 +0300] GET /publisher/services/settings/settings.js HTTP/1.1 200 1214 https://localhost:9443/publisher/apis/bd412728-6963-4947-ba67-61fa1e164022/overview Mozilla/5.0 (Windows NT 10.0; Win64; x64) AppleWebKit/537.36 (KHTML, like Gecko) Chrome/114.0.0.0 Safari/537.36 Edg/114.0.1823.43 0.017
0:0:0:0:0:0:0:1 - - [13/Jun/2023:13:04:06 +0300] GET /publisher/site/public/fonts/iconfont/material-icons.css HTTP/1.1 200 970 https://localhost:9443/publisher/apis/bd412728-6963-4947-ba67-61fa1e164022/overview Mozilla/5.0 (Windows NT 10.0; Win64; x64) AppleWebKit/537.36 (KHTML, like Gecko) Chrome/114.0.0.0 Safari/537.36 Edg/114.0.1823.43 0.006
0:0:0:0:0:0:0:1 - - [13/Jun/2023:13:04:06 +0300] GET /publisher/site/public/conf/portalSettings.js HTTP/1.1 200 705 https://localhost:9443/publisher/apis/bd412728-6963-4947-ba67-61fa1e164022/overview Mozilla/5.0 (Windows NT 10.0; Win64; x64) AppleWebKit/537.36 (KHTML, like Gecko) Chrome/114.0.0.0 Safari/537.36 Edg/114.0.1823.43 0.012
0:0:0:0:0:0:0:1 - - [13/Jun/2023:13:04:06 +0300] GET /devportal/site/public/dist/vendors~ProtectedApp.018eeb6bd33ca37011cd.bundle.js HTTP/1.1 200 126488 https://localhost:9443/devportal/apis/bd412728-6963-4947-ba67-61fa1e164022/overview Mozilla/5.0 (Windows NT 10.0; Win64; x64) AppleWebKit/537.36 (KHTML, like Gecko) Chrome/114.0.0.0 Safari/537.36 Edg/114.0.1823.43 0.051
0:0:0:0:0:0:0:1 - - [13/Jun/2023:13:04:06 +0300] GET /devportal/site/public/dist/ProtectedApp.42893a52cd015332b409.bundle.js HTTP/1.1 200 70963 https://localhost:9443/devportal/apis/bd412728-6963-4947-ba67-61fa1e164022/overview Mozilla/5.0 (Windows NT 10.0; Win64; x64) AppleWebKit/537.36 (KHTML, like Gecko) Chrome/114.0.0.0 Safari/537.36 Edg/114.0.1823.43 0.021
0:0:0:0:0:0:0:1 - - [13/Jun/2023:13:04:06 +0300] GET /oidc/checksession?client_id=txiX92C5lqCp5l9dsSSrmo9Dr6Ma&redirect_uri=https://localhost:9443/publisher/services/auth/callback/login HTTP/1.1 200 3134 https://localhost:9443/publisher/apis/bd412728-6963-4947-ba67-61fa1e164022/overview Mozilla/5.0 (Windows NT 10.0; Win64; x64) AppleWebKit/537.36 (KHTML, like Gecko) Chrome/114.0.0.0 Safari/537.36 Edg/114.0.1823.43 0.005
0:0:0:0:0:0:0:1 - - [13/Jun/2023:13:04:06 +0300] GET /publisher/site/public/dist/ProtectedApps.ba650aa593e075176ba2.bundle.js HTTP/1.1 200 130807 https://localhost:9443/publisher/apis/bd412728-6963-4947-ba67-61fa1e164022/overview Mozilla/5.0 (Windows NT 10.0; Win64; x64) AppleWebKit/537.36 (KHTML, like Gecko) Chrome/114.0.0.0 Safari/537.36 Edg/114.0.1823.43 0.107
0:0:0:0:0:0:0:1 - - [13/Jun/2023:13:04:07 +0300] GET /publisher/site/public/dist/vendors~ProtectedApps.d921a8dd5e6d05c832c1.bundle.js HTTP/1.1 200 354299 https://localhost:9443/publisher/apis/bd412728-6963-4947-ba67-61fa1e164022/overview Mozilla/5.0 (Windows NT 10.0; Win64; x64) AppleWebKit/537.36 (KHTML, like Gecko) Chrome/114.0.0.0 Safari/537.36 Edg/114.0.1823.43 0.187
0:0:0:0:0:0:0:1 - - [13/Jun/2023:13:04:07 +0300] GET /publisher/site/public/dist/DeferredAPIs.425e55b4e7fd37d8ac00.bundle.js HTTP/1.1 200 35600 https://localhost:9443/publisher/apis/bd412728-6963-4947-ba67-61fa1e164022/overview Mozilla/5.0 (Windows NT 10.0; Win64; x64) AppleWebKit/537.36 (KHTML, like Gecko) Chrome/114.0.0.0 Safari/537.36 Edg/114.0.1823.43 0.016
0:0:0:0:0:0:0:1 - - [13/Jun/2023:13:04:07 +0300] GET /publisher/site/public/dist/APICreateRoutes.8b6d72f7c544eb8d0449.bundle.js HTTP/1.1 200 33869 https://localhost:9443/publisher/apis/bd412728-6963-4947-ba67-61fa1e164022/overview Mozilla/5.0 (Windows NT 10.0; Win64; x64) AppleWebKit/537.36 (KHTML, like Gecko) Chrome/114.0.0.0 Safari/537.36 Edg/114.0.1823.43 0.025
0:0:0:0:0:0:0:1 - - [13/Jun/2023:13:04:07 +0300] GET /publisher/site/public/dist/vendors~APICreateRoutes~DeferredDetails.0ce2ce98475cbbfdf471.bundle.js HTTP/1.1 200 233218 https://localhost:9443/publisher/apis/bd412728-6963-4947-ba67-61fa1e164022/overview Mozilla/5.0 (Windows NT 10.0; Win64; x64) AppleWebKit/537.36 (KHTML, like Gecko) Chrome/114.0.0.0 Safari/537.36 Edg/114.0.1823.43 0.151
0:0:0:0:0:0:0:1 - - [13/Jun/2023:13:04:07 +0300] GET /publisher/site/public/dist/vendors~APICreateRoutes~DeferredDetails.0ce2ce98475cbbfdf471.bundle.js HTTP/1.1 200 233218 https://localhost:9443/publisher/apis/bd412728-6963-4947-ba67-61fa1e164022/overview Mozilla/5.0 (Windows NT 10.0; Win64; x64) AppleWebKit/537.36 (KHTML, like Gecko) Chrome/114.0.0.0 Safari/537.36 Edg/114.0.1823.43 0.165
0:0:0:0:0:0:0:1 - - [13/Jun/2023:13:04:07 +0300] GET /publisher/site/public/dist/vendors~DeferredDetails~ServiceOverviewSwaggerUI.3ea84b30051dfc22c735.bundle.js HTTP/1.1 200 291792 https://localhost:9443/publisher/apis/bd412728-6963-4947-ba67-61fa1e164022/overview Mozilla/5.0 (Windows NT 10.0; Win64; x64) AppleWebKit/537.36 (KHTML, like Gecko) Chrome/114.0.0.0 Safari/537.36 Edg/114.0.1823.43 0.165
0:0:0:0:0:0:0:1 - - [13/Jun/2023:13:04:07 +0300] GET /publisher/site/public/dist/vendors~APIDefMonacoEditor~DeferredDetails.0410733b10571837e5bf.bundle.js HTTP/1.1 200 597949 https://localhost:9443/publisher/apis/bd412728-6963-4947-ba67-61fa1e164022/overview Mozilla/5.0 (Windows NT 10.0; Win64; x64) AppleWebKit/537.36 (KHTML, like Gecko) Chrome/114.0.0.0 Safari/537.36 Edg/114.0.1823.43 0.420
0:0:0:0:0:0:0:1 - - [13/Jun/2023:13:04:08 +0300] GET /publisher/site/public/dist/vendors~DeferredDetails.d8226739a0c79035996f.bundle.js HTTP/1.1 200 816453 https://localhost:9443/publisher/apis/bd412728-6963-4947-ba67-61fa1e164022/overview Mozilla/5.0 (Windows NT 10.0; Win64; x64) AppleWebKit/537.36 (KHTML, like Gecko) Chrome/114.0.0.0 Safari/537.36 Edg/114.0.1823.43 0.420
0:0:0:0:0:0:0:1 - - [13/Jun/2023:13:04:08 +0300] GET /devportal/site/public/theme/temporary_environments_config.json HTTP/1.1 200 - https://localhost:9443/devportal/apis/bd412728-6963-4947-ba67-61fa1e164022/overview Mozilla/5.0 (Windows NT 10.0; Win64; x64) AppleWebKit/537.36 (KHTML, like Gecko) Chrome/114.0.0.0 Safari/537.36 Edg/114.0.1823.43 0.008
0:0:0:0:0:0:0:1 - - [13/Jun/2023:13:04:08 +0300] GET /devportal/site/public/theme/temporary_features_config.json HTTP/1.1 200 - https://localhost:9443/devportal/apis/bd412728-6963-4947-ba67-61fa1e164022/overview Mozilla/5.0 (Windows NT 10.0; Win64; x64) AppleWebKit/537.36 (KHTML, like Gecko) Chrome/114.0.0.0 Safari/537.36 Edg/114.0.1823.43 0.006
127.0.0.1 - - [13/Jun/2023:13:04:08 +0300] GET /oauth2/userinfo HTTP/1.1 200 15 - Java-http-client/20.0.1 0.092
127.0.0.1 - - [13/Jun/2023:13:04:08 +0300] POST /oauth2/introspect HTTP/1.1 200 341 - Java-http-client/20.0.1 0.019
0:0:0:0:0:0:0:1 - - [13/Jun/2023:13:04:08 +0300] GET /devportal/services/auth/introspect HTTP/1.1 200 376 https://localhost:9443/devportal/apis/bd412728-6963-4947-ba67-61fa1e164022/overview Mozilla/5.0 (Windows NT 10.0; Win64; x64) AppleWebKit/537.36 (KHTML, like Gecko) Chrome/114.0.0.0 Safari/537.36 Edg/114.0.1823.43 0.172
0:0:0:0:0:0:0:1 - - [13/Jun/2023:13:04:08 +0300] GET /api/am/devportal/v3/tenants?state=active HTTP/1.1 200 96 https://localhost:9443/devportal/apis/bd412728-6963-4947-ba67-61fa1e164022/overview Mozilla/5.0 (Windows NT 10.0; Win64; x64) AppleWebKit/537.36 (KHTML, like Gecko) Chrome/114.0.0.0 Safari/537.36 Edg/114.0.1823.43 0.266
0:0:0:0:0:0:0:1 - - [13/Jun/2023:13:04:09 +0300] GET /api/am/devportal/v3/settings HTTP/1.1 200 915 https://localhost:9443/devportal/apis/bd412728-6963-4947-ba67-61fa1e164022/overview Mozilla/5.0 (Windows NT 10.0; Win64; x64) AppleWebKit/537.36 (KHTML, like Gecko) Chrome/114.0.0.0 Safari/537.36 Edg/114.0.1823.43 1.004
0:0:0:0:0:0:0:1 - - [13/Jun/2023:13:04:10 +0300] GET /devportal/site/public/dist/vendors~ApiListing~Apis~ApplicationDetails.720bc2e40480316deaca.bundle.js HTTP/1.1 200 3839 https://localhost:9443/devportal/apis/bd412728-6963-4947-ba67-61fa1e164022/overview Mozilla/5.0 (Windows NT 10.0; Win64; x64) AppleWebKit/537.36 (KHTML, like Gecko) Chrome/114.0.0.0 Safari/537.36 Edg/114.0.1823.43 0.089
0:0:0:0:0:0:0:1 - - [13/Jun/2023:13:04:10 +0300] GET /devportal/site/public/dist/vendors~Apis~Landing.e9d0b010bafc4e7686f8.bundle.js HTTP/1.1 200 4090 https://localhost:9443/devportal/apis/bd412728-6963-4947-ba67-61fa1e164022/overview Mozilla/5.0 (Windows NT 10.0; Win64; x64) AppleWebKit/537.36 (KHTML, like Gecko) Chrome/114.0.0.0 Safari/537.36 Edg/114.0.1823.43 0.096
0:0:0:0:0:0:0:1 - - [13/Jun/2023:13:04:10 +0300] GET /oidc/checksession?client_id=PWfgQzPGHoxzOjpmoCalMGNtF2Ia&redirect_uri=https://localhost:9443/devportal/services/auth/callback/login HTTP/1.1 200 3134 https://localhost:9443/devportal/apis/bd412728-6963-4947-ba67-61fa1e164022/overview Mozilla/5.0 (Windows NT 10.0; Win64; x64) AppleWebKit/537.36 (KHTML, like Gecko) Chrome/114.0.0.0 Safari/537.36 Edg/114.0.1823.43 0.007
0:0:0:0:0:0:0:1 - - [13/Jun/2023:13:04:10 +0300] GET /devportal/site/public/dist/vendors~Apis.3a6169883ec8c6c5366d.bundle.js HTTP/1.1 200 87282 https://localhost:9443/devportal/apis/bd412728-6963-4947-ba67-61fa1e164022/overview Mozilla/5.0 (Windows NT 10.0; Win64; x64) AppleWebKit/537.36 (KHTML, like Gecko) Chrome/114.0.0.0 Safari/537.36 Edg/114.0.1823.43 0.358
0:0:0:0:0:0:0:1 - - [13/Jun/2023:13:04:10 +0300] GET /devportal/site/public/dist/Apis~Landing.44f03df4105c342867a1.bundle.js HTTP/1.1 200 6722 https://localhost:9443/devportal/apis/bd412728-6963-4947-ba67-61fa1e164022/overview Mozilla/5.0 (Windows NT 10.0; Win64; x64) AppleWebKit/537.36 (KHTML, like Gecko) Chrome/114.0.0.0 Safari/537.36 Edg/114.0.1823.43 0.096
0:0:0:0:0:0:0:1 - - [13/Jun/2023:13:04:10 +0300] GET /devportal HTTP/1.1 302 - https://localhost:9443/devportal/apis/bd412728-6963-4947-ba67-61fa1e164022/overview Mozilla/5.0 (Windows NT 10.0; Win64; x64) AppleWebKit/537.36 (KHTML, like Gecko) Chrome/114.0.0.0 Safari/537.36 Edg/114.0.1823.43 0.000
0:0:0:0:0:0:0:1 - - [13/Jun/2023:13:04:10 +0300] GET /devportal/ HTTP/1.1 200 1691 https://localhost:9443/devportal/apis/bd412728-6963-4947-ba67-61fa1e164022/overview Mozilla/5.0 (Windows NT 10.0; Win64; x64) AppleWebKit/537.36 (KHTML, like Gecko) Chrome/114.0.0.0 Safari/537.36 Edg/114.0.1823.43 0.037
0:0:0:0:0:0:0:1 - - [13/Jun/2023:13:04:10 +0300] GET /devportal/site/public/images/appbarBack.png HTTP/1.1 200 1964 https://localhost:9443/devportal/apis/bd412728-6963-4947-ba67-61fa1e164022/overview Mozilla/5.0 (Windows NT 10.0; Win64; x64) AppleWebKit/537.36 (KHTML, like Gecko) Chrome/114.0.0.0 Safari/537.36 Edg/114.0.1823.43 0.040
0:0:0:0:0:0:0:1 - - [13/Jun/2023:13:04:10 +0300] GET /devportal/site/public/images/logo.svg HTTP/1.1 200 74991 https://localhost:9443/devportal/apis/bd412728-6963-4947-ba67-61fa1e164022/overview Mozilla/5.0 (Windows NT 10.0; Win64; x64) AppleWebKit/537.36 (KHTML, like Gecko) Chrome/114.0.0.0 Safari/537.36 Edg/114.0.1823.43 0.058
0:0:0:0:0:0:0:1 - - [13/Jun/2023:13:04:10 +0300] GET /devportal/site/public/fonts/Open_Sans/mem8YaGs126MiZpBA-UFVZ0bf8pkAg.woff2 HTTP/1.1 200 8892 https://localhost:9443/devportal/site/public/css/main.css Mozilla/5.0 (Windows NT 10.0; Win64; x64) AppleWebKit/537.36 (KHTML, like Gecko) Chrome/114.0.0.0 Safari/537.36 Edg/114.0.1823.43 0.026
0:0:0:0:0:0:0:1 - - [13/Jun/2023:13:04:10 +0300] GET /devportal/site/public/dist/Apis.800351a0eb878c789ea9.bundle.js HTTP/1.1 200 25570 https://localhost:9443/devportal/apis/bd412728-6963-4947-ba67-61fa1e164022/overview Mozilla/5.0 (Windows NT 10.0; Win64; x64) AppleWebKit/537.36 (KHTML, like Gecko) Chrome/114.0.0.0 Safari/537.36 Edg/114.0.1823.43 0.108
0:0:0:0:0:0:0:1 - - [13/Jun/2023:13:04:10 +0300] GET /devportal/site/public/fonts/Open_Sans/mem5YaGs126MiZpBA-UN7rgOUuhpKKSTjw.woff2 HTTP/1.1 200 8800 https://localhost:9443/devportal/site/public/css/main.css Mozilla/5.0 (Windows NT 10.0; Win64; x64) AppleWebKit/537.36 (KHTML, like Gecko) Chrome/114.0.0.0 Safari/537.36 Edg/114.0.1823.43 0.031
0:0:0:0:0:0:0:1 - - [13/Jun/2023:13:04:10 +0300] GET /devportal/site/public/fonts/iconfont/MaterialIcons-Regular.woff2 HTTP/1.1 200 60840 https://localhost:9443/devportal/site/public/fonts/iconfont/material-icons.css Mozilla/5.0 (Windows NT 10.0; Win64; x64) AppleWebKit/537.36 (KHTML, like Gecko) Chrome/114.0.0.0 Safari/537.36 Edg/114.0.1823.43 0.054
0:0:0:0:0:0:0:1 - - [13/Jun/2023:13:04:11 +0300] GET /api/am/devportal/v3/subscriptions?apiId=bd412728-6963-4947-ba67-61fa1e164022&limit=25 HTTP/1.1 200 92 https://localhost:9443/devportal/apis/bd412728-6963-4947-ba67-61fa1e164022/overview Mozilla/5.0 (Windows NT 10.0; Win64; x64) AppleWebKit/537.36 (KHTML, like Gecko) Chrome/114.0.0.0 Safari/537.36 Edg/114.0.1823.43 0.262
0:0:0:0:0:0:0:1 - - [13/Jun/2023:13:04:11 +0300] GET /api/am/devportal/v3/apis/bd412728-6963-4947-ba67-61fa1e164022 HTTP/1.1 200 1040 https://localhost:9443/devportal/apis/bd412728-6963-4947-ba67-61fa1e164022/overview Mozilla/5.0 (Windows NT 10.0; Win64; x64) AppleWebKit/537.36 (KHTML, like Gecko) Chrome/114.0.0.0 Safari/537.36 Edg/114.0.1823.43 0.493
0:0:0:0:0:0:0:1 - - [13/Jun/2023:13:04:11 +0300] GET /api/am/devportal/v3/subscriptions?apiId=bd412728-6963-4947-ba67-61fa1e164022&limit=5000 HTTP/1.1 200 94 https://localhost:9443/devportal/apis/bd412728-6963-4947-ba67-61fa1e164022/overview Mozilla/5.0 (Windows NT 10.0; Win64; x64) AppleWebKit/537.36 (KHTML, like Gecko) Chrome/114.0.0.0 Safari/537.36 Edg/114.0.1823.43 0.032
0:0:0:0:0:0:0:1 - - [13/Jun/2023:13:04:12 +0300] GET /api/am/devportal/v3/applications?limit=5000 HTTP/1.1 200 943 https://localhost:9443/devportal/apis/bd412728-6963-4947-ba67-61fa1e164022/overview Mozilla/5.0 (Windows NT 10.0; Win64; x64) AppleWebKit/537.36 (KHTML, like Gecko) Chrome/114.0.0.0 Safari/537.36 Edg/114.0.1823.43 0.472
0:0:0:0:0:0:0:1 - - [13/Jun/2023:13:04:12 +0300] GET /devportal/site/public/dist/vendors~APIComments~APIOverview~ApplicationDetails.9553ed9b23431ac21302.bundle.js HTTP/1.1 200 5490 https://localhost:9443/devportal/apis/bd412728-6963-4947-ba67-61fa1e164022/overview Mozilla/5.0 (Windows NT 10.0; Win64; x64) AppleWebKit/537.36 (KHTML, like Gecko) Chrome/114.0.0.0 Safari/537.36 Edg/114.0.1823.43 0.104
0:0:0:0:0:0:0:1 - - [13/Jun/2023:13:04:12 +0300] GET /devportal/site/public/dist/vendors~APIOverview~MDReactMarkdown.c8e68cd152f6972597f4.bundle.js HTTP/1.1 200 23172 https://localhost:9443/devportal/apis/bd412728-6963-4947-ba67-61fa1e164022/overview Mozilla/5.0 (Windows NT 10.0; Win64; x64) AppleWebKit/537.36 (KHTML, like Gecko) Chrome/114.0.0.0 Safari/537.36 Edg/114.0.1823.43 0.132
0:0:0:0:0:0:0:1 - - [13/Jun/2023:13:04:12 +0300] GET /devportal/site/public/dist/vendors~APIConsole~APIDocuments~APIOverview.351585fe0b19dbf2f65f.bundle.js HTTP/1.1 200 224002 https://localhost:9443/devportal/apis/bd412728-6963-4947-ba67-61fa1e164022/overview Mozilla/5.0 (Windows NT 10.0; Win64; x64) AppleWebKit/537.36 (KHTML, like Gecko) Chrome/114.0.0.0 Safari/537.36 Edg/114.0.1823.43 0.238
0:0:0:0:0:0:0:1 - - [13/Jun/2023:13:04:13 +0300] GET /devportal/site/public/dist/vendors~APIDocuments~APIOverview.f394ac01608a94b6dd74.bundle.js HTTP/1.1 200 34374 https://localhost:9443/devportal/apis/bd412728-6963-4947-ba67-61fa1e164022/overview Mozilla/5.0 (Windows NT 10.0; Win64; x64) AppleWebKit/537.36 (KHTML, like Gecko) Chrome/114.0.0.0 Safari/537.36 Edg/114.0.1823.43 0.118
0:0:0:0:0:0:0:1 - - [13/Jun/2023:13:04:13 +0300] GET /devportal/site/public/dist/APIOverview.9b9a6e01add6e880d662.bundle.js HTTP/1.1 200 20063 https://localhost:9443/devportal/apis/bd412728-6963-4947-ba67-61fa1e164022/overview Mozilla/5.0 (Windows NT 10.0; Win64; x64) AppleWebKit/537.36 (KHTML, like Gecko) Chrome/114.0.0.0 Safari/537.36 Edg/114.0.1823.43 0.144
0:0:0:0:0:0:0:1 - - [13/Jun/2023:13:04:15 +0300] GET /api/am/publisher/v4/swagger.yaml HTTP/1.1 200 44514 https://localhost:9443/publisher/apis/bd412728-6963-4947-ba67-61fa1e164022/overview Mozilla/5.0 (Windows NT 10.0; Win64; x64) AppleWebKit/537.36 (KHTML, like Gecko) Chrome/114.0.0.0 Safari/537.36 Edg/114.0.1823.43 0.022
0:0:0:0:0:0:0:1 - - [13/Jun/2023:13:04:15 +0300] GET /devportal/site/public/images/leftMenuBack.png HTTP/1.1 200 5308 https://localhost:9443/devportal/apis/bd412728-6963-4947-ba67-61fa1e164022/overview Mozilla/5.0 (Windows NT 10.0; Win64; x64) AppleWebKit/537.36 (KHTML, like Gecko) Chrome/114.0.0.0 Safari/537.36 Edg/114.0.1823.43 0.022
0:0:0:0:0:0:0:1 - - [13/Jun/2023:13:04:16 +0300] GET /api/am/devportal/v3/apis/bd412728-6963-4947-ba67-61fa1e164022/documents HTTP/1.1 200 92 https://localhost:9443/devportal/apis/bd412728-6963-4947-ba67-61fa1e164022/overview Mozilla/5.0 (Windows NT 10.0; Win64; x64) AppleWebKit/537.36 (KHTML, like Gecko) Chrome/114.0.0.0 Safari/537.36 Edg/114.0.1823.43 0.079
0:0:0:0:0:0:0:1 - - [13/Jun/2023:13:04:16 +0300] GET /api/am/devportal/v3/throttling-policies/subscription HTTP/1.1 200 634 https://localhost:9443/devportal/apis/bd412728-6963-4947-ba67-61fa1e164022/overview Mozilla/5.0 (Windows NT 10.0; Win64; x64) AppleWebKit/537.36 (KHTML, like Gecko) Chrome/114.0.0.0 Safari/537.36 Edg/114.0.1823.43 0.108
0:0:0:0:0:0:0:1 - - [13/Jun/2023:13:04:16 +0300] GET /api/am/devportal/v3/apis/bd412728-6963-4947-ba67-61fa1e164022/documents HTTP/1.1 200 92 https://localhost:9443/devportal/apis/bd412728-6963-4947-ba67-61fa1e164022/overview Mozilla/5.0 (Windows NT 10.0; Win64; x64) AppleWebKit/537.36 (KHTML, like Gecko) Chrome/114.0.0.0 Safari/537.36 Edg/114.0.1823.43 0.039
0:0:0:0:0:0:0:1 - - [13/Jun/2023:13:04:16 +0300] GET /api/am/devportal/v3/throttling-policies/subscription HTTP/1.1 200 634 https://localhost:9443/devportal/apis/bd412728-6963-4947-ba67-61fa1e164022/overview Mozilla/5.0 (Windows NT 10.0; Win64; x64) AppleWebKit/537.36 (KHTML, like Gecko) Chrome/114.0.0.0 Safari/537.36 Edg/114.0.1823.43 0.012
0:0:0:0:0:0:0:1 - - [13/Jun/2023:13:04:16 +0300] GET /api/am/devportal/v3/apis/bd412728-6963-4947-ba67-61fa1e164022/thumbnail HTTP/1.1 204 - https://localhost:9443/devportal/apis/bd412728-6963-4947-ba67-61fa1e164022/overview Mozilla/5.0 (Windows NT 10.0; Win64; x64) AppleWebKit/537.36 (KHTML, like Gecko) Chrome/114.0.0.0 Safari/537.36 Edg/114.0.1823.43 0.026
0:0:0:0:0:0:0:1 - - [13/Jun/2023:13:04:16 +0300] GET /api/am/devportal/v3/apis/bd412728-6963-4947-ba67-61fa1e164022/ratings HTTP/1.1 200 125 https://localhost:9443/devportal/apis/bd412728-6963-4947-ba67-61fa1e164022/overview Mozilla/5.0 (Windows NT 10.0; Win64; x64) AppleWebKit/537.36 (KHTML, like Gecko) Chrome/114.0.0.0 Safari/537.36 Edg/114.0.1823.43 0.036
0:0:0:0:0:0:0:1 - - [13/Jun/2023:13:04:16 +0300] GET /api/am/devportal/v3/apis/bd412728-6963-4947-ba67-61fa1e164022/comments?limit=5&offset=0 HTTP/1.1 200 101 https://localhost:9443/devportal/apis/bd412728-6963-4947-ba67-61fa1e164022/overview Mozilla/5.0 (Windows NT 10.0; Win64; x64) AppleWebKit/537.36 (KHTML, like Gecko) Chrome/114.0.0.0 Safari/537.36 Edg/114.0.1823.43 0.091
0:0:0:0:0:0:0:1 - - [13/Jun/2023:13:04:18 +0300] GET /api/am/publisher/v4/apis/bd412728-6963-4947-ba67-61fa1e164022 HTTP/1.1 200 1236 https://localhost:9443/publisher/apis/bd412728-6963-4947-ba67-61fa1e164022/overview Mozilla/5.0 (Windows NT 10.0; Win64; x64) AppleWebKit/537.36 (KHTML, like Gecko) Chrome/114.0.0.0 Safari/537.36 Edg/114.0.1823.43 0.040
0:0:0:0:0:0:0:1 - - [13/Jun/2023:13:04:18 +0300] GET /api/am/publisher/v4/tenants?state=active HTTP/1.1 200 96 https://localhost:9443/publisher/apis/bd412728-6963-4947-ba67-61fa1e164022/overview Mozilla/5.0 (Windows NT 10.0; Win64; x64) AppleWebKit/537.36 (KHTML, like Gecko) Chrome/114.0.0.0 Safari/537.36 Edg/114.0.1823.43 0.006
0:0:0:0:0:0:0:1 - - [13/Jun/2023:13:04:19 +0300] GET /api/am/publisher/v4/settings HTTP/1.1 200 726 https://localhost:9443/publisher/apis/bd412728-6963-4947-ba67-61fa1e164022/overview Mozilla/5.0 (Windows NT 10.0; Win64; x64) AppleWebKit/537.36 (KHTML, like Gecko) Chrome/114.0.0.0 Safari/537.36 Edg/114.0.1823.43 0.624
0:0:0:0:0:0:0:1 - - [13/Jun/2023:13:04:20 +0300] GET /api/am/publisher/v4/apis/bd412728-6963-4947-ba67-61fa1e164022/revisions?query=deployed%3Atrue HTTP/1.1 200 404 https://localhost:9443/publisher/apis/bd412728-6963-4947-ba67-61fa1e164022/overview Mozilla/5.0 (Windows NT 10.0; Win64; x64) AppleWebKit/537.36 (KHTML, like Gecko) Chrome/114.0.0.0 Safari/537.36 Edg/114.0.1823.43 0.027
0:0:0:0:0:0:0:1 - - [13/Jun/2023:13:04:20 +0300] GET /api/am/publisher/v4/apis/bd412728-6963-4947-ba67-61fa1e164022/revisions HTTP/1.1 200 404 https://localhost:9443/publisher/apis/bd412728-6963-4947-ba67-61fa1e164022/overview Mozilla/5.0 (Windows NT 10.0; Win64; x64) AppleWebKit/537.36 (KHTML, like Gecko) Chrome/114.0.0.0 Safari/537.36 Edg/114.0.1823.43 0.043
0:0:0:0:0:0:0:1 - - [13/Jun/2023:13:04:21 +0300] GET /api/am/publisher/v4/apis/bd412728-6963-4947-ba67-61fa1e164022/revisions?query=deployed%3Atrue HTTP/1.1 200 404 https://localhost:9443/publisher/apis/bd412728-6963-4947-ba67-61fa1e164022/overview Mozilla/5.0 (Windows NT 10.0; Win64; x64) AppleWebKit/537.36 (KHTML, like Gecko) Chrome/114.0.0.0 Safari/537.36 Edg/114.0.1823.43 0.009
0:0:0:0:0:0:0:1 - - [13/Jun/2023:13:04:21 +0300] GET /api/am/publisher/v4/apis/bd412728-6963-4947-ba67-61fa1e164022/swagger HTTP/1.1 200 726 https://localhost:9443/publisher/apis/bd412728-6963-4947-ba67-61fa1e164022/overview Mozilla/5.0 (Windows NT 10.0; Win64; x64) AppleWebKit/537.36 (KHTML, like Gecko) Chrome/114.0.0.0 Safari/537.36 Edg/114.0.1823.43 0.033
0:0:0:0:0:0:0:1 - - [13/Jun/2023:13:04:21 +0300] GET /api/am/publisher/v4/apis/bd412728-6963-4947-ba67-61fa1e164022/revisions?query=deployed%3Atrue HTTP/1.1 200 404 https://localhost:9443/publisher/apis/bd412728-6963-4947-ba67-61fa1e164022/overview Mozilla/5.0 (Windows NT 10.0; Win64; x64) AppleWebKit/537.36 (KHTML, like Gecko) Chrome/114.0.0.0 Safari/537.36 Edg/114.0.1823.43 0.010
0:0:0:0:0:0:0:1 - - [13/Jun/2023:13:04:21 +0300] GET /api/am/publisher/v4/apis/bd412728-6963-4947-ba67-61fa1e164022/swagger HTTP/1.1 200 726 https://localhost:9443/publisher/apis/bd412728-6963-4947-ba67-61fa1e164022/overview Mozilla/5.0 (Windows NT 10.0; Win64; x64) AppleWebKit/537.36 (KHTML, like Gecko) Chrome/114.0.0.0 Safari/537.36 Edg/114.0.1823.43 0.027
0:0:0:0:0:0:0:1 - - [13/Jun/2023:13:04:22 +0300] GET /api/am/publisher/v4/apis/bd412728-6963-4947-ba67-61fa1e164022/revisions?query=deployed%3Atrue HTTP/1.1 200 404 https://localhost:9443/publisher/apis/bd412728-6963-4947-ba67-61fa1e164022/overview Mozilla/5.0 (Windows NT 10.0; Win64; x64) AppleWebKit/537.36 (KHTML, like Gecko) Chrome/114.0.0.0 Safari/537.36 Edg/114.0.1823.43 0.009
0:0:0:0:0:0:0:1 - - [13/Jun/2023:13:04:22 +0300] GET /api/am/publisher/v4/apis/bd412728-6963-4947-ba67-61fa1e164022/swagger HTTP/1.1 200 726 https://localhost:9443/publisher/apis/bd412728-6963-4947-ba67-61fa1e164022/overview Mozilla/5.0 (Windows NT 10.0; Win64; x64) AppleWebKit/537.36 (KHTML, like Gecko) Chrome/114.0.0.0 Safari/537.36 Edg/114.0.1823.43 0.031
0:0:0:0:0:0:0:1 - - [13/Jun/2023:13:18:19 +0300] - 400 - - - 0.000
0:0:0:0:0:0:0:1 - - [13/Jun/2023:13:18:20 +0300] - 400 - - - 0.000
0:0:0:0:0:0:0:1 - - [13/Jun/2023:13:18:20 +0300] - 400 - - - 0.000
0:0:0:0:0:0:0:1 - - [13/Jun/2023:13:18:20 +0300] - 400 - - - 0.000
0:0:0:0:0:0:0:1 - - [13/Jun/2023:13:18:20 +0300] - 400 - - - 0.000
0:0:0:0:0:0:0:1 - - [13/Jun/2023:13:18:20 +0300] GET /devportal/site/public/images/_favicon.ico HTTP/1.1 200 1150 https://localhost:9443/devportal/apis/bd412728-6963-4947-ba67-61fa1e164022/credentials Mozilla/5.0 (Windows NT 10.0; Win64; x64) AppleWebKit/537.36 (KHTML, like Gecko) Chrome/114.0.0.0 Safari/537.36 Edg/114.0.1823.43 0.011
0:0:0:0:0:0:0:1 - - [13/Jun/2023:13:18:20 +0300] GET /devportal/site/public/dist/APICredentials.adc4c21efd10886734c0.bundle.js HTTP/1.1 200 19944 https://localhost:9443/devportal/apis/bd412728-6963-4947-ba67-61fa1e164022/credentials Mozilla/5.0 (Windows NT 10.0; Win64; x64) AppleWebKit/537.36 (KHTML, like Gecko) Chrome/114.0.0.0 Safari/537.36 Edg/114.0.1823.43 0.158
0:0:0:0:0:0:0:1 - - [13/Jun/2023:13:18:20 +0300] GET /devportal/site/public/dist/vendors~APICredentials.b631ff2ba79ad9a03e8f.bundle.js HTTP/1.1 200 7297 https://localhost:9443/devportal/apis/bd412728-6963-4947-ba67-61fa1e164022/credentials Mozilla/5.0 (Windows NT 10.0; Win64; x64) AppleWebKit/537.36 (KHTML, like Gecko) Chrome/114.0.0.0 Safari/537.36 Edg/114.0.1823.43 0.174
0:0:0:0:0:0:0:1 - - [13/Jun/2023:13:18:21 +0300] GET /devportal/site/public/dist/7.78efb95d9f7afcfbb567.bundle.js HTTP/1.1 200 42986 https://localhost:9443/devportal/apis/bd412728-6963-4947-ba67-61fa1e164022/credentials Mozilla/5.0 (Windows NT 10.0; Win64; x64) AppleWebKit/537.36 (KHTML, like Gecko) Chrome/114.0.0.0 Safari/537.36 Edg/114.0.1823.43 0.218
0:0:0:0:0:0:0:1 - - [13/Jun/2023:13:18:49 +0300] GET /devportal/site/public/images/_favicon.ico HTTP/1.1 200 1150 https://localhost:9443/devportal/apis/bd412728-6963-4947-ba67-61fa1e164022/credentials/wizard Mozilla/5.0 (Windows NT 10.0; Win64; x64) AppleWebKit/537.36 (KHTML, like Gecko) Chrome/114.0.0.0 Safari/537.36 Edg/114.0.1823.43 0.006
0:0:0:0:0:0:0:1 - - [13/Jun/2023:13:18:49 +0300] GET /api/am/devportal/v3/throttling-policies/application HTTP/1.1 200 473 https://localhost:9443/devportal/apis/bd412728-6963-4947-ba67-61fa1e164022/credentials/wizard Mozilla/5.0 (Windows NT 10.0; Win64; x64) AppleWebKit/537.36 (KHTML, like Gecko) Chrome/114.0.0.0 Safari/537.36 Edg/114.0.1823.43 0.421
127.0.0.1 - - [13/Jun/2023:13:18:49 +0300] GET /oauth2/token/.well-known/openid-configuration HTTP/1.1 200 2395 - Apache-HttpClient/4.5.13 (Java/20.0.1) 0.036
0:0:0:0:0:0:0:1 - - [13/Jun/2023:13:18:49 +0300] GET /api/am/devportal/v3/settings/application-attributes HTTP/1.1 200 21 https://localhost:9443/devportal/apis/bd412728-6963-4947-ba67-61fa1e164022/credentials/wizard Mozilla/5.0 (Windows NT 10.0; Win64; x64) AppleWebKit/537.36 (KHTML, like Gecko) Chrome/114.0.0.0 Safari/537.36 Edg/114.0.1823.43 0.549
0:0:0:0:0:0:0:1 - - [13/Jun/2023:13:18:49 +0300] GET /api/am/devportal/v3/key-managers HTTP/1.1 200 763 https://localhost:9443/devportal/apis/bd412728-6963-4947-ba67-61fa1e164022/credentials/wizard Mozilla/5.0 (Windows NT 10.0; Win64; x64) AppleWebKit/537.36 (KHTML, like Gecko) Chrome/114.0.0.0 Safari/537.36 Edg/114.0.1823.43 0.653
0:0:0:0:0:0:0:1 - - [13/Jun/2023:13:19:41 +0300] - 400 - - - 0.000
0:0:0:0:0:0:0:1 - - [13/Jun/2023:13:19:42 +0300] POST /api/am/devportal/v3/applications HTTP/1.1 201 339 https://localhost:9443/devportal/apis/bd412728-6963-4947-ba67-61fa1e164022/credentials/wizard Mozilla/5.0 (Windows NT 10.0; Win64; x64) AppleWebKit/537.36 (KHTML, like Gecko) Chrome/114.0.0.0 Safari/537.36 Edg/114.0.1823.43 0.930
0:0:0:0:0:0:0:1 - - [13/Jun/2023:13:20:10 +0300] POST /api/am/devportal/v3/subscriptions HTTP/1.1 201 650 https://localhost:9443/devportal/apis/bd412728-6963-4947-ba67-61fa1e164022/credentials/wizard Mozilla/5.0 (Windows NT 10.0; Win64; x64) AppleWebKit/537.36 (KHTML, like Gecko) Chrome/114.0.0.0 Safari/537.36 Edg/114.0.1823.43 0.278
127.0.0.1 - - [13/Jun/2023:13:20:10 +0300] GET /oauth2/token/.well-known/openid-configuration HTTP/1.1 200 2395 - Apache-HttpClient/4.5.13 (Java/20.0.1) 0.006
0:0:0:0:0:0:0:1 - - [13/Jun/2023:13:20:10 +0300] GET /api/am/devportal/v3/key-managers HTTP/1.1 200 763 https://localhost:9443/devportal/apis/bd412728-6963-4947-ba67-61fa1e164022/credentials/wizard Mozilla/5.0 (Windows NT 10.0; Win64; x64) AppleWebKit/537.36 (KHTML, like Gecko) Chrome/114.0.0.0 Safari/537.36 Edg/114.0.1823.43 0.042
0:0:0:0:0:0:0:1 - - [13/Jun/2023:13:20:27 +0300] GET /api/am/devportal/v3/swagger.yaml HTTP/1.1 200 26878 https://localhost:9443/devportal/apis/bd412728-6963-4947-ba67-61fa1e164022/credentials/wizard Mozilla/5.0 (Windows NT 10.0; Win64; x64) AppleWebKit/537.36 (KHTML, like Gecko) Chrome/114.0.0.0 Safari/537.36 Edg/114.0.1823.43 0.053
0:0:0:0:0:0:0:1 - - [13/Jun/2023:13:20:27 +0300] GET /api/am/devportal/v3/applications/a9a06d94-2918-4fbf-a72b-7f09fcb913c8 HTTP/1.1 200 340 https://localhost:9443/devportal/apis/bd412728-6963-4947-ba67-61fa1e164022/credentials/wizard Mozilla/5.0 (Windows NT 10.0; Win64; x64) AppleWebKit/537.36 (KHTML, like Gecko) Chrome/114.0.0.0 Safari/537.36 Edg/114.0.1823.43 0.018
127.0.0.1 - - [13/Jun/2023:13:20:31 +0300] POST /keymanager-operations/dcr/register HTTP/1.1 201 720 - Apache-HttpClient/4.5.13 (Java/20.0.1) 3.702
127.0.0.1 - - [13/Jun/2023:13:20:31 +0300] POST /oauth2/token HTTP/1.1 200 1183 - Apache-HttpClient/4.5.13 (Java/20.0.1) 0.117
0:0:0:0:0:0:0:1 - - [13/Jun/2023:13:20:31 +0300] POST /api/am/devportal/v3/applications/a9a06d94-2918-4fbf-a72b-7f09fcb913c8/generate-keys HTTP/1.1 200 1330 https://localhost:9443/devportal/apis/bd412728-6963-4947-ba67-61fa1e164022/credentials/wizard Mozilla/5.0 (Windows NT 10.0; Win64; x64) AppleWebKit/537.36 (KHTML, like Gecko) Chrome/114.0.0.0 Safari/537.36 Edg/114.0.1823.43 4.152
0:0:0:0:0:0:0:1 - - [13/Jun/2023:13:20:32 +0300] GET /api/am/devportal/v3/swagger.yaml HTTP/1.1 200 26878 https://localhost:9443/devportal/apis/bd412728-6963-4947-ba67-61fa1e164022/credentials/wizard Mozilla/5.0 (Windows NT 10.0; Win64; x64) AppleWebKit/537.36 (KHTML, like Gecko) Chrome/114.0.0.0 Safari/537.36 Edg/114.0.1823.43 0.023
127.0.0.1 - - [13/Jun/2023:13:20:32 +0300] GET /keymanager-operations/dcr/register/dHNJakxWdmRyNXVNY3ZkT0VJNlBnWF9JU2dVYQ%3D%3D HTTP/1.1 200 720 - Apache-HttpClient/4.5.13 (Java/20.0.1) 0.025
0:0:0:0:0:0:0:1 - - [13/Jun/2023:13:20:32 +0300] GET /api/am/devportal/v3/applications/a9a06d94-2918-4fbf-a72b-7f09fcb913c8 HTTP/1.1 200 340 https://localhost:9443/devportal/apis/bd412728-6963-4947-ba67-61fa1e164022/credentials/wizard Mozilla/5.0 (Windows NT 10.0; Win64; x64) AppleWebKit/537.36 (KHTML, like Gecko) Chrome/114.0.0.0 Safari/537.36 Edg/114.0.1823.43 0.059
127.0.0.1 - - [13/Jun/2023:13:20:32 +0300] GET /keymanager-operations/dcr/register/dHNJakxWdmRyNXVNY3ZkT0VJNlBnWF9JU2dVYQ%3D%3D HTTP/1.1 200 720 - Apache-HttpClient/4.5.13 (Java/20.0.1) 0.008
0:0:0:0:0:0:0:1 - - [13/Jun/2023:13:20:32 +0300] GET /api/am/devportal/v3/applications/a9a06d94-2918-4fbf-a72b-7f09fcb913c8/oauth-keys HTTP/1.1 200 868 https://localhost:9443/devportal/apis/bd412728-6963-4947-ba67-61fa1e164022/credentials/wizard Mozilla/5.0 (Windows NT 10.0; Win64; x64) AppleWebKit/537.36 (KHTML, like Gecko) Chrome/114.0.0.0 Safari/537.36 Edg/114.0.1823.43 0.033
0:0:0:0:0:0:0:1 - - [13/Jun/2023:13:21:39 +0300] - 400 - - - 0.000
0:0:0:0:0:0:0:1 - - [13/Jun/2023:13:21:39 +0300] GET /api/am/devportal/v3/swagger.yaml HTTP/1.1 200 26878 https://localhost:9443/devportal/apis/bd412728-6963-4947-ba67-61fa1e164022/credentials/wizard Mozilla/5.0 (Windows NT 10.0; Win64; x64) AppleWebKit/537.36 (KHTML, like Gecko) Chrome/114.0.0.0 Safari/537.36 Edg/114.0.1823.43 0.018
127.0.0.1 - - [13/Jun/2023:13:21:40 +0300] GET /keymanager-operations/dcr/register/dHNJakxWdmRyNXVNY3ZkT0VJNlBnWF9JU2dVYQ%3D%3D HTTP/1.1 200 720 - Apache-HttpClient/4.5.13 (Java/20.0.1) 0.006
0:0:0:0:0:0:0:1 - - [13/Jun/2023:13:21:40 +0300] GET /api/am/devportal/v3/applications/a9a06d94-2918-4fbf-a72b-7f09fcb913c8 HTTP/1.1 200 340 https://localhost:9443/devportal/apis/bd412728-6963-4947-ba67-61fa1e164022/credentials/wizard Mozilla/5.0 (Windows NT 10.0; Win64; x64) AppleWebKit/537.36 (KHTML, like Gecko) Chrome/114.0.0.0 Safari/537.36 Edg/114.0.1823.43 0.322
127.0.0.1 - - [13/Jun/2023:13:21:40 +0300] GET /keymanager-operations/dcr/register/dHNJakxWdmRyNXVNY3ZkT0VJNlBnWF9JU2dVYQ%3D%3D HTTP/1.1 200 720 - Apache-HttpClient/4.5.13 (Java/20.0.1) 0.004
0:0:0:0:0:0:0:1 - - [13/Jun/2023:13:21:40 +0300] GET /api/am/devportal/v3/applications/a9a06d94-2918-4fbf-a72b-7f09fcb913c8/oauth-keys HTTP/1.1 200 868 https://localhost:9443/devportal/apis/bd412728-6963-4947-ba67-61fa1e164022/credentials/wizard Mozilla/5.0 (Windows NT 10.0; Win64; x64) AppleWebKit/537.36 (KHTML, like Gecko) Chrome/114.0.0.0 Safari/537.36 Edg/114.0.1823.43 0.033
127.0.0.1 - - [13/Jun/2023:13:21:40 +0300] GET /keymanager-operations/dcr/register/dHNJakxWdmRyNXVNY3ZkT0VJNlBnWF9JU2dVYQ%3D%3D HTTP/1.1 200 720 - Apache-HttpClient/4.5.13 (Java/20.0.1) 0.012
127.0.0.1 - - [13/Jun/2023:13:21:40 +0300] GET /keymanager-operations/dcr/register/dHNJakxWdmRyNXVNY3ZkT0VJNlBnWF9JU2dVYQ%3D%3D HTTP/1.1 200 720 - Apache-HttpClient/4.5.13 (Java/20.0.1) 0.007
127.0.0.1 - - [13/Jun/2023:13:21:41 +0300] POST /oauth2/token HTTP/1.1 200 1183 - Apache-HttpClient/4.5.13 (Java/20.0.1) 0.433
0:0:0:0:0:0:0:1 - - [13/Jun/2023:13:21:41 +0300] POST /api/am/devportal/v3/applications/a9a06d94-2918-4fbf-a72b-7f09fcb913c8/oauth-keys/2b7a5c6e-045a-4858-9c5f-5f24f9814f02/generate-token HTTP/1.1 200 894 https://localhost:9443/devportal/apis/bd412728-6963-4947-ba67-61fa1e164022/credentials/wizard Mozilla/5.0 (Windows NT 10.0; Win64; x64) AppleWebKit/537.36 (KHTML, like Gecko) Chrome/114.0.0.0 Safari/537.36 Edg/114.0.1823.43 0.584
127.0.0.1 - - [13/Jun/2023:13:21:41 +0300] POST /internal/data/v1/notify HTTP/1.1 200 - - Apache-HttpClient/4.5.13 (Java/20.0.1) 0.614
0:0:0:0:0:0:0:1 - - [13/Jun/2023:13:22:18 +0300] - 400 - - - 0.000
0:0:0:0:0:0:0:1 - - [13/Jun/2023:13:22:18 +0300] - 400 - - - 0.000
0:0:0:0:0:0:0:1 - - [13/Jun/2023:13:22:18 +0300] - 400 - - - 0.000
0:0:0:0:0:0:0:1 - - [13/Jun/2023:13:22:18 +0300] - 400 - - - 0.000
0:0:0:0:0:0:0:1 - - [13/Jun/2023:13:22:18 +0300] GET /api/am/devportal/v3/applications?limit=5000 HTTP/1.1 200 453 https://localhost:9443/devportal/apis/bd412728-6963-4947-ba67-61fa1e164022/credentials Mozilla/5.0 (Windows NT 10.0; Win64; x64) AppleWebKit/537.36 (KHTML, like Gecko) Chrome/114.0.0.0 Safari/537.36 Edg/114.0.1823.43 0.031
0:0:0:0:0:0:0:1 - - [13/Jun/2023:13:22:18 +0300] GET /devportal/site/public/images/_favicon.ico HTTP/1.1 200 1150 https://localhost:9443/devportal/apis/bd412728-6963-4947-ba67-61fa1e164022/credentials Mozilla/5.0 (Windows NT 10.0; Win64; x64) AppleWebKit/537.36 (KHTML, like Gecko) Chrome/114.0.0.0 Safari/537.36 Edg/114.0.1823.43 0.012
0:0:0:0:0:0:0:1 - - [13/Jun/2023:13:22:18 +0300] GET /api/am/devportal/v3/apis/bd412728-6963-4947-ba67-61fa1e164022 HTTP/1.1 200 1040 https://localhost:9443/devportal/apis/bd412728-6963-4947-ba67-61fa1e164022/credentials Mozilla/5.0 (Windows NT 10.0; Win64; x64) AppleWebKit/537.36 (KHTML, like Gecko) Chrome/114.0.0.0 Safari/537.36 Edg/114.0.1823.43 0.098
127.0.0.1 - - [13/Jun/2023:13:22:18 +0300] GET /keymanager-operations/dcr/register/dHNJakxWdmRyNXVNY3ZkT0VJNlBnWF9JU2dVYQ%3D%3D HTTP/1.1 200 720 - Apache-HttpClient/4.5.13 (Java/20.0.1) 0.032
0:0:0:0:0:0:0:1 - - [13/Jun/2023:13:22:18 +0300] GET /api/am/devportal/v3/subscriptions?apiId=bd412728-6963-4947-ba67-61fa1e164022&limit=25 HTTP/1.1 200 700 https://localhost:9443/devportal/apis/bd412728-6963-4947-ba67-61fa1e164022/credentials Mozilla/5.0 (Windows NT 10.0; Win64; x64) AppleWebKit/537.36 (KHTML, like Gecko) Chrome/114.0.0.0 Safari/537.36 Edg/114.0.1823.43 0.131
127.0.0.1 - - [13/Jun/2023:13:22:18 +0300] GET /keymanager-operations/dcr/register/dHNJakxWdmRyNXVNY3ZkT0VJNlBnWF9JU2dVYQ%3D%3D HTTP/1.1 200 720 - Apache-HttpClient/4.5.13 (Java/20.0.1) 0.025
0:0:0:0:0:0:0:1 - - [13/Jun/2023:13:22:18 +0300] GET /api/am/devportal/v3/subscriptions?apiId=bd412728-6963-4947-ba67-61fa1e164022&limit=5000 HTTP/1.1 200 702 https://localhost:9443/devportal/apis/bd412728-6963-4947-ba67-61fa1e164022/credentials Mozilla/5.0 (Windows NT 10.0; Win64; x64) AppleWebKit/537.36 (KHTML, like Gecko) Chrome/114.0.0.0 Safari/537.36 Edg/114.0.1823.43 0.174
0:0:0:0:0:0:0:1 - - [13/Jun/2023:13:23:22 +0300] - 400 - - - 0.000
0:0:0:0:0:0:0:1 - - [13/Jun/2023:13:23:22 +0300] - 400 - - - 0.000
0:0:0:0:0:0:0:1 - - [13/Jun/2023:13:23:22 +0300] - 400 - - - 0.000
0:0:0:0:0:0:0:1 - - [13/Jun/2023:13:23:22 +0300] - 400 - - - 0.000
0:0:0:0:0:0:0:1 - - [13/Jun/2023:13:23:22 +0300] - 400 - - - 0.000
0:0:0:0:0:0:0:1 - - [13/Jun/2023:13:23:23 +0300] GET /devportal/site/public/images/_favicon.ico HTTP/1.1 200 1150 https://localhost:9443/devportal/apis/bd412728-6963-4947-ba67-61fa1e164022/test Mozilla/5.0 (Windows NT 10.0; Win64; x64) AppleWebKit/537.36 (KHTML, like Gecko) Chrome/114.0.0.0 Safari/537.36 Edg/114.0.1823.43 0.016
0:0:0:0:0:0:0:1 - - [13/Jun/2023:13:23:23 +0300] GET /devportal/site/public/dist/vendors~APIConsole~APIDocuments~ApplicationDetails.632f7f3618b917dd72cb.bundle.js HTTP/1.1 200 25476 https://localhost:9443/devportal/apis/bd412728-6963-4947-ba67-61fa1e164022/test Mozilla/5.0 (Windows NT 10.0; Win64; x64) AppleWebKit/537.36 (KHTML, like Gecko) Chrome/114.0.0.0 Safari/537.36 Edg/114.0.1823.43 0.253
0:0:0:0:0:0:0:1 - - [13/Jun/2023:13:23:23 +0300] GET /devportal/site/public/dist/vendors~APIConsole~GraphQLConsole.fdedfa5fe9df001a3725.bundle.js HTTP/1.1 200 55674 https://localhost:9443/devportal/apis/bd412728-6963-4947-ba67-61fa1e164022/test Mozilla/5.0 (Windows NT 10.0; Win64; x64) AppleWebKit/537.36 (KHTML, like Gecko) Chrome/114.0.0.0 Safari/537.36 Edg/114.0.1823.43 0.282
0:0:0:0:0:0:0:1 - - [13/Jun/2023:13:23:23 +0300] GET /devportal/site/public/dist/5.57286c37eacce5fafae0.bundle.js HTTP/1.1 200 84080 https://localhost:9443/devportal/apis/bd412728-6963-4947-ba67-61fa1e164022/test Mozilla/5.0 (Windows NT 10.0; Win64; x64) AppleWebKit/537.36 (KHTML, like Gecko) Chrome/114.0.0.0 Safari/537.36 Edg/114.0.1823.43 0.454
0:0:0:0:0:0:0:1 - - [13/Jun/2023:13:23:24 +0300] GET /devportal/site/public/dist/APIConsole.b3e80a9dce3816857c0c.bundle.js HTTP/1.1 200 1748096 https://localhost:9443/devportal/apis/bd412728-6963-4947-ba67-61fa1e164022/test Mozilla/5.0 (Windows NT 10.0; Win64; x64) AppleWebKit/537.36 (KHTML, like Gecko) Chrome/114.0.0.0 Safari/537.36 Edg/114.0.1823.43 1.184
0:0:0:0:0:0:0:1 - - [13/Jun/2023:13:23:25 +0300] GET /api/am/devportal/v3/apis/bd412728-6963-4947-ba67-61fa1e164022 HTTP/1.1 200 1040 https://localhost:9443/devportal/apis/bd412728-6963-4947-ba67-61fa1e164022/test Mozilla/5.0 (Windows NT 10.0; Win64; x64) AppleWebKit/537.36 (KHTML, like Gecko) Chrome/114.0.0.0 Safari/537.36 Edg/114.0.1823.43 0.451
0:0:0:0:0:0:0:1 - - [13/Jun/2023:13:23:25 +0300] GET /api/am/devportal/v3/apis/bd412728-6963-4947-ba67-61fa1e164022/swagger?environmentName=Default HTTP/1.1 200 398 https://localhost:9443/devportal/apis/bd412728-6963-4947-ba67-61fa1e164022/test Mozilla/5.0 (Windows NT 10.0; Win64; x64) AppleWebKit/537.36 (KHTML, like Gecko) Chrome/114.0.0.0 Safari/537.36 Edg/114.0.1823.43 0.046
0:0:0:0:0:0:0:1 - - [13/Jun/2023:13:23:25 +0300] GET /api/am/devportal/v3/swagger.yaml HTTP/1.1 200 26878 https://localhost:9443/devportal/apis/bd412728-6963-4947-ba67-61fa1e164022/test Mozilla/5.0 (Windows NT 10.0; Win64; x64) AppleWebKit/537.36 (KHTML, like Gecko) Chrome/114.0.0.0 Safari/537.36 Edg/114.0.1823.43 0.019
127.0.0.1 - - [13/Jun/2023:13:23:25 +0300] GET /oauth2/token/.well-known/openid-configuration HTTP/1.1 200 2395 - Apache-HttpClient/4.5.13 (Java/20.0.1) 0.006
127.0.0.1 - - [13/Jun/2023:13:23:25 +0300] GET /keymanager-operations/dcr/register/dHNJakxWdmRyNXVNY3ZkT0VJNlBnWF9JU2dVYQ%3D%3D HTTP/1.1 200 720 - Apache-HttpClient/4.5.13 (Java/20.0.1) 0.007
0:0:0:0:0:0:0:1 - - [13/Jun/2023:13:23:25 +0300] GET /api/am/devportal/v3/key-managers HTTP/1.1 200 763 https://localhost:9443/devportal/apis/bd412728-6963-4947-ba67-61fa1e164022/test Mozilla/5.0 (Windows NT 10.0; Win64; x64) AppleWebKit/537.36 (KHTML, like Gecko) Chrome/114.0.0.0 Safari/537.36 Edg/114.0.1823.43 0.040
0:0:0:0:0:0:0:1 - - [13/Jun/2023:13:23:25 +0300] GET /api/am/devportal/v3/subscriptions?apiId=bd412728-6963-4947-ba67-61fa1e164022&limit=25 HTTP/1.1 200 700 https://localhost:9443/devportal/apis/bd412728-6963-4947-ba67-61fa1e164022/test Mozilla/5.0 (Windows NT 10.0; Win64; x64) AppleWebKit/537.36 (KHTML, like Gecko) Chrome/114.0.0.0 Safari/537.36 Edg/114.0.1823.43 0.095
127.0.0.1 - - [13/Jun/2023:13:23:25 +0300] GET /keymanager-operations/dcr/register/dHNJakxWdmRyNXVNY3ZkT0VJNlBnWF9JU2dVYQ%3D%3D HTTP/1.1 200 720 - Apache-HttpClient/4.5.13 (Java/20.0.1) 0.036
0:0:0:0:0:0:0:1 - - [13/Jun/2023:13:23:25 +0300] GET /api/am/devportal/v3/subscriptions?apiId=bd412728-6963-4947-ba67-61fa1e164022&limit=25 HTTP/1.1 200 700 https://localhost:9443/devportal/apis/bd412728-6963-4947-ba67-61fa1e164022/test Mozilla/5.0 (Windows NT 10.0; Win64; x64) AppleWebKit/537.36 (KHTML, like Gecko) Chrome/114.0.0.0 Safari/537.36 Edg/114.0.1823.43 0.097
0:0:0:0:0:0:0:1 - - [13/Jun/2023:13:23:25 +0300] GET /api/am/devportal/v3/applications/ HTTP/1.1 200 452 https://localhost:9443/devportal/apis/bd412728-6963-4947-ba67-61fa1e164022/test Mozilla/5.0 (Windows NT 10.0; Win64; x64) AppleWebKit/537.36 (KHTML, like Gecko) Chrome/114.0.0.0 Safari/537.36 Edg/114.0.1823.43 0.025
0:0:0:0:0:0:0:1 - - [13/Jun/2023:13:23:25 +0300] GET /api/am/devportal/v3/swagger.yaml HTTP/1.1 200 26878 https://localhost:9443/devportal/apis/bd412728-6963-4947-ba67-61fa1e164022/test Mozilla/5.0 (Windows NT 10.0; Win64; x64) AppleWebKit/537.36 (KHTML, like Gecko) Chrome/114.0.0.0 Safari/537.36 Edg/114.0.1823.43 0.029
127.0.0.1 - - [13/Jun/2023:13:23:26 +0300] GET /keymanager-operations/dcr/register/dHNJakxWdmRyNXVNY3ZkT0VJNlBnWF9JU2dVYQ%3D%3D HTTP/1.1 200 720 - Apache-HttpClient/4.5.13 (Java/20.0.1) 0.008
0:0:0:0:0:0:0:1 - - [13/Jun/2023:13:23:26 +0300] GET /api/am/devportal/v3/applications/a9a06d94-2918-4fbf-a72b-7f09fcb913c8 HTTP/1.1 200 340 https://localhost:9443/devportal/apis/bd412728-6963-4947-ba67-61fa1e164022/test Mozilla/5.0 (Windows NT 10.0; Win64; x64) AppleWebKit/537.36 (KHTML, like Gecko) Chrome/114.0.0.0 Safari/537.36 Edg/114.0.1823.43 0.022
127.0.0.1 - - [13/Jun/2023:13:23:26 +0300] GET /keymanager-operations/dcr/register/dHNJakxWdmRyNXVNY3ZkT0VJNlBnWF9JU2dVYQ%3D%3D HTTP/1.1 200 720 - Apache-HttpClient/4.5.13 (Java/20.0.1) 0.007
0:0:0:0:0:0:0:1 - - [13/Jun/2023:13:23:26 +0300] GET /api/am/devportal/v3/applications/a9a06d94-2918-4fbf-a72b-7f09fcb913c8/oauth-keys HTTP/1.1 200 868 https://localhost:9443/devportal/apis/bd412728-6963-4947-ba67-61fa1e164022/test Mozilla/5.0 (Windows NT 10.0; Win64; x64) AppleWebKit/537.36 (KHTML, like Gecko) Chrome/114.0.0.0 Safari/537.36 Edg/114.0.1823.43 0.019
0:0:0:0:0:0:0:1 - - [13/Jun/2023:13:23:26 +0300] GET /api/am/devportal/v3/swagger.yaml HTTP/1.1 200 26878 https://localhost:9443/devportal/apis/bd412728-6963-4947-ba67-61fa1e164022/test Mozilla/5.0 (Windows NT 10.0; Win64; x64) AppleWebKit/537.36 (KHTML, like Gecko) Chrome/114.0.0.0 Safari/537.36 Edg/114.0.1823.43 0.021
0:0:0:0:0:0:0:1 - - [13/Jun/2023:13:23:26 +0300] GET /api/am/devportal/v3/swagger.yaml HTTP/1.1 200 26878 https://localhost:9443/devportal/apis/bd412728-6963-4947-ba67-61fa1e164022/test Mozilla/5.0 (Windows NT 10.0; Win64; x64) AppleWebKit/537.36 (KHTML, like Gecko) Chrome/114.0.0.0 Safari/537.36 Edg/114.0.1823.43 0.013
127.0.0.1 - - [13/Jun/2023:13:23:26 +0300] GET /keymanager-operations/dcr/register/dHNJakxWdmRyNXVNY3ZkT0VJNlBnWF9JU2dVYQ%3D%3D HTTP/1.1 200 720 - Apache-HttpClient/4.5.13 (Java/20.0.1) 0.005
0:0:0:0:0:0:0:1 - - [13/Jun/2023:13:23:26 +0300] GET /api/am/devportal/v3/applications/a9a06d94-2918-4fbf-a72b-7f09fcb913c8 HTTP/1.1 200 340 https://localhost:9443/devportal/apis/bd412728-6963-4947-ba67-61fa1e164022/test Mozilla/5.0 (Windows NT 10.0; Win64; x64) AppleWebKit/537.36 (KHTML, like Gecko) Chrome/114.0.0.0 Safari/537.36 Edg/114.0.1823.43 0.015
127.0.0.1 - - [13/Jun/2023:13:23:26 +0300] GET /keymanager-operations/dcr/register/dHNJakxWdmRyNXVNY3ZkT0VJNlBnWF9JU2dVYQ%3D%3D HTTP/1.1 200 720 - Apache-HttpClient/4.5.13 (Java/20.0.1) 0.008
