0:0:0:0:0:0:0:1 - - [08/Jun/2023:15:29:48 +0300] GET /api/am/devportal/v3/subscriptions?apiId=a07038b5-f288-4dd1-9353-98dee58c170e&limit=25 HTTP/1.1 200 777 https://localhost:9443/devportal/apis/a07038b5-f288-4dd1-9353-98dee58c170e/overview Mozilla/5.0 (Windows NT 10.0; Win64; x64) AppleWebKit/537.36 (KHTML, like Gecko) Chrome/114.0.0.0 Safari/537.36 Edg/114.0.1823.37 0.171
0:0:0:0:0:0:0:1 - - [08/Jun/2023:15:29:48 +0300] GET /api/am/devportal/v3/throttling-policies/subscription HTTP/1.1 200 634 https://localhost:9443/devportal/apis/a07038b5-f288-4dd1-9353-98dee58c170e/overview Mozilla/5.0 (Windows NT 10.0; Win64; x64) AppleWebKit/537.36 (KHTML, like Gecko) Chrome/114.0.0.0 Safari/537.36 Edg/114.0.1823.37 0.043
0:0:0:0:0:0:0:1 - - [08/Jun/2023:15:29:48 +0300] GET /api/am/devportal/v3/subscriptions?apiId=a07038b5-f288-4dd1-9353-98dee58c170e&limit=5000 HTTP/1.1 200 779 https://localhost:9443/devportal/apis/a07038b5-f288-4dd1-9353-98dee58c170e/overview Mozilla/5.0 (Windows NT 10.0; Win64; x64) AppleWebKit/537.36 (KHTML, like Gecko) Chrome/114.0.0.0 Safari/537.36 Edg/114.0.1823.37 0.172
0:0:0:0:0:0:0:1 - - [08/Jun/2023:15:29:48 +0300] GET /api/am/devportal/v3/apis/a07038b5-f288-4dd1-9353-98dee58c170e/documents HTTP/1.1 200 92 https://localhost:9443/devportal/apis/a07038b5-f288-4dd1-9353-98dee58c170e/overview Mozilla/5.0 (Windows NT 10.0; Win64; x64) AppleWebKit/537.36 (KHTML, like Gecko) Chrome/114.0.0.0 Safari/537.36 Edg/114.0.1823.37 0.068
0:0:0:0:0:0:0:1 - - [08/Jun/2023:15:29:48 +0300] GET /api/am/devportal/v3/apis/a07038b5-f288-4dd1-9353-98dee58c170e/documents HTTP/1.1 200 92 https://localhost:9443/devportal/apis/a07038b5-f288-4dd1-9353-98dee58c170e/overview Mozilla/5.0 (Windows NT 10.0; Win64; x64) AppleWebKit/537.36 (KHTML, like Gecko) Chrome/114.0.0.0 Safari/537.36 Edg/114.0.1823.37 0.041
0:0:0:0:0:0:0:1 - - [08/Jun/2023:15:29:48 +0300] GET /api/am/devportal/v3/apis/a07038b5-f288-4dd1-9353-98dee58c170e/comments?limit=5&offset=0 HTTP/1.1 200 101 https://localhost:9443/devportal/apis/a07038b5-f288-4dd1-9353-98dee58c170e/overview Mozilla/5.0 (Windows NT 10.0; Win64; x64) AppleWebKit/537.36 (KHTML, like Gecko) Chrome/114.0.0.0 Safari/537.36 Edg/114.0.1823.37 0.075
0:0:0:0:0:0:0:1 - - [08/Jun/2023:15:29:48 +0300] GET /api/am/devportal/v3/apis/a07038b5-f288-4dd1-9353-98dee58c170e/thumbnail HTTP/1.1 204 - https://localhost:9443/devportal/apis/a07038b5-f288-4dd1-9353-98dee58c170e/overview Mozilla/5.0 (Windows NT 10.0; Win64; x64) AppleWebKit/537.36 (KHTML, like Gecko) Chrome/114.0.0.0 Safari/537.36 Edg/114.0.1823.37 0.106
0:0:0:0:0:0:0:1 - - [08/Jun/2023:15:29:48 +0300] GET /api/am/devportal/v3/apis/a07038b5-f288-4dd1-9353-98dee58c170e/ratings HTTP/1.1 200 125 https://localhost:9443/devportal/apis/a07038b5-f288-4dd1-9353-98dee58c170e/overview Mozilla/5.0 (Windows NT 10.0; Win64; x64) AppleWebKit/537.36 (KHTML, like Gecko) Chrome/114.0.0.0 Safari/537.36 Edg/114.0.1823.37 0.026
0:0:0:0:0:0:0:1 - - [08/Jun/2023:15:33:18 +0300] - 400 - - - 0.000
0:0:0:0:0:0:0:1 - - [08/Jun/2023:15:33:18 +0300] - 400 - - - 0.000
0:0:0:0:0:0:0:1 - - [08/Jun/2023:15:33:18 +0300] GET /devportal/site/public/images/_favicon.ico HTTP/1.1 200 1150 https://localhost:9443/devportal/applications Mozilla/5.0 (Windows NT 10.0; Win64; x64) AppleWebKit/537.36 (KHTML, like Gecko) Chrome/114.0.0.0 Safari/537.36 Edg/114.0.1823.37 0.008
0:0:0:0:0:0:0:1 - - [08/Jun/2023:15:33:19 +0300] GET /api/am/devportal/v3/swagger.yaml HTTP/1.1 200 26878 https://localhost:9443/devportal/applications Mozilla/5.0 (Windows NT 10.0; Win64; x64) AppleWebKit/537.36 (KHTML, like Gecko) Chrome/114.0.0.0 Safari/537.36 Edg/114.0.1823.37 0.024
0:0:0:0:0:0:0:1 - - [08/Jun/2023:15:33:19 +0300] GET /api/am/devportal/v3/applications?sortBy=name&sortOrder=asc&limit=10&offset=0 HTTP/1.1 200 374 https://localhost:9443/devportal/applications Mozilla/5.0 (Windows NT 10.0; Win64; x64) AppleWebKit/537.36 (KHTML, like Gecko) Chrome/114.0.0.0 Safari/537.36 Edg/114.0.1823.37 0.245
0:0:0:0:0:0:0:1 - - [08/Jun/2023:15:33:21 +0300] GET /devportal/site/public/images/_favicon.ico HTTP/1.1 200 1150 https://localhost:9443/devportal/applications/d055fa0a-c03a-421c-bc0e-824699676a13 Mozilla/5.0 (Windows NT 10.0; Win64; x64) AppleWebKit/537.36 (KHTML, like Gecko) Chrome/114.0.0.0 Safari/537.36 Edg/114.0.1823.37 0.003
127.0.0.1 - - [08/Jun/2023:15:33:21 +0300] GET /keymanager-operations/dcr/register/TkxKRU1MM1R2NGZpVkFhd0I4cnhlY0VCRWJnYQ%3D%3D HTTP/1.1 200 518 - Apache-HttpClient/4.5.13 (Java/20.0.1) 0.008
0:0:0:0:0:0:0:1 - - [08/Jun/2023:15:33:21 +0300] GET /api/am/devportal/v3/applications/d055fa0a-c03a-421c-bc0e-824699676a13 HTTP/1.1 200 336 https://localhost:9443/devportal/applications/d055fa0a-c03a-421c-bc0e-824699676a13 Mozilla/5.0 (Windows NT 10.0; Win64; x64) AppleWebKit/537.36 (KHTML, like Gecko) Chrome/114.0.0.0 Safari/537.36 Edg/114.0.1823.37 0.034
0:0:0:0:0:0:0:1 - - [08/Jun/2023:15:33:21 +0300] GET /api/am/devportal/v3/throttling-policies/application/10PerMin HTTP/1.1 200 493 https://localhost:9443/devportal/applications/d055fa0a-c03a-421c-bc0e-824699676a13/overview Mozilla/5.0 (Windows NT 10.0; Win64; x64) AppleWebKit/537.36 (KHTML, like Gecko) Chrome/114.0.0.0 Safari/537.36 Edg/114.0.1823.37 0.009
0:0:0:0:0:0:0:1 - - [08/Jun/2023:15:33:21 +0300] GET /devportal/site/public/images/_favicon.ico HTTP/1.1 200 1150 https://localhost:9443/devportal/applications/d055fa0a-c03a-421c-bc0e-824699676a13/overview Mozilla/5.0 (Windows NT 10.0; Win64; x64) AppleWebKit/537.36 (KHTML, like Gecko) Chrome/114.0.0.0 Safari/537.36 Edg/114.0.1823.37 0.002
127.0.0.1 - - [08/Jun/2023:15:33:21 +0300] GET /keymanager-operations/dcr/register/TkxKRU1MM1R2NGZpVkFhd0I4cnhlY0VCRWJnYQ%3D%3D HTTP/1.1 200 518 - Apache-HttpClient/4.5.13 (Java/20.0.1) 0.005
0:0:0:0:0:0:0:1 - - [08/Jun/2023:15:33:21 +0300] GET /api/am/devportal/v3/applications/d055fa0a-c03a-421c-bc0e-824699676a13 HTTP/1.1 200 336 https://localhost:9443/devportal/applications/d055fa0a-c03a-421c-bc0e-824699676a13/overview Mozilla/5.0 (Windows NT 10.0; Win64; x64) AppleWebKit/537.36 (KHTML, like Gecko) Chrome/114.0.0.0 Safari/537.36 Edg/114.0.1823.37 0.032
0:0:0:0:0:0:0:1 - - [08/Jun/2023:15:33:21 +0300] GET /api/am/devportal/v3/throttling-policies/application/10PerMin HTTP/1.1 200 493 https://localhost:9443/devportal/applications/d055fa0a-c03a-421c-bc0e-824699676a13/overview Mozilla/5.0 (Windows NT 10.0; Win64; x64) AppleWebKit/537.36 (KHTML, like Gecko) Chrome/114.0.0.0 Safari/537.36 Edg/114.0.1823.37 0.005
0:0:0:0:0:0:0:1 - - [08/Jun/2023:15:33:24 +0300] - 400 - - - 0.000
0:0:0:0:0:0:0:1 - - [08/Jun/2023:15:33:24 +0300] GET /api/am/devportal/v3/swagger.yaml HTTP/1.1 200 26878 https://localhost:9443/devportal/applications/d055fa0a-c03a-421c-bc0e-824699676a13/productionkeys/oauth Mozilla/5.0 (Windows NT 10.0; Win64; x64) AppleWebKit/537.36 (KHTML, like Gecko) Chrome/114.0.0.0 Safari/537.36 Edg/114.0.1823.37 0.028
0:0:0:0:0:0:0:1 - - [08/Jun/2023:15:33:24 +0300] GET /devportal/site/public/images/_favicon.ico HTTP/1.1 200 1150 https://localhost:9443/devportal/applications/d055fa0a-c03a-421c-bc0e-824699676a13/productionkeys/oauth Mozilla/5.0 (Windows NT 10.0; Win64; x64) AppleWebKit/537.36 (KHTML, like Gecko) Chrome/114.0.0.0 Safari/537.36 Edg/114.0.1823.37 0.008
127.0.0.1 - - [08/Jun/2023:15:33:24 +0300] GET /oauth2/token/.well-known/openid-configuration HTTP/1.1 200 2395 - Apache-HttpClient/4.5.13 (Java/20.0.1) 0.010
0:0:0:0:0:0:0:1 - - [08/Jun/2023:15:33:24 +0300] GET /api/am/devportal/v3/key-managers HTTP/1.1 200 763 https://localhost:9443/devportal/applications/d055fa0a-c03a-421c-bc0e-824699676a13/productionkeys/oauth Mozilla/5.0 (Windows NT 10.0; Win64; x64) AppleWebKit/537.36 (KHTML, like Gecko) Chrome/114.0.0.0 Safari/537.36 Edg/114.0.1823.37 0.057
127.0.0.1 - - [08/Jun/2023:15:33:25 +0300] GET /keymanager-operations/dcr/register/TkxKRU1MM1R2NGZpVkFhd0I4cnhlY0VCRWJnYQ%3D%3D HTTP/1.1 200 518 - Apache-HttpClient/4.5.13 (Java/20.0.1) 0.006
0:0:0:0:0:0:0:1 - - [08/Jun/2023:15:33:25 +0300] GET /api/am/devportal/v3/applications/d055fa0a-c03a-421c-bc0e-824699676a13 HTTP/1.1 200 336 https://localhost:9443/devportal/applications/d055fa0a-c03a-421c-bc0e-824699676a13/productionkeys/oauth Mozilla/5.0 (Windows NT 10.0; Win64; x64) AppleWebKit/537.36 (KHTML, like Gecko) Chrome/114.0.0.0 Safari/537.36 Edg/114.0.1823.37 0.088
127.0.0.1 - - [08/Jun/2023:15:33:25 +0300] GET /keymanager-operations/dcr/register/TkxKRU1MM1R2NGZpVkFhd0I4cnhlY0VCRWJnYQ%3D%3D HTTP/1.1 200 518 - Apache-HttpClient/4.5.13 (Java/20.0.1) 0.009
0:0:0:0:0:0:0:1 - - [08/Jun/2023:15:33:25 +0300] GET /api/am/devportal/v3/applications/d055fa0a-c03a-421c-bc0e-824699676a13/oauth-keys HTTP/1.1 200 666 https://localhost:9443/devportal/applications/d055fa0a-c03a-421c-bc0e-824699676a13/productionkeys/oauth Mozilla/5.0 (Windows NT 10.0; Win64; x64) AppleWebKit/537.36 (KHTML, like Gecko) Chrome/114.0.0.0 Safari/537.36 Edg/114.0.1823.37 0.027
0:0:0:0:0:0:0:1 - - [08/Jun/2023:15:33:25 +0300] GET /api/am/devportal/v3/swagger.yaml HTTP/1.1 200 26878 https://localhost:9443/devportal/applications/d055fa0a-c03a-421c-bc0e-824699676a13/productionkeys/oauth Mozilla/5.0 (Windows NT 10.0; Win64; x64) AppleWebKit/537.36 (KHTML, like Gecko) Chrome/114.0.0.0 Safari/537.36 Edg/114.0.1823.37 0.011
127.0.0.1 - - [08/Jun/2023:15:33:25 +0300] GET /keymanager-operations/dcr/register/TkxKRU1MM1R2NGZpVkFhd0I4cnhlY0VCRWJnYQ%3D%3D HTTP/1.1 200 518 - Apache-HttpClient/4.5.13 (Java/20.0.1) 0.012
0:0:0:0:0:0:0:1 - - [08/Jun/2023:15:33:25 +0300] GET /api/am/devportal/v3/applications/d055fa0a-c03a-421c-bc0e-824699676a13 HTTP/1.1 200 336 https://localhost:9443/devportal/applications/d055fa0a-c03a-421c-bc0e-824699676a13/productionkeys/oauth Mozilla/5.0 (Windows NT 10.0; Win64; x64) AppleWebKit/537.36 (KHTML, like Gecko) Chrome/114.0.0.0 Safari/537.36 Edg/114.0.1823.37 0.023
127.0.0.1 - - [08/Jun/2023:15:33:25 +0300] GET /keymanager-operations/dcr/register/TkxKRU1MM1R2NGZpVkFhd0I4cnhlY0VCRWJnYQ%3D%3D HTTP/1.1 200 518 - Apache-HttpClient/4.5.13 (Java/20.0.1) 0.006
0:0:0:0:0:0:0:1 - - [08/Jun/2023:15:33:25 +0300] GET /api/am/devportal/v3/applications/d055fa0a-c03a-421c-bc0e-824699676a13/oauth-keys HTTP/1.1 200 666 https://localhost:9443/devportal/applications/d055fa0a-c03a-421c-bc0e-824699676a13/productionkeys/oauth Mozilla/5.0 (Windows NT 10.0; Win64; x64) AppleWebKit/537.36 (KHTML, like Gecko) Chrome/114.0.0.0 Safari/537.36 Edg/114.0.1823.37 0.018
0:0:0:0:0:0:0:1 - - [08/Jun/2023:15:33:26 +0300] GET /api/am/devportal/v3/swagger.yaml HTTP/1.1 200 26878 https://localhost:9443/devportal/applications/d055fa0a-c03a-421c-bc0e-824699676a13/productionkeys/oauth Mozilla/5.0 (Windows NT 10.0; Win64; x64) AppleWebKit/537.36 (KHTML, like Gecko) Chrome/114.0.0.0 Safari/537.36 Edg/114.0.1823.37 0.032
127.0.0.1 - - [08/Jun/2023:15:33:26 +0300] GET /oauth2/token/.well-known/openid-configuration HTTP/1.1 200 2395 - Apache-HttpClient/4.5.13 (Java/20.0.1) 0.004
0:0:0:0:0:0:0:1 - - [08/Jun/2023:15:33:26 +0300] GET /api/am/devportal/v3/key-managers HTTP/1.1 200 763 https://localhost:9443/devportal/applications/d055fa0a-c03a-421c-bc0e-824699676a13/productionkeys/oauth Mozilla/5.0 (Windows NT 10.0; Win64; x64) AppleWebKit/537.36 (KHTML, like Gecko) Chrome/114.0.0.0 Safari/537.36 Edg/114.0.1823.37 0.043
127.0.0.1 - - [08/Jun/2023:15:33:27 +0300] GET /keymanager-operations/dcr/register/TkxKRU1MM1R2NGZpVkFhd0I4cnhlY0VCRWJnYQ%3D%3D HTTP/1.1 200 518 - Apache-HttpClient/4.5.13 (Java/20.0.1) 0.051
0:0:0:0:0:0:0:1 - - [08/Jun/2023:15:33:27 +0300] GET /api/am/devportal/v3/applications/d055fa0a-c03a-421c-bc0e-824699676a13 HTTP/1.1 200 336 https://localhost:9443/devportal/applications/d055fa0a-c03a-421c-bc0e-824699676a13/productionkeys/oauth Mozilla/5.0 (Windows NT 10.0; Win64; x64) AppleWebKit/537.36 (KHTML, like Gecko) Chrome/114.0.0.0 Safari/537.36 Edg/114.0.1823.37 0.072
127.0.0.1 - - [08/Jun/2023:15:33:27 +0300] GET /keymanager-operations/dcr/register/TkxKRU1MM1R2NGZpVkFhd0I4cnhlY0VCRWJnYQ%3D%3D HTTP/1.1 200 518 - Apache-HttpClient/4.5.13 (Java/20.0.1) 0.004
0:0:0:0:0:0:0:1 - - [08/Jun/2023:15:33:27 +0300] GET /api/am/devportal/v3/applications/d055fa0a-c03a-421c-bc0e-824699676a13/oauth-keys HTTP/1.1 200 666 https://localhost:9443/devportal/applications/d055fa0a-c03a-421c-bc0e-824699676a13/productionkeys/oauth Mozilla/5.0 (Windows NT 10.0; Win64; x64) AppleWebKit/537.36 (KHTML, like Gecko) Chrome/114.0.0.0 Safari/537.36 Edg/114.0.1823.37 0.014
0:0:0:0:0:0:0:1 - - [08/Jun/2023:15:33:27 +0300] GET /api/am/devportal/v3/swagger.yaml HTTP/1.1 200 26878 https://localhost:9443/devportal/applications/d055fa0a-c03a-421c-bc0e-824699676a13/productionkeys/oauth Mozilla/5.0 (Windows NT 10.0; Win64; x64) AppleWebKit/537.36 (KHTML, like Gecko) Chrome/114.0.0.0 Safari/537.36 Edg/114.0.1823.37 0.013
127.0.0.1 - - [08/Jun/2023:15:33:27 +0300] GET /keymanager-operations/dcr/register/TkxKRU1MM1R2NGZpVkFhd0I4cnhlY0VCRWJnYQ%3D%3D HTTP/1.1 200 518 - Apache-HttpClient/4.5.13 (Java/20.0.1) 0.010
0:0:0:0:0:0:0:1 - - [08/Jun/2023:15:33:27 +0300] GET /api/am/devportal/v3/applications/d055fa0a-c03a-421c-bc0e-824699676a13 HTTP/1.1 200 336 https://localhost:9443/devportal/applications/d055fa0a-c03a-421c-bc0e-824699676a13/productionkeys/oauth Mozilla/5.0 (Windows NT 10.0; Win64; x64) AppleWebKit/537.36 (KHTML, like Gecko) Chrome/114.0.0.0 Safari/537.36 Edg/114.0.1823.37 0.023
127.0.0.1 - - [08/Jun/2023:15:33:27 +0300] GET /keymanager-operations/dcr/register/TkxKRU1MM1R2NGZpVkFhd0I4cnhlY0VCRWJnYQ%3D%3D HTTP/1.1 200 518 - Apache-HttpClient/4.5.13 (Java/20.0.1) 0.006
0:0:0:0:0:0:0:1 - - [08/Jun/2023:15:33:27 +0300] GET /api/am/devportal/v3/applications/d055fa0a-c03a-421c-bc0e-824699676a13/oauth-keys HTTP/1.1 200 666 https://localhost:9443/devportal/applications/d055fa0a-c03a-421c-bc0e-824699676a13/productionkeys/oauth Mozilla/5.0 (Windows NT 10.0; Win64; x64) AppleWebKit/537.36 (KHTML, like Gecko) Chrome/114.0.0.0 Safari/537.36 Edg/114.0.1823.37 0.016
127.0.0.1 - - [08/Jun/2023:15:33:31 +0300] GET /keymanager-operations/dcr/register/TkxKRU1MM1R2NGZpVkFhd0I4cnhlY0VCRWJnYQ%3D%3D HTTP/1.1 200 518 - Apache-HttpClient/4.5.13 (Java/20.0.1) 0.004
0:0:0:0:0:0:0:1 - - [08/Jun/2023:15:33:31 +0300] GET /api/am/devportal/v3/applications/d055fa0a-c03a-421c-bc0e-824699676a13/oauth-keys HTTP/1.1 200 666 https://localhost:9443/devportal/applications/d055fa0a-c03a-421c-bc0e-824699676a13/productionkeys/oauth Mozilla/5.0 (Windows NT 10.0; Win64; x64) AppleWebKit/537.36 (KHTML, like Gecko) Chrome/114.0.0.0 Safari/537.36 Edg/114.0.1823.37 0.014
127.0.0.1 - - [08/Jun/2023:15:33:31 +0300] GET /keymanager-operations/dcr/register/TkxKRU1MM1R2NGZpVkFhd0I4cnhlY0VCRWJnYQ%3D%3D HTTP/1.1 200 518 - Apache-HttpClient/4.5.13 (Java/20.0.1) 0.006
127.0.0.1 - - [08/Jun/2023:15:33:31 +0300] GET /keymanager-operations/dcr/register/TkxKRU1MM1R2NGZpVkFhd0I4cnhlY0VCRWJnYQ%3D%3D HTTP/1.1 200 518 - Apache-HttpClient/4.5.13 (Java/20.0.1) 0.007
127.0.0.1 - - [08/Jun/2023:15:33:31 +0300] POST /oauth2/token HTTP/1.1 200 1183 - Apache-HttpClient/4.5.13 (Java/20.0.1) 0.036
0:0:0:0:0:0:0:1 - - [08/Jun/2023:15:33:31 +0300] POST /api/am/devportal/v3/applications/d055fa0a-c03a-421c-bc0e-824699676a13/oauth-keys/061d26f6-af93-454b-9c8e-e169845cdcd0/generate-token HTTP/1.1 200 891 https://localhost:9443/devportal/applications/d055fa0a-c03a-421c-bc0e-824699676a13/productionkeys/oauth Mozilla/5.0 (Windows NT 10.0; Win64; x64) AppleWebKit/537.36 (KHTML, like Gecko) Chrome/114.0.0.0 Safari/537.36 Edg/114.0.1823.37 0.078
127.0.0.1 - - [08/Jun/2023:15:33:31 +0300] POST /internal/data/v1/notify HTTP/1.1 200 - - Apache-HttpClient/4.5.13 (Java/20.0.1) 0.045
0:0:0:0:0:0:0:1 - - [08/Jun/2023:15:38:15 +0300] - 400 - - - 0.000
0:0:0:0:0:0:0:1 - - [08/Jun/2023:15:38:15 +0300] - 400 - - - 0.000
0:0:0:0:0:0:0:1 - - [08/Jun/2023:15:38:15 +0300] - 400 - - - 0.000
0:0:0:0:0:0:0:1 - - [08/Jun/2023:15:38:15 +0300] - 400 - - - 0.000
0:0:0:0:0:0:0:1 - - [08/Jun/2023:15:38:15 +0300] GET /devportal/site/public/images/_favicon.ico HTTP/1.1 200 1150 https://localhost:9443/devportal/apis Mozilla/5.0 (Windows NT 10.0; Win64; x64) AppleWebKit/537.36 (KHTML, like Gecko) Chrome/114.0.0.0 Safari/537.36 Edg/114.0.1823.37 0.012
0:0:0:0:0:0:0:1 - - [08/Jun/2023:15:38:15 +0300] GET /api/am/devportal/v3/api-categories HTTP/1.1 200 21 https://localhost:9443/devportal/apis Mozilla/5.0 (Windows NT 10.0; Win64; x64) AppleWebKit/537.36 (KHTML, like Gecko) Chrome/114.0.0.0 Safari/537.36 Edg/114.0.1823.37 0.373
0:0:0:0:0:0:0:1 - - [08/Jun/2023:15:38:15 +0300] GET /api/am/devportal/v3/tags HTTP/1.1 200 119 https://localhost:9443/devportal/apis Mozilla/5.0 (Windows NT 10.0; Win64; x64) AppleWebKit/537.36 (KHTML, like Gecko) Chrome/114.0.0.0 Safari/537.36 Edg/114.0.1823.37 0.419
0:0:0:0:0:0:0:1 - - [08/Jun/2023:15:38:15 +0300] GET /api/am/devportal/v3/apis?limit=10&offset=0 HTTP/1.1 200 840 https://localhost:9443/devportal/apis Mozilla/5.0 (Windows NT 10.0; Win64; x64) AppleWebKit/537.36 (KHTML, like Gecko) Chrome/114.0.0.0 Safari/537.36 Edg/114.0.1823.37 0.488
0:0:0:0:0:0:0:1 - - [08/Jun/2023:15:38:15 +0300] GET /api/am/devportal/v3/apis/a07038b5-f288-4dd1-9353-98dee58c170e/ratings HTTP/1.1 200 125 https://localhost:9443/devportal/apis Mozilla/5.0 (Windows NT 10.0; Win64; x64) AppleWebKit/537.36 (KHTML, like Gecko) Chrome/114.0.0.0 Safari/537.36 Edg/114.0.1823.37 0.020
0:0:0:0:0:0:0:1 - - [08/Jun/2023:15:38:28 +0300] GET /api/am/publisher/v4/apis/a07038b5-f288-4dd1-9353-98dee58c170e/revisions?query=deployed%3Atrue HTTP/1.1 200 404 https://localhost:9443/publisher/apis/a07038b5-f288-4dd1-9353-98dee58c170e/overview Mozilla/5.0 (Windows NT 10.0; Win64; x64) AppleWebKit/537.36 (KHTML, like Gecko) Chrome/114.0.0.0 Safari/537.36 Edg/114.0.1823.37 0.124
0:0:0:0:0:0:0:1 - - [08/Jun/2023:15:38:28 +0300] GET /api/am/publisher/v4/apis/a07038b5-f288-4dd1-9353-98dee58c170e/swagger HTTP/1.1 200 2078 https://localhost:9443/publisher/apis/a07038b5-f288-4dd1-9353-98dee58c170e/overview Mozilla/5.0 (Windows NT 10.0; Win64; x64) AppleWebKit/537.36 (KHTML, like Gecko) Chrome/114.0.0.0 Safari/537.36 Edg/114.0.1823.37 0.197
0:0:0:0:0:0:0:1 - - [08/Jun/2023:15:38:32 +0300] DELETE /api/am/publisher/v4/apis/a07038b5-f288-4dd1-9353-98dee58c170e HTTP/1.1 409 163 https://localhost:9443/publisher/apis/a07038b5-f288-4dd1-9353-98dee58c170e/overview Mozilla/5.0 (Windows NT 10.0; Win64; x64) AppleWebKit/537.36 (KHTML, like Gecko) Chrome/114.0.0.0 Safari/537.36 Edg/114.0.1823.37 0.013
0:0:0:0:0:0:0:1 - - [08/Jun/2023:15:38:50 +0300] GET /api/am/devportal/v3/swagger.yaml HTTP/1.1 200 26878 https://localhost:9443/devportal/applications Mozilla/5.0 (Windows NT 10.0; Win64; x64) AppleWebKit/537.36 (KHTML, like Gecko) Chrome/114.0.0.0 Safari/537.36 Edg/114.0.1823.37 0.029
0:0:0:0:0:0:0:1 - - [08/Jun/2023:15:38:50 +0300] GET /devportal/site/public/images/_favicon.ico HTTP/1.1 200 1150 https://localhost:9443/devportal/applications Mozilla/5.0 (Windows NT 10.0; Win64; x64) AppleWebKit/537.36 (KHTML, like Gecko) Chrome/114.0.0.0 Safari/537.36 Edg/114.0.1823.37 0.014
0:0:0:0:0:0:0:1 - - [08/Jun/2023:15:38:50 +0300] GET /api/am/devportal/v3/applications?sortBy=name&sortOrder=asc&limit=10&offset=0 HTTP/1.1 200 374 https://localhost:9443/devportal/applications Mozilla/5.0 (Windows NT 10.0; Win64; x64) AppleWebKit/537.36 (KHTML, like Gecko) Chrome/114.0.0.0 Safari/537.36 Edg/114.0.1823.37 0.012
0:0:0:0:0:0:0:1 - - [08/Jun/2023:15:38:55 +0300] GET /api/am/devportal/v3/swagger.yaml HTTP/1.1 200 26878 https://localhost:9443/devportal/applications Mozilla/5.0 (Windows NT 10.0; Win64; x64) AppleWebKit/537.36 (KHTML, like Gecko) Chrome/114.0.0.0 Safari/537.36 Edg/114.0.1823.37 0.014
127.0.0.1 - - [08/Jun/2023:15:38:55 +0300] DELETE /keymanager-operations/dcr/register/TkxKRU1MM1R2NGZpVkFhd0I4cnhlY0VCRWJnYQ%3D%3D HTTP/1.1 204 - - Apache-HttpClient/4.5.13 (Java/20.0.1) 0.021
0:0:0:0:0:0:0:1 - - [08/Jun/2023:15:38:55 +0300] DELETE /api/am/devportal/v3/applications/d055fa0a-c03a-421c-bc0e-824699676a13 HTTP/1.1 200 - https://localhost:9443/devportal/applications Mozilla/5.0 (Windows NT 10.0; Win64; x64) AppleWebKit/537.36 (KHTML, like Gecko) Chrome/114.0.0.0 Safari/537.36 Edg/114.0.1823.37 0.053
0:0:0:0:0:0:0:1 - - [08/Jun/2023:15:38:55 +0300] GET /api/am/devportal/v3/swagger.yaml HTTP/1.1 200 26878 https://localhost:9443/devportal/applications Mozilla/5.0 (Windows NT 10.0; Win64; x64) AppleWebKit/537.36 (KHTML, like Gecko) Chrome/114.0.0.0 Safari/537.36 Edg/114.0.1823.37 0.059
0:0:0:0:0:0:0:1 - - [08/Jun/2023:15:38:55 +0300] GET /api/am/devportal/v3/applications?sortBy=name&sortOrder=asc&limit=10&offset=0 HTTP/1.1 200 92 https://localhost:9443/devportal/applications Mozilla/5.0 (Windows NT 10.0; Win64; x64) AppleWebKit/537.36 (KHTML, like Gecko) Chrome/114.0.0.0 Safari/537.36 Edg/114.0.1823.37 0.007
0:0:0:0:0:0:0:1 - - [08/Jun/2023:15:39:04 +0300] DELETE /api/am/publisher/v4/apis/a07038b5-f288-4dd1-9353-98dee58c170e HTTP/1.1 200 - https://localhost:9443/publisher/apis/a07038b5-f288-4dd1-9353-98dee58c170e/overview Mozilla/5.0 (Windows NT 10.0; Win64; x64) AppleWebKit/537.36 (KHTML, like Gecko) Chrome/114.0.0.0 Safari/537.36 Edg/114.0.1823.37 0.205
0:0:0:0:0:0:0:1 - - [08/Jun/2023:15:39:04 +0300] GET /api/am/publisher/v4/apis?limit=10&offset=0 HTTP/1.1 200 92 https://localhost:9443/publisher/apis Mozilla/5.0 (Windows NT 10.0; Win64; x64) AppleWebKit/537.36 (KHTML, like Gecko) Chrome/114.0.0.0 Safari/537.36 Edg/114.0.1823.37 0.042
0:0:0:0:0:0:0:1 - - [08/Jun/2023:15:39:04 +0300] GET /publisher/site/public/images/landing-icons/restapi.svg HTTP/1.1 200 5067 https://localhost:9443/publisher/apis Mozilla/5.0 (Windows NT 10.0; Win64; x64) AppleWebKit/537.36 (KHTML, like Gecko) Chrome/114.0.0.0 Safari/537.36 Edg/114.0.1823.37 0.005
0:0:0:0:0:0:0:1 - - [08/Jun/2023:15:39:04 +0300] GET /publisher/site/public/images/landing-icons/graphqlapi.svg HTTP/1.1 200 6208 https://localhost:9443/publisher/apis Mozilla/5.0 (Windows NT 10.0; Win64; x64) AppleWebKit/537.36 (KHTML, like Gecko) Chrome/114.0.0.0 Safari/537.36 Edg/114.0.1823.37 0.004
0:0:0:0:0:0:0:1 - - [08/Jun/2023:15:39:04 +0300] GET /publisher/site/public/images/landing-icons/soapapi.svg HTTP/1.1 200 4523 https://localhost:9443/publisher/apis Mozilla/5.0 (Windows NT 10.0; Win64; x64) AppleWebKit/537.36 (KHTML, like Gecko) Chrome/114.0.0.0 Safari/537.36 Edg/114.0.1823.37 0.007
0:0:0:0:0:0:0:1 - - [08/Jun/2023:15:39:04 +0300] GET /publisher/site/public/images/landing-icons/streamingapi.svg HTTP/1.1 200 3457 https://localhost:9443/publisher/apis Mozilla/5.0 (Windows NT 10.0; Win64; x64) AppleWebKit/537.36 (KHTML, like Gecko) Chrome/114.0.0.0 Safari/537.36 Edg/114.0.1823.37 0.005
0:0:0:0:0:0:0:1 - - [08/Jun/2023:15:39:10 +0300] POST /api/am/publisher/v4/apis?openAPIVersion=v3 HTTP/1.1 201 1300 https://localhost:9443/publisher/apis Mozilla/5.0 (Windows NT 10.0; Win64; x64) AppleWebKit/537.36 (KHTML, like Gecko) Chrome/114.0.0.0 Safari/537.36 Edg/114.0.1823.37 0.620
0:0:0:0:0:0:0:1 - - [08/Jun/2023:15:39:11 +0300] PUT /api/am/publisher/v4/apis/746c7962-0923-4c21-be0e-a84d3748b57b/swagger HTTP/1.1 200 2078 https://localhost:9443/publisher/apis Mozilla/5.0 (Windows NT 10.0; Win64; x64) AppleWebKit/537.36 (KHTML, like Gecko) Chrome/114.0.0.0 Safari/537.36 Edg/114.0.1823.37 0.736
0:0:0:0:0:0:0:1 - - [08/Jun/2023:15:39:12 +0300] POST /api/am/publisher/v4/apis/746c7962-0923-4c21-be0e-a84d3748b57b/revisions HTTP/1.1 201 209 https://localhost:9443/publisher/apis Mozilla/5.0 (Windows NT 10.0; Win64; x64) AppleWebKit/537.36 (KHTML, like Gecko) Chrome/114.0.0.0 Safari/537.36 Edg/114.0.1823.37 0.544
0:0:0:0:0:0:0:1 - - [08/Jun/2023:15:39:12 +0300] POST /api/am/publisher/v4/apis/746c7962-0923-4c21-be0e-a84d3748b57b/deploy-revision?revisionId=277b1c83-fbef-494a-9f30-e40cbcf3d01e HTTP/1.1 201 176 https://localhost:9443/publisher/apis Mozilla/5.0 (Windows NT 10.0; Win64; x64) AppleWebKit/537.36 (KHTML, like Gecko) Chrome/114.0.0.0 Safari/537.36 Edg/114.0.1823.37 0.111
0:0:0:0:0:0:0:1 - - [08/Jun/2023:15:39:12 +0300] POST /api/am/publisher/v4/apis/change-lifecycle?action=Publish&apiId=746c7962-0923-4c21-be0e-a84d3748b57b HTTP/1.1 200 300 https://localhost:9443/publisher/apis Mozilla/5.0 (Windows NT 10.0; Win64; x64) AppleWebKit/537.36 (KHTML, like Gecko) Chrome/114.0.0.0 Safari/537.36 Edg/114.0.1823.37 0.271
0:0:0:0:0:0:0:1 - - [08/Jun/2023:15:39:13 +0300] GET /api/am/publisher/v4/tenants?state=active HTTP/1.1 200 96 https://localhost:9443/publisher/apis/746c7962-0923-4c21-be0e-a84d3748b57b/overview Mozilla/5.0 (Windows NT 10.0; Win64; x64) AppleWebKit/537.36 (KHTML, like Gecko) Chrome/114.0.0.0 Safari/537.36 Edg/114.0.1823.37 0.015
0:0:0:0:0:0:0:1 - - [08/Jun/2023:15:39:13 +0300] GET /api/am/publisher/v4/apis/746c7962-0923-4c21-be0e-a84d3748b57b HTTP/1.1 200 1320 https://localhost:9443/publisher/apis/746c7962-0923-4c21-be0e-a84d3748b57b/overview Mozilla/5.0 (Windows NT 10.0; Win64; x64) AppleWebKit/537.36 (KHTML, like Gecko) Chrome/114.0.0.0 Safari/537.36 Edg/114.0.1823.37 0.067
0:0:0:0:0:0:0:1 - - [08/Jun/2023:15:39:13 +0300] GET /api/am/publisher/v4/apis/746c7962-0923-4c21-be0e-a84d3748b57b/revisions?query=deployed%3Atrue HTTP/1.1 200 404 https://localhost:9443/publisher/apis/746c7962-0923-4c21-be0e-a84d3748b57b/overview Mozilla/5.0 (Windows NT 10.0; Win64; x64) AppleWebKit/537.36 (KHTML, like Gecko) Chrome/114.0.0.0 Safari/537.36 Edg/114.0.1823.37 0.012
0:0:0:0:0:0:0:1 - - [08/Jun/2023:15:39:13 +0300] GET /api/am/publisher/v4/apis/746c7962-0923-4c21-be0e-a84d3748b57b/revisions?query=deployed%3Atrue HTTP/1.1 200 404 https://localhost:9443/publisher/apis/746c7962-0923-4c21-be0e-a84d3748b57b/overview Mozilla/5.0 (Windows NT 10.0; Win64; x64) AppleWebKit/537.36 (KHTML, like Gecko) Chrome/114.0.0.0 Safari/537.36 Edg/114.0.1823.37 0.007
0:0:0:0:0:0:0:1 - - [08/Jun/2023:15:39:13 +0300] GET /api/am/publisher/v4/apis/746c7962-0923-4c21-be0e-a84d3748b57b/revisions HTTP/1.1 200 404 https://localhost:9443/publisher/apis/746c7962-0923-4c21-be0e-a84d3748b57b/overview Mozilla/5.0 (Windows NT 10.0; Win64; x64) AppleWebKit/537.36 (KHTML, like Gecko) Chrome/114.0.0.0 Safari/537.36 Edg/114.0.1823.37 0.022
0:0:0:0:0:0:0:1 - - [08/Jun/2023:15:39:13 +0300] GET /api/am/publisher/v4/apis/746c7962-0923-4c21-be0e-a84d3748b57b/swagger HTTP/1.1 200 2078 https://localhost:9443/publisher/apis/746c7962-0923-4c21-be0e-a84d3748b57b/overview Mozilla/5.0 (Windows NT 10.0; Win64; x64) AppleWebKit/537.36 (KHTML, like Gecko) Chrome/114.0.0.0 Safari/537.36 Edg/114.0.1823.37 0.093
0:0:0:0:0:0:0:1 - - [08/Jun/2023:15:39:13 +0300] GET /api/am/publisher/v4/apis/746c7962-0923-4c21-be0e-a84d3748b57b/revisions?query=deployed%3Atrue HTTP/1.1 200 404 https://localhost:9443/publisher/apis/746c7962-0923-4c21-be0e-a84d3748b57b/overview Mozilla/5.0 (Windows NT 10.0; Win64; x64) AppleWebKit/537.36 (KHTML, like Gecko) Chrome/114.0.0.0 Safari/537.36 Edg/114.0.1823.37 0.014
0:0:0:0:0:0:0:1 - - [08/Jun/2023:15:39:13 +0300] GET /api/am/publisher/v4/apis/746c7962-0923-4c21-be0e-a84d3748b57b/swagger HTTP/1.1 200 2078 https://localhost:9443/publisher/apis/746c7962-0923-4c21-be0e-a84d3748b57b/overview Mozilla/5.0 (Windows NT 10.0; Win64; x64) AppleWebKit/537.36 (KHTML, like Gecko) Chrome/114.0.0.0 Safari/537.36 Edg/114.0.1823.37 0.081
0:0:0:0:0:0:0:1 - - [08/Jun/2023:15:39:14 +0300] GET /api/am/publisher/v4/apis/746c7962-0923-4c21-be0e-a84d3748b57b/revisions?query=deployed%3Atrue HTTP/1.1 200 404 https://localhost:9443/publisher/apis/746c7962-0923-4c21-be0e-a84d3748b57b/overview Mozilla/5.0 (Windows NT 10.0; Win64; x64) AppleWebKit/537.36 (KHTML, like Gecko) Chrome/114.0.0.0 Safari/537.36 Edg/114.0.1823.37 0.027
0:0:0:0:0:0:0:1 - - [08/Jun/2023:15:39:14 +0300] GET /api/am/publisher/v4/apis/746c7962-0923-4c21-be0e-a84d3748b57b/swagger HTTP/1.1 200 2078 https://localhost:9443/publisher/apis/746c7962-0923-4c21-be0e-a84d3748b57b/overview Mozilla/5.0 (Windows NT 10.0; Win64; x64) AppleWebKit/537.36 (KHTML, like Gecko) Chrome/114.0.0.0 Safari/537.36 Edg/114.0.1823.37 0.044
0:0:0:0:0:0:0:1 - - [08/Jun/2023:15:39:41 +0300] GET /devportal/apis/746c7962-0923-4c21-be0e-a84d3748b57b/overview HTTP/1.1 200 1691 - Mozilla/5.0 (Windows NT 10.0; Win64; x64) AppleWebKit/537.36 (KHTML, like Gecko) Chrome/114.0.0.0 Safari/537.36 Edg/114.0.1823.37 0.024
0:0:0:0:0:0:0:1 - - [08/Jun/2023:15:39:41 +0300] GET /devportal/site/public/css/main.css HTTP/1.1 200 2092 https://localhost:9443/devportal/apis/746c7962-0923-4c21-be0e-a84d3748b57b/overview Mozilla/5.0 (Windows NT 10.0; Win64; x64) AppleWebKit/537.36 (KHTML, like Gecko) Chrome/114.0.0.0 Safari/537.36 Edg/114.0.1823.37 0.005
0:0:0:0:0:0:0:1 - - [08/Jun/2023:15:39:41 +0300] GET /devportal/services/settings/settings.js HTTP/1.1 200 1474 https://localhost:9443/devportal/apis/746c7962-0923-4c21-be0e-a84d3748b57b/overview Mozilla/5.0 (Windows NT 10.0; Win64; x64) AppleWebKit/537.36 (KHTML, like Gecko) Chrome/114.0.0.0 Safari/537.36 Edg/114.0.1823.37 0.030
0:0:0:0:0:0:0:1 - - [08/Jun/2023:15:39:41 +0300] GET /devportal/site/public/fonts/iconfont/MaterialIcons.js HTTP/1.1 200 6703 https://localhost:9443/devportal/apis/746c7962-0923-4c21-be0e-a84d3748b57b/overview Mozilla/5.0 (Windows NT 10.0; Win64; x64) AppleWebKit/537.36 (KHTML, like Gecko) Chrome/114.0.0.0 Safari/537.36 Edg/114.0.1823.37 0.027
0:0:0:0:0:0:0:1 - - [08/Jun/2023:15:39:41 +0300] GET /devportal/site/public/theme/userTheme.js HTTP/1.1 200 96 https://localhost:9443/devportal/apis/746c7962-0923-4c21-be0e-a84d3748b57b/overview Mozilla/5.0 (Windows NT 10.0; Win64; x64) AppleWebKit/537.36 (KHTML, like Gecko) Chrome/114.0.0.0 Safari/537.36 Edg/114.0.1823.37 0.018
0:0:0:0:0:0:0:1 - - [08/Jun/2023:15:39:41 +0300] GET /devportal/site/public/fonts/iconfont/material-icons.css HTTP/1.1 200 970 https://localhost:9443/devportal/apis/746c7962-0923-4c21-be0e-a84d3748b57b/overview Mozilla/5.0 (Windows NT 10.0; Win64; x64) AppleWebKit/537.36 (KHTML, like Gecko) Chrome/114.0.0.0 Safari/537.36 Edg/114.0.1823.37 0.004
0:0:0:0:0:0:0:1 - - [08/Jun/2023:15:39:41 +0300] GET /devportal/site/public/css/overrides.css HTTP/1.1 200 - https://localhost:9443/devportal/apis/746c7962-0923-4c21-be0e-a84d3748b57b/overview Mozilla/5.0 (Windows NT 10.0; Win64; x64) AppleWebKit/537.36 (KHTML, like Gecko) Chrome/114.0.0.0 Safari/537.36 Edg/114.0.1823.37 0.005
0:0:0:0:0:0:0:1 - - [08/Jun/2023:15:39:41 +0300] - 400 - - - 0.000
0:0:0:0:0:0:0:1 - - [08/Jun/2023:15:39:41 +0300] - 400 - - - 0.000
0:0:0:0:0:0:0:1 - - [08/Jun/2023:15:39:41 +0300] GET /devportal/site/public/dist/index.e79b6b708401484695fc.bundle.js HTTP/1.1 200 271108 https://localhost:9443/devportal/apis/746c7962-0923-4c21-be0e-a84d3748b57b/overview Mozilla/5.0 (Windows NT 10.0; Win64; x64) AppleWebKit/537.36 (KHTML, like Gecko) Chrome/114.0.0.0 Safari/537.36 Edg/114.0.1823.37 0.111
0:0:0:0:0:0:0:1 - - [08/Jun/2023:15:39:42 +0300] GET /devportal/site/public/locales/en.json HTTP/1.1 200 57092 https://localhost:9443/devportal/apis/746c7962-0923-4c21-be0e-a84d3748b57b/overview Mozilla/5.0 (Windows NT 10.0; Win64; x64) AppleWebKit/537.36 (KHTML, like Gecko) Chrome/114.0.0.0 Safari/537.36 Edg/114.0.1823.37 0.041
0:0:0:0:0:0:0:1 - - [08/Jun/2023:15:39:42 +0300] GET /devportal/site/public/images/_favicon.ico HTTP/1.1 200 1150 https://localhost:9443/devportal/apis/746c7962-0923-4c21-be0e-a84d3748b57b/overview Mozilla/5.0 (Windows NT 10.0; Win64; x64) AppleWebKit/537.36 (KHTML, like Gecko) Chrome/114.0.0.0 Safari/537.36 Edg/114.0.1823.37 0.006
0:0:0:0:0:0:0:1 - - [08/Jun/2023:15:39:42 +0300] GET /api/am/devportal/v3/swagger.yaml HTTP/1.1 200 26878 https://localhost:9443/devportal/apis/746c7962-0923-4c21-be0e-a84d3748b57b/overview Mozilla/5.0 (Windows NT 10.0; Win64; x64) AppleWebKit/537.36 (KHTML, like Gecko) Chrome/114.0.0.0 Safari/537.36 Edg/114.0.1823.37 0.055
0:0:0:0:0:0:0:1 - - [08/Jun/2023:15:39:43 +0300] GET /api/am/devportal/v3/settings HTTP/1.1 200 915 https://localhost:9443/devportal/apis/746c7962-0923-4c21-be0e-a84d3748b57b/overview Mozilla/5.0 (Windows NT 10.0; Win64; x64) AppleWebKit/537.36 (KHTML, like Gecko) Chrome/114.0.0.0 Safari/537.36 Edg/114.0.1823.37 0.348
0:0:0:0:0:0:0:1 - - [08/Jun/2023:15:39:43 +0300] GET /devportal/site/public/dist/ProtectedApp.42893a52cd015332b409.bundle.js HTTP/1.1 200 70963 https://localhost:9443/devportal/apis/746c7962-0923-4c21-be0e-a84d3748b57b/overview Mozilla/5.0 (Windows NT 10.0; Win64; x64) AppleWebKit/537.36 (KHTML, like Gecko) Chrome/114.0.0.0 Safari/537.36 Edg/114.0.1823.37 0.035
0:0:0:0:0:0:0:1 - - [08/Jun/2023:15:39:43 +0300] GET /devportal/site/public/dist/vendors~ProtectedApp.018eeb6bd33ca37011cd.bundle.js HTTP/1.1 200 126488 https://localhost:9443/devportal/apis/746c7962-0923-4c21-be0e-a84d3748b57b/overview Mozilla/5.0 (Windows NT 10.0; Win64; x64) AppleWebKit/537.36 (KHTML, like Gecko) Chrome/114.0.0.0 Safari/537.36 Edg/114.0.1823.37 0.080
0:0:0:0:0:0:0:1 - - [08/Jun/2023:15:39:43 +0300] GET /devportal/site/public/theme/temporary_environments_config.json HTTP/1.1 200 - https://localhost:9443/devportal/apis/746c7962-0923-4c21-be0e-a84d3748b57b/overview Mozilla/5.0 (Windows NT 10.0; Win64; x64) AppleWebKit/537.36 (KHTML, like Gecko) Chrome/114.0.0.0 Safari/537.36 Edg/114.0.1823.37 0.005
0:0:0:0:0:0:0:1 - - [08/Jun/2023:15:39:43 +0300] GET /devportal/site/public/theme/temporary_features_config.json HTTP/1.1 200 - https://localhost:9443/devportal/apis/746c7962-0923-4c21-be0e-a84d3748b57b/overview Mozilla/5.0 (Windows NT 10.0; Win64; x64) AppleWebKit/537.36 (KHTML, like Gecko) Chrome/114.0.0.0 Safari/537.36 Edg/114.0.1823.37 0.010
0:0:0:0:0:0:0:1 - - [08/Jun/2023:15:39:43 +0300] GET /api/am/devportal/v3/tenants?state=active HTTP/1.1 200 96 https://localhost:9443/devportal/apis/746c7962-0923-4c21-be0e-a84d3748b57b/overview Mozilla/5.0 (Windows NT 10.0; Win64; x64) AppleWebKit/537.36 (KHTML, like Gecko) Chrome/114.0.0.0 Safari/537.36 Edg/114.0.1823.37 0.026
0:0:0:0:0:0:0:1 - - [08/Jun/2023:15:39:43 +0300] - 400 - - - 0.000
0:0:0:0:0:0:0:1 - - [08/Jun/2023:15:39:43 +0300] - 400 - - - 0.000
0:0:0:0:0:0:0:1 - - [08/Jun/2023:15:39:43 +0300] - 400 - - - 0.000
0:0:0:0:0:0:0:1 - - [08/Jun/2023:15:39:43 +0300] GET /devportal/site/public/dist/vendors~ApiListing~Apis~ApplicationDetails.720bc2e40480316deaca.bundle.js HTTP/1.1 200 3839 https://localhost:9443/devportal/apis/746c7962-0923-4c21-be0e-a84d3748b57b/overview Mozilla/5.0 (Windows NT 10.0; Win64; x64) AppleWebKit/537.36 (KHTML, like Gecko) Chrome/114.0.0.0 Safari/537.36 Edg/114.0.1823.37 0.020
0:0:0:0:0:0:0:1 - - [08/Jun/2023:15:39:43 +0300] GET /devportal/site/public/dist/Apis~Landing.44f03df4105c342867a1.bundle.js HTTP/1.1 200 6722 https://localhost:9443/devportal/apis/746c7962-0923-4c21-be0e-a84d3748b57b/overview Mozilla/5.0 (Windows NT 10.0; Win64; x64) AppleWebKit/537.36 (KHTML, like Gecko) Chrome/114.0.0.0 Safari/537.36 Edg/114.0.1823.37 0.021
0:0:0:0:0:0:0:1 - - [08/Jun/2023:15:39:43 +0300] GET /oidc/checksession?client_id=PWfgQzPGHoxzOjpmoCalMGNtF2Ia&redirect_uri=https://localhost:9443/devportal/services/auth/callback/login HTTP/1.1 200 3134 https://localhost:9443/devportal/apis/746c7962-0923-4c21-be0e-a84d3748b57b/overview Mozilla/5.0 (Windows NT 10.0; Win64; x64) AppleWebKit/537.36 (KHTML, like Gecko) Chrome/114.0.0.0 Safari/537.36 Edg/114.0.1823.37 0.007
0:0:0:0:0:0:0:1 - - [08/Jun/2023:15:39:43 +0300] GET /devportal/site/public/dist/vendors~Apis~Landing.e9d0b010bafc4e7686f8.bundle.js HTTP/1.1 200 4090 https://localhost:9443/devportal/apis/746c7962-0923-4c21-be0e-a84d3748b57b/overview Mozilla/5.0 (Windows NT 10.0; Win64; x64) AppleWebKit/537.36 (KHTML, like Gecko) Chrome/114.0.0.0 Safari/537.36 Edg/114.0.1823.37 0.047
0:0:0:0:0:0:0:1 - - [08/Jun/2023:15:39:43 +0300] GET /devportal HTTP/1.1 302 - https://localhost:9443/devportal/apis/746c7962-0923-4c21-be0e-a84d3748b57b/overview Mozilla/5.0 (Windows NT 10.0; Win64; x64) AppleWebKit/537.36 (KHTML, like Gecko) Chrome/114.0.0.0 Safari/537.36 Edg/114.0.1823.37 0.000
0:0:0:0:0:0:0:1 - - [08/Jun/2023:15:39:43 +0300] GET /devportal/ HTTP/1.1 200 1691 https://localhost:9443/devportal/apis/746c7962-0923-4c21-be0e-a84d3748b57b/overview Mozilla/5.0 (Windows NT 10.0; Win64; x64) AppleWebKit/537.36 (KHTML, like Gecko) Chrome/114.0.0.0 Safari/537.36 Edg/114.0.1823.37 0.011
0:0:0:0:0:0:0:1 - - [08/Jun/2023:15:39:43 +0300] GET /devportal/site/public/images/appbarBack.png HTTP/1.1 200 1964 https://localhost:9443/devportal/apis/746c7962-0923-4c21-be0e-a84d3748b57b/overview Mozilla/5.0 (Windows NT 10.0; Win64; x64) AppleWebKit/537.36 (KHTML, like Gecko) Chrome/114.0.0.0 Safari/537.36 Edg/114.0.1823.37 0.063
0:0:0:0:0:0:0:1 - - [08/Jun/2023:15:39:43 +0300] GET /devportal/site/public/dist/Apis.800351a0eb878c789ea9.bundle.js HTTP/1.1 200 25570 https://localhost:9443/devportal/apis/746c7962-0923-4c21-be0e-a84d3748b57b/overview Mozilla/5.0 (Windows NT 10.0; Win64; x64) AppleWebKit/537.36 (KHTML, like Gecko) Chrome/114.0.0.0 Safari/537.36 Edg/114.0.1823.37 0.072
0:0:0:0:0:0:0:1 - - [08/Jun/2023:15:39:43 +0300] GET /devportal/site/public/dist/vendors~Apis.3a6169883ec8c6c5366d.bundle.js HTTP/1.1 200 87282 https://localhost:9443/devportal/apis/746c7962-0923-4c21-be0e-a84d3748b57b/overview Mozilla/5.0 (Windows NT 10.0; Win64; x64) AppleWebKit/537.36 (KHTML, like Gecko) Chrome/114.0.0.0 Safari/537.36 Edg/114.0.1823.37 0.162
0:0:0:0:0:0:0:1 - - [08/Jun/2023:15:39:43 +0300] GET /devportal/site/public/images/logo.svg HTTP/1.1 200 74991 https://localhost:9443/devportal/apis/746c7962-0923-4c21-be0e-a84d3748b57b/overview Mozilla/5.0 (Windows NT 10.0; Win64; x64) AppleWebKit/537.36 (KHTML, like Gecko) Chrome/114.0.0.0 Safari/537.36 Edg/114.0.1823.37 0.149
0:0:0:0:0:0:0:1 - - [08/Jun/2023:15:39:43 +0300] GET /devportal/site/public/fonts/iconfont/MaterialIcons-Regular.woff2 HTTP/1.1 200 60840 https://localhost:9443/devportal/site/public/fonts/iconfont/material-icons.css Mozilla/5.0 (Windows NT 10.0; Win64; x64) AppleWebKit/537.36 (KHTML, like Gecko) Chrome/114.0.0.0 Safari/537.36 Edg/114.0.1823.37 0.027
0:0:0:0:0:0:0:1 - - [08/Jun/2023:15:39:43 +0300] GET /devportal/site/public/fonts/Open_Sans/mem5YaGs126MiZpBA-UN7rgOUuhpKKSTjw.woff2 HTTP/1.1 200 8800 https://localhost:9443/devportal/site/public/css/main.css Mozilla/5.0 (Windows NT 10.0; Win64; x64) AppleWebKit/537.36 (KHTML, like Gecko) Chrome/114.0.0.0 Safari/537.36 Edg/114.0.1823.37 0.033
0:0:0:0:0:0:0:1 - - [08/Jun/2023:15:39:43 +0300] GET /api/am/devportal/v3/subscriptions?apiId=746c7962-0923-4c21-be0e-a84d3748b57b&limit=25 HTTP/1.1 200 92 https://localhost:9443/devportal/apis/746c7962-0923-4c21-be0e-a84d3748b57b/overview Mozilla/5.0 (Windows NT 10.0; Win64; x64) AppleWebKit/537.36 (KHTML, like Gecko) Chrome/114.0.0.0 Safari/537.36 Edg/114.0.1823.37 0.041
0:0:0:0:0:0:0:1 - - [08/Jun/2023:15:39:43 +0300] GET /api/am/devportal/v3/applications?limit=5000 HTTP/1.1 200 94 https://localhost:9443/devportal/apis/746c7962-0923-4c21-be0e-a84d3748b57b/overview Mozilla/5.0 (Windows NT 10.0; Win64; x64) AppleWebKit/537.36 (KHTML, like Gecko) Chrome/114.0.0.0 Safari/537.36 Edg/114.0.1823.37 0.022
0:0:0:0:0:0:0:1 - - [08/Jun/2023:15:39:43 +0300] GET /devportal/site/public/fonts/Open_Sans/mem8YaGs126MiZpBA-UFVZ0bf8pkAg.woff2 HTTP/1.1 200 8892 https://localhost:9443/devportal/site/public/css/main.css Mozilla/5.0 (Windows NT 10.0; Win64; x64) AppleWebKit/537.36 (KHTML, like Gecko) Chrome/114.0.0.0 Safari/537.36 Edg/114.0.1823.37 0.138
0:0:0:0:0:0:0:1 - - [08/Jun/2023:15:39:43 +0300] GET /api/am/devportal/v3/apis/746c7962-0923-4c21-be0e-a84d3748b57b HTTP/1.1 200 2479 https://localhost:9443/devportal/apis/746c7962-0923-4c21-be0e-a84d3748b57b/overview Mozilla/5.0 (Windows NT 10.0; Win64; x64) AppleWebKit/537.36 (KHTML, like Gecko) Chrome/114.0.0.0 Safari/537.36 Edg/114.0.1823.37 0.046
0:0:0:0:0:0:0:1 - - [08/Jun/2023:15:39:43 +0300] GET /api/am/devportal/v3/subscriptions?apiId=746c7962-0923-4c21-be0e-a84d3748b57b&limit=5000 HTTP/1.1 200 94 https://localhost:9443/devportal/apis/746c7962-0923-4c21-be0e-a84d3748b57b/overview Mozilla/5.0 (Windows NT 10.0; Win64; x64) AppleWebKit/537.36 (KHTML, like Gecko) Chrome/114.0.0.0 Safari/537.36 Edg/114.0.1823.37 0.064
0:0:0:0:0:0:0:1 - - [08/Jun/2023:15:39:43 +0300] GET /devportal/site/public/dist/vendors~APIComments~APIOverview~ApplicationDetails.9553ed9b23431ac21302.bundle.js HTTP/1.1 200 5490 https://localhost:9443/devportal/apis/746c7962-0923-4c21-be0e-a84d3748b57b/overview Mozilla/5.0 (Windows NT 10.0; Win64; x64) AppleWebKit/537.36 (KHTML, like Gecko) Chrome/114.0.0.0 Safari/537.36 Edg/114.0.1823.37 0.029
0:0:0:0:0:0:0:1 - - [08/Jun/2023:15:39:43 +0300] GET /devportal/site/public/dist/vendors~APIDocuments~APIOverview.f394ac01608a94b6dd74.bundle.js HTTP/1.1 200 34374 https://localhost:9443/devportal/apis/746c7962-0923-4c21-be0e-a84d3748b57b/overview Mozilla/5.0 (Windows NT 10.0; Win64; x64) AppleWebKit/537.36 (KHTML, like Gecko) Chrome/114.0.0.0 Safari/537.36 Edg/114.0.1823.37 0.031
0:0:0:0:0:0:0:1 - - [08/Jun/2023:15:39:43 +0300] GET /devportal/site/public/dist/APIOverview.9b9a6e01add6e880d662.bundle.js HTTP/1.1 200 20063 https://localhost:9443/devportal/apis/746c7962-0923-4c21-be0e-a84d3748b57b/overview Mozilla/5.0 (Windows NT 10.0; Win64; x64) AppleWebKit/537.36 (KHTML, like Gecko) Chrome/114.0.0.0 Safari/537.36 Edg/114.0.1823.37 0.033
0:0:0:0:0:0:0:1 - - [08/Jun/2023:15:39:43 +0300] GET /devportal/site/public/images/leftMenuBack.png HTTP/1.1 200 5308 https://localhost:9443/devportal/apis/746c7962-0923-4c21-be0e-a84d3748b57b/overview Mozilla/5.0 (Windows NT 10.0; Win64; x64) AppleWebKit/537.36 (KHTML, like Gecko) Chrome/114.0.0.0 Safari/537.36 Edg/114.0.1823.37 0.037
0:0:0:0:0:0:0:1 - - [08/Jun/2023:15:39:43 +0300] GET /devportal/site/public/dist/vendors~APIOverview~MDReactMarkdown.c8e68cd152f6972597f4.bundle.js HTTP/1.1 200 23172 https://localhost:9443/devportal/apis/746c7962-0923-4c21-be0e-a84d3748b57b/overview Mozilla/5.0 (Windows NT 10.0; Win64; x64) AppleWebKit/537.36 (KHTML, like Gecko) Chrome/114.0.0.0 Safari/537.36 Edg/114.0.1823.37 0.043
0:0:0:0:0:0:0:1 - - [08/Jun/2023:15:39:43 +0300] GET /devportal/site/public/dist/vendors~APIConsole~APIDocuments~APIOverview.351585fe0b19dbf2f65f.bundle.js HTTP/1.1 200 224002 https://localhost:9443/devportal/apis/746c7962-0923-4c21-be0e-a84d3748b57b/overview Mozilla/5.0 (Windows NT 10.0; Win64; x64) AppleWebKit/537.36 (KHTML, like Gecko) Chrome/114.0.0.0 Safari/537.36 Edg/114.0.1823.37 0.134
0:0:0:0:0:0:0:1 - - [08/Jun/2023:15:39:44 +0300] GET /api/am/devportal/v3/throttling-policies/subscription HTTP/1.1 200 634 https://localhost:9443/devportal/apis/746c7962-0923-4c21-be0e-a84d3748b57b/overview Mozilla/5.0 (Windows NT 10.0; Win64; x64) AppleWebKit/537.36 (KHTML, like Gecko) Chrome/114.0.0.0 Safari/537.36 Edg/114.0.1823.37 0.007
0:0:0:0:0:0:0:1 - - [08/Jun/2023:15:39:44 +0300] GET /api/am/devportal/v3/throttling-policies/subscription HTTP/1.1 200 634 https://localhost:9443/devportal/apis/746c7962-0923-4c21-be0e-a84d3748b57b/overview Mozilla/5.0 (Windows NT 10.0; Win64; x64) AppleWebKit/537.36 (KHTML, like Gecko) Chrome/114.0.0.0 Safari/537.36 Edg/114.0.1823.37 0.010
0:0:0:0:0:0:0:1 - - [08/Jun/2023:15:39:44 +0300] GET /api/am/devportal/v3/apis/746c7962-0923-4c21-be0e-a84d3748b57b/documents HTTP/1.1 200 92 https://localhost:9443/devportal/apis/746c7962-0923-4c21-be0e-a84d3748b57b/overview Mozilla/5.0 (Windows NT 10.0; Win64; x64) AppleWebKit/537.36 (KHTML, like Gecko) Chrome/114.0.0.0 Safari/537.36 Edg/114.0.1823.37 0.022
0:0:0:0:0:0:0:1 - - [08/Jun/2023:15:39:44 +0300] GET /api/am/devportal/v3/apis/746c7962-0923-4c21-be0e-a84d3748b57b/documents HTTP/1.1 200 92 https://localhost:9443/devportal/apis/746c7962-0923-4c21-be0e-a84d3748b57b/overview Mozilla/5.0 (Windows NT 10.0; Win64; x64) AppleWebKit/537.36 (KHTML, like Gecko) Chrome/114.0.0.0 Safari/537.36 Edg/114.0.1823.37 0.016
0:0:0:0:0:0:0:1 - - [08/Jun/2023:15:39:44 +0300] GET /api/am/devportal/v3/apis/746c7962-0923-4c21-be0e-a84d3748b57b/thumbnail HTTP/1.1 204 - https://localhost:9443/devportal/apis/746c7962-0923-4c21-be0e-a84d3748b57b/overview Mozilla/5.0 (Windows NT 10.0; Win64; x64) AppleWebKit/537.36 (KHTML, like Gecko) Chrome/114.0.0.0 Safari/537.36 Edg/114.0.1823.37 0.020
0:0:0:0:0:0:0:1 - - [08/Jun/2023:15:39:44 +0300] GET /api/am/devportal/v3/apis/746c7962-0923-4c21-be0e-a84d3748b57b/comments?limit=5&offset=0 HTTP/1.1 200 101 https://localhost:9443/devportal/apis/746c7962-0923-4c21-be0e-a84d3748b57b/overview Mozilla/5.0 (Windows NT 10.0; Win64; x64) AppleWebKit/537.36 (KHTML, like Gecko) Chrome/114.0.0.0 Safari/537.36 Edg/114.0.1823.37 0.021
0:0:0:0:0:0:0:1 - - [08/Jun/2023:15:39:44 +0300] GET /api/am/devportal/v3/apis/746c7962-0923-4c21-be0e-a84d3748b57b/ratings HTTP/1.1 200 125 https://localhost:9443/devportal/apis/746c7962-0923-4c21-be0e-a84d3748b57b/overview Mozilla/5.0 (Windows NT 10.0; Win64; x64) AppleWebKit/537.36 (KHTML, like Gecko) Chrome/114.0.0.0 Safari/537.36 Edg/114.0.1823.37 0.022
0:0:0:0:0:0:0:1 - - [08/Jun/2023:15:41:39 +0300] - 400 - - - 0.000
0:0:0:0:0:0:0:1 - - [08/Jun/2023:15:41:41 +0300] - 400 - - - 0.000
0:0:0:0:0:0:0:1 - - [08/Jun/2023:15:41:41 +0300] - 400 - - - 0.000
0:0:0:0:0:0:0:1 - - [08/Jun/2023:15:41:41 +0300] - 400 - - - 0.000
0:0:0:0:0:0:0:1 - - [08/Jun/2023:15:41:41 +0300] - 400 - - - 0.000
0:0:0:0:0:0:0:1 - - [08/Jun/2023:15:41:41 +0300] - 400 - - - 0.000
0:0:0:0:0:0:0:1 - - [08/Jun/2023:15:41:41 +0300] GET /devportal/site/public/images/_favicon.ico HTTP/1.1 200 1150 https://localhost:9443/devportal/apis/746c7962-0923-4c21-be0e-a84d3748b57b/test Mozilla/5.0 (Windows NT 10.0; Win64; x64) AppleWebKit/537.36 (KHTML, like Gecko) Chrome/114.0.0.0 Safari/537.36 Edg/114.0.1823.37 0.015
0:0:0:0:0:0:0:1 - - [08/Jun/2023:15:41:41 +0300] GET /devportal/site/public/dist/vendors~APIConsole~APIDocuments~ApplicationDetails.632f7f3618b917dd72cb.bundle.js HTTP/1.1 200 25476 https://localhost:9443/devportal/apis/746c7962-0923-4c21-be0e-a84d3748b57b/test Mozilla/5.0 (Windows NT 10.0; Win64; x64) AppleWebKit/537.36 (KHTML, like Gecko) Chrome/114.0.0.0 Safari/537.36 Edg/114.0.1823.37 0.046
0:0:0:0:0:0:0:1 - - [08/Jun/2023:15:41:41 +0300] GET /devportal/site/public/dist/vendors~APIConsole~GraphQLConsole.fdedfa5fe9df001a3725.bundle.js HTTP/1.1 200 55674 https://localhost:9443/devportal/apis/746c7962-0923-4c21-be0e-a84d3748b57b/test Mozilla/5.0 (Windows NT 10.0; Win64; x64) AppleWebKit/537.36 (KHTML, like Gecko) Chrome/114.0.0.0 Safari/537.36 Edg/114.0.1823.37 0.073
0:0:0:0:0:0:0:1 - - [08/Jun/2023:15:41:41 +0300] GET /devportal/site/public/dist/5.57286c37eacce5fafae0.bundle.js HTTP/1.1 200 84080 https://localhost:9443/devportal/apis/746c7962-0923-4c21-be0e-a84d3748b57b/test Mozilla/5.0 (Windows NT 10.0; Win64; x64) AppleWebKit/537.36 (KHTML, like Gecko) Chrome/114.0.0.0 Safari/537.36 Edg/114.0.1823.37 0.106
0:0:0:0:0:0:0:1 - - [08/Jun/2023:15:41:42 +0300] GET /devportal/site/public/dist/APIConsole.b3e80a9dce3816857c0c.bundle.js HTTP/1.1 200 1748096 https://localhost:9443/devportal/apis/746c7962-0923-4c21-be0e-a84d3748b57b/test Mozilla/5.0 (Windows NT 10.0; Win64; x64) AppleWebKit/537.36 (KHTML, like Gecko) Chrome/114.0.0.0 Safari/537.36 Edg/114.0.1823.37 0.654
0:0:0:0:0:0:0:1 - - [08/Jun/2023:15:41:42 +0300] GET /api/am/devportal/v3/apis/746c7962-0923-4c21-be0e-a84d3748b57b HTTP/1.1 200 2479 https://localhost:9443/devportal/apis/746c7962-0923-4c21-be0e-a84d3748b57b/test Mozilla/5.0 (Windows NT 10.0; Win64; x64) AppleWebKit/537.36 (KHTML, like Gecko) Chrome/114.0.0.0 Safari/537.36 Edg/114.0.1823.37 0.239
0:0:0:0:0:0:0:1 - - [08/Jun/2023:15:41:42 +0300] GET /api/am/devportal/v3/apis/746c7962-0923-4c21-be0e-a84d3748b57b/swagger?environmentName=Default HTTP/1.1 200 1756 https://localhost:9443/devportal/apis/746c7962-0923-4c21-be0e-a84d3748b57b/test Mozilla/5.0 (Windows NT 10.0; Win64; x64) AppleWebKit/537.36 (KHTML, like Gecko) Chrome/114.0.0.0 Safari/537.36 Edg/114.0.1823.37 0.074
0:0:0:0:0:0:0:1 - - [08/Jun/2023:15:41:42 +0300] GET /api/am/devportal/v3/swagger.yaml HTTP/1.1 200 26878 https://localhost:9443/devportal/apis/746c7962-0923-4c21-be0e-a84d3748b57b/test Mozilla/5.0 (Windows NT 10.0; Win64; x64) AppleWebKit/537.36 (KHTML, like Gecko) Chrome/114.0.0.0 Safari/537.36 Edg/114.0.1823.37 0.025
0:0:0:0:0:0:0:1 - - [08/Jun/2023:15:41:43 +0300] GET /api/am/devportal/v3/subscriptions?apiId=746c7962-0923-4c21-be0e-a84d3748b57b&limit=25 HTTP/1.1 200 92 https://localhost:9443/devportal/apis/746c7962-0923-4c21-be0e-a84d3748b57b/test Mozilla/5.0 (Windows NT 10.0; Win64; x64) AppleWebKit/537.36 (KHTML, like Gecko) Chrome/114.0.0.0 Safari/537.36 Edg/114.0.1823.37 0.047
127.0.0.1 - - [08/Jun/2023:15:41:43 +0300] GET /oauth2/token/.well-known/openid-configuration HTTP/1.1 200 2395 - Apache-HttpClient/4.5.13 (Java/20.0.1) 0.032
0:0:0:0:0:0:0:1 - - [08/Jun/2023:15:41:43 +0300] GET /api/am/devportal/v3/key-managers HTTP/1.1 200 763 https://localhost:9443/devportal/apis/746c7962-0923-4c21-be0e-a84d3748b57b/test Mozilla/5.0 (Windows NT 10.0; Win64; x64) AppleWebKit/537.36 (KHTML, like Gecko) Chrome/114.0.0.0 Safari/537.36 Edg/114.0.1823.37 0.075
0:0:0:0:0:0:0:1 - - [08/Jun/2023:15:41:43 +0300] GET /api/am/devportal/v3/subscriptions?apiId=746c7962-0923-4c21-be0e-a84d3748b57b&limit=25 HTTP/1.1 200 92 https://localhost:9443/devportal/apis/746c7962-0923-4c21-be0e-a84d3748b57b/test Mozilla/5.0 (Windows NT 10.0; Win64; x64) AppleWebKit/537.36 (KHTML, like Gecko) Chrome/114.0.0.0 Safari/537.36 Edg/114.0.1823.37 0.188
0:0:0:0:0:0:0:1 - - [08/Jun/2023:15:41:43 +0300] GET /api/am/devportal/v3/applications/ HTTP/1.1 200 92 https://localhost:9443/devportal/apis/746c7962-0923-4c21-be0e-a84d3748b57b/test Mozilla/5.0 (Windows NT 10.0; Win64; x64) AppleWebKit/537.36 (KHTML, like Gecko) Chrome/114.0.0.0 Safari/537.36 Edg/114.0.1823.37 0.015
0:0:0:0:0:0:0:1 - - [08/Jun/2023:15:41:43 +0300] GET /api/am/devportal/v3/swagger.yaml HTTP/1.1 200 26878 https://localhost:9443/devportal/apis/746c7962-0923-4c21-be0e-a84d3748b57b/test Mozilla/5.0 (Windows NT 10.0; Win64; x64) AppleWebKit/537.36 (KHTML, like Gecko) Chrome/114.0.0.0 Safari/537.36 Edg/114.0.1823.37 0.022
0:0:0:0:0:0:0:1 - - [08/Jun/2023:15:43:20 +0300] - 400 - - - 0.000
