0:0:0:0:0:0:0:1 - - [13/Jun/2023:13:23:26 +0300] GET /api/am/devportal/v3/applications/a9a06d94-2918-4fbf-a72b-7f09fcb913c8 HTTP/1.1 200 340 https://localhost:9443/devportal/apis/bd412728-6963-4947-ba67-61fa1e164022/test Mozilla/5.0 (Windows NT 10.0; Win64; x64) AppleWebKit/537.36 (KHTML, like Gecko) Chrome/114.0.0.0 Safari/537.36 Edg/114.0.1823.43 0.030
127.0.0.1 - - [13/Jun/2023:13:23:26 +0300] GET /keymanager-operations/dcr/register/dHNJakxWdmRyNXVNY3ZkT0VJNlBnWF9JU2dVYQ%3D%3D HTTP/1.1 200 720 - Apache-HttpClient/4.5.13 (Java/20.0.1) 0.013
0:0:0:0:0:0:0:1 - - [13/Jun/2023:13:23:26 +0300] GET /api/am/devportal/v3/applications/a9a06d94-2918-4fbf-a72b-7f09fcb913c8/oauth-keys HTTP/1.1 200 868 https://localhost:9443/devportal/apis/bd412728-6963-4947-ba67-61fa1e164022/test Mozilla/5.0 (Windows NT 10.0; Win64; x64) AppleWebKit/537.36 (KHTML, like Gecko) Chrome/114.0.0.0 Safari/537.36 Edg/114.0.1823.43 0.035
127.0.0.1 - - [13/Jun/2023:13:23:26 +0300] GET /keymanager-operations/dcr/register/dHNJakxWdmRyNXVNY3ZkT0VJNlBnWF9JU2dVYQ%3D%3D HTTP/1.1 200 720 - Apache-HttpClient/4.5.13 (Java/20.0.1) 0.005
0:0:0:0:0:0:0:1 - - [13/Jun/2023:13:23:26 +0300] GET /api/am/devportal/v3/applications/a9a06d94-2918-4fbf-a72b-7f09fcb913c8/oauth-keys HTTP/1.1 200 868 https://localhost:9443/devportal/apis/bd412728-6963-4947-ba67-61fa1e164022/test Mozilla/5.0 (Windows NT 10.0; Win64; x64) AppleWebKit/537.36 (KHTML, like Gecko) Chrome/114.0.0.0 Safari/537.36 Edg/114.0.1823.43 0.024
0:0:0:0:0:0:0:1 - - [13/Jun/2023:13:28:12 +0300] - 400 - - - 0.000
0:0:0:0:0:0:0:1 - - [13/Jun/2023:13:28:12 +0300] GET /api/am/devportal/v3/swagger.yaml HTTP/1.1 200 26878 https://localhost:9443/devportal/apis/bd412728-6963-4947-ba67-61fa1e164022/test Mozilla/5.0 (Windows NT 10.0; Win64; x64) AppleWebKit/537.36 (KHTML, like Gecko) Chrome/114.0.0.0 Safari/537.36 Edg/114.0.1823.43 0.082
127.0.0.1 - - [13/Jun/2023:13:28:13 +0300] GET /keymanager-operations/dcr/register/dHNJakxWdmRyNXVNY3ZkT0VJNlBnWF9JU2dVYQ%3D%3D HTTP/1.1 200 720 - Apache-HttpClient/4.5.13 (Java/20.0.1) 0.009
0:0:0:0:0:0:0:1 - - [13/Jun/2023:13:28:13 +0300] GET /api/am/devportal/v3/applications/a9a06d94-2918-4fbf-a72b-7f09fcb913c8 HTTP/1.1 200 340 https://localhost:9443/devportal/apis/bd412728-6963-4947-ba67-61fa1e164022/test Mozilla/5.0 (Windows NT 10.0; Win64; x64) AppleWebKit/537.36 (KHTML, like Gecko) Chrome/114.0.0.0 Safari/537.36 Edg/114.0.1823.43 0.372
127.0.0.1 - - [13/Jun/2023:13:28:13 +0300] GET /keymanager-operations/dcr/register/dHNJakxWdmRyNXVNY3ZkT0VJNlBnWF9JU2dVYQ%3D%3D HTTP/1.1 200 720 - Apache-HttpClient/4.5.13 (Java/20.0.1) 0.005
0:0:0:0:0:0:0:1 - - [13/Jun/2023:13:28:13 +0300] GET /api/am/devportal/v3/applications/a9a06d94-2918-4fbf-a72b-7f09fcb913c8/oauth-keys HTTP/1.1 200 868 https://localhost:9443/devportal/apis/bd412728-6963-4947-ba67-61fa1e164022/test Mozilla/5.0 (Windows NT 10.0; Win64; x64) AppleWebKit/537.36 (KHTML, like Gecko) Chrome/114.0.0.0 Safari/537.36 Edg/114.0.1823.43 0.023
127.0.0.1 - - [13/Jun/2023:13:28:13 +0300] GET /keymanager-operations/dcr/register/dHNJakxWdmRyNXVNY3ZkT0VJNlBnWF9JU2dVYQ%3D%3D HTTP/1.1 200 720 - Apache-HttpClient/4.5.13 (Java/20.0.1) 0.024
127.0.0.1 - - [13/Jun/2023:13:28:13 +0300] GET /keymanager-operations/dcr/register/dHNJakxWdmRyNXVNY3ZkT0VJNlBnWF9JU2dVYQ%3D%3D HTTP/1.1 200 720 - Apache-HttpClient/4.5.13 (Java/20.0.1) 0.007
127.0.0.1 - - [13/Jun/2023:13:28:13 +0300] POST /oauth2/token HTTP/1.1 200 1183 - Apache-HttpClient/4.5.13 (Java/20.0.1) 0.059
0:0:0:0:0:0:0:1 - - [13/Jun/2023:13:28:13 +0300] POST /api/am/devportal/v3/applications/a9a06d94-2918-4fbf-a72b-7f09fcb913c8/oauth-keys/2b7a5c6e-045a-4858-9c5f-5f24f9814f02/generate-token HTTP/1.1 200 895 https://localhost:9443/devportal/apis/bd412728-6963-4947-ba67-61fa1e164022/test Mozilla/5.0 (Windows NT 10.0; Win64; x64) AppleWebKit/537.36 (KHTML, like Gecko) Chrome/114.0.0.0 Safari/537.36 Edg/114.0.1823.43 0.130
127.0.0.1 - - [13/Jun/2023:13:28:13 +0300] POST /internal/data/v1/notify HTTP/1.1 200 - - Apache-HttpClient/4.5.13 (Java/20.0.1) 0.035
0:0:0:0:0:0:0:1 - - [13/Jun/2023:13:29:53 +0300] - 400 - - - 0.000
0:0:0:0:0:0:0:1 - - [13/Jun/2023:13:29:54 +0300] - 400 - - - 0.000
0:0:0:0:0:0:0:1 - - [13/Jun/2023:13:29:57 +0300] - 400 - - - 0.000
0:0:0:0:0:0:0:1 - - [13/Jun/2023:13:30:02 +0300] - 400 - - - 0.000
0:0:0:0:0:0:0:1 - - [13/Jun/2023:13:30:25 +0300] - 400 - - - 0.000
0:0:0:0:0:0:0:1 - - [13/Jun/2023:13:31:28 +0300] - 400 - - - 0.000
0:0:0:0:0:0:0:1 - - [13/Jun/2023:13:31:29 +0300] GET /api/am/devportal/v3/swagger.yaml HTTP/1.1 200 26878 https://localhost:9443/devportal/apis/bd412728-6963-4947-ba67-61fa1e164022/test Mozilla/5.0 (Windows NT 10.0; Win64; x64) AppleWebKit/537.36 (KHTML, like Gecko) Chrome/114.0.0.0 Safari/537.36 Edg/114.0.1823.43 0.018
127.0.0.1 - - [13/Jun/2023:13:31:29 +0300] GET /keymanager-operations/dcr/register/dHNJakxWdmRyNXVNY3ZkT0VJNlBnWF9JU2dVYQ%3D%3D HTTP/1.1 200 720 - Apache-HttpClient/4.5.13 (Java/20.0.1) 0.012
0:0:0:0:0:0:0:1 - - [13/Jun/2023:13:31:29 +0300] GET /api/am/devportal/v3/applications/a9a06d94-2918-4fbf-a72b-7f09fcb913c8 HTTP/1.1 200 340 https://localhost:9443/devportal/apis/bd412728-6963-4947-ba67-61fa1e164022/test Mozilla/5.0 (Windows NT 10.0; Win64; x64) AppleWebKit/537.36 (KHTML, like Gecko) Chrome/114.0.0.0 Safari/537.36 Edg/114.0.1823.43 0.312
127.0.0.1 - - [13/Jun/2023:13:31:29 +0300] GET /keymanager-operations/dcr/register/dHNJakxWdmRyNXVNY3ZkT0VJNlBnWF9JU2dVYQ%3D%3D HTTP/1.1 200 720 - Apache-HttpClient/4.5.13 (Java/20.0.1) 0.007
0:0:0:0:0:0:0:1 - - [13/Jun/2023:13:31:29 +0300] GET /api/am/devportal/v3/applications/a9a06d94-2918-4fbf-a72b-7f09fcb913c8/oauth-keys HTTP/1.1 200 868 https://localhost:9443/devportal/apis/bd412728-6963-4947-ba67-61fa1e164022/test Mozilla/5.0 (Windows NT 10.0; Win64; x64) AppleWebKit/537.36 (KHTML, like Gecko) Chrome/114.0.0.0 Safari/537.36 Edg/114.0.1823.43 0.023
0:0:0:0:0:0:0:1 - - [13/Jun/2023:13:31:33 +0300] GET /api/am/devportal/v3/swagger.yaml HTTP/1.1 200 26878 https://localhost:9443/devportal/apis/bd412728-6963-4947-ba67-61fa1e164022/test Mozilla/5.0 (Windows NT 10.0; Win64; x64) AppleWebKit/537.36 (KHTML, like Gecko) Chrome/114.0.0.0 Safari/537.36 Edg/114.0.1823.43 0.018
0:0:0:0:0:0:0:1 - - [13/Jun/2023:13:31:33 +0300] - 400 - - - 0.000
0:0:0:0:0:0:0:1 - - [13/Jun/2023:13:31:33 +0300] GET /api/am/devportal/v3/swagger.yaml HTTP/1.1 200 26878 https://localhost:9443/devportal/apis/bd412728-6963-4947-ba67-61fa1e164022/test Mozilla/5.0 (Windows NT 10.0; Win64; x64) AppleWebKit/537.36 (KHTML, like Gecko) Chrome/114.0.0.0 Safari/537.36 Edg/114.0.1823.43 0.025
127.0.0.1 - - [13/Jun/2023:13:31:33 +0300] GET /keymanager-operations/dcr/register/dHNJakxWdmRyNXVNY3ZkT0VJNlBnWF9JU2dVYQ%3D%3D HTTP/1.1 200 720 - Apache-HttpClient/4.5.13 (Java/20.0.1) 0.008
0:0:0:0:0:0:0:1 - - [13/Jun/2023:13:31:33 +0300] GET /api/am/devportal/v3/applications/a9a06d94-2918-4fbf-a72b-7f09fcb913c8 HTTP/1.1 200 340 https://localhost:9443/devportal/apis/bd412728-6963-4947-ba67-61fa1e164022/test Mozilla/5.0 (Windows NT 10.0; Win64; x64) AppleWebKit/537.36 (KHTML, like Gecko) Chrome/114.0.0.0 Safari/537.36 Edg/114.0.1823.43 0.025
127.0.0.1 - - [13/Jun/2023:13:31:34 +0300] GET /keymanager-operations/dcr/register/dHNJakxWdmRyNXVNY3ZkT0VJNlBnWF9JU2dVYQ%3D%3D HTTP/1.1 200 720 - Apache-HttpClient/4.5.13 (Java/20.0.1) 0.006
0:0:0:0:0:0:0:1 - - [13/Jun/2023:13:31:34 +0300] GET /api/am/devportal/v3/applications/a9a06d94-2918-4fbf-a72b-7f09fcb913c8 HTTP/1.1 200 340 https://localhost:9443/devportal/apis/bd412728-6963-4947-ba67-61fa1e164022/test Mozilla/5.0 (Windows NT 10.0; Win64; x64) AppleWebKit/537.36 (KHTML, like Gecko) Chrome/114.0.0.0 Safari/537.36 Edg/114.0.1823.43 0.016
127.0.0.1 - - [13/Jun/2023:13:31:34 +0300] GET /keymanager-operations/dcr/register/dHNJakxWdmRyNXVNY3ZkT0VJNlBnWF9JU2dVYQ%3D%3D HTTP/1.1 200 720 - Apache-HttpClient/4.5.13 (Java/20.0.1) 0.006
0:0:0:0:0:0:0:1 - - [13/Jun/2023:13:31:34 +0300] GET /api/am/devportal/v3/applications/a9a06d94-2918-4fbf-a72b-7f09fcb913c8/oauth-keys HTTP/1.1 200 868 https://localhost:9443/devportal/apis/bd412728-6963-4947-ba67-61fa1e164022/test Mozilla/5.0 (Windows NT 10.0; Win64; x64) AppleWebKit/537.36 (KHTML, like Gecko) Chrome/114.0.0.0 Safari/537.36 Edg/114.0.1823.43 0.018
127.0.0.1 - - [13/Jun/2023:13:31:34 +0300] GET /keymanager-operations/dcr/register/dHNJakxWdmRyNXVNY3ZkT0VJNlBnWF9JU2dVYQ%3D%3D HTTP/1.1 200 720 - Apache-HttpClient/4.5.13 (Java/20.0.1) 0.005
0:0:0:0:0:0:0:1 - - [13/Jun/2023:13:31:34 +0300] GET /api/am/devportal/v3/applications/a9a06d94-2918-4fbf-a72b-7f09fcb913c8/oauth-keys HTTP/1.1 200 868 https://localhost:9443/devportal/apis/bd412728-6963-4947-ba67-61fa1e164022/test Mozilla/5.0 (Windows NT 10.0; Win64; x64) AppleWebKit/537.36 (KHTML, like Gecko) Chrome/114.0.0.0 Safari/537.36 Edg/114.0.1823.43 0.014
0:0:0:0:0:0:0:1 - - [13/Jun/2023:13:31:37 +0300] GET /api/am/devportal/v3/swagger.yaml HTTP/1.1 200 26878 https://localhost:9443/devportal/apis/bd412728-6963-4947-ba67-61fa1e164022/test Mozilla/5.0 (Windows NT 10.0; Win64; x64) AppleWebKit/537.36 (KHTML, like Gecko) Chrome/114.0.0.0 Safari/537.36 Edg/114.0.1823.43 0.017
127.0.0.1 - - [13/Jun/2023:13:31:37 +0300] GET /keymanager-operations/dcr/register/dHNJakxWdmRyNXVNY3ZkT0VJNlBnWF9JU2dVYQ%3D%3D HTTP/1.1 200 720 - Apache-HttpClient/4.5.13 (Java/20.0.1) 0.006
0:0:0:0:0:0:0:1 - - [13/Jun/2023:13:31:37 +0300] GET /api/am/devportal/v3/applications/a9a06d94-2918-4fbf-a72b-7f09fcb913c8 HTTP/1.1 200 340 https://localhost:9443/devportal/apis/bd412728-6963-4947-ba67-61fa1e164022/test Mozilla/5.0 (Windows NT 10.0; Win64; x64) AppleWebKit/537.36 (KHTML, like Gecko) Chrome/114.0.0.0 Safari/537.36 Edg/114.0.1823.43 0.071
127.0.0.1 - - [13/Jun/2023:13:31:37 +0300] GET /keymanager-operations/dcr/register/dHNJakxWdmRyNXVNY3ZkT0VJNlBnWF9JU2dVYQ%3D%3D HTTP/1.1 200 720 - Apache-HttpClient/4.5.13 (Java/20.0.1) 0.007
0:0:0:0:0:0:0:1 - - [13/Jun/2023:13:31:37 +0300] GET /api/am/devportal/v3/applications/a9a06d94-2918-4fbf-a72b-7f09fcb913c8/oauth-keys HTTP/1.1 200 868 https://localhost:9443/devportal/apis/bd412728-6963-4947-ba67-61fa1e164022/test Mozilla/5.0 (Windows NT 10.0; Win64; x64) AppleWebKit/537.36 (KHTML, like Gecko) Chrome/114.0.0.0 Safari/537.36 Edg/114.0.1823.43 0.021
0:0:0:0:0:0:0:1 - - [13/Jun/2023:13:31:46 +0300] GET /api/am/devportal/v3/swagger.yaml HTTP/1.1 200 26878 https://localhost:9443/devportal/apis/bd412728-6963-4947-ba67-61fa1e164022/test Mozilla/5.0 (Windows NT 10.0; Win64; x64) AppleWebKit/537.36 (KHTML, like Gecko) Chrome/114.0.0.0 Safari/537.36 Edg/114.0.1823.43 0.029
0:0:0:0:0:0:0:1 - - [13/Jun/2023:13:31:46 +0300] - 400 - - - 0.000
0:0:0:0:0:0:0:1 - - [13/Jun/2023:13:31:46 +0300] GET /api/am/devportal/v3/swagger.yaml HTTP/1.1 200 26878 https://localhost:9443/devportal/apis/bd412728-6963-4947-ba67-61fa1e164022/test Mozilla/5.0 (Windows NT 10.0; Win64; x64) AppleWebKit/537.36 (KHTML, like Gecko) Chrome/114.0.0.0 Safari/537.36 Edg/114.0.1823.43 0.036
127.0.0.1 - - [13/Jun/2023:13:31:47 +0300] GET /keymanager-operations/dcr/register/dHNJakxWdmRyNXVNY3ZkT0VJNlBnWF9JU2dVYQ%3D%3D HTTP/1.1 200 720 - Apache-HttpClient/4.5.13 (Java/20.0.1) 0.004
0:0:0:0:0:0:0:1 - - [13/Jun/2023:13:31:47 +0300] GET /api/am/devportal/v3/applications/a9a06d94-2918-4fbf-a72b-7f09fcb913c8 HTTP/1.1 200 340 https://localhost:9443/devportal/apis/bd412728-6963-4947-ba67-61fa1e164022/test Mozilla/5.0 (Windows NT 10.0; Win64; x64) AppleWebKit/537.36 (KHTML, like Gecko) Chrome/114.0.0.0 Safari/537.36 Edg/114.0.1823.43 0.027
0:0:0:0:0:0:0:1 - - [13/Jun/2023:13:31:47 +0300] - 400 - - - 0.000
127.0.0.1 - - [13/Jun/2023:13:31:47 +0300] GET /keymanager-operations/dcr/register/dHNJakxWdmRyNXVNY3ZkT0VJNlBnWF9JU2dVYQ%3D%3D HTTP/1.1 200 720 - Apache-HttpClient/4.5.13 (Java/20.0.1) 0.005
0:0:0:0:0:0:0:1 - - [13/Jun/2023:13:31:47 +0300] GET /api/am/devportal/v3/applications/a9a06d94-2918-4fbf-a72b-7f09fcb913c8 HTTP/1.1 200 340 https://localhost:9443/devportal/apis/bd412728-6963-4947-ba67-61fa1e164022/test Mozilla/5.0 (Windows NT 10.0; Win64; x64) AppleWebKit/537.36 (KHTML, like Gecko) Chrome/114.0.0.0 Safari/537.36 Edg/114.0.1823.43 0.024
127.0.0.1 - - [13/Jun/2023:13:31:47 +0300] GET /keymanager-operations/dcr/register/dHNJakxWdmRyNXVNY3ZkT0VJNlBnWF9JU2dVYQ%3D%3D HTTP/1.1 200 720 - Apache-HttpClient/4.5.13 (Java/20.0.1) 0.006
0:0:0:0:0:0:0:1 - - [13/Jun/2023:13:31:47 +0300] GET /api/am/devportal/v3/applications/a9a06d94-2918-4fbf-a72b-7f09fcb913c8/oauth-keys HTTP/1.1 200 868 https://localhost:9443/devportal/apis/bd412728-6963-4947-ba67-61fa1e164022/test Mozilla/5.0 (Windows NT 10.0; Win64; x64) AppleWebKit/537.36 (KHTML, like Gecko) Chrome/114.0.0.0 Safari/537.36 Edg/114.0.1823.43 0.024
0:0:0:0:0:0:0:1 - - [13/Jun/2023:13:31:47 +0300] GET /api/am/devportal/v3/applications/a9a06d94-2918-4fbf-a72b-7f09fcb913c8/oauth-keys HTTP/1.1 200 868 https://localhost:9443/devportal/apis/bd412728-6963-4947-ba67-61fa1e164022/test Mozilla/5.0 (Windows NT 10.0; Win64; x64) AppleWebKit/537.36 (KHTML, like Gecko) Chrome/114.0.0.0 Safari/537.36 Edg/114.0.1823.43 0.020
127.0.0.1 - - [13/Jun/2023:13:31:47 +0300] GET /keymanager-operations/dcr/register/dHNJakxWdmRyNXVNY3ZkT0VJNlBnWF9JU2dVYQ%3D%3D HTTP/1.1 200 720 - Apache-HttpClient/4.5.13 (Java/20.0.1) 0.012
0:0:0:0:0:0:0:1 - - [13/Jun/2023:13:32:10 +0300] GET /api/am/devportal/v3/throttling-policies/subscription HTTP/1.1 200 634 https://localhost:9443/devportal/apis/bd412728-6963-4947-ba67-61fa1e164022/overview Mozilla/5.0 (Windows NT 10.0; Win64; x64) AppleWebKit/537.36 (KHTML, like Gecko) Chrome/114.0.0.0 Safari/537.36 Edg/114.0.1823.43 0.019
0:0:0:0:0:0:0:1 - - [13/Jun/2023:13:32:10 +0300] - 400 - - - 0.000
0:0:0:0:0:0:0:1 - - [13/Jun/2023:13:32:10 +0300] - 400 - - - 0.000
0:0:0:0:0:0:0:1 - - [13/Jun/2023:13:32:10 +0300] GET /devportal/site/public/images/_favicon.ico HTTP/1.1 200 1150 https://localhost:9443/devportal/apis/bd412728-6963-4947-ba67-61fa1e164022/overview Mozilla/5.0 (Windows NT 10.0; Win64; x64) AppleWebKit/537.36 (KHTML, like Gecko) Chrome/114.0.0.0 Safari/537.36 Edg/114.0.1823.43 0.006
0:0:0:0:0:0:0:1 - - [13/Jun/2023:13:32:10 +0300] GET /api/am/devportal/v3/apis/bd412728-6963-4947-ba67-61fa1e164022/documents HTTP/1.1 200 92 https://localhost:9443/devportal/apis/bd412728-6963-4947-ba67-61fa1e164022/overview Mozilla/5.0 (Windows NT 10.0; Win64; x64) AppleWebKit/537.36 (KHTML, like Gecko) Chrome/114.0.0.0 Safari/537.36 Edg/114.0.1823.43 0.061
0:0:0:0:0:0:0:1 - - [13/Jun/2023:13:32:10 +0300] GET /api/am/devportal/v3/throttling-policies/subscription HTTP/1.1 200 634 https://localhost:9443/devportal/apis/bd412728-6963-4947-ba67-61fa1e164022/overview Mozilla/5.0 (Windows NT 10.0; Win64; x64) AppleWebKit/537.36 (KHTML, like Gecko) Chrome/114.0.0.0 Safari/537.36 Edg/114.0.1823.43 0.030
0:0:0:0:0:0:0:1 - - [13/Jun/2023:13:32:10 +0300] GET /api/am/devportal/v3/apis/bd412728-6963-4947-ba67-61fa1e164022/documents HTTP/1.1 200 92 https://localhost:9443/devportal/apis/bd412728-6963-4947-ba67-61fa1e164022/overview Mozilla/5.0 (Windows NT 10.0; Win64; x64) AppleWebKit/537.36 (KHTML, like Gecko) Chrome/114.0.0.0 Safari/537.36 Edg/114.0.1823.43 0.027
0:0:0:0:0:0:0:1 - - [13/Jun/2023:13:32:10 +0300] - 400 - - - 0.000
0:0:0:0:0:0:0:1 - - [13/Jun/2023:13:32:10 +0300] GET /api/am/devportal/v3/apis/bd412728-6963-4947-ba67-61fa1e164022/ratings HTTP/1.1 200 125 https://localhost:9443/devportal/apis/bd412728-6963-4947-ba67-61fa1e164022/overview Mozilla/5.0 (Windows NT 10.0; Win64; x64) AppleWebKit/537.36 (KHTML, like Gecko) Chrome/114.0.0.0 Safari/537.36 Edg/114.0.1823.43 0.034
0:0:0:0:0:0:0:1 - - [13/Jun/2023:13:32:10 +0300] GET /api/am/devportal/v3/apis/bd412728-6963-4947-ba67-61fa1e164022/comments?limit=5&offset=0 HTTP/1.1 200 101 https://localhost:9443/devportal/apis/bd412728-6963-4947-ba67-61fa1e164022/overview Mozilla/5.0 (Windows NT 10.0; Win64; x64) AppleWebKit/537.36 (KHTML, like Gecko) Chrome/114.0.0.0 Safari/537.36 Edg/114.0.1823.43 0.076
0:0:0:0:0:0:0:1 - - [13/Jun/2023:13:32:10 +0300] GET /api/am/devportal/v3/apis/bd412728-6963-4947-ba67-61fa1e164022/thumbnail HTTP/1.1 204 - https://localhost:9443/devportal/apis/bd412728-6963-4947-ba67-61fa1e164022/overview Mozilla/5.0 (Windows NT 10.0; Win64; x64) AppleWebKit/537.36 (KHTML, like Gecko) Chrome/114.0.0.0 Safari/537.36 Edg/114.0.1823.43 0.077
0:0:0:0:0:0:0:1 - - [13/Jun/2023:13:32:22 +0300] GET /api/am/devportal/v3/apis/bd412728-6963-4947-ba67-61fa1e164022 HTTP/1.1 200 1040 https://localhost:9443/devportal/apis/bd412728-6963-4947-ba67-61fa1e164022/test Mozilla/5.0 (Windows NT 10.0; Win64; x64) AppleWebKit/537.36 (KHTML, like Gecko) Chrome/114.0.0.0 Safari/537.36 Edg/114.0.1823.43 0.058
0:0:0:0:0:0:0:1 - - [13/Jun/2023:13:32:22 +0300] - 400 - - - 0.000
0:0:0:0:0:0:0:1 - - [13/Jun/2023:13:32:22 +0300] - 400 - - - 0.000
0:0:0:0:0:0:0:1 - - [13/Jun/2023:13:32:22 +0300] - 400 - - - 0.000
127.0.0.1 - - [13/Jun/2023:13:32:22 +0300] GET /keymanager-operations/dcr/register/dHNJakxWdmRyNXVNY3ZkT0VJNlBnWF9JU2dVYQ%3D%3D HTTP/1.1 200 720 - Apache-HttpClient/4.5.13 (Java/20.0.1) 0.009
0:0:0:0:0:0:0:1 - - [13/Jun/2023:13:32:22 +0300] GET /devportal/site/public/images/_favicon.ico HTTP/1.1 200 1150 https://localhost:9443/devportal/apis/bd412728-6963-4947-ba67-61fa1e164022/test Mozilla/5.0 (Windows NT 10.0; Win64; x64) AppleWebKit/537.36 (KHTML, like Gecko) Chrome/114.0.0.0 Safari/537.36 Edg/114.0.1823.43 0.017
0:0:0:0:0:0:0:1 - - [13/Jun/2023:13:32:22 +0300] GET /api/am/devportal/v3/subscriptions?apiId=bd412728-6963-4947-ba67-61fa1e164022&limit=25 HTTP/1.1 200 700 https://localhost:9443/devportal/apis/bd412728-6963-4947-ba67-61fa1e164022/test Mozilla/5.0 (Windows NT 10.0; Win64; x64) AppleWebKit/537.36 (KHTML, like Gecko) Chrome/114.0.0.0 Safari/537.36 Edg/114.0.1823.43 0.083
127.0.0.1 - - [13/Jun/2023:13:32:22 +0300] GET /keymanager-operations/dcr/register/dHNJakxWdmRyNXVNY3ZkT0VJNlBnWF9JU2dVYQ%3D%3D HTTP/1.1 200 720 - Apache-HttpClient/4.5.13 (Java/20.0.1) 0.011
0:0:0:0:0:0:0:1 - - [13/Jun/2023:13:32:22 +0300] GET /api/am/devportal/v3/apis/bd412728-6963-4947-ba67-61fa1e164022 HTTP/1.1 200 1040 https://localhost:9443/devportal/apis/bd412728-6963-4947-ba67-61fa1e164022/test Mozilla/5.0 (Windows NT 10.0; Win64; x64) AppleWebKit/537.36 (KHTML, like Gecko) Chrome/114.0.0.0 Safari/537.36 Edg/114.0.1823.43 0.049
0:0:0:0:0:0:0:1 - - [13/Jun/2023:13:32:22 +0300] GET /api/am/devportal/v3/subscriptions?apiId=bd412728-6963-4947-ba67-61fa1e164022&limit=5000 HTTP/1.1 200 702 https://localhost:9443/devportal/apis/bd412728-6963-4947-ba67-61fa1e164022/test Mozilla/5.0 (Windows NT 10.0; Win64; x64) AppleWebKit/537.36 (KHTML, like Gecko) Chrome/114.0.0.0 Safari/537.36 Edg/114.0.1823.43 0.132
0:0:0:0:0:0:0:1 - - [13/Jun/2023:13:32:22 +0300] GET /api/am/devportal/v3/applications?limit=5000 HTTP/1.1 200 453 https://localhost:9443/devportal/apis/bd412728-6963-4947-ba67-61fa1e164022/test Mozilla/5.0 (Windows NT 10.0; Win64; x64) AppleWebKit/537.36 (KHTML, like Gecko) Chrome/114.0.0.0 Safari/537.36 Edg/114.0.1823.43 0.091
0:0:0:0:0:0:0:1 - - [13/Jun/2023:13:32:22 +0300] GET /api/am/devportal/v3/apis/bd412728-6963-4947-ba67-61fa1e164022/swagger?environmentName=Default HTTP/1.1 200 398 https://localhost:9443/devportal/apis/bd412728-6963-4947-ba67-61fa1e164022/test Mozilla/5.0 (Windows NT 10.0; Win64; x64) AppleWebKit/537.36 (KHTML, like Gecko) Chrome/114.0.0.0 Safari/537.36 Edg/114.0.1823.43 0.050
0:0:0:0:0:0:0:1 - - [13/Jun/2023:13:32:23 +0300] GET /api/am/devportal/v3/swagger.yaml HTTP/1.1 200 26878 https://localhost:9443/devportal/apis/bd412728-6963-4947-ba67-61fa1e164022/test Mozilla/5.0 (Windows NT 10.0; Win64; x64) AppleWebKit/537.36 (KHTML, like Gecko) Chrome/114.0.0.0 Safari/537.36 Edg/114.0.1823.43 0.018
127.0.0.1 - - [13/Jun/2023:13:32:23 +0300] GET /keymanager-operations/dcr/register/dHNJakxWdmRyNXVNY3ZkT0VJNlBnWF9JU2dVYQ%3D%3D HTTP/1.1 200 720 - Apache-HttpClient/4.5.13 (Java/20.0.1) 0.007
127.0.0.1 - - [13/Jun/2023:13:32:23 +0300] GET /oauth2/token/.well-known/openid-configuration HTTP/1.1 200 2395 - Apache-HttpClient/4.5.13 (Java/20.0.1) 0.009
0:0:0:0:0:0:0:1 - - [13/Jun/2023:13:32:23 +0300] GET /api/am/devportal/v3/key-managers HTTP/1.1 200 763 https://localhost:9443/devportal/apis/bd412728-6963-4947-ba67-61fa1e164022/test Mozilla/5.0 (Windows NT 10.0; Win64; x64) AppleWebKit/537.36 (KHTML, like Gecko) Chrome/114.0.0.0 Safari/537.36 Edg/114.0.1823.43 0.119
0:0:0:0:0:0:0:1 - - [13/Jun/2023:13:32:23 +0300] GET /api/am/devportal/v3/subscriptions?apiId=bd412728-6963-4947-ba67-61fa1e164022&limit=25 HTTP/1.1 200 700 https://localhost:9443/devportal/apis/bd412728-6963-4947-ba67-61fa1e164022/test Mozilla/5.0 (Windows NT 10.0; Win64; x64) AppleWebKit/537.36 (KHTML, like Gecko) Chrome/114.0.0.0 Safari/537.36 Edg/114.0.1823.43 0.132
127.0.0.1 - - [13/Jun/2023:13:32:23 +0300] GET /keymanager-operations/dcr/register/dHNJakxWdmRyNXVNY3ZkT0VJNlBnWF9JU2dVYQ%3D%3D HTTP/1.1 200 720 - Apache-HttpClient/4.5.13 (Java/20.0.1) 0.016
0:0:0:0:0:0:0:1 - - [13/Jun/2023:13:32:23 +0300] GET /api/am/devportal/v3/subscriptions?apiId=bd412728-6963-4947-ba67-61fa1e164022&limit=25 HTTP/1.1 200 700 https://localhost:9443/devportal/apis/bd412728-6963-4947-ba67-61fa1e164022/test Mozilla/5.0 (Windows NT 10.0; Win64; x64) AppleWebKit/537.36 (KHTML, like Gecko) Chrome/114.0.0.0 Safari/537.36 Edg/114.0.1823.43 0.095
0:0:0:0:0:0:0:1 - - [13/Jun/2023:13:32:23 +0300] GET /api/am/devportal/v3/applications/ HTTP/1.1 200 452 https://localhost:9443/devportal/apis/bd412728-6963-4947-ba67-61fa1e164022/test Mozilla/5.0 (Windows NT 10.0; Win64; x64) AppleWebKit/537.36 (KHTML, like Gecko) Chrome/114.0.0.0 Safari/537.36 Edg/114.0.1823.43 0.034
0:0:0:0:0:0:0:1 - - [13/Jun/2023:13:32:23 +0300] GET /api/am/devportal/v3/swagger.yaml HTTP/1.1 200 26878 https://localhost:9443/devportal/apis/bd412728-6963-4947-ba67-61fa1e164022/test Mozilla/5.0 (Windows NT 10.0; Win64; x64) AppleWebKit/537.36 (KHTML, like Gecko) Chrome/114.0.0.0 Safari/537.36 Edg/114.0.1823.43 0.051
127.0.0.1 - - [13/Jun/2023:13:32:23 +0300] GET /keymanager-operations/dcr/register/dHNJakxWdmRyNXVNY3ZkT0VJNlBnWF9JU2dVYQ%3D%3D HTTP/1.1 200 720 - Apache-HttpClient/4.5.13 (Java/20.0.1) 0.007
0:0:0:0:0:0:0:1 - - [13/Jun/2023:13:32:23 +0300] GET /api/am/devportal/v3/applications/a9a06d94-2918-4fbf-a72b-7f09fcb913c8 HTTP/1.1 200 340 https://localhost:9443/devportal/apis/bd412728-6963-4947-ba67-61fa1e164022/test Mozilla/5.0 (Windows NT 10.0; Win64; x64) AppleWebKit/537.36 (KHTML, like Gecko) Chrome/114.0.0.0 Safari/537.36 Edg/114.0.1823.43 0.018
127.0.0.1 - - [13/Jun/2023:13:32:23 +0300] GET /keymanager-operations/dcr/register/dHNJakxWdmRyNXVNY3ZkT0VJNlBnWF9JU2dVYQ%3D%3D HTTP/1.1 200 720 - Apache-HttpClient/4.5.13 (Java/20.0.1) 0.010
0:0:0:0:0:0:0:1 - - [13/Jun/2023:13:32:23 +0300] GET /api/am/devportal/v3/applications/a9a06d94-2918-4fbf-a72b-7f09fcb913c8/oauth-keys HTTP/1.1 200 868 https://localhost:9443/devportal/apis/bd412728-6963-4947-ba67-61fa1e164022/test Mozilla/5.0 (Windows NT 10.0; Win64; x64) AppleWebKit/537.36 (KHTML, like Gecko) Chrome/114.0.0.0 Safari/537.36 Edg/114.0.1823.43 0.022
0:0:0:0:0:0:0:1 - - [13/Jun/2023:13:32:23 +0300] GET /api/am/devportal/v3/swagger.yaml HTTP/1.1 200 26878 https://localhost:9443/devportal/apis/bd412728-6963-4947-ba67-61fa1e164022/test Mozilla/5.0 (Windows NT 10.0; Win64; x64) AppleWebKit/537.36 (KHTML, like Gecko) Chrome/114.0.0.0 Safari/537.36 Edg/114.0.1823.43 0.021
0:0:0:0:0:0:0:1 - - [13/Jun/2023:13:32:23 +0300] GET /api/am/devportal/v3/swagger.yaml HTTP/1.1 200 26878 https://localhost:9443/devportal/apis/bd412728-6963-4947-ba67-61fa1e164022/test Mozilla/5.0 (Windows NT 10.0; Win64; x64) AppleWebKit/537.36 (KHTML, like Gecko) Chrome/114.0.0.0 Safari/537.36 Edg/114.0.1823.43 0.015
127.0.0.1 - - [13/Jun/2023:13:32:24 +0300] GET /keymanager-operations/dcr/register/dHNJakxWdmRyNXVNY3ZkT0VJNlBnWF9JU2dVYQ%3D%3D HTTP/1.1 200 720 - Apache-HttpClient/4.5.13 (Java/20.0.1) 0.004
0:0:0:0:0:0:0:1 - - [13/Jun/2023:13:32:24 +0300] GET /api/am/devportal/v3/applications/a9a06d94-2918-4fbf-a72b-7f09fcb913c8 HTTP/1.1 200 340 https://localhost:9443/devportal/apis/bd412728-6963-4947-ba67-61fa1e164022/test Mozilla/5.0 (Windows NT 10.0; Win64; x64) AppleWebKit/537.36 (KHTML, like Gecko) Chrome/114.0.0.0 Safari/537.36 Edg/114.0.1823.43 0.015
127.0.0.1 - - [13/Jun/2023:13:32:24 +0300] GET /keymanager-operations/dcr/register/dHNJakxWdmRyNXVNY3ZkT0VJNlBnWF9JU2dVYQ%3D%3D HTTP/1.1 200 720 - Apache-HttpClient/4.5.13 (Java/20.0.1) 0.007
0:0:0:0:0:0:0:1 - - [13/Jun/2023:13:32:24 +0300] GET /api/am/devportal/v3/applications/a9a06d94-2918-4fbf-a72b-7f09fcb913c8 HTTP/1.1 200 340 https://localhost:9443/devportal/apis/bd412728-6963-4947-ba67-61fa1e164022/test Mozilla/5.0 (Windows NT 10.0; Win64; x64) AppleWebKit/537.36 (KHTML, like Gecko) Chrome/114.0.0.0 Safari/537.36 Edg/114.0.1823.43 0.031
127.0.0.1 - - [13/Jun/2023:13:32:24 +0300] GET /keymanager-operations/dcr/register/dHNJakxWdmRyNXVNY3ZkT0VJNlBnWF9JU2dVYQ%3D%3D HTTP/1.1 200 720 - Apache-HttpClient/4.5.13 (Java/20.0.1) 0.007
0:0:0:0:0:0:0:1 - - [13/Jun/2023:13:32:24 +0300] GET /api/am/devportal/v3/applications/a9a06d94-2918-4fbf-a72b-7f09fcb913c8/oauth-keys HTTP/1.1 200 868 https://localhost:9443/devportal/apis/bd412728-6963-4947-ba67-61fa1e164022/test Mozilla/5.0 (Windows NT 10.0; Win64; x64) AppleWebKit/537.36 (KHTML, like Gecko) Chrome/114.0.0.0 Safari/537.36 Edg/114.0.1823.43 0.032
127.0.0.1 - - [13/Jun/2023:13:32:24 +0300] GET /keymanager-operations/dcr/register/dHNJakxWdmRyNXVNY3ZkT0VJNlBnWF9JU2dVYQ%3D%3D HTTP/1.1 200 720 - Apache-HttpClient/4.5.13 (Java/20.0.1) 0.006
0:0:0:0:0:0:0:1 - - [13/Jun/2023:13:32:24 +0300] GET /api/am/devportal/v3/applications/a9a06d94-2918-4fbf-a72b-7f09fcb913c8/oauth-keys HTTP/1.1 200 868 https://localhost:9443/devportal/apis/bd412728-6963-4947-ba67-61fa1e164022/test Mozilla/5.0 (Windows NT 10.0; Win64; x64) AppleWebKit/537.36 (KHTML, like Gecko) Chrome/114.0.0.0 Safari/537.36 Edg/114.0.1823.43 0.023
0:0:0:0:0:0:0:1 - - [13/Jun/2023:13:32:32 +0300] GET /devportal/site/public/images/_favicon.ico HTTP/1.1 200 1150 https://localhost:9443/devportal/apis/bd412728-6963-4947-ba67-61fa1e164022/credentials Mozilla/5.0 (Windows NT 10.0; Win64; x64) AppleWebKit/537.36 (KHTML, like Gecko) Chrome/114.0.0.0 Safari/537.36 Edg/114.0.1823.43 0.006
0:0:0:0:0:0:0:1 - - [13/Jun/2023:13:32:49 +0300] GET /api/am/devportal/v3/settings/application-attributes HTTP/1.1 200 21 https://localhost:9443/devportal/apis/bd412728-6963-4947-ba67-61fa1e164022/credentials/wizard Mozilla/5.0 (Windows NT 10.0; Win64; x64) AppleWebKit/537.36 (KHTML, like Gecko) Chrome/114.0.0.0 Safari/537.36 Edg/114.0.1823.43 0.024
0:0:0:0:0:0:0:1 - - [13/Jun/2023:13:32:49 +0300] GET /api/am/devportal/v3/throttling-policies/application HTTP/1.1 200 473 https://localhost:9443/devportal/apis/bd412728-6963-4947-ba67-61fa1e164022/credentials/wizard Mozilla/5.0 (Windows NT 10.0; Win64; x64) AppleWebKit/537.36 (KHTML, like Gecko) Chrome/114.0.0.0 Safari/537.36 Edg/114.0.1823.43 0.031
0:0:0:0:0:0:0:1 - - [13/Jun/2023:13:32:49 +0300] GET /devportal/site/public/images/_favicon.ico HTTP/1.1 200 1150 https://localhost:9443/devportal/apis/bd412728-6963-4947-ba67-61fa1e164022/credentials/wizard Mozilla/5.0 (Windows NT 10.0; Win64; x64) AppleWebKit/537.36 (KHTML, like Gecko) Chrome/114.0.0.0 Safari/537.36 Edg/114.0.1823.43 0.008
127.0.0.1 - - [13/Jun/2023:13:32:49 +0300] GET /oauth2/token/.well-known/openid-configuration HTTP/1.1 200 2395 - Apache-HttpClient/4.5.13 (Java/20.0.1) 0.007
0:0:0:0:0:0:0:1 - - [13/Jun/2023:13:32:49 +0300] GET /api/am/devportal/v3/key-managers HTTP/1.1 200 763 https://localhost:9443/devportal/apis/bd412728-6963-4947-ba67-61fa1e164022/credentials/wizard Mozilla/5.0 (Windows NT 10.0; Win64; x64) AppleWebKit/537.36 (KHTML, like Gecko) Chrome/114.0.0.0 Safari/537.36 Edg/114.0.1823.43 0.047
0:0:0:0:0:0:0:1 - - [13/Jun/2023:13:33:09 +0300] POST /api/am/devportal/v3/applications HTTP/1.1 201 341 https://localhost:9443/devportal/apis/bd412728-6963-4947-ba67-61fa1e164022/credentials/wizard Mozilla/5.0 (Windows NT 10.0; Win64; x64) AppleWebKit/537.36 (KHTML, like Gecko) Chrome/114.0.0.0 Safari/537.36 Edg/114.0.1823.43 0.016
0:0:0:0:0:0:0:1 - - [13/Jun/2023:13:33:10 +0300] POST /api/am/devportal/v3/subscriptions HTTP/1.1 201 648 https://localhost:9443/devportal/apis/bd412728-6963-4947-ba67-61fa1e164022/credentials/wizard Mozilla/5.0 (Windows NT 10.0; Win64; x64) AppleWebKit/537.36 (KHTML, like Gecko) Chrome/114.0.0.0 Safari/537.36 Edg/114.0.1823.43 0.064
127.0.0.1 - - [13/Jun/2023:13:33:10 +0300] GET /oauth2/token/.well-known/openid-configuration HTTP/1.1 200 2395 - Apache-HttpClient/4.5.13 (Java/20.0.1) 0.006
0:0:0:0:0:0:0:1 - - [13/Jun/2023:13:33:10 +0300] GET /api/am/devportal/v3/key-managers HTTP/1.1 200 763 https://localhost:9443/devportal/apis/bd412728-6963-4947-ba67-61fa1e164022/credentials/wizard Mozilla/5.0 (Windows NT 10.0; Win64; x64) AppleWebKit/537.36 (KHTML, like Gecko) Chrome/114.0.0.0 Safari/537.36 Edg/114.0.1823.43 0.031
0:0:0:0:0:0:0:1 - - [13/Jun/2023:13:33:13 +0300] GET /api/am/devportal/v3/swagger.yaml HTTP/1.1 200 26878 https://localhost:9443/devportal/apis/bd412728-6963-4947-ba67-61fa1e164022/credentials/wizard Mozilla/5.0 (Windows NT 10.0; Win64; x64) AppleWebKit/537.36 (KHTML, like Gecko) Chrome/114.0.0.0 Safari/537.36 Edg/114.0.1823.43 0.019
0:0:0:0:0:0:0:1 - - [13/Jun/2023:13:33:13 +0300] GET /api/am/devportal/v3/applications/6682948b-f35d-4c71-8419-f7bfb414574a HTTP/1.1 200 342 https://localhost:9443/devportal/apis/bd412728-6963-4947-ba67-61fa1e164022/credentials/wizard Mozilla/5.0 (Windows NT 10.0; Win64; x64) AppleWebKit/537.36 (KHTML, like Gecko) Chrome/114.0.0.0 Safari/537.36 Edg/114.0.1823.43 0.010
127.0.0.1 - - [13/Jun/2023:13:33:14 +0300] POST /keymanager-operations/dcr/register HTTP/1.1 201 720 - Apache-HttpClient/4.5.13 (Java/20.0.1) 0.114
127.0.0.1 - - [13/Jun/2023:13:33:14 +0300] POST /oauth2/token HTTP/1.1 200 1183 - Apache-HttpClient/4.5.13 (Java/20.0.1) 0.033
0:0:0:0:0:0:0:1 - - [13/Jun/2023:13:33:14 +0300] POST /api/am/devportal/v3/applications/6682948b-f35d-4c71-8419-f7bfb414574a/generate-keys HTTP/1.1 200 1331 https://localhost:9443/devportal/apis/bd412728-6963-4947-ba67-61fa1e164022/credentials/wizard Mozilla/5.0 (Windows NT 10.0; Win64; x64) AppleWebKit/537.36 (KHTML, like Gecko) Chrome/114.0.0.0 Safari/537.36 Edg/114.0.1823.43 0.174
0:0:0:0:0:0:0:1 - - [13/Jun/2023:13:33:14 +0300] GET /api/am/devportal/v3/swagger.yaml HTTP/1.1 200 26878 https://localhost:9443/devportal/apis/bd412728-6963-4947-ba67-61fa1e164022/credentials/wizard Mozilla/5.0 (Windows NT 10.0; Win64; x64) AppleWebKit/537.36 (KHTML, like Gecko) Chrome/114.0.0.0 Safari/537.36 Edg/114.0.1823.43 0.024
127.0.0.1 - - [13/Jun/2023:13:33:14 +0300] GET /keymanager-operations/dcr/register/cHJ0RTNoTWZwd0ZRSWlxZkJHQzc5cVpad2ZJYQ%3D%3D HTTP/1.1 200 720 - Apache-HttpClient/4.5.13 (Java/20.0.1) 0.005
0:0:0:0:0:0:0:1 - - [13/Jun/2023:13:33:14 +0300] GET /api/am/devportal/v3/applications/6682948b-f35d-4c71-8419-f7bfb414574a HTTP/1.1 200 342 https://localhost:9443/devportal/apis/bd412728-6963-4947-ba67-61fa1e164022/credentials/wizard Mozilla/5.0 (Windows NT 10.0; Win64; x64) AppleWebKit/537.36 (KHTML, like Gecko) Chrome/114.0.0.0 Safari/537.36 Edg/114.0.1823.43 0.044
127.0.0.1 - - [13/Jun/2023:13:33:14 +0300] GET /keymanager-operations/dcr/register/cHJ0RTNoTWZwd0ZRSWlxZkJHQzc5cVpad2ZJYQ%3D%3D HTTP/1.1 200 720 - Apache-HttpClient/4.5.13 (Java/20.0.1) 0.005
0:0:0:0:0:0:0:1 - - [13/Jun/2023:13:33:14 +0300] GET /api/am/devportal/v3/applications/6682948b-f35d-4c71-8419-f7bfb414574a/oauth-keys HTTP/1.1 200 868 https://localhost:9443/devportal/apis/bd412728-6963-4947-ba67-61fa1e164022/credentials/wizard Mozilla/5.0 (Windows NT 10.0; Win64; x64) AppleWebKit/537.36 (KHTML, like Gecko) Chrome/114.0.0.0 Safari/537.36 Edg/114.0.1823.43 0.018
0:0:0:0:0:0:0:1 - - [13/Jun/2023:13:33:17 +0300] GET /api/am/devportal/v3/swagger.yaml HTTP/1.1 200 26878 https://localhost:9443/devportal/apis/bd412728-6963-4947-ba67-61fa1e164022/credentials/wizard Mozilla/5.0 (Windows NT 10.0; Win64; x64) AppleWebKit/537.36 (KHTML, like Gecko) Chrome/114.0.0.0 Safari/537.36 Edg/114.0.1823.43 0.017
127.0.0.1 - - [13/Jun/2023:13:33:17 +0300] GET /keymanager-operations/dcr/register/cHJ0RTNoTWZwd0ZRSWlxZkJHQzc5cVpad2ZJYQ%3D%3D HTTP/1.1 200 720 - Apache-HttpClient/4.5.13 (Java/20.0.1) 0.005
0:0:0:0:0:0:0:1 - - [13/Jun/2023:13:33:17 +0300] GET /api/am/devportal/v3/applications/6682948b-f35d-4c71-8419-f7bfb414574a HTTP/1.1 200 342 https://localhost:9443/devportal/apis/bd412728-6963-4947-ba67-61fa1e164022/credentials/wizard Mozilla/5.0 (Windows NT 10.0; Win64; x64) AppleWebKit/537.36 (KHTML, like Gecko) Chrome/114.0.0.0 Safari/537.36 Edg/114.0.1823.43 0.023
127.0.0.1 - - [13/Jun/2023:13:33:18 +0300] GET /keymanager-operations/dcr/register/cHJ0RTNoTWZwd0ZRSWlxZkJHQzc5cVpad2ZJYQ%3D%3D HTTP/1.1 200 720 - Apache-HttpClient/4.5.13 (Java/20.0.1) 0.007
0:0:0:0:0:0:0:1 - - [13/Jun/2023:13:33:18 +0300] GET /api/am/devportal/v3/applications/6682948b-f35d-4c71-8419-f7bfb414574a/oauth-keys HTTP/1.1 200 868 https://localhost:9443/devportal/apis/bd412728-6963-4947-ba67-61fa1e164022/credentials/wizard Mozilla/5.0 (Windows NT 10.0; Win64; x64) AppleWebKit/537.36 (KHTML, like Gecko) Chrome/114.0.0.0 Safari/537.36 Edg/114.0.1823.43 0.020
127.0.0.1 - - [13/Jun/2023:13:33:18 +0300] GET /keymanager-operations/dcr/register/cHJ0RTNoTWZwd0ZRSWlxZkJHQzc5cVpad2ZJYQ%3D%3D HTTP/1.1 200 720 - Apache-HttpClient/4.5.13 (Java/20.0.1) 0.008
127.0.0.1 - - [13/Jun/2023:13:33:18 +0300] GET /keymanager-operations/dcr/register/cHJ0RTNoTWZwd0ZRSWlxZkJHQzc5cVpad2ZJYQ%3D%3D HTTP/1.1 200 720 - Apache-HttpClient/4.5.13 (Java/20.0.1) 0.007
127.0.0.1 - - [13/Jun/2023:13:33:18 +0300] POST /oauth2/token HTTP/1.1 200 1183 - Apache-HttpClient/4.5.13 (Java/20.0.1) 0.026
0:0:0:0:0:0:0:1 - - [13/Jun/2023:13:33:18 +0300] POST /api/am/devportal/v3/applications/6682948b-f35d-4c71-8419-f7bfb414574a/oauth-keys/7d5966e3-360c-4652-801d-f758560a95cd/generate-token HTTP/1.1 200 892 https://localhost:9443/devportal/apis/bd412728-6963-4947-ba67-61fa1e164022/credentials/wizard Mozilla/5.0 (Windows NT 10.0; Win64; x64) AppleWebKit/537.36 (KHTML, like Gecko) Chrome/114.0.0.0 Safari/537.36 Edg/114.0.1823.43 0.062
127.0.0.1 - - [13/Jun/2023:13:33:18 +0300] POST /internal/data/v1/notify HTTP/1.1 200 - - Apache-HttpClient/4.5.13 (Java/20.0.1) 0.039
0:0:0:0:0:0:0:1 - - [13/Jun/2023:13:33:33 +0300] GET /api/am/devportal/v3/applications?limit=5000 HTTP/1.1 200 496 https://localhost:9443/devportal/apis/bd412728-6963-4947-ba67-61fa1e164022/credentials Mozilla/5.0 (Windows NT 10.0; Win64; x64) AppleWebKit/537.36 (KHTML, like Gecko) Chrome/114.0.0.0 Safari/537.36 Edg/114.0.1823.43 0.042
0:0:0:0:0:0:0:1 - - [13/Jun/2023:13:33:33 +0300] GET /devportal/site/public/images/_favicon.ico HTTP/1.1 200 1150 https://localhost:9443/devportal/apis/bd412728-6963-4947-ba67-61fa1e164022/credentials Mozilla/5.0 (Windows NT 10.0; Win64; x64) AppleWebKit/537.36 (KHTML, like Gecko) Chrome/114.0.0.0 Safari/537.36 Edg/114.0.1823.43 0.009
0:0:0:0:0:0:0:1 - - [13/Jun/2023:13:33:33 +0300] - 400 - - - 0.000
0:0:0:0:0:0:0:1 - - [13/Jun/2023:13:33:33 +0300] GET /api/am/devportal/v3/apis/bd412728-6963-4947-ba67-61fa1e164022 HTTP/1.1 200 1040 https://localhost:9443/devportal/apis/bd412728-6963-4947-ba67-61fa1e164022/credentials Mozilla/5.0 (Windows NT 10.0; Win64; x64) AppleWebKit/537.36 (KHTML, like Gecko) Chrome/114.0.0.0 Safari/537.36 Edg/114.0.1823.43 0.127
127.0.0.1 - - [13/Jun/2023:13:33:33 +0300] GET /keymanager-operations/dcr/register/dHNJakxWdmRyNXVNY3ZkT0VJNlBnWF9JU2dVYQ%3D%3D HTTP/1.1 200 720 - Apache-HttpClient/4.5.13 (Java/20.0.1) 0.008
127.0.0.1 - - [13/Jun/2023:13:33:33 +0300] GET /keymanager-operations/dcr/register/cHJ0RTNoTWZwd0ZRSWlxZkJHQzc5cVpad2ZJYQ%3D%3D HTTP/1.1 200 720 - Apache-HttpClient/4.5.13 (Java/20.0.1) 0.007
0:0:0:0:0:0:0:1 - - [13/Jun/2023:13:33:33 +0300] GET /api/am/devportal/v3/subscriptions?apiId=bd412728-6963-4947-ba67-61fa1e164022&limit=5000 HTTP/1.1 200 796 https://localhost:9443/devportal/apis/bd412728-6963-4947-ba67-61fa1e164022/credentials Mozilla/5.0 (Windows NT 10.0; Win64; x64) AppleWebKit/537.36 (KHTML, like Gecko) Chrome/114.0.0.0 Safari/537.36 Edg/114.0.1823.43 0.149
127.0.0.1 - - [13/Jun/2023:13:33:33 +0300] GET /keymanager-operations/dcr/register/dHNJakxWdmRyNXVNY3ZkT0VJNlBnWF9JU2dVYQ%3D%3D HTTP/1.1 200 720 - Apache-HttpClient/4.5.13 (Java/20.0.1) 0.007
127.0.0.1 - - [13/Jun/2023:13:33:33 +0300] GET /keymanager-operations/dcr/register/cHJ0RTNoTWZwd0ZRSWlxZkJHQzc5cVpad2ZJYQ%3D%3D HTTP/1.1 200 720 - Apache-HttpClient/4.5.13 (Java/20.0.1) 0.008
0:0:0:0:0:0:0:1 - - [13/Jun/2023:13:33:33 +0300] GET /api/am/devportal/v3/subscriptions?apiId=bd412728-6963-4947-ba67-61fa1e164022&limit=25 HTTP/1.1 200 795 https://localhost:9443/devportal/apis/bd412728-6963-4947-ba67-61fa1e164022/credentials Mozilla/5.0 (Windows NT 10.0; Win64; x64) AppleWebKit/537.36 (KHTML, like Gecko) Chrome/114.0.0.0 Safari/537.36 Edg/114.0.1823.43 0.200
0:0:0:0:0:0:0:1 - - [13/Jun/2023:13:33:37 +0300] GET /devportal/site/public/images/_favicon.ico HTTP/1.1 200 1150 https://localhost:9443/devportal/apis/bd412728-6963-4947-ba67-61fa1e164022/test Mozilla/5.0 (Windows NT 10.0; Win64; x64) AppleWebKit/537.36 (KHTML, like Gecko) Chrome/114.0.0.0 Safari/537.36 Edg/114.0.1823.43 0.001
0:0:0:0:0:0:0:1 - - [13/Jun/2023:13:33:37 +0300] GET /api/am/devportal/v3/apis/bd412728-6963-4947-ba67-61fa1e164022 HTTP/1.1 200 1040 https://localhost:9443/devportal/apis/bd412728-6963-4947-ba67-61fa1e164022/test Mozilla/5.0 (Windows NT 10.0; Win64; x64) AppleWebKit/537.36 (KHTML, like Gecko) Chrome/114.0.0.0 Safari/537.36 Edg/114.0.1823.43 0.041
0:0:0:0:0:0:0:1 - - [13/Jun/2023:13:33:37 +0300] GET /api/am/devportal/v3/apis/bd412728-6963-4947-ba67-61fa1e164022/swagger?environmentName=Default HTTP/1.1 200 398 https://localhost:9443/devportal/apis/bd412728-6963-4947-ba67-61fa1e164022/test Mozilla/5.0 (Windows NT 10.0; Win64; x64) AppleWebKit/537.36 (KHTML, like Gecko) Chrome/114.0.0.0 Safari/537.36 Edg/114.0.1823.43 0.028
0:0:0:0:0:0:0:1 - - [13/Jun/2023:13:33:38 +0300] GET /api/am/devportal/v3/swagger.yaml HTTP/1.1 200 26878 https://localhost:9443/devportal/apis/bd412728-6963-4947-ba67-61fa1e164022/test Mozilla/5.0 (Windows NT 10.0; Win64; x64) AppleWebKit/537.36 (KHTML, like Gecko) Chrome/114.0.0.0 Safari/537.36 Edg/114.0.1823.43 0.029
127.0.0.1 - - [13/Jun/2023:13:33:38 +0300] GET /oauth2/token/.well-known/openid-configuration HTTP/1.1 200 2395 - Apache-HttpClient/4.5.13 (Java/20.0.1) 0.004
0:0:0:0:0:0:0:1 - - [13/Jun/2023:13:33:38 +0300] GET /api/am/devportal/v3/key-managers HTTP/1.1 200 763 https://localhost:9443/devportal/apis/bd412728-6963-4947-ba67-61fa1e164022/test Mozilla/5.0 (Windows NT 10.0; Win64; x64) AppleWebKit/537.36 (KHTML, like Gecko) Chrome/114.0.0.0 Safari/537.36 Edg/114.0.1823.43 0.056
127.0.0.1 - - [13/Jun/2023:13:33:38 +0300] GET /keymanager-operations/dcr/register/cHJ0RTNoTWZwd0ZRSWlxZkJHQzc5cVpad2ZJYQ%3D%3D HTTP/1.1 200 720 - Apache-HttpClient/4.5.13 (Java/20.0.1) 0.008
127.0.0.1 - - [13/Jun/2023:13:33:38 +0300] GET /keymanager-operations/dcr/register/dHNJakxWdmRyNXVNY3ZkT0VJNlBnWF9JU2dVYQ%3D%3D HTTP/1.1 200 720 - Apache-HttpClient/4.5.13 (Java/20.0.1) 0.005
0:0:0:0:0:0:0:1 - - [13/Jun/2023:13:33:38 +0300] GET /api/am/devportal/v3/subscriptions?apiId=bd412728-6963-4947-ba67-61fa1e164022&limit=25 HTTP/1.1 200 795 https://localhost:9443/devportal/apis/bd412728-6963-4947-ba67-61fa1e164022/test Mozilla/5.0 (Windows NT 10.0; Win64; x64) AppleWebKit/537.36 (KHTML, like Gecko) Chrome/114.0.0.0 Safari/537.36 Edg/114.0.1823.43 0.101
127.0.0.1 - - [13/Jun/2023:13:33:38 +0300] GET /keymanager-operations/dcr/register/cHJ0RTNoTWZwd0ZRSWlxZkJHQzc5cVpad2ZJYQ%3D%3D HTTP/1.1 200 720 - Apache-HttpClient/4.5.13 (Java/20.0.1) 0.006
127.0.0.1 - - [13/Jun/2023:13:33:38 +0300] GET /keymanager-operations/dcr/register/dHNJakxWdmRyNXVNY3ZkT0VJNlBnWF9JU2dVYQ%3D%3D HTTP/1.1 200 720 - Apache-HttpClient/4.5.13 (Java/20.0.1) 0.005
0:0:0:0:0:0:0:1 - - [13/Jun/2023:13:33:38 +0300] GET /api/am/devportal/v3/subscriptions?apiId=bd412728-6963-4947-ba67-61fa1e164022&limit=25 HTTP/1.1 200 795 https://localhost:9443/devportal/apis/bd412728-6963-4947-ba67-61fa1e164022/test Mozilla/5.0 (Windows NT 10.0; Win64; x64) AppleWebKit/537.36 (KHTML, like Gecko) Chrome/114.0.0.0 Safari/537.36 Edg/114.0.1823.43 0.059
0:0:0:0:0:0:0:1 - - [13/Jun/2023:13:33:38 +0300] GET /api/am/devportal/v3/applications/ HTTP/1.1 200 494 https://localhost:9443/devportal/apis/bd412728-6963-4947-ba67-61fa1e164022/test Mozilla/5.0 (Windows NT 10.0; Win64; x64) AppleWebKit/537.36 (KHTML, like Gecko) Chrome/114.0.0.0 Safari/537.36 Edg/114.0.1823.43 0.038
0:0:0:0:0:0:0:1 - - [13/Jun/2023:13:33:38 +0300] GET /api/am/devportal/v3/swagger.yaml HTTP/1.1 200 26878 https://localhost:9443/devportal/apis/bd412728-6963-4947-ba67-61fa1e164022/test Mozilla/5.0 (Windows NT 10.0; Win64; x64) AppleWebKit/537.36 (KHTML, like Gecko) Chrome/114.0.0.0 Safari/537.36 Edg/114.0.1823.43 0.027
127.0.0.1 - - [13/Jun/2023:13:33:38 +0300] GET /keymanager-operations/dcr/register/cHJ0RTNoTWZwd0ZRSWlxZkJHQzc5cVpad2ZJYQ%3D%3D HTTP/1.1 200 720 - Apache-HttpClient/4.5.13 (Java/20.0.1) 0.006
0:0:0:0:0:0:0:1 - - [13/Jun/2023:13:33:38 +0300] GET /api/am/devportal/v3/applications/6682948b-f35d-4c71-8419-f7bfb414574a HTTP/1.1 200 342 https://localhost:9443/devportal/apis/bd412728-6963-4947-ba67-61fa1e164022/test Mozilla/5.0 (Windows NT 10.0; Win64; x64) AppleWebKit/537.36 (KHTML, like Gecko) Chrome/114.0.0.0 Safari/537.36 Edg/114.0.1823.43 0.021
127.0.0.1 - - [13/Jun/2023:13:33:38 +0300] GET /keymanager-operations/dcr/register/cHJ0RTNoTWZwd0ZRSWlxZkJHQzc5cVpad2ZJYQ%3D%3D HTTP/1.1 200 720 - Apache-HttpClient/4.5.13 (Java/20.0.1) 0.005
0:0:0:0:0:0:0:1 - - [13/Jun/2023:13:33:38 +0300] GET /api/am/devportal/v3/applications/6682948b-f35d-4c71-8419-f7bfb414574a/oauth-keys HTTP/1.1 200 868 https://localhost:9443/devportal/apis/bd412728-6963-4947-ba67-61fa1e164022/test Mozilla/5.0 (Windows NT 10.0; Win64; x64) AppleWebKit/537.36 (KHTML, like Gecko) Chrome/114.0.0.0 Safari/537.36 Edg/114.0.1823.43 0.018
0:0:0:0:0:0:0:1 - - [13/Jun/2023:13:33:38 +0300] GET /api/am/devportal/v3/swagger.yaml HTTP/1.1 200 26878 https://localhost:9443/devportal/apis/bd412728-6963-4947-ba67-61fa1e164022/test Mozilla/5.0 (Windows NT 10.0; Win64; x64) AppleWebKit/537.36 (KHTML, like Gecko) Chrome/114.0.0.0 Safari/537.36 Edg/114.0.1823.43 0.020
0:0:0:0:0:0:0:1 - - [13/Jun/2023:13:33:38 +0300] GET /api/am/devportal/v3/swagger.yaml HTTP/1.1 200 26878 https://localhost:9443/devportal/apis/bd412728-6963-4947-ba67-61fa1e164022/test Mozilla/5.0 (Windows NT 10.0; Win64; x64) AppleWebKit/537.36 (KHTML, like Gecko) Chrome/114.0.0.0 Safari/537.36 Edg/114.0.1823.43 0.022
127.0.0.1 - - [13/Jun/2023:13:33:39 +0300] GET /keymanager-operations/dcr/register/cHJ0RTNoTWZwd0ZRSWlxZkJHQzc5cVpad2ZJYQ%3D%3D HTTP/1.1 200 720 - Apache-HttpClient/4.5.13 (Java/20.0.1) 0.024
0:0:0:0:0:0:0:1 - - [13/Jun/2023:13:33:39 +0300] GET /api/am/devportal/v3/applications/6682948b-f35d-4c71-8419-f7bfb414574a HTTP/1.1 200 342 https://localhost:9443/devportal/apis/bd412728-6963-4947-ba67-61fa1e164022/test Mozilla/5.0 (Windows NT 10.0; Win64; x64) AppleWebKit/537.36 (KHTML, like Gecko) Chrome/114.0.0.0 Safari/537.36 Edg/114.0.1823.43 0.116
127.0.0.1 - - [13/Jun/2023:13:33:39 +0300] GET /keymanager-operations/dcr/register/cHJ0RTNoTWZwd0ZRSWlxZkJHQzc5cVpad2ZJYQ%3D%3D HTTP/1.1 200 720 - Apache-HttpClient/4.5.13 (Java/20.0.1) 0.006
0:0:0:0:0:0:0:1 - - [13/Jun/2023:13:33:39 +0300] GET /api/am/devportal/v3/applications/6682948b-f35d-4c71-8419-f7bfb414574a HTTP/1.1 200 342 https://localhost:9443/devportal/apis/bd412728-6963-4947-ba67-61fa1e164022/test Mozilla/5.0 (Windows NT 10.0; Win64; x64) AppleWebKit/537.36 (KHTML, like Gecko) Chrome/114.0.0.0 Safari/537.36 Edg/114.0.1823.43 0.020
127.0.0.1 - - [13/Jun/2023:13:33:39 +0300] GET /keymanager-operations/dcr/register/cHJ0RTNoTWZwd0ZRSWlxZkJHQzc5cVpad2ZJYQ%3D%3D HTTP/1.1 200 720 - Apache-HttpClient/4.5.13 (Java/20.0.1) 0.008
0:0:0:0:0:0:0:1 - - [13/Jun/2023:13:33:39 +0300] GET /api/am/devportal/v3/applications/6682948b-f35d-4c71-8419-f7bfb414574a/oauth-keys HTTP/1.1 200 868 https://localhost:9443/devportal/apis/bd412728-6963-4947-ba67-61fa1e164022/test Mozilla/5.0 (Windows NT 10.0; Win64; x64) AppleWebKit/537.36 (KHTML, like Gecko) Chrome/114.0.0.0 Safari/537.36 Edg/114.0.1823.43 0.029
127.0.0.1 - - [13/Jun/2023:13:33:39 +0300] GET /keymanager-operations/dcr/register/cHJ0RTNoTWZwd0ZRSWlxZkJHQzc5cVpad2ZJYQ%3D%3D HTTP/1.1 200 720 - Apache-HttpClient/4.5.13 (Java/20.0.1) 0.006
0:0:0:0:0:0:0:1 - - [13/Jun/2023:13:33:39 +0300] GET /api/am/devportal/v3/applications/6682948b-f35d-4c71-8419-f7bfb414574a/oauth-keys HTTP/1.1 200 868 https://localhost:9443/devportal/apis/bd412728-6963-4947-ba67-61fa1e164022/test Mozilla/5.0 (Windows NT 10.0; Win64; x64) AppleWebKit/537.36 (KHTML, like Gecko) Chrome/114.0.0.0 Safari/537.36 Edg/114.0.1823.43 0.016
0:0:0:0:0:0:0:1 - - [13/Jun/2023:13:33:56 +0300] GET /api/am/publisher/v4/endpoint-certificates?endpoint=http%3A%2F%2Frun.mocky.io%2Fv2%2F5185415ba171ea3a00704eed HTTP/1.1 200 100 https://localhost:9443/publisher/apis/bd412728-6963-4947-ba67-61fa1e164022/endpoints Mozilla/5.0 (Windows NT 10.0; Win64; x64) AppleWebKit/537.36 (KHTML, like Gecko) Chrome/114.0.0.0 Safari/537.36 Edg/114.0.1823.43 0.221
0:0:0:0:0:0:0:1 - - [13/Jun/2023:13:33:56 +0300] GET /api/am/publisher/v4/apis/bd412728-6963-4947-ba67-61fa1e164022/swagger HTTP/1.1 200 726 https://localhost:9443/publisher/apis/bd412728-6963-4947-ba67-61fa1e164022/endpoints Mozilla/5.0 (Windows NT 10.0; Win64; x64) AppleWebKit/537.36 (KHTML, like Gecko) Chrome/114.0.0.0 Safari/537.36 Edg/114.0.1823.43 0.367
0:0:0:0:0:0:0:1 - - [13/Jun/2023:13:34:05 +0300] PUT /api/am/publisher/v4/apis/bd412728-6963-4947-ba67-61fa1e164022 HTTP/1.1 200 1234 https://localhost:9443/publisher/apis/bd412728-6963-4947-ba67-61fa1e164022/endpoints Mozilla/5.0 (Windows NT 10.0; Win64; x64) AppleWebKit/537.36 (KHTML, like Gecko) Chrome/114.0.0.0 Safari/537.36 Edg/114.0.1823.43 1.193
0:0:0:0:0:0:0:1 - - [13/Jun/2023:13:34:06 +0300] GET /api/am/publisher/v4/endpoint-certificates?endpoint=http%3A%2F%2Frun.mocky.io%2Fv2%2F5185415ba171ea3a00704eed HTTP/1.1 200 100 https://localhost:9443/publisher/apis/bd412728-6963-4947-ba67-61fa1e164022/endpoints Mozilla/5.0 (Windows NT 10.0; Win64; x64) AppleWebKit/537.36 (KHTML, like Gecko) Chrome/114.0.0.0 Safari/537.36 Edg/114.0.1823.43 0.009
0:0:0:0:0:0:0:1 - - [13/Jun/2023:13:34:06 +0300] GET /api/am/publisher/v4/apis/bd412728-6963-4947-ba67-61fa1e164022/swagger HTTP/1.1 200 726 https://localhost:9443/publisher/apis/bd412728-6963-4947-ba67-61fa1e164022/endpoints Mozilla/5.0 (Windows NT 10.0; Win64; x64) AppleWebKit/537.36 (KHTML, like Gecko) Chrome/114.0.0.0 Safari/537.36 Edg/114.0.1823.43 0.037
0:0:0:0:0:0:0:1 - - [13/Jun/2023:13:48:53 +0300] - 400 - - - 0.000
0:0:0:0:0:0:0:1 - - [13/Jun/2023:13:48:53 +0300] - 400 - - - 0.000
0:0:0:0:0:0:0:1 - - [13/Jun/2023:13:48:53 +0300] - 400 - - - 0.000
0:0:0:0:0:0:0:1 - - [13/Jun/2023:13:48:53 +0300] GET /api/am/publisher/v4/apis/bd412728-6963-4947-ba67-61fa1e164022/swagger HTTP/1.1 200 726 https://localhost:9443/publisher/apis/bd412728-6963-4947-ba67-61fa1e164022/test-console Mozilla/5.0 (Windows NT 10.0; Win64; x64) AppleWebKit/537.36 (KHTML, like Gecko) Chrome/114.0.0.0 Safari/537.36 Edg/114.0.1823.43 0.481
0:0:0:0:0:0:0:1 - - [13/Jun/2023:13:48:53 +0300] GET /api/am/publisher/v4/apis/bd412728-6963-4947-ba67-61fa1e164022/deployments HTTP/1.1 200 176 https://localhost:9443/publisher/apis/bd412728-6963-4947-ba67-61fa1e164022/test-console Mozilla/5.0 (Windows NT 10.0; Win64; x64) AppleWebKit/537.36 (KHTML, like Gecko) Chrome/114.0.0.0 Safari/537.36 Edg/114.0.1823.43 0.501
0:0:0:0:0:0:0:1 - - [13/Jun/2023:13:48:54 +0300] - 400 - - - 0.000
0:0:0:0:0:0:0:1 - - [13/Jun/2023:13:48:54 +0300] - 400 - - - 0.000
0:0:0:0:0:0:0:1 - - [13/Jun/2023:13:48:54 +0300] GET /publisher/site/public/dist/1.906ca866f5c7ae89ae80.bundle.js HTTP/1.1 200 8662 https://localhost:9443/publisher/apis/bd412728-6963-4947-ba67-61fa1e164022/test-console Mozilla/5.0 (Windows NT 10.0; Win64; x64) AppleWebKit/537.36 (KHTML, like Gecko) Chrome/114.0.0.0 Safari/537.36 Edg/114.0.1823.43 0.033
0:0:0:0:0:0:0:1 - - [13/Jun/2023:13:48:54 +0300] GET /publisher/site/public/dist/vendors~EditorDialog~ListingTextEditor~ServiceOverviewSwaggerUI~TryoutConsoleSwaggerUI.015d5224d3b825a00c39.bundle.js HTTP/1.1 200 18378 https://localhost:9443/publisher/apis/bd412728-6963-4947-ba67-61fa1e164022/test-console Mozilla/5.0 (Windows NT 10.0; Win64; x64) AppleWebKit/537.36 (KHTML, like Gecko) Chrome/114.0.0.0 Safari/537.36 Edg/114.0.1823.43 0.066
0:0:0:0:0:0:0:1 - - [13/Jun/2023:13:48:54 +0300] GET /publisher/site/public/dist/TryoutConsoleSwaggerUI.2fb3b1d2f6022793036c.bundle.js HTTP/1.1 200 1116 https://localhost:9443/publisher/apis/bd412728-6963-4947-ba67-61fa1e164022/test-console Mozilla/5.0 (Windows NT 10.0; Win64; x64) AppleWebKit/537.36 (KHTML, like Gecko) Chrome/114.0.0.0 Safari/537.36 Edg/114.0.1823.43 0.089
0:0:0:0:0:0:0:1 - - [13/Jun/2023:13:48:54 +0300] POST /api/am/publisher/v4/apis/bd412728-6963-4947-ba67-61fa1e164022/generate-key HTTP/1.1 200 931 https://localhost:9443/publisher/apis/bd412728-6963-4947-ba67-61fa1e164022/test-console Mozilla/5.0 (Windows NT 10.0; Win64; x64) AppleWebKit/537.36 (KHTML, like Gecko) Chrome/114.0.0.0 Safari/537.36 Edg/114.0.1823.43 0.671
0:0:0:0:0:0:0:1 - - [13/Jun/2023:13:48:55 +0300] GET /publisher/site/public/dist/vendors~EditorDialog~ServiceOverviewSwaggerUI~TryoutConsoleSwaggerUI.43a42f93ddac266b1f9b.bundle.js HTTP/1.1 200 548985 https://localhost:9443/publisher/apis/bd412728-6963-4947-ba67-61fa1e164022/test-console Mozilla/5.0 (Windows NT 10.0; Win64; x64) AppleWebKit/537.36 (KHTML, like Gecko) Chrome/114.0.0.0 Safari/537.36 Edg/114.0.1823.43 1.242
