0:0:0:0:0:0:0:1 - - [07/Jun/2023:23:13:54 +0300] GET /devportal/site/public/locales/en.json HTTP/1.1 200 57092 https://localhost:9443/devportal/apis Mozilla/5.0 (Windows NT 10.0; Win64; x64) AppleWebKit/537.36 (KHTML, like Gecko) Chrome/114.0.0.0 Safari/537.36 Edg/114.0.1823.37 0.031
0:0:0:0:0:0:0:1 - - [07/Jun/2023:23:13:54 +0300] GET /api/am/devportal/v3/settings HTTP/1.1 200 592 https://localhost:9443/devportal/apis Mozilla/5.0 (Windows NT 10.0; Win64; x64) AppleWebKit/537.36 (KHTML, like Gecko) Chrome/114.0.0.0 Safari/537.36 Edg/114.0.1823.37 0.139
0:0:0:0:0:0:0:1 - - [07/Jun/2023:23:13:54 +0300] GET /devportal/site/public/theme/temporary_environments_config.json HTTP/1.1 200 - https://localhost:9443/devportal/apis Mozilla/5.0 (Windows NT 10.0; Win64; x64) AppleWebKit/537.36 (KHTML, like Gecko) Chrome/114.0.0.0 Safari/537.36 Edg/114.0.1823.37 0.054
0:0:0:0:0:0:0:1 - - [07/Jun/2023:23:13:54 +0300] GET /devportal/site/public/theme/temporary_features_config.json HTTP/1.1 200 - https://localhost:9443/devportal/apis Mozilla/5.0 (Windows NT 10.0; Win64; x64) AppleWebKit/537.36 (KHTML, like Gecko) Chrome/114.0.0.0 Safari/537.36 Edg/114.0.1823.37 0.059
127.0.0.1 - - [07/Jun/2023:23:13:54 +0300] GET /oauth2/userinfo HTTP/1.1 200 15 - Java-http-client/20.0.1 0.056
0:0:0:0:0:0:0:1 - - [07/Jun/2023:23:13:54 +0300] GET /api/am/devportal/v3/tenants?state=active HTTP/1.1 200 96 https://localhost:9443/devportal/apis Mozilla/5.0 (Windows NT 10.0; Win64; x64) AppleWebKit/537.36 (KHTML, like Gecko) Chrome/114.0.0.0 Safari/537.36 Edg/114.0.1823.37 0.431
127.0.0.1 - - [07/Jun/2023:23:13:54 +0300] POST /oauth2/introspect HTTP/1.1 200 341 - Java-http-client/20.0.1 0.140
0:0:0:0:0:0:0:1 - - [07/Jun/2023:23:13:54 +0300] GET /devportal/services/auth/introspect HTTP/1.1 200 376 https://localhost:9443/devportal/apis Mozilla/5.0 (Windows NT 10.0; Win64; x64) AppleWebKit/537.36 (KHTML, like Gecko) Chrome/114.0.0.0 Safari/537.36 Edg/114.0.1823.37 0.480
0:0:0:0:0:0:0:1 - - [07/Jun/2023:23:13:55 +0300] GET /devportal/site/public/dist/vendors~ApiListing~Apis~ApplicationDetails.720bc2e40480316deaca.bundle.js HTTP/1.1 200 3839 https://localhost:9443/devportal/apis Mozilla/5.0 (Windows NT 10.0; Win64; x64) AppleWebKit/537.36 (KHTML, like Gecko) Chrome/114.0.0.0 Safari/537.36 Edg/114.0.1823.37 0.020
0:0:0:0:0:0:0:1 - - [07/Jun/2023:23:13:55 +0300] GET /oidc/checksession?client_id=PWfgQzPGHoxzOjpmoCalMGNtF2Ia&redirect_uri=https://localhost:9443/devportal/services/auth/callback/login HTTP/1.1 200 3134 https://localhost:9443/devportal/apis Mozilla/5.0 (Windows NT 10.0; Win64; x64) AppleWebKit/537.36 (KHTML, like Gecko) Chrome/114.0.0.0 Safari/537.36 Edg/114.0.1823.37 0.003
0:0:0:0:0:0:0:1 - - [07/Jun/2023:23:13:55 +0300] GET /devportal/site/public/dist/Apis~Landing.44f03df4105c342867a1.bundle.js HTTP/1.1 200 6722 https://localhost:9443/devportal/apis Mozilla/5.0 (Windows NT 10.0; Win64; x64) AppleWebKit/537.36 (KHTML, like Gecko) Chrome/114.0.0.0 Safari/537.36 Edg/114.0.1823.37 0.030
0:0:0:0:0:0:0:1 - - [07/Jun/2023:23:13:55 +0300] - 400 - - - 0.000
0:0:0:0:0:0:0:1 - - [07/Jun/2023:23:13:55 +0300] GET /devportal/site/public/dist/vendors~Apis~Landing.e9d0b010bafc4e7686f8.bundle.js HTTP/1.1 200 4090 https://localhost:9443/devportal/apis Mozilla/5.0 (Windows NT 10.0; Win64; x64) AppleWebKit/537.36 (KHTML, like Gecko) Chrome/114.0.0.0 Safari/537.36 Edg/114.0.1823.37 0.032
0:0:0:0:0:0:0:1 - - [07/Jun/2023:23:13:55 +0300] GET /devportal HTTP/1.1 302 - https://localhost:9443/devportal/apis Mozilla/5.0 (Windows NT 10.0; Win64; x64) AppleWebKit/537.36 (KHTML, like Gecko) Chrome/114.0.0.0 Safari/537.36 Edg/114.0.1823.37 0.000
0:0:0:0:0:0:0:1 - - [07/Jun/2023:23:13:55 +0300] GET /devportal/site/public/dist/vendors~Apis.3a6169883ec8c6c5366d.bundle.js HTTP/1.1 200 87282 https://localhost:9443/devportal/apis Mozilla/5.0 (Windows NT 10.0; Win64; x64) AppleWebKit/537.36 (KHTML, like Gecko) Chrome/114.0.0.0 Safari/537.36 Edg/114.0.1823.37 0.045
0:0:0:0:0:0:0:1 - - [07/Jun/2023:23:13:55 +0300] GET /devportal/site/public/images/logo.svg HTTP/1.1 200 74991 https://localhost:9443/devportal/apis Mozilla/5.0 (Windows NT 10.0; Win64; x64) AppleWebKit/537.36 (KHTML, like Gecko) Chrome/114.0.0.0 Safari/537.36 Edg/114.0.1823.37 0.024
0:0:0:0:0:0:0:1 - - [07/Jun/2023:23:13:55 +0300] GET /devportal/site/public/images/appbarBack.png HTTP/1.1 200 1964 https://localhost:9443/devportal/apis Mozilla/5.0 (Windows NT 10.0; Win64; x64) AppleWebKit/537.36 (KHTML, like Gecko) Chrome/114.0.0.0 Safari/537.36 Edg/114.0.1823.37 0.025
0:0:0:0:0:0:0:1 - - [07/Jun/2023:23:13:55 +0300] GET /devportal/site/public/dist/Apis.800351a0eb878c789ea9.bundle.js HTTP/1.1 200 25570 https://localhost:9443/devportal/apis Mozilla/5.0 (Windows NT 10.0; Win64; x64) AppleWebKit/537.36 (KHTML, like Gecko) Chrome/114.0.0.0 Safari/537.36 Edg/114.0.1823.37 0.054
0:0:0:0:0:0:0:1 - - [07/Jun/2023:23:13:55 +0300] GET /devportal/ HTTP/1.1 200 1691 https://localhost:9443/devportal/apis Mozilla/5.0 (Windows NT 10.0; Win64; x64) AppleWebKit/537.36 (KHTML, like Gecko) Chrome/114.0.0.0 Safari/537.36 Edg/114.0.1823.37 0.013
0:0:0:0:0:0:0:1 - - [07/Jun/2023:23:13:55 +0300] GET /devportal/site/public/fonts/iconfont/MaterialIcons-Regular.woff2 HTTP/1.1 200 60840 https://localhost:9443/devportal/site/public/fonts/iconfont/material-icons.css Mozilla/5.0 (Windows NT 10.0; Win64; x64) AppleWebKit/537.36 (KHTML, like Gecko) Chrome/114.0.0.0 Safari/537.36 Edg/114.0.1823.37 0.010
0:0:0:0:0:0:0:1 - - [07/Jun/2023:23:13:55 +0300] GET /devportal/site/public/fonts/Open_Sans/mem5YaGs126MiZpBA-UN7rgOUuhpKKSTjw.woff2 HTTP/1.1 200 8800 https://localhost:9443/devportal/site/public/css/main.css Mozilla/5.0 (Windows NT 10.0; Win64; x64) AppleWebKit/537.36 (KHTML, like Gecko) Chrome/114.0.0.0 Safari/537.36 Edg/114.0.1823.37 0.016
0:0:0:0:0:0:0:1 - - [07/Jun/2023:23:13:55 +0300] GET /devportal/site/public/fonts/Open_Sans/mem8YaGs126MiZpBA-UFVZ0bf8pkAg.woff2 HTTP/1.1 200 8892 https://localhost:9443/devportal/site/public/css/main.css Mozilla/5.0 (Windows NT 10.0; Win64; x64) AppleWebKit/537.36 (KHTML, like Gecko) Chrome/114.0.0.0 Safari/537.36 Edg/114.0.1823.37 0.031
0:0:0:0:0:0:0:1 - - [07/Jun/2023:23:13:55 +0300] GET /api/am/devportal/v3/api-categories HTTP/1.1 200 21 https://localhost:9443/devportal/apis Mozilla/5.0 (Windows NT 10.0; Win64; x64) AppleWebKit/537.36 (KHTML, like Gecko) Chrome/114.0.0.0 Safari/537.36 Edg/114.0.1823.37 0.039
0:0:0:0:0:0:0:1 - - [07/Jun/2023:23:13:55 +0300] GET /api/am/devportal/v3/settings HTTP/1.1 200 915 https://localhost:9443/devportal/apis Mozilla/5.0 (Windows NT 10.0; Win64; x64) AppleWebKit/537.36 (KHTML, like Gecko) Chrome/114.0.0.0 Safari/537.36 Edg/114.0.1823.37 0.403
0:0:0:0:0:0:0:1 - - [07/Jun/2023:23:13:55 +0300] GET /api/am/devportal/v3/tags HTTP/1.1 200 119 https://localhost:9443/devportal/apis Mozilla/5.0 (Windows NT 10.0; Win64; x64) AppleWebKit/537.36 (KHTML, like Gecko) Chrome/114.0.0.0 Safari/537.36 Edg/114.0.1823.37 0.276
0:0:0:0:0:0:0:1 - - [07/Jun/2023:23:13:55 +0300] GET /api/am/devportal/v3/apis?limit=10&offset=0 HTTP/1.1 200 840 https://localhost:9443/devportal/apis Mozilla/5.0 (Windows NT 10.0; Win64; x64) AppleWebKit/537.36 (KHTML, like Gecko) Chrome/114.0.0.0 Safari/537.36 Edg/114.0.1823.37 0.581
0:0:0:0:0:0:0:1 - - [07/Jun/2023:23:13:56 +0300] GET /api/am/devportal/v3/apis/1618538a-131e-4ed1-ba4b-e1ff510cc2b5/ratings HTTP/1.1 200 125 https://localhost:9443/devportal/apis Mozilla/5.0 (Windows NT 10.0; Win64; x64) AppleWebKit/537.36 (KHTML, like Gecko) Chrome/114.0.0.0 Safari/537.36 Edg/114.0.1823.37 0.144
0:0:0:0:0:0:0:1 - - [07/Jun/2023:23:14:13 +0300] GET /devportal/site/public/images/_favicon.ico HTTP/1.1 200 1150 https://localhost:9443/devportal/apis/1618538a-131e-4ed1-ba4b-e1ff510cc2b5/overview Mozilla/5.0 (Windows NT 10.0; Win64; x64) AppleWebKit/537.36 (KHTML, like Gecko) Chrome/114.0.0.0 Safari/537.36 Edg/114.0.1823.37 0.013
0:0:0:0:0:0:0:1 - - [07/Jun/2023:23:14:13 +0300] GET /api/am/devportal/v3/applications?limit=5000 HTTP/1.1 200 421 https://localhost:9443/devportal/apis/1618538a-131e-4ed1-ba4b-e1ff510cc2b5/overview Mozilla/5.0 (Windows NT 10.0; Win64; x64) AppleWebKit/537.36 (KHTML, like Gecko) Chrome/114.0.0.0 Safari/537.36 Edg/114.0.1823.37 0.069
0:0:0:0:0:0:0:1 - - [07/Jun/2023:23:14:13 +0300] GET /api/am/devportal/v3/subscriptions?apiId=1618538a-131e-4ed1-ba4b-e1ff510cc2b5&limit=5000 HTTP/1.1 200 94 https://localhost:9443/devportal/apis/1618538a-131e-4ed1-ba4b-e1ff510cc2b5/overview Mozilla/5.0 (Windows NT 10.0; Win64; x64) AppleWebKit/537.36 (KHTML, like Gecko) Chrome/114.0.0.0 Safari/537.36 Edg/114.0.1823.37 0.210
0:0:0:0:0:0:0:1 - - [07/Jun/2023:23:14:13 +0300] GET /api/am/devportal/v3/subscriptions?apiId=1618538a-131e-4ed1-ba4b-e1ff510cc2b5&limit=25 HTTP/1.1 200 92 https://localhost:9443/devportal/apis/1618538a-131e-4ed1-ba4b-e1ff510cc2b5/overview Mozilla/5.0 (Windows NT 10.0; Win64; x64) AppleWebKit/537.36 (KHTML, like Gecko) Chrome/114.0.0.0 Safari/537.36 Edg/114.0.1823.37 0.210
0:0:0:0:0:0:0:1 - - [07/Jun/2023:23:14:13 +0300] GET /api/am/devportal/v3/apis/1618538a-131e-4ed1-ba4b-e1ff510cc2b5 HTTP/1.1 200 2475 https://localhost:9443/devportal/apis/1618538a-131e-4ed1-ba4b-e1ff510cc2b5/overview Mozilla/5.0 (Windows NT 10.0; Win64; x64) AppleWebKit/537.36 (KHTML, like Gecko) Chrome/114.0.0.0 Safari/537.36 Edg/114.0.1823.37 0.298
0:0:0:0:0:0:0:1 - - [07/Jun/2023:23:14:13 +0300] GET /devportal/site/public/images/leftMenuBack.png HTTP/1.1 200 5308 https://localhost:9443/devportal/apis/1618538a-131e-4ed1-ba4b-e1ff510cc2b5/overview Mozilla/5.0 (Windows NT 10.0; Win64; x64) AppleWebKit/537.36 (KHTML, like Gecko) Chrome/114.0.0.0 Safari/537.36 Edg/114.0.1823.37 0.110
0:0:0:0:0:0:0:1 - - [07/Jun/2023:23:14:13 +0300] GET /devportal/site/public/dist/vendors~APIOverview~MDReactMarkdown.c8e68cd152f6972597f4.bundle.js HTTP/1.1 200 23172 https://localhost:9443/devportal/apis/1618538a-131e-4ed1-ba4b-e1ff510cc2b5/overview Mozilla/5.0 (Windows NT 10.0; Win64; x64) AppleWebKit/537.36 (KHTML, like Gecko) Chrome/114.0.0.0 Safari/537.36 Edg/114.0.1823.37 0.218
0:0:0:0:0:0:0:1 - - [07/Jun/2023:23:14:13 +0300] GET /devportal/site/public/dist/vendors~APIComments~APIOverview~ApplicationDetails.9553ed9b23431ac21302.bundle.js HTTP/1.1 200 5490 https://localhost:9443/devportal/apis/1618538a-131e-4ed1-ba4b-e1ff510cc2b5/overview Mozilla/5.0 (Windows NT 10.0; Win64; x64) AppleWebKit/537.36 (KHTML, like Gecko) Chrome/114.0.0.0 Safari/537.36 Edg/114.0.1823.37 0.216
0:0:0:0:0:0:0:1 - - [07/Jun/2023:23:14:13 +0300] GET /devportal/site/public/dist/vendors~APIConsole~APIDocuments~APIOverview.351585fe0b19dbf2f65f.bundle.js HTTP/1.1 200 224002 https://localhost:9443/devportal/apis/1618538a-131e-4ed1-ba4b-e1ff510cc2b5/overview Mozilla/5.0 (Windows NT 10.0; Win64; x64) AppleWebKit/537.36 (KHTML, like Gecko) Chrome/114.0.0.0 Safari/537.36 Edg/114.0.1823.37 0.315
0:0:0:0:0:0:0:1 - - [07/Jun/2023:23:14:13 +0300] GET /devportal/site/public/dist/APIOverview.9b9a6e01add6e880d662.bundle.js HTTP/1.1 200 20063 https://localhost:9443/devportal/apis/1618538a-131e-4ed1-ba4b-e1ff510cc2b5/overview Mozilla/5.0 (Windows NT 10.0; Win64; x64) AppleWebKit/537.36 (KHTML, like Gecko) Chrome/114.0.0.0 Safari/537.36 Edg/114.0.1823.37 0.332
0:0:0:0:0:0:0:1 - - [07/Jun/2023:23:14:14 +0300] GET /devportal/site/public/dist/vendors~APIDocuments~APIOverview.f394ac01608a94b6dd74.bundle.js HTTP/1.1 200 34374 https://localhost:9443/devportal/apis/1618538a-131e-4ed1-ba4b-e1ff510cc2b5/overview Mozilla/5.0 (Windows NT 10.0; Win64; x64) AppleWebKit/537.36 (KHTML, like Gecko) Chrome/114.0.0.0 Safari/537.36 Edg/114.0.1823.37 0.448
0:0:0:0:0:0:0:1 - - [07/Jun/2023:23:14:14 +0300] GET /api/am/devportal/v3/throttling-policies/subscription HTTP/1.1 200 634 https://localhost:9443/devportal/apis/1618538a-131e-4ed1-ba4b-e1ff510cc2b5/overview Mozilla/5.0 (Windows NT 10.0; Win64; x64) AppleWebKit/537.36 (KHTML, like Gecko) Chrome/114.0.0.0 Safari/537.36 Edg/114.0.1823.37 0.012
0:0:0:0:0:0:0:1 - - [07/Jun/2023:23:14:14 +0300] GET /api/am/devportal/v3/throttling-policies/subscription HTTP/1.1 200 634 https://localhost:9443/devportal/apis/1618538a-131e-4ed1-ba4b-e1ff510cc2b5/overview Mozilla/5.0 (Windows NT 10.0; Win64; x64) AppleWebKit/537.36 (KHTML, like Gecko) Chrome/114.0.0.0 Safari/537.36 Edg/114.0.1823.37 0.047
0:0:0:0:0:0:0:1 - - [07/Jun/2023:23:14:14 +0300] GET /api/am/devportal/v3/apis/1618538a-131e-4ed1-ba4b-e1ff510cc2b5/documents HTTP/1.1 200 92 https://localhost:9443/devportal/apis/1618538a-131e-4ed1-ba4b-e1ff510cc2b5/overview Mozilla/5.0 (Windows NT 10.0; Win64; x64) AppleWebKit/537.36 (KHTML, like Gecko) Chrome/114.0.0.0 Safari/537.36 Edg/114.0.1823.37 0.115
0:0:0:0:0:0:0:1 - - [07/Jun/2023:23:14:14 +0300] GET /api/am/devportal/v3/apis/1618538a-131e-4ed1-ba4b-e1ff510cc2b5/documents HTTP/1.1 200 92 https://localhost:9443/devportal/apis/1618538a-131e-4ed1-ba4b-e1ff510cc2b5/overview Mozilla/5.0 (Windows NT 10.0; Win64; x64) AppleWebKit/537.36 (KHTML, like Gecko) Chrome/114.0.0.0 Safari/537.36 Edg/114.0.1823.37 0.096
0:0:0:0:0:0:0:1 - - [07/Jun/2023:23:14:14 +0300] GET /api/am/devportal/v3/apis/1618538a-131e-4ed1-ba4b-e1ff510cc2b5/ratings HTTP/1.1 200 125 https://localhost:9443/devportal/apis/1618538a-131e-4ed1-ba4b-e1ff510cc2b5/overview Mozilla/5.0 (Windows NT 10.0; Win64; x64) AppleWebKit/537.36 (KHTML, like Gecko) Chrome/114.0.0.0 Safari/537.36 Edg/114.0.1823.37 0.023
0:0:0:0:0:0:0:1 - - [07/Jun/2023:23:14:14 +0300] GET /api/am/devportal/v3/apis/1618538a-131e-4ed1-ba4b-e1ff510cc2b5/comments?limit=5&offset=0 HTTP/1.1 200 101 https://localhost:9443/devportal/apis/1618538a-131e-4ed1-ba4b-e1ff510cc2b5/overview Mozilla/5.0 (Windows NT 10.0; Win64; x64) AppleWebKit/537.36 (KHTML, like Gecko) Chrome/114.0.0.0 Safari/537.36 Edg/114.0.1823.37 0.196
0:0:0:0:0:0:0:1 - - [07/Jun/2023:23:14:14 +0300] GET /api/am/devportal/v3/apis/1618538a-131e-4ed1-ba4b-e1ff510cc2b5/thumbnail HTTP/1.1 204 - https://localhost:9443/devportal/apis/1618538a-131e-4ed1-ba4b-e1ff510cc2b5/overview Mozilla/5.0 (Windows NT 10.0; Win64; x64) AppleWebKit/537.36 (KHTML, like Gecko) Chrome/114.0.0.0 Safari/537.36 Edg/114.0.1823.37 0.228
127.0.0.1 - - [07/Jun/2023:23:14:19 +0300] GET /oauth2/token/.well-known/openid-configuration HTTP/1.1 200 2395 - Apache-HttpClient/4.5.13 (Java/20.0.1) 0.058
0:0:0:0:0:0:0:1 - - [07/Jun/2023:23:14:19 +0300] GET /api/am/devportal/v3/key-managers HTTP/1.1 200 763 https://localhost:9443/devportal/apis/1618538a-131e-4ed1-ba4b-e1ff510cc2b5/overview Mozilla/5.0 (Windows NT 10.0; Win64; x64) AppleWebKit/537.36 (KHTML, like Gecko) Chrome/114.0.0.0 Safari/537.36 Edg/114.0.1823.37 0.370
0:0:0:0:0:0:0:1 - - [07/Jun/2023:23:14:19 +0300] GET /api/am/devportal/v3/swagger.yaml HTTP/1.1 200 26878 https://localhost:9443/devportal/apis/1618538a-131e-4ed1-ba4b-e1ff510cc2b5/overview Mozilla/5.0 (Windows NT 10.0; Win64; x64) AppleWebKit/537.36 (KHTML, like Gecko) Chrome/114.0.0.0 Safari/537.36 Edg/114.0.1823.37 0.011
0:0:0:0:0:0:0:1 - - [07/Jun/2023:23:14:19 +0300] GET /api/am/devportal/v3/applications/4354f62c-1300-46d2-b8ea-b9414304335c HTTP/1.1 200 381 https://localhost:9443/devportal/apis/1618538a-131e-4ed1-ba4b-e1ff510cc2b5/overview Mozilla/5.0 (Windows NT 10.0; Win64; x64) AppleWebKit/537.36 (KHTML, like Gecko) Chrome/114.0.0.0 Safari/537.36 Edg/114.0.1823.37 0.092
0:0:0:0:0:0:0:1 - - [07/Jun/2023:23:14:19 +0300] GET /api/am/devportal/v3/applications/4354f62c-1300-46d2-b8ea-b9414304335c/oauth-keys HTTP/1.1 200 21 https://localhost:9443/devportal/apis/1618538a-131e-4ed1-ba4b-e1ff510cc2b5/overview Mozilla/5.0 (Windows NT 10.0; Win64; x64) AppleWebKit/537.36 (KHTML, like Gecko) Chrome/114.0.0.0 Safari/537.36 Edg/114.0.1823.37 0.047
0:0:0:0:0:0:0:1 - - [07/Jun/2023:23:14:20 +0300] POST /api/am/devportal/v3/subscriptions HTTP/1.1 201 735 https://localhost:9443/devportal/apis/1618538a-131e-4ed1-ba4b-e1ff510cc2b5/overview Mozilla/5.0 (Windows NT 10.0; Win64; x64) AppleWebKit/537.36 (KHTML, like Gecko) Chrome/114.0.0.0 Safari/537.36 Edg/114.0.1823.37 0.956
0:0:0:0:0:0:0:1 - - [07/Jun/2023:23:14:23 +0300] GET /api/am/devportal/v3/apis/1618538a-131e-4ed1-ba4b-e1ff510cc2b5 HTTP/1.1 200 2475 https://localhost:9443/devportal/apis/1618538a-131e-4ed1-ba4b-e1ff510cc2b5/test Mozilla/5.0 (Windows NT 10.0; Win64; x64) AppleWebKit/537.36 (KHTML, like Gecko) Chrome/114.0.0.0 Safari/537.36 Edg/114.0.1823.37 0.112
0:0:0:0:0:0:0:1 - - [07/Jun/2023:23:14:23 +0300] GET /api/am/devportal/v3/subscriptions?apiId=1618538a-131e-4ed1-ba4b-e1ff510cc2b5&limit=25 HTTP/1.1 200 785 https://localhost:9443/devportal/apis/1618538a-131e-4ed1-ba4b-e1ff510cc2b5/test Mozilla/5.0 (Windows NT 10.0; Win64; x64) AppleWebKit/537.36 (KHTML, like Gecko) Chrome/114.0.0.0 Safari/537.36 Edg/114.0.1823.37 0.340
0:0:0:0:0:0:0:1 - - [07/Jun/2023:23:14:23 +0300] GET /api/am/devportal/v3/subscriptions?apiId=1618538a-131e-4ed1-ba4b-e1ff510cc2b5&limit=5000 HTTP/1.1 200 787 https://localhost:9443/devportal/apis/1618538a-131e-4ed1-ba4b-e1ff510cc2b5/test Mozilla/5.0 (Windows NT 10.0; Win64; x64) AppleWebKit/537.36 (KHTML, like Gecko) Chrome/114.0.0.0 Safari/537.36 Edg/114.0.1823.37 0.150
0:0:0:0:0:0:0:1 - - [07/Jun/2023:23:14:23 +0300] GET /api/am/devportal/v3/applications?limit=5000 HTTP/1.1 200 421 https://localhost:9443/devportal/apis/1618538a-131e-4ed1-ba4b-e1ff510cc2b5/test Mozilla/5.0 (Windows NT 10.0; Win64; x64) AppleWebKit/537.36 (KHTML, like Gecko) Chrome/114.0.0.0 Safari/537.36 Edg/114.0.1823.37 0.015
0:0:0:0:0:0:0:1 - - [07/Jun/2023:23:14:23 +0300] GET /devportal/site/public/images/_favicon.ico HTTP/1.1 200 1150 https://localhost:9443/devportal/apis/1618538a-131e-4ed1-ba4b-e1ff510cc2b5/test Mozilla/5.0 (Windows NT 10.0; Win64; x64) AppleWebKit/537.36 (KHTML, like Gecko) Chrome/114.0.0.0 Safari/537.36 Edg/114.0.1823.37 0.025
0:0:0:0:0:0:0:1 - - [07/Jun/2023:23:14:24 +0300] GET /devportal/site/public/dist/vendors~APIConsole~APIDocuments~ApplicationDetails.632f7f3618b917dd72cb.bundle.js HTTP/1.1 200 25476 https://localhost:9443/devportal/apis/1618538a-131e-4ed1-ba4b-e1ff510cc2b5/test Mozilla/5.0 (Windows NT 10.0; Win64; x64) AppleWebKit/537.36 (KHTML, like Gecko) Chrome/114.0.0.0 Safari/537.36 Edg/114.0.1823.37 0.836
0:0:0:0:0:0:0:1 - - [07/Jun/2023:23:14:24 +0300] GET /devportal/site/public/dist/5.57286c37eacce5fafae0.bundle.js HTTP/1.1 200 84080 https://localhost:9443/devportal/apis/1618538a-131e-4ed1-ba4b-e1ff510cc2b5/test Mozilla/5.0 (Windows NT 10.0; Win64; x64) AppleWebKit/537.36 (KHTML, like Gecko) Chrome/114.0.0.0 Safari/537.36 Edg/114.0.1823.37 0.866
0:0:0:0:0:0:0:1 - - [07/Jun/2023:23:14:24 +0300] GET /devportal/site/public/dist/vendors~APIConsole~GraphQLConsole.fdedfa5fe9df001a3725.bundle.js HTTP/1.1 200 55674 https://localhost:9443/devportal/apis/1618538a-131e-4ed1-ba4b-e1ff510cc2b5/test Mozilla/5.0 (Windows NT 10.0; Win64; x64) AppleWebKit/537.36 (KHTML, like Gecko) Chrome/114.0.0.0 Safari/537.36 Edg/114.0.1823.37 0.890
127.0.0.1 - - [07/Jun/2023:23:14:24 +0300] POST /keymanager-operations/dcr/register HTTP/1.1 201 720 - Apache-HttpClient/4.5.13 (Java/20.0.1) 3.969
127.0.0.1 - - [07/Jun/2023:23:14:24 +0300] POST /oauth2/token HTTP/1.1 200 1183 - Apache-HttpClient/4.5.13 (Java/20.0.1) 0.218
0:0:0:0:0:0:0:1 - - [07/Jun/2023:23:14:25 +0300] POST /api/am/devportal/v3/applications/4354f62c-1300-46d2-b8ea-b9414304335c/generate-keys HTTP/1.1 200 1328 https://localhost:9443/devportal/apis/1618538a-131e-4ed1-ba4b-e1ff510cc2b5/overview Mozilla/5.0 (Windows NT 10.0; Win64; x64) AppleWebKit/537.36 (KHTML, like Gecko) Chrome/114.0.0.0 Safari/537.36 Edg/114.0.1823.37 5.350
0:0:0:0:0:0:0:1 - - [07/Jun/2023:23:14:25 +0300] GET /devportal/site/public/dist/APIConsole.b3e80a9dce3816857c0c.bundle.js HTTP/1.1 200 1748096 https://localhost:9443/devportal/apis/1618538a-131e-4ed1-ba4b-e1ff510cc2b5/test Mozilla/5.0 (Windows NT 10.0; Win64; x64) AppleWebKit/537.36 (KHTML, like Gecko) Chrome/114.0.0.0 Safari/537.36 Edg/114.0.1823.37 1.963
0:0:0:0:0:0:0:1 - - [07/Jun/2023:23:14:25 +0300] GET /api/am/devportal/v3/apis/1618538a-131e-4ed1-ba4b-e1ff510cc2b5 HTTP/1.1 200 2475 https://localhost:9443/devportal/apis/1618538a-131e-4ed1-ba4b-e1ff510cc2b5/test Mozilla/5.0 (Windows NT 10.0; Win64; x64) AppleWebKit/537.36 (KHTML, like Gecko) Chrome/114.0.0.0 Safari/537.36 Edg/114.0.1823.37 0.026
0:0:0:0:0:0:0:1 - - [07/Jun/2023:23:14:25 +0300] GET /api/am/devportal/v3/apis/1618538a-131e-4ed1-ba4b-e1ff510cc2b5/swagger?environmentName=Default HTTP/1.1 200 1756 https://localhost:9443/devportal/apis/1618538a-131e-4ed1-ba4b-e1ff510cc2b5/test Mozilla/5.0 (Windows NT 10.0; Win64; x64) AppleWebKit/537.36 (KHTML, like Gecko) Chrome/114.0.0.0 Safari/537.36 Edg/114.0.1823.37 0.071
0:0:0:0:0:0:0:1 - - [07/Jun/2023:23:14:25 +0300] GET /api/am/devportal/v3/swagger.yaml HTTP/1.1 200 26878 https://localhost:9443/devportal/apis/1618538a-131e-4ed1-ba4b-e1ff510cc2b5/test Mozilla/5.0 (Windows NT 10.0; Win64; x64) AppleWebKit/537.36 (KHTML, like Gecko) Chrome/114.0.0.0 Safari/537.36 Edg/114.0.1823.37 0.026
0:0:0:0:0:0:0:1 - - [07/Jun/2023:23:14:26 +0300] GET /api/am/devportal/v3/key-managers HTTP/1.1 200 763 https://localhost:9443/devportal/apis/1618538a-131e-4ed1-ba4b-e1ff510cc2b5/test Mozilla/5.0 (Windows NT 10.0; Win64; x64) AppleWebKit/537.36 (KHTML, like Gecko) Chrome/114.0.0.0 Safari/537.36 Edg/114.0.1823.37 0.272
127.0.0.1 - - [07/Jun/2023:23:14:26 +0300] GET /oauth2/token/.well-known/openid-configuration HTTP/1.1 200 2395 - Apache-HttpClient/4.5.13 (Java/20.0.1) 0.096
127.0.0.1 - - [07/Jun/2023:23:14:26 +0300] GET /keymanager-operations/dcr/register/TGZpV3p4VXdQRUhQZEg5cFMybU9TR2JTbkh3YQ%3D%3D HTTP/1.1 200 720 - Apache-HttpClient/4.5.13 (Java/20.0.1) 0.206
0:0:0:0:0:0:0:1 - - [07/Jun/2023:23:14:26 +0300] GET /api/am/devportal/v3/subscriptions?apiId=1618538a-131e-4ed1-ba4b-e1ff510cc2b5&limit=25 HTTP/1.1 200 785 https://localhost:9443/devportal/apis/1618538a-131e-4ed1-ba4b-e1ff510cc2b5/test Mozilla/5.0 (Windows NT 10.0; Win64; x64) AppleWebKit/537.36 (KHTML, like Gecko) Chrome/114.0.0.0 Safari/537.36 Edg/114.0.1823.37 0.347
127.0.0.1 - - [07/Jun/2023:23:14:26 +0300] GET /keymanager-operations/dcr/register/TGZpV3p4VXdQRUhQZEg5cFMybU9TR2JTbkh3YQ%3D%3D HTTP/1.1 200 720 - Apache-HttpClient/4.5.13 (Java/20.0.1) 0.011
0:0:0:0:0:0:0:1 - - [07/Jun/2023:23:14:26 +0300] GET /api/am/devportal/v3/subscriptions?apiId=1618538a-131e-4ed1-ba4b-e1ff510cc2b5&limit=25 HTTP/1.1 200 785 https://localhost:9443/devportal/apis/1618538a-131e-4ed1-ba4b-e1ff510cc2b5/test Mozilla/5.0 (Windows NT 10.0; Win64; x64) AppleWebKit/537.36 (KHTML, like Gecko) Chrome/114.0.0.0 Safari/537.36 Edg/114.0.1823.37 0.062
0:0:0:0:0:0:0:1 - - [07/Jun/2023:23:14:26 +0300] GET /api/am/devportal/v3/applications/ HTTP/1.1 200 419 https://localhost:9443/devportal/apis/1618538a-131e-4ed1-ba4b-e1ff510cc2b5/test Mozilla/5.0 (Windows NT 10.0; Win64; x64) AppleWebKit/537.36 (KHTML, like Gecko) Chrome/114.0.0.0 Safari/537.36 Edg/114.0.1823.37 0.011
0:0:0:0:0:0:0:1 - - [07/Jun/2023:23:14:26 +0300] GET /api/am/devportal/v3/swagger.yaml HTTP/1.1 200 26878 https://localhost:9443/devportal/apis/1618538a-131e-4ed1-ba4b-e1ff510cc2b5/test Mozilla/5.0 (Windows NT 10.0; Win64; x64) AppleWebKit/537.36 (KHTML, like Gecko) Chrome/114.0.0.0 Safari/537.36 Edg/114.0.1823.37 0.010
127.0.0.1 - - [07/Jun/2023:23:14:26 +0300] GET /keymanager-operations/dcr/register/TGZpV3p4VXdQRUhQZEg5cFMybU9TR2JTbkh3YQ%3D%3D HTTP/1.1 200 720 - Apache-HttpClient/4.5.13 (Java/20.0.1) 0.004
0:0:0:0:0:0:0:1 - - [07/Jun/2023:23:14:26 +0300] GET /api/am/devportal/v3/applications/4354f62c-1300-46d2-b8ea-b9414304335c HTTP/1.1 200 381 https://localhost:9443/devportal/apis/1618538a-131e-4ed1-ba4b-e1ff510cc2b5/test Mozilla/5.0 (Windows NT 10.0; Win64; x64) AppleWebKit/537.36 (KHTML, like Gecko) Chrome/114.0.0.0 Safari/537.36 Edg/114.0.1823.37 0.011
127.0.0.1 - - [07/Jun/2023:23:14:26 +0300] GET /keymanager-operations/dcr/register/TGZpV3p4VXdQRUhQZEg5cFMybU9TR2JTbkh3YQ%3D%3D HTTP/1.1 200 720 - Apache-HttpClient/4.5.13 (Java/20.0.1) 0.004
0:0:0:0:0:0:0:1 - - [07/Jun/2023:23:14:26 +0300] GET /api/am/devportal/v3/applications/4354f62c-1300-46d2-b8ea-b9414304335c/oauth-keys HTTP/1.1 200 868 https://localhost:9443/devportal/apis/1618538a-131e-4ed1-ba4b-e1ff510cc2b5/test Mozilla/5.0 (Windows NT 10.0; Win64; x64) AppleWebKit/537.36 (KHTML, like Gecko) Chrome/114.0.0.0 Safari/537.36 Edg/114.0.1823.37 0.013
0:0:0:0:0:0:0:1 - - [07/Jun/2023:23:14:26 +0300] GET /api/am/devportal/v3/swagger.yaml HTTP/1.1 200 26878 https://localhost:9443/devportal/apis/1618538a-131e-4ed1-ba4b-e1ff510cc2b5/test Mozilla/5.0 (Windows NT 10.0; Win64; x64) AppleWebKit/537.36 (KHTML, like Gecko) Chrome/114.0.0.0 Safari/537.36 Edg/114.0.1823.37 0.013
0:0:0:0:0:0:0:1 - - [07/Jun/2023:23:14:26 +0300] GET /api/am/devportal/v3/swagger.yaml HTTP/1.1 200 26878 https://localhost:9443/devportal/apis/1618538a-131e-4ed1-ba4b-e1ff510cc2b5/test Mozilla/5.0 (Windows NT 10.0; Win64; x64) AppleWebKit/537.36 (KHTML, like Gecko) Chrome/114.0.0.0 Safari/537.36 Edg/114.0.1823.37 0.016
127.0.0.1 - - [07/Jun/2023:23:14:26 +0300] GET /keymanager-operations/dcr/register/TGZpV3p4VXdQRUhQZEg5cFMybU9TR2JTbkh3YQ%3D%3D HTTP/1.1 200 720 - Apache-HttpClient/4.5.13 (Java/20.0.1) 0.005
0:0:0:0:0:0:0:1 - - [07/Jun/2023:23:14:26 +0300] GET /api/am/devportal/v3/applications/4354f62c-1300-46d2-b8ea-b9414304335c HTTP/1.1 200 381 https://localhost:9443/devportal/apis/1618538a-131e-4ed1-ba4b-e1ff510cc2b5/test Mozilla/5.0 (Windows NT 10.0; Win64; x64) AppleWebKit/537.36 (KHTML, like Gecko) Chrome/114.0.0.0 Safari/537.36 Edg/114.0.1823.37 0.014
0:0:0:0:0:0:0:1 - - [07/Jun/2023:23:14:27 +0300] GET /api/am/devportal/v3/applications/4354f62c-1300-46d2-b8ea-b9414304335c HTTP/1.1 200 381 https://localhost:9443/devportal/apis/1618538a-131e-4ed1-ba4b-e1ff510cc2b5/test Mozilla/5.0 (Windows NT 10.0; Win64; x64) AppleWebKit/537.36 (KHTML, like Gecko) Chrome/114.0.0.0 Safari/537.36 Edg/114.0.1823.37 0.039
127.0.0.1 - - [07/Jun/2023:23:14:27 +0300] GET /keymanager-operations/dcr/register/TGZpV3p4VXdQRUhQZEg5cFMybU9TR2JTbkh3YQ%3D%3D HTTP/1.1 200 720 - Apache-HttpClient/4.5.13 (Java/20.0.1) 0.034
0:0:0:0:0:0:0:1 - - [07/Jun/2023:23:14:27 +0300] GET /api/am/devportal/v3/applications/4354f62c-1300-46d2-b8ea-b9414304335c/oauth-keys HTTP/1.1 200 868 https://localhost:9443/devportal/apis/1618538a-131e-4ed1-ba4b-e1ff510cc2b5/test Mozilla/5.0 (Windows NT 10.0; Win64; x64) AppleWebKit/537.36 (KHTML, like Gecko) Chrome/114.0.0.0 Safari/537.36 Edg/114.0.1823.37 0.057
127.0.0.1 - - [07/Jun/2023:23:14:27 +0300] GET /keymanager-operations/dcr/register/TGZpV3p4VXdQRUhQZEg5cFMybU9TR2JTbkh3YQ%3D%3D HTTP/1.1 200 720 - Apache-HttpClient/4.5.13 (Java/20.0.1) 0.012
127.0.0.1 - - [07/Jun/2023:23:14:27 +0300] GET /keymanager-operations/dcr/register/TGZpV3p4VXdQRUhQZEg5cFMybU9TR2JTbkh3YQ%3D%3D HTTP/1.1 200 720 - Apache-HttpClient/4.5.13 (Java/20.0.1) 0.005
0:0:0:0:0:0:0:1 - - [07/Jun/2023:23:14:27 +0300] GET /api/am/devportal/v3/applications/4354f62c-1300-46d2-b8ea-b9414304335c/oauth-keys HTTP/1.1 200 868 https://localhost:9443/devportal/apis/1618538a-131e-4ed1-ba4b-e1ff510cc2b5/test Mozilla/5.0 (Windows NT 10.0; Win64; x64) AppleWebKit/537.36 (KHTML, like Gecko) Chrome/114.0.0.0 Safari/537.36 Edg/114.0.1823.37 0.026
0:0:0:0:0:0:0:1 - - [07/Jun/2023:23:14:42 +0300] GET /api/am/devportal/v3/swagger.yaml HTTP/1.1 200 26878 https://localhost:9443/devportal/apis/1618538a-131e-4ed1-ba4b-e1ff510cc2b5/test Mozilla/5.0 (Windows NT 10.0; Win64; x64) AppleWebKit/537.36 (KHTML, like Gecko) Chrome/114.0.0.0 Safari/537.36 Edg/114.0.1823.37 0.022
127.0.0.1 - - [07/Jun/2023:23:14:42 +0300] GET /keymanager-operations/dcr/register/TGZpV3p4VXdQRUhQZEg5cFMybU9TR2JTbkh3YQ%3D%3D HTTP/1.1 200 720 - Apache-HttpClient/4.5.13 (Java/20.0.1) 0.003
0:0:0:0:0:0:0:1 - - [07/Jun/2023:23:14:42 +0300] GET /api/am/devportal/v3/applications/4354f62c-1300-46d2-b8ea-b9414304335c HTTP/1.1 200 381 https://localhost:9443/devportal/apis/1618538a-131e-4ed1-ba4b-e1ff510cc2b5/test Mozilla/5.0 (Windows NT 10.0; Win64; x64) AppleWebKit/537.36 (KHTML, like Gecko) Chrome/114.0.0.0 Safari/537.36 Edg/114.0.1823.37 0.016
127.0.0.1 - - [07/Jun/2023:23:14:42 +0300] GET /keymanager-operations/dcr/register/TGZpV3p4VXdQRUhQZEg5cFMybU9TR2JTbkh3YQ%3D%3D HTTP/1.1 200 720 - Apache-HttpClient/4.5.13 (Java/20.0.1) 0.009
0:0:0:0:0:0:0:1 - - [07/Jun/2023:23:14:42 +0300] GET /api/am/devportal/v3/applications/4354f62c-1300-46d2-b8ea-b9414304335c/oauth-keys HTTP/1.1 200 868 https://localhost:9443/devportal/apis/1618538a-131e-4ed1-ba4b-e1ff510cc2b5/test Mozilla/5.0 (Windows NT 10.0; Win64; x64) AppleWebKit/537.36 (KHTML, like Gecko) Chrome/114.0.0.0 Safari/537.36 Edg/114.0.1823.37 0.016
127.0.0.1 - - [07/Jun/2023:23:14:42 +0300] GET /keymanager-operations/dcr/register/TGZpV3p4VXdQRUhQZEg5cFMybU9TR2JTbkh3YQ%3D%3D HTTP/1.1 200 720 - Apache-HttpClient/4.5.13 (Java/20.0.1) 0.004
127.0.0.1 - - [07/Jun/2023:23:14:42 +0300] GET /keymanager-operations/dcr/register/TGZpV3p4VXdQRUhQZEg5cFMybU9TR2JTbkh3YQ%3D%3D HTTP/1.1 200 720 - Apache-HttpClient/4.5.13 (Java/20.0.1) 0.006
0:0:0:0:0:0:0:1 - - [07/Jun/2023:23:14:43 +0300] POST /api/am/devportal/v3/applications/4354f62c-1300-46d2-b8ea-b9414304335c/oauth-keys/d1ed5570-3247-4527-8d5e-029382541615/generate-token HTTP/1.1 200 893 https://localhost:9443/devportal/apis/1618538a-131e-4ed1-ba4b-e1ff510cc2b5/test Mozilla/5.0 (Windows NT 10.0; Win64; x64) AppleWebKit/537.36 (KHTML, like Gecko) Chrome/114.0.0.0 Safari/537.36 Edg/114.0.1823.37 0.726
127.0.0.1 - - [07/Jun/2023:23:14:43 +0300] POST /oauth2/token HTTP/1.1 200 1183 - Apache-HttpClient/4.5.13 (Java/20.0.1) 0.607
127.0.0.1 - - [07/Jun/2023:23:14:44 +0300] POST /internal/data/v1/notify HTTP/1.1 200 - - Apache-HttpClient/4.5.13 (Java/20.0.1) 0.737
0:0:0:0:0:0:0:1 - - [07/Jun/2023:23:15:38 +0300] - 400 - - - 0.000
0:0:0:0:0:0:0:1 - - [07/Jun/2023:23:15:38 +0300] GET /devportal/site/public/images/_favicon.ico HTTP/1.1 200 1150 https://localhost:9443/devportal/apis/1618538a-131e-4ed1-ba4b-e1ff510cc2b5/documents Mozilla/5.0 (Windows NT 10.0; Win64; x64) AppleWebKit/537.36 (KHTML, like Gecko) Chrome/114.0.0.0 Safari/537.36 Edg/114.0.1823.37 0.008
0:0:0:0:0:0:0:1 - - [07/Jun/2023:23:15:39 +0300] GET /devportal/site/public/dist/APIDocuments.9d5a1c3da507f66e677e.bundle.js HTTP/1.1 200 518496 https://localhost:9443/devportal/apis/1618538a-131e-4ed1-ba4b-e1ff510cc2b5/documents Mozilla/5.0 (Windows NT 10.0; Win64; x64) AppleWebKit/537.36 (KHTML, like Gecko) Chrome/114.0.0.0 Safari/537.36 Edg/114.0.1823.37 0.997
0:0:0:0:0:0:0:1 - - [07/Jun/2023:23:15:39 +0300] GET /api/am/devportal/v3/apis/1618538a-131e-4ed1-ba4b-e1ff510cc2b5/documents HTTP/1.1 200 92 https://localhost:9443/devportal/apis/1618538a-131e-4ed1-ba4b-e1ff510cc2b5/documents Mozilla/5.0 (Windows NT 10.0; Win64; x64) AppleWebKit/537.36 (KHTML, like Gecko) Chrome/114.0.0.0 Safari/537.36 Edg/114.0.1823.37 0.033
0:0:0:0:0:0:0:1 - - [07/Jun/2023:23:15:39 +0300] GET /devportal/site/public/images/_favicon.ico HTTP/1.1 200 1150 https://localhost:9443/devportal/apis/1618538a-131e-4ed1-ba4b-e1ff510cc2b5/documents/default Mozilla/5.0 (Windows NT 10.0; Win64; x64) AppleWebKit/537.36 (KHTML, like Gecko) Chrome/114.0.0.0 Safari/537.36 Edg/114.0.1823.37 0.002
0:0:0:0:0:0:0:1 - - [07/Jun/2023:23:15:39 +0300] GET /api/am/devportal/v3/apis/1618538a-131e-4ed1-ba4b-e1ff510cc2b5/swagger HTTP/1.1 200 1756 https://localhost:9443/devportal/apis/1618538a-131e-4ed1-ba4b-e1ff510cc2b5/documents/default Mozilla/5.0 (Windows NT 10.0; Win64; x64) AppleWebKit/537.36 (KHTML, like Gecko) Chrome/114.0.0.0 Safari/537.36 Edg/114.0.1823.37 0.153
0:0:0:0:0:0:0:1 - - [07/Jun/2023:23:19:36 +0300] - 400 - - - 0.000
0:0:0:0:0:0:0:1 - - [07/Jun/2023:23:19:36 +0300] GET /api/am/publisher/v4/apis?limit=10&offset=0 HTTP/1.1 200 615 https://localhost:9443/publisher/apis Mozilla/5.0 (Windows NT 10.0; Win64; x64) AppleWebKit/537.36 (KHTML, like Gecko) Chrome/114.0.0.0 Safari/537.36 Edg/114.0.1823.37 0.256
0:0:0:0:0:0:0:1 - - [07/Jun/2023:23:19:39 +0300] GET /api/am/publisher/v4/search?limit=1&offset=0&query=name%3APizzaShackAPI%20version%3A1.0%20context%3Apizzashack HTTP/1.1 200 443 https://localhost:9443/publisher/apis Mozilla/5.0 (Windows NT 10.0; Win64; x64) AppleWebKit/537.36 (KHTML, like Gecko) Chrome/114.0.0.0 Safari/537.36 Edg/114.0.1823.37 0.116
0:0:0:0:0:0:0:1 - - [07/Jun/2023:23:21:20 +0300] - 400 - - - 0.000
0:0:0:0:0:0:0:1 - - [07/Jun/2023:23:21:20 +0300] GET /api/am/publisher/v4/search?limit=10&offset=0&query=name%3Acarwash_system HTTP/1.1 200 92 https://localhost:9443/publisher/apis/create/rest Mozilla/5.0 (Windows NT 10.0; Win64; x64) AppleWebKit/537.36 (KHTML, like Gecko) Chrome/114.0.0.0 Safari/537.36 Edg/114.0.1823.37 0.028
0:0:0:0:0:0:0:1 - - [07/Jun/2023:23:21:55 +0300] GET /api/am/publisher/v4/apis?limit=10&offset=0 HTTP/1.1 200 615 https://localhost:9443/publisher/apis Mozilla/5.0 (Windows NT 10.0; Win64; x64) AppleWebKit/537.36 (KHTML, like Gecko) Chrome/114.0.0.0 Safari/537.36 Edg/114.0.1823.37 0.229
0:0:0:0:0:0:0:1 - - [07/Jun/2023:23:22:04 +0300] GET /api/am/publisher/v4/api-products?limit=10&offset=0 HTTP/1.1 200 92 https://localhost:9443/publisher/api-products Mozilla/5.0 (Windows NT 10.0; Win64; x64) AppleWebKit/537.36 (KHTML, like Gecko) Chrome/114.0.0.0 Safari/537.36 Edg/114.0.1823.37 0.085
0:0:0:0:0:0:0:1 - - [07/Jun/2023:23:22:04 +0300] GET /publisher/site/public/images/landing-icons/apiproduct.svg HTTP/1.1 200 3864 https://localhost:9443/publisher/api-products Mozilla/5.0 (Windows NT 10.0; Win64; x64) AppleWebKit/537.36 (KHTML, like Gecko) Chrome/114.0.0.0 Safari/537.36 Edg/114.0.1823.37 0.095
0:0:0:0:0:0:0:1 - - [07/Jun/2023:23:22:15 +0300] GET /api/am/publisher/v4/apis?limit=10&offset=0 HTTP/1.1 200 615 https://localhost:9443/publisher/apis Mozilla/5.0 (Windows NT 10.0; Win64; x64) AppleWebKit/537.36 (KHTML, like Gecko) Chrome/114.0.0.0 Safari/537.36 Edg/114.0.1823.37 0.024
0:0:0:0:0:0:0:1 - - [07/Jun/2023:23:22:17 +0300] GET /api/am/publisher/v4/search?limit=1&offset=0&query=name%3APizzaShackAPI%20version%3A1.0%20context%3Apizzashack HTTP/1.1 200 443 https://localhost:9443/publisher/apis Mozilla/5.0 (Windows NT 10.0; Win64; x64) AppleWebKit/537.36 (KHTML, like Gecko) Chrome/114.0.0.0 Safari/537.36 Edg/114.0.1823.37 0.041
0:0:0:0:0:0:0:1 - - [07/Jun/2023:23:28:54 +0300] - 400 - - - 0.000
0:0:0:0:0:0:0:1 - - [07/Jun/2023:23:28:55 +0300] GET /api/am/publisher/v4/search?limit=10&offset=0&query=context%3A%2Fcategories%2F HTTP/1.1 200 92 https://localhost:9443/publisher/apis/create/rest Mozilla/5.0 (Windows NT 10.0; Win64; x64) AppleWebKit/537.36 (KHTML, like Gecko) Chrome/114.0.0.0 Safari/537.36 Edg/114.0.1823.37 0.185
0:0:0:0:0:0:0:1 - - [07/Jun/2023:23:28:59 +0300] GET /api/am/publisher/v4/search?limit=10&offset=0&query=name%3Acarwashapp HTTP/1.1 200 92 https://localhost:9443/publisher/apis/create/rest Mozilla/5.0 (Windows NT 10.0; Win64; x64) AppleWebKit/537.36 (KHTML, like Gecko) Chrome/114.0.0.0 Safari/537.36 Edg/114.0.1823.37 0.044
0:0:0:0:0:0:0:1 - - [07/Jun/2023:23:31:24 +0300] - 400 - - - 0.000
0:0:0:0:0:0:0:1 - - [07/Jun/2023:23:31:24 +0300] GET /api/am/publisher/v4/throttling-policies/subscription HTTP/1.1 200 407 https://localhost:9443/publisher/apis/create/rest Mozilla/5.0 (Windows NT 10.0; Win64; x64) AppleWebKit/537.36 (KHTML, like Gecko) Chrome/114.0.0.0 Safari/537.36 Edg/114.0.1823.37 0.012
0:0:0:0:0:0:0:1 - - [07/Jun/2023:23:31:24 +0300] POST /api/am/publisher/v4/apis?openAPIVersion=v3 HTTP/1.1 400 136 https://localhost:9443/publisher/apis/create/rest Mozilla/5.0 (Windows NT 10.0; Win64; x64) AppleWebKit/537.36 (KHTML, like Gecko) Chrome/114.0.0.0 Safari/537.36 Edg/114.0.1823.37 0.140
0:0:0:0:0:0:0:1 - - [07/Jun/2023:23:31:36 +0300] - 400 - - - 0.000
0:0:0:0:0:0:0:1 - - [07/Jun/2023:23:31:36 +0300] GET /api/am/publisher/v4/throttling-policies/subscription HTTP/1.1 200 407 https://localhost:9443/publisher/apis/create/rest Mozilla/5.0 (Windows NT 10.0; Win64; x64) AppleWebKit/537.36 (KHTML, like Gecko) Chrome/114.0.0.0 Safari/537.36 Edg/114.0.1823.37 0.009
0:0:0:0:0:0:0:1 - - [07/Jun/2023:23:31:37 +0300] POST /api/am/publisher/v4/apis?openAPIVersion=v3 HTTP/1.1 400 136 https://localhost:9443/publisher/apis/create/rest Mozilla/5.0 (Windows NT 10.0; Win64; x64) AppleWebKit/537.36 (KHTML, like Gecko) Chrome/114.0.0.0 Safari/537.36 Edg/114.0.1823.37 0.009
0:0:0:0:0:0:0:1 - - [07/Jun/2023:23:32:19 +0300] - 400 - - - 0.000
0:0:0:0:0:0:0:1 - - [07/Jun/2023:23:32:19 +0300] GET /api/am/publisher/v4/throttling-policies/subscription HTTP/1.1 200 407 https://localhost:9443/publisher/apis/create/rest Mozilla/5.0 (Windows NT 10.0; Win64; x64) AppleWebKit/537.36 (KHTML, like Gecko) Chrome/114.0.0.0 Safari/537.36 Edg/114.0.1823.37 0.009
0:0:0:0:0:0:0:1 - - [07/Jun/2023:23:32:19 +0300] POST /api/am/publisher/v4/apis?openAPIVersion=v3 HTTP/1.1 400 136 https://localhost:9443/publisher/apis/create/rest Mozilla/5.0 (Windows NT 10.0; Win64; x64) AppleWebKit/537.36 (KHTML, like Gecko) Chrome/114.0.0.0 Safari/537.36 Edg/114.0.1823.37 0.007
0:0:0:0:0:0:0:1 - - [07/Jun/2023:23:33:24 +0300] - 400 - - - 0.000
0:0:0:0:0:0:0:1 - - [07/Jun/2023:23:33:25 +0300] GET /api/am/publisher/v4/throttling-policies/subscription HTTP/1.1 200 407 https://localhost:9443/publisher/apis/create/rest Mozilla/5.0 (Windows NT 10.0; Win64; x64) AppleWebKit/537.36 (KHTML, like Gecko) Chrome/114.0.0.0 Safari/537.36 Edg/114.0.1823.37 0.265
0:0:0:0:0:0:0:1 - - [07/Jun/2023:23:33:25 +0300] POST /api/am/publisher/v4/apis?openAPIVersion=v3 HTTP/1.1 400 136 https://localhost:9443/publisher/apis/create/rest Mozilla/5.0 (Windows NT 10.0; Win64; x64) AppleWebKit/537.36 (KHTML, like Gecko) Chrome/114.0.0.0 Safari/537.36 Edg/114.0.1823.37 0.007
0:0:0:0:0:0:0:1 - - [07/Jun/2023:23:33:48 +0300] - 400 - - - 0.000
0:0:0:0:0:0:0:1 - - [07/Jun/2023:23:33:48 +0300] GET /api/am/publisher/v4/search?limit=10&offset=0&query=context%3A%2Fcategories HTTP/1.1 200 92 https://localhost:9443/publisher/apis/create/rest Mozilla/5.0 (Windows NT 10.0; Win64; x64) AppleWebKit/537.36 (KHTML, like Gecko) Chrome/114.0.0.0 Safari/537.36 Edg/114.0.1823.37 0.018
0:0:0:0:0:0:0:1 - - [07/Jun/2023:23:33:48 +0300] GET /api/am/publisher/v4/throttling-policies/subscription HTTP/1.1 200 407 https://localhost:9443/publisher/apis/create/rest Mozilla/5.0 (Windows NT 10.0; Win64; x64) AppleWebKit/537.36 (KHTML, like Gecko) Chrome/114.0.0.0 Safari/537.36 Edg/114.0.1823.37 0.009
0:0:0:0:0:0:0:1 - - [07/Jun/2023:23:33:48 +0300] POST /api/am/publisher/v4/apis?openAPIVersion=v3 HTTP/1.1 400 136 https://localhost:9443/publisher/apis/create/rest Mozilla/5.0 (Windows NT 10.0; Win64; x64) AppleWebKit/537.36 (KHTML, like Gecko) Chrome/114.0.0.0 Safari/537.36 Edg/114.0.1823.37 0.008
0:0:0:0:0:0:0:1 - - [07/Jun/2023:23:34:05 +0300] - 400 - - - 0.000
0:0:0:0:0:0:0:1 - - [07/Jun/2023:23:34:05 +0300] GET /api/am/publisher/v4/throttling-policies/subscription HTTP/1.1 200 407 https://localhost:9443/publisher/apis/create/rest Mozilla/5.0 (Windows NT 10.0; Win64; x64) AppleWebKit/537.36 (KHTML, like Gecko) Chrome/114.0.0.0 Safari/537.36 Edg/114.0.1823.37 0.014
0:0:0:0:0:0:0:1 - - [07/Jun/2023:23:34:05 +0300] POST /api/am/publisher/v4/apis?openAPIVersion=v3 HTTP/1.1 400 136 https://localhost:9443/publisher/apis/create/rest Mozilla/5.0 (Windows NT 10.0; Win64; x64) AppleWebKit/537.36 (KHTML, like Gecko) Chrome/114.0.0.0 Safari/537.36 Edg/114.0.1823.37 0.008
0:0:0:0:0:0:0:1 - - [07/Jun/2023:23:36:44 +0300] - 400 - - - 0.000
0:0:0:0:0:0:0:1 - - [07/Jun/2023:23:36:45 +0300] GET /api/am/publisher/v4/apis?limit=10&offset=0 HTTP/1.1 200 615 https://localhost:9443/publisher/apis Mozilla/5.0 (Windows NT 10.0; Win64; x64) AppleWebKit/537.36 (KHTML, like Gecko) Chrome/114.0.0.0 Safari/537.36 Edg/114.0.1823.37 0.201
0:0:0:0:0:0:0:1 - - [07/Jun/2023:23:36:47 +0300] GET /api/am/publisher/v4/search?limit=1&offset=0&query=name%3APizzaShackAPI%20version%3A1.0%20context%3Apizzashack HTTP/1.1 200 443 https://localhost:9443/publisher/apis Mozilla/5.0 (Windows NT 10.0; Win64; x64) AppleWebKit/537.36 (KHTML, like Gecko) Chrome/114.0.0.0 Safari/537.36 Edg/114.0.1823.37 0.087
0:0:0:0:0:0:0:1 - - [07/Jun/2023:23:37:46 +0300] GET /api/am/publisher/v4/apis?limit=10&offset=0 HTTP/1.1 200 615 https://localhost:9443/publisher/apis Mozilla/5.0 (Windows NT 10.0; Win64; x64) AppleWebKit/537.36 (KHTML, like Gecko) Chrome/114.0.0.0 Safari/537.36 Edg/114.0.1823.37 0.030
0:0:0:0:0:0:0:1 - - [07/Jun/2023:23:37:48 +0300] GET /api/am/publisher/v4/search?limit=1&offset=0&query=name%3APizzaShackAPI%20version%3A1.0%20context%3Apizzashack HTTP/1.1 200 443 https://localhost:9443/publisher/apis Mozilla/5.0 (Windows NT 10.0; Win64; x64) AppleWebKit/537.36 (KHTML, like Gecko) Chrome/114.0.0.0 Safari/537.36 Edg/114.0.1823.37 0.090
0:0:0:0:0:0:0:1 - - [07/Jun/2023:23:38:02 +0300] GET /api/am/publisher/v4/search?limit=10&offset=0&query=name%3Acarwashapp HTTP/1.1 200 92 https://localhost:9443/publisher/apis/create/rest Mozilla/5.0 (Windows NT 10.0; Win64; x64) AppleWebKit/537.36 (KHTML, like Gecko) Chrome/114.0.0.0 Safari/537.36 Edg/114.0.1823.37 0.025
0:0:0:0:0:0:0:1 - - [07/Jun/2023:23:38:40 +0300] GET /api/am/publisher/v4/search?limit=10&offset=0&query=context%3A%2Fcarwash HTTP/1.1 200 92 https://localhost:9443/publisher/apis/create/rest Mozilla/5.0 (Windows NT 10.0; Win64; x64) AppleWebKit/537.36 (KHTML, like Gecko) Chrome/114.0.0.0 Safari/537.36 Edg/114.0.1823.37 0.086
0:0:0:0:0:0:0:1 - - [07/Jun/2023:23:38:43 +0300] GET /api/am/publisher/v4/throttling-policies/subscription HTTP/1.1 200 407 https://localhost:9443/publisher/apis/create/rest Mozilla/5.0 (Windows NT 10.0; Win64; x64) AppleWebKit/537.36 (KHTML, like Gecko) Chrome/114.0.0.0 Safari/537.36 Edg/114.0.1823.37 0.006
0:0:0:0:0:0:0:1 - - [07/Jun/2023:23:38:43 +0300] POST /api/am/publisher/v4/apis?openAPIVersion=v3 HTTP/1.1 201 1142 https://localhost:9443/publisher/apis/create/rest Mozilla/5.0 (Windows NT 10.0; Win64; x64) AppleWebKit/537.36 (KHTML, like Gecko) Chrome/114.0.0.0 Safari/537.36 Edg/114.0.1823.37 0.157
0:0:0:0:0:0:0:1 - - [07/Jun/2023:23:38:43 +0300] - 400 - - - 0.000
0:0:0:0:0:0:0:1 - - [07/Jun/2023:23:38:43 +0300] GET /api/am/publisher/v4/tenants?state=active HTTP/1.1 200 96 https://localhost:9443/publisher/apis/719bdd0a-15a5-43cd-bc55-463d0c5cf80f/overview Mozilla/5.0 (Windows NT 10.0; Win64; x64) AppleWebKit/537.36 (KHTML, like Gecko) Chrome/114.0.0.0 Safari/537.36 Edg/114.0.1823.37 0.013
0:0:0:0:0:0:0:1 - - [07/Jun/2023:23:38:43 +0300] GET /api/am/publisher/v4/apis/719bdd0a-15a5-43cd-bc55-463d0c5cf80f HTTP/1.1 200 1167 https://localhost:9443/publisher/apis/719bdd0a-15a5-43cd-bc55-463d0c5cf80f/overview Mozilla/5.0 (Windows NT 10.0; Win64; x64) AppleWebKit/537.36 (KHTML, like Gecko) Chrome/114.0.0.0 Safari/537.36 Edg/114.0.1823.37 0.034
0:0:0:0:0:0:0:1 - - [07/Jun/2023:23:38:44 +0300] - 400 - - - 0.000
0:0:0:0:0:0:0:1 - - [07/Jun/2023:23:38:44 +0300] GET /api/am/publisher/v4/apis/719bdd0a-15a5-43cd-bc55-463d0c5cf80f/revisions?query=deployed%3Atrue HTTP/1.1 200 21 https://localhost:9443/publisher/apis/719bdd0a-15a5-43cd-bc55-463d0c5cf80f/overview Mozilla/5.0 (Windows NT 10.0; Win64; x64) AppleWebKit/537.36 (KHTML, like Gecko) Chrome/114.0.0.0 Safari/537.36 Edg/114.0.1823.37 0.108
0:0:0:0:0:0:0:1 - - [07/Jun/2023:23:38:44 +0300] GET /api/am/publisher/v4/apis/719bdd0a-15a5-43cd-bc55-463d0c5cf80f/revisions HTTP/1.1 200 21 https://localhost:9443/publisher/apis/719bdd0a-15a5-43cd-bc55-463d0c5cf80f/overview Mozilla/5.0 (Windows NT 10.0; Win64; x64) AppleWebKit/537.36 (KHTML, like Gecko) Chrome/114.0.0.0 Safari/537.36 Edg/114.0.1823.37 0.100
0:0:0:0:0:0:0:1 - - [07/Jun/2023:23:38:44 +0300] GET /api/am/publisher/v4/apis/719bdd0a-15a5-43cd-bc55-463d0c5cf80f/swagger HTTP/1.1 200 649 https://localhost:9443/publisher/apis/719bdd0a-15a5-43cd-bc55-463d0c5cf80f/overview Mozilla/5.0 (Windows NT 10.0; Win64; x64) AppleWebKit/537.36 (KHTML, like Gecko) Chrome/114.0.0.0 Safari/537.36 Edg/114.0.1823.37 0.130
0:0:0:0:0:0:0:1 - - [07/Jun/2023:23:38:44 +0300] GET /api/am/publisher/v4/apis/719bdd0a-15a5-43cd-bc55-463d0c5cf80f/revisions?query=deployed%3Atrue HTTP/1.1 200 21 https://localhost:9443/publisher/apis/719bdd0a-15a5-43cd-bc55-463d0c5cf80f/overview Mozilla/5.0 (Windows NT 10.0; Win64; x64) AppleWebKit/537.36 (KHTML, like Gecko) Chrome/114.0.0.0 Safari/537.36 Edg/114.0.1823.37 0.026
0:0:0:0:0:0:0:1 - - [07/Jun/2023:23:38:44 +0300] GET /api/am/publisher/v4/apis/719bdd0a-15a5-43cd-bc55-463d0c5cf80f/revisions?query=deployed%3Atrue HTTP/1.1 200 21 https://localhost:9443/publisher/apis/719bdd0a-15a5-43cd-bc55-463d0c5cf80f/overview Mozilla/5.0 (Windows NT 10.0; Win64; x64) AppleWebKit/537.36 (KHTML, like Gecko) Chrome/114.0.0.0 Safari/537.36 Edg/114.0.1823.37 0.007
0:0:0:0:0:0:0:1 - - [07/Jun/2023:23:38:44 +0300] GET /api/am/publisher/v4/apis/719bdd0a-15a5-43cd-bc55-463d0c5cf80f/swagger HTTP/1.1 200 649 https://localhost:9443/publisher/apis/719bdd0a-15a5-43cd-bc55-463d0c5cf80f/overview Mozilla/5.0 (Windows NT 10.0; Win64; x64) AppleWebKit/537.36 (KHTML, like Gecko) Chrome/114.0.0.0 Safari/537.36 Edg/114.0.1823.37 0.034
0:0:0:0:0:0:0:1 - - [07/Jun/2023:23:38:44 +0300] GET /api/am/publisher/v4/apis/719bdd0a-15a5-43cd-bc55-463d0c5cf80f/revisions?query=deployed%3Atrue HTTP/1.1 200 21 https://localhost:9443/publisher/apis/719bdd0a-15a5-43cd-bc55-463d0c5cf80f/overview Mozilla/5.0 (Windows NT 10.0; Win64; x64) AppleWebKit/537.36 (KHTML, like Gecko) Chrome/114.0.0.0 Safari/537.36 Edg/114.0.1823.37 0.007
0:0:0:0:0:0:0:1 - - [07/Jun/2023:23:38:44 +0300] GET /api/am/publisher/v4/apis/719bdd0a-15a5-43cd-bc55-463d0c5cf80f/swagger HTTP/1.1 200 649 https://localhost:9443/publisher/apis/719bdd0a-15a5-43cd-bc55-463d0c5cf80f/overview Mozilla/5.0 (Windows NT 10.0; Win64; x64) AppleWebKit/537.36 (KHTML, like Gecko) Chrome/114.0.0.0 Safari/537.36 Edg/114.0.1823.37 0.033
0:0:0:0:0:0:0:1 - - [07/Jun/2023:23:38:44 +0300] GET /api/am/publisher/v4/apis/719bdd0a-15a5-43cd-bc55-463d0c5cf80f/revisions?query=deployed%3Atrue HTTP/1.1 200 21 https://localhost:9443/publisher/apis/719bdd0a-15a5-43cd-bc55-463d0c5cf80f/overview Mozilla/5.0 (Windows NT 10.0; Win64; x64) AppleWebKit/537.36 (KHTML, like Gecko) Chrome/114.0.0.0 Safari/537.36 Edg/114.0.1823.37 0.006
0:0:0:0:0:0:0:1 - - [07/Jun/2023:23:38:44 +0300] GET /api/am/publisher/v4/apis/719bdd0a-15a5-43cd-bc55-463d0c5cf80f/swagger HTTP/1.1 200 649 https://localhost:9443/publisher/apis/719bdd0a-15a5-43cd-bc55-463d0c5cf80f/overview Mozilla/5.0 (Windows NT 10.0; Win64; x64) AppleWebKit/537.36 (KHTML, like Gecko) Chrome/114.0.0.0 Safari/537.36 Edg/114.0.1823.37 0.029
0:0:0:0:0:0:0:1 - - [07/Jun/2023:23:46:25 +0300] - 400 - - - 0.000
0:0:0:0:0:0:0:1 - - [07/Jun/2023:23:46:25 +0300] GET /api/am/publisher/v4/apis/719bdd0a-15a5-43cd-bc55-463d0c5cf80f/swagger HTTP/1.1 200 649 https://localhost:9443/publisher/apis/719bdd0a-15a5-43cd-bc55-463d0c5cf80f/endpoints Mozilla/5.0 (Windows NT 10.0; Win64; x64) AppleWebKit/537.36 (KHTML, like Gecko) Chrome/114.0.0.0 Safari/537.36 Edg/114.0.1823.37 0.206
0:0:0:0:0:0:0:1 - - [07/Jun/2023:23:47:33 +0300] - 400 - - - 0.000
0:0:0:0:0:0:0:1 - - [07/Jun/2023:23:47:33 +0300] POST /api/am/publisher/v4/apis/validate-endpoint?endpointUrl=http%3A%2F%2Fdemo.localhost%3A8000%2Fcategories%2Fid&apiId=719bdd0a-15a5-43cd-bc55-463d0c5cf80f HTTP/1.1 200 62 https://localhost:9443/publisher/apis/719bdd0a-15a5-43cd-bc55-463d0c5cf80f/endpoints Mozilla/5.0 (Windows NT 10.0; Win64; x64) AppleWebKit/537.36 (KHTML, like Gecko) Chrome/114.0.0.0 Safari/537.36 Edg/114.0.1823.37 0.264
0:0:0:0:0:0:0:1 - - [07/Jun/2023:23:47:57 +0300] POST /api/am/publisher/v4/apis/validate-endpoint?endpointUrl=http%3A%2F%2Fdemo.localhost%3A8000%2Fcategories%2F%7Bstr%3A%20id%7D&apiId=719bdd0a-15a5-43cd-bc55-463d0c5cf80f HTTP/1.1 500 150 https://localhost:9443/publisher/apis/719bdd0a-15a5-43cd-bc55-463d0c5cf80f/endpoints Mozilla/5.0 (Windows NT 10.0; Win64; x64) AppleWebKit/537.36 (KHTML, like Gecko) Chrome/114.0.0.0 Safari/537.36 Edg/114.0.1823.37 0.014
0:0:0:0:0:0:0:1 - - [07/Jun/2023:23:48:00 +0300] - 400 - - - 0.000
0:0:0:0:0:0:0:1 - - [07/Jun/2023:23:48:00 +0300] POST /api/am/publisher/v4/apis/validate-endpoint?endpointUrl=http%3A%2F%2Fdemo.localhost%3A8000%2Fcategories%2F%7Bstr%3A%20id%7D&apiId=719bdd0a-15a5-43cd-bc55-463d0c5cf80f HTTP/1.1 500 150 https://localhost:9443/publisher/apis/719bdd0a-15a5-43cd-bc55-463d0c5cf80f/endpoints Mozilla/5.0 (Windows NT 10.0; Win64; x64) AppleWebKit/537.36 (KHTML, like Gecko) Chrome/114.0.0.0 Safari/537.36 Edg/114.0.1823.37 0.006
0:0:0:0:0:0:0:1 - - [07/Jun/2023:23:48:07 +0300] - 400 - - - 0.000
0:0:0:0:0:0:0:1 - - [07/Jun/2023:23:48:07 +0300] POST /api/am/publisher/v4/apis/validate-endpoint?endpointUrl=http%3A%2F%2Fdemo.localhost%3A8000%2Fcategories%2F%7Bstr%3A%20id%7D&apiId=719bdd0a-15a5-43cd-bc55-463d0c5cf80f HTTP/1.1 500 150 https://localhost:9443/publisher/apis/719bdd0a-15a5-43cd-bc55-463d0c5cf80f/endpoints Mozilla/5.0 (Windows NT 10.0; Win64; x64) AppleWebKit/537.36 (KHTML, like Gecko) Chrome/114.0.0.0 Safari/537.36 Edg/114.0.1823.37 0.005
0:0:0:0:0:0:0:1 - - [07/Jun/2023:23:48:27 +0300] - 400 - - - 0.000
0:0:0:0:0:0:0:1 - - [07/Jun/2023:23:48:27 +0300] POST /api/am/publisher/v4/apis/validate-endpoint?endpointUrl=http%3A%2F%2Fdemo.localhost%3A8000%2Fcategories%2F%7Bstr%3A%20id%7D&apiId=719bdd0a-15a5-43cd-bc55-463d0c5cf80f HTTP/1.1 500 150 https://localhost:9443/publisher/apis/719bdd0a-15a5-43cd-bc55-463d0c5cf80f/endpoints Mozilla/5.0 (Windows NT 10.0; Win64; x64) AppleWebKit/537.36 (KHTML, like Gecko) Chrome/114.0.0.0 Safari/537.36 Edg/114.0.1823.37 0.006
0:0:0:0:0:0:0:1 - - [07/Jun/2023:23:48:50 +0300] - 400 - - - 0.000
0:0:0:0:0:0:0:1 - - [07/Jun/2023:23:48:50 +0300] PUT /api/am/publisher/v4/apis/719bdd0a-15a5-43cd-bc55-463d0c5cf80f HTTP/1.1 200 1245 https://localhost:9443/publisher/apis/719bdd0a-15a5-43cd-bc55-463d0c5cf80f/endpoints Mozilla/5.0 (Windows NT 10.0; Win64; x64) AppleWebKit/537.36 (KHTML, like Gecko) Chrome/114.0.0.0 Safari/537.36 Edg/114.0.1823.37 0.570
0:0:0:0:0:0:0:1 - - [07/Jun/2023:23:48:51 +0300] - 400 - - - 0.000
