- 0:0:0:0:0:0:0:1  - [15/Jun/2023:16:11:54.231 +0300] "- - " 200 - "-" "-"
- 0:0:0:0:0:0:0:1 - - [15/Jun/2023:16:11:54.231 +0300] "OPTIONS /sandbox/1.0.0/ HTTP/1.1" - - "https://localhost:9443/" "Mozilla/5.0 (Windows NT 10.0; Win64; x64) AppleWebKit/537.36 (KHTML, like Gecko) Chrome/114.0.0.0 Safari/537.36 Edg/114.0.1823.43"
- 45.76.44.250  - [15/Jun/2023:16:11:57.488 +0300] "- - " 200 - "-" "-"
- 0:0:0:0:0:0:0:1 - - [15/Jun/2023:16:11:54.231 +0300] "POST /sandbox/1.0.0/ HTTP/1.1" - - "https://localhost:9443/" "Mozilla/5.0 (Windows NT 10.0; Win64; x64) AppleWebKit/537.36 (KHTML, like Gecko) Chrome/114.0.0.0 Safari/537.36 Edg/114.0.1823.43"
- 0:0:0:0:0:0:0:1  - [15/Jun/2023:16:11:57.494 +0300] "- - " 200 - "-" "-"
- 45.76.44.250 - - [15/Jun/2023:16:11:55.735 +0300] "POST / HTTP/1.1" - - "https://localhost:9443/" "Synapse-PT-HttpComponents-NIO"
- 0:0:0:0:0:0:0:1  - [15/Jun/2023:16:12:33.854 +0300] "- - " 200 - "-" "-"
- 45.76.44.250  - [15/Jun/2023:16:12:36.644 +0300] "- - " 404 - "-" "-"
- 0:0:0:0:0:0:0:1  - [15/Jun/2023:16:12:36.646 +0300] "- - " 404 - "-" "-"
- 0:0:0:0:0:0:0:1 - - [15/Jun/2023:16:12:33.854 +0300] "OPTIONS /sandbox/1.0.0/payout HTTP/1.1" - - "https://localhost:9443/" "Mozilla/5.0 (Windows NT 10.0; Win64; x64) AppleWebKit/537.36 (KHTML, like Gecko) Chrome/114.0.0.0 Safari/537.36 Edg/114.0.1823.43"
- 0:0:0:0:0:0:0:1 - - [15/Jun/2023:16:12:33.854 +0300] "POST /sandbox/1.0.0/payout HTTP/1.1" - - "https://localhost:9443/" "Mozilla/5.0 (Windows NT 10.0; Win64; x64) AppleWebKit/537.36 (KHTML, like Gecko) Chrome/114.0.0.0 Safari/537.36 Edg/114.0.1823.43"
- 45.76.44.250 - - [15/Jun/2023:16:12:34.503 +0300] "POST /payout HTTP/1.1" - - "https://localhost:9443/" "Synapse-PT-HttpComponents-NIO"
- 0:0:0:0:0:0:0:1  - [15/Jun/2023:16:42:31.651 +0300] "- - " 200 - "-" "-"
- 45.76.44.250  - [15/Jun/2023:16:42:31.732 +0300] "- - " 200 - "-" "-"
- 0:0:0:0:0:0:0:1  - [15/Jun/2023:16:42:31.651 +0300] "- - " 200 - "-" "-"
- 0:0:0:0:0:0:0:1 - - [15/Jun/2023:16:42:31.651 +0300] "OPTIONS /sandbox/1.0.0/ HTTP/1.1" - - "https://localhost:9443/" "Mozilla/5.0 (Windows NT 10.0; Win64; x64) AppleWebKit/537.36 (KHTML, like Gecko) Chrome/114.0.0.0 Safari/537.36 Edg/114.0.1823.43"
- 0:0:0:0:0:0:0:1 - - [15/Jun/2023:16:42:31.651 +0300] "POST /sandbox/1.0.0/ HTTP/1.1" - - "https://localhost:9443/" "Mozilla/5.0 (Windows NT 10.0; Win64; x64) AppleWebKit/537.36 (KHTML, like Gecko) Chrome/114.0.0.0 Safari/537.36 Edg/114.0.1823.43"
- 45.76.44.250 - - [15/Jun/2023:16:42:31.732 +0300] "POST / HTTP/1.1" - - "https://localhost:9443/" "Synapse-PT-HttpComponents-NIO"
- 0:0:0:0:0:0:0:1  - [15/Jun/2023:16:49:17.671 +0300] "- - " 200 - "-" "-"
- 0:0:0:0:0:0:0:1  - [15/Jun/2023:16:49:17.671 +0300] "- - " 500 - "-" "-"
- 0:0:0:0:0:0:0:1 - - [15/Jun/2023:16:49:17.671 +0300] "OPTIONS /sandbox/1.0.0/sandbox HTTP/1.1" - - "https://localhost:9443/" "Mozilla/5.0 (Windows NT 10.0; Win64; x64) AppleWebKit/537.36 (KHTML, like Gecko) Chrome/114.0.0.0 Safari/537.36 Edg/114.0.1823.43"
- 0:0:0:0:0:0:0:1 - - [15/Jun/2023:16:49:17.671 +0300] "POST /sandbox/1.0.0/sandbox HTTP/1.1" - - "https://localhost:9443/" "Mozilla/5.0 (Windows NT 10.0; Win64; x64) AppleWebKit/537.36 (KHTML, like Gecko) Chrome/114.0.0.0 Safari/537.36 Edg/114.0.1823.43"
- 45.76.44.250 - - [15/Jun/2023:16:49:17.913 +0300] "POST /sandbox HTTP/1.1" - - "https://localhost:9443/" "Synapse-PT-HttpComponents-NIO"
- 0:0:0:0:0:0:0:1  - [15/Jun/2023:16:50:44.677 +0300] "- - " 200 - "-" "-"
- 0:0:0:0:0:0:0:1 - - [15/Jun/2023:16:50:44.677 +0300] "OPTIONS /sandbox/1.0.0/sandbox HTTP/1.1" - - "https://localhost:9443/" "Mozilla/5.0 (Windows NT 10.0; Win64; x64) AppleWebKit/537.36 (KHTML, like Gecko) Chrome/114.0.0.0 Safari/537.36 Edg/114.0.1823.43"
- 0:0:0:0:0:0:0:1 - - [15/Jun/2023:16:50:44.677 +0300] "POST /sandbox/1.0.0/sandbox HTTP/1.1" - - "https://localhost:9443/" "Mozilla/5.0 (Windows NT 10.0; Win64; x64) AppleWebKit/537.36 (KHTML, like Gecko) Chrome/114.0.0.0 Safari/537.36 Edg/114.0.1823.43"
- 0:0:0:0:0:0:0:1  - [15/Jun/2023:16:50:44.677 +0300] "- - " 500 - "-" "-"
- 45.76.44.250 - - [15/Jun/2023:16:50:44.928 +0300] "POST /sandbox HTTP/1.1" - - "https://localhost:9443/" "Synapse-PT-HttpComponents-NIO"
- 0:0:0:0:0:0:0:1  - [15/Jun/2023:16:56:22.635 +0300] "- - " 200 - "-" "-"
- 0:0:0:0:0:0:0:1 - - [15/Jun/2023:16:56:22.635 +0300] "OPTIONS /sandbox/1.0.0/sandbox HTTP/1.1" - - "https://localhost:9443/" "Mozilla/5.0 (Windows NT 10.0; Win64; x64) AppleWebKit/537.36 (KHTML, like Gecko) Chrome/114.0.0.0 Safari/537.36 Edg/114.0.1823.43"
- 0:0:0:0:0:0:0:1  - [15/Jun/2023:16:56:22.635 +0300] "- - " 500 - "-" "-"
- 0:0:0:0:0:0:0:1 - - [15/Jun/2023:16:56:22.635 +0300] "POST /sandbox/1.0.0/sandbox HTTP/1.1" - - "https://localhost:9443/" "Mozilla/5.0 (Windows NT 10.0; Win64; x64) AppleWebKit/537.36 (KHTML, like Gecko) Chrome/114.0.0.0 Safari/537.36 Edg/114.0.1823.43"
- 45.76.44.250 - - [15/Jun/2023:16:56:22.903 +0300] "POST /sandbox HTTP/1.1" - - "https://localhost:9443/" "Synapse-PT-HttpComponents-NIO"
- 0:0:0:0:0:0:0:1 - - [15/Jun/2023:17:00:38.086 +0300] "OPTIONS /sandbox/1.0.0// HTTP/1.1" - - "https://localhost:9443/" "Mozilla/5.0 (Windows NT 10.0; Win64; x64) AppleWebKit/537.36 (KHTML, like Gecko) Chrome/114.0.0.0 Safari/537.36 Edg/114.0.1823.43"
- 0:0:0:0:0:0:0:1  - [15/Jun/2023:17:00:38.086 +0300] "- - " 200 - "-" "-"
- 0:0:0:0:0:0:0:1 - - [15/Jun/2023:17:00:38.086 +0300] "POST /sandbox/1.0.0// HTTP/1.1" - - "https://localhost:9443/" "Mozilla/5.0 (Windows NT 10.0; Win64; x64) AppleWebKit/537.36 (KHTML, like Gecko) Chrome/114.0.0.0 Safari/537.36 Edg/114.0.1823.43"
- 45.76.44.250  - [15/Jun/2023:17:00:38.333 +0300] "- - " 200 - "-" "-"
- 45.76.44.250 - - [15/Jun/2023:17:00:38.333 +0300] "POST // HTTP/1.1" - - "https://localhost:9443/" "Synapse-PT-HttpComponents-NIO"
- 0:0:0:0:0:0:0:1  - [15/Jun/2023:17:00:38.086 +0300] "- - " 200 - "-" "-"
- 0:0:0:0:0:0:0:1 - - [15/Jun/2023:17:01:01.475 +0300] "OPTIONS /sandbox/1.0.0/payout HTTP/1.1" - - "https://localhost:9443/" "Mozilla/5.0 (Windows NT 10.0; Win64; x64) AppleWebKit/537.36 (KHTML, like Gecko) Chrome/114.0.0.0 Safari/537.36 Edg/114.0.1823.43"
- 0:0:0:0:0:0:0:1  - [15/Jun/2023:17:01:01.475 +0300] "- - " 200 - "-" "-"
- 0:0:0:0:0:0:0:1 - - [15/Jun/2023:17:01:01.475 +0300] "POST /sandbox/1.0.0/payout HTTP/1.1" - - "https://localhost:9443/" "Mozilla/5.0 (Windows NT 10.0; Win64; x64) AppleWebKit/537.36 (KHTML, like Gecko) Chrome/114.0.0.0 Safari/537.36 Edg/114.0.1823.43"
- 45.76.44.250 - - [15/Jun/2023:17:01:01.541 +0300] "POST /payout HTTP/1.1" - - "https://localhost:9443/" "Synapse-PT-HttpComponents-NIO"
- 45.76.44.250  - [15/Jun/2023:17:01:01.541 +0300] "- - " 404 - "-" "-"
- 0:0:0:0:0:0:0:1  - [15/Jun/2023:17:01:01.475 +0300] "- - " 404 - "-" "-"
- 0:0:0:0:0:0:0:1 - - [15/Jun/2023:17:04:19.787 +0300] "OPTIONS /sandbox/1.0.0/payout/ HTTP/1.1" - - "https://localhost:9443/" "Mozilla/5.0 (Windows NT 10.0; Win64; x64) AppleWebKit/537.36 (KHTML, like Gecko) Chrome/114.0.0.0 Safari/537.36 Edg/114.0.1823.43"
- 0:0:0:0:0:0:0:1  - [15/Jun/2023:17:04:19.787 +0300] "- - " 200 - "-" "-"
- 0:0:0:0:0:0:0:1 - - [15/Jun/2023:17:04:19.787 +0300] "POST /sandbox/1.0.0/payout/ HTTP/1.1" - - "https://localhost:9443/" "Mozilla/5.0 (Windows NT 10.0; Win64; x64) AppleWebKit/537.36 (KHTML, like Gecko) Chrome/114.0.0.0 Safari/537.36 Edg/114.0.1823.43"
- 45.76.44.250 - - [15/Jun/2023:17:04:19.907 +0300] "POST /payout/ HTTP/1.1" - - "https://localhost:9443/" "Synapse-PT-HttpComponents-NIO"
- 45.76.44.250  - [15/Jun/2023:17:04:19.907 +0300] "- - " 404 - "-" "-"
- 0:0:0:0:0:0:0:1  - [15/Jun/2023:17:04:19.787 +0300] "- - " 404 - "-" "-"
- 0:0:0:0:0:0:0:1  - [15/Jun/2023:17:04:46.878 +0300] "- - " 200 - "-" "-"
- 0:0:0:0:0:0:0:1 - - [15/Jun/2023:17:04:46.878 +0300] "OPTIONS /sandbox/1.0.0// HTTP/1.1" - - "https://localhost:9443/" "Mozilla/5.0 (Windows NT 10.0; Win64; x64) AppleWebKit/537.36 (KHTML, like Gecko) Chrome/114.0.0.0 Safari/537.36 Edg/114.0.1823.43"
- 0:0:0:0:0:0:0:1 - - [15/Jun/2023:17:04:46.878 +0300] "POST /sandbox/1.0.0// HTTP/1.1" - - "https://localhost:9443/" "Mozilla/5.0 (Windows NT 10.0; Win64; x64) AppleWebKit/537.36 (KHTML, like Gecko) Chrome/114.0.0.0 Safari/537.36 Edg/114.0.1823.43"
- 45.76.44.250  - [15/Jun/2023:17:04:47.223 +0300] "- - " 200 - "-" "-"
- 45.76.44.250 - - [15/Jun/2023:17:04:47.223 +0300] "POST // HTTP/1.1" - - "https://localhost:9443/" "Synapse-PT-HttpComponents-NIO"
- 0:0:0:0:0:0:0:1  - [15/Jun/2023:17:04:46.878 +0300] "- - " 200 - "-" "-"
- 0:0:0:0:0:0:0:1 - - [15/Jun/2023:17:14:20.845 +0300] "OPTIONS /sandbox/1.0.0// HTTP/1.1" - - "https://localhost:9443/" "Mozilla/5.0 (Windows NT 10.0; Win64; x64) AppleWebKit/537.36 (KHTML, like Gecko) Chrome/114.0.0.0 Safari/537.36 Edg/114.0.1823.43"
- 0:0:0:0:0:0:0:1 - - [15/Jun/2023:17:14:20.845 +0300] "POST /sandbox/1.0.0// HTTP/1.1" - 308 "https://localhost:9443/" "Mozilla/5.0 (Windows NT 10.0; Win64; x64) AppleWebKit/537.36 (KHTML, like Gecko) Chrome/114.0.0.0 Safari/537.36 Edg/114.0.1823.43"
- 45.76.44.250 - - [15/Jun/2023:17:14:20.989 +0300] "POST // HTTP/1.1" - - "https://localhost:9443/" "Synapse-PT-HttpComponents-NIO"
- 0:0:0:0:0:0:0:1  - [15/Jun/2023:17:14:20.845 +0300] "- - " 200 - "-" "-"
- 45.76.44.250  - [15/Jun/2023:17:14:20.989 +0300] "- - " 200 - "-" "-"
- 0:0:0:0:0:0:0:1  - [15/Jun/2023:17:14:20.845 +0300] "- - " 200 - "-" "-"
- 0:0:0:0:0:0:0:1 - - [15/Jun/2023:17:23:25.302 +0300] "OPTIONS /sandbox/1.0.0/ HTTP/1.1" - - "https://localhost:9443/" "Mozilla/5.0 (Windows NT 10.0; Win64; x64) AppleWebKit/537.36 (KHTML, like Gecko) Chrome/114.0.0.0 Safari/537.36 Edg/114.0.1823.43"
- 0:0:0:0:0:0:0:1 - - [15/Jun/2023:17:23:25.302 +0300] "POST /sandbox/1.0.0/ HTTP/1.1" - 263 "https://localhost:9443/" "Mozilla/5.0 (Windows NT 10.0; Win64; x64) AppleWebKit/537.36 (KHTML, like Gecko) Chrome/114.0.0.0 Safari/537.36 Edg/114.0.1823.43"
- 0:0:0:0:0:0:0:1  - [15/Jun/2023:17:23:25.302 +0300] "- - " 200 - "-" "-"
- 0:0:0:0:0:0:0:1  - [15/Jun/2023:17:23:25.302 +0300] "- - " 401 - "-" "-"
- 0:0:0:0:0:0:0:1 - - [15/Jun/2023:17:29:21.805 +0300] "OPTIONS /sandbox/1.0.0/ HTTP/1.1" - - "https://localhost:9443/" "Mozilla/5.0 (Windows NT 10.0; Win64; x64) AppleWebKit/537.36 (KHTML, like Gecko) Chrome/114.0.0.0 Safari/537.36 Edg/114.0.1823.43"
- 0:0:0:0:0:0:0:1  - [15/Jun/2023:17:29:21.805 +0300] "- - " 200 - "-" "-"
- 0:0:0:0:0:0:0:1 - - [15/Jun/2023:17:29:21.805 +0300] "POST /sandbox/1.0.0/ HTTP/1.1" - 308 "https://localhost:9443/" "Mozilla/5.0 (Windows NT 10.0; Win64; x64) AppleWebKit/537.36 (KHTML, like Gecko) Chrome/114.0.0.0 Safari/537.36 Edg/114.0.1823.43"
- 45.76.44.250 - - [15/Jun/2023:17:29:22.008 +0300] "POST / HTTP/1.1" - - "https://localhost:9443/" "Synapse-PT-HttpComponents-NIO"
- 45.76.44.250  - [15/Jun/2023:17:29:22.008 +0300] "- - " 200 - "-" "-"
- 0:0:0:0:0:0:0:1  - [15/Jun/2023:17:29:21.805 +0300] "- - " 200 - "-" "-"
