0:0:0:0:0:0:0:1 - - [16/Jun/2023:13:18:53 +0300] GET /api/am/devportal/v3/applications/d8414650-0dc6-4424-9310-830582be7bd1 HTTP/1.1 200 336 https://localhost:9443/devportal/apis/b708e07c-f833-4577-9072-b66243c058b3/test Mozilla/5.0 (Windows NT 10.0; Win64; x64) AppleWebKit/537.36 (KHTML, like Gecko) Chrome/114.0.0.0 Safari/537.36 Edg/114.0.1823.43 0.016
127.0.0.1 - - [16/Jun/2023:13:18:53 +0300] GET /keymanager-operations/dcr/register/MHFfRExjbVRFTmxsZmtqNk9JdjB2WDJ1Q0FJYQ%3D%3D HTTP/1.1 200 720 - Apache-HttpClient/4.5.13 (Java/20.0.1) 0.004
0:0:0:0:0:0:0:1 - - [16/Jun/2023:13:18:53 +0300] GET /api/am/devportal/v3/applications/d8414650-0dc6-4424-9310-830582be7bd1/oauth-keys HTTP/1.1 200 868 https://localhost:9443/devportal/apis/b708e07c-f833-4577-9072-b66243c058b3/test Mozilla/5.0 (Windows NT 10.0; Win64; x64) AppleWebKit/537.36 (KHTML, like Gecko) Chrome/114.0.0.0 Safari/537.36 Edg/114.0.1823.43 0.012
0:0:0:0:0:0:0:1 - - [16/Jun/2023:13:18:53 +0300] GET /api/am/devportal/v3/swagger.yaml HTTP/1.1 200 26878 https://localhost:9443/devportal/apis/b708e07c-f833-4577-9072-b66243c058b3/test Mozilla/5.0 (Windows NT 10.0; Win64; x64) AppleWebKit/537.36 (KHTML, like Gecko) Chrome/114.0.0.0 Safari/537.36 Edg/114.0.1823.43 0.018
0:0:0:0:0:0:0:1 - - [16/Jun/2023:13:18:53 +0300] GET /api/am/devportal/v3/swagger.yaml HTTP/1.1 200 26878 https://localhost:9443/devportal/apis/b708e07c-f833-4577-9072-b66243c058b3/test Mozilla/5.0 (Windows NT 10.0; Win64; x64) AppleWebKit/537.36 (KHTML, like Gecko) Chrome/114.0.0.0 Safari/537.36 Edg/114.0.1823.43 0.014
127.0.0.1 - - [16/Jun/2023:13:18:54 +0300] GET /keymanager-operations/dcr/register/MHFfRExjbVRFTmxsZmtqNk9JdjB2WDJ1Q0FJYQ%3D%3D HTTP/1.1 200 720 - Apache-HttpClient/4.5.13 (Java/20.0.1) 0.004
0:0:0:0:0:0:0:1 - - [16/Jun/2023:13:18:54 +0300] GET /api/am/devportal/v3/applications/d8414650-0dc6-4424-9310-830582be7bd1 HTTP/1.1 200 336 https://localhost:9443/devportal/apis/b708e07c-f833-4577-9072-b66243c058b3/test Mozilla/5.0 (Windows NT 10.0; Win64; x64) AppleWebKit/537.36 (KHTML, like Gecko) Chrome/114.0.0.0 Safari/537.36 Edg/114.0.1823.43 0.013
127.0.0.1 - - [16/Jun/2023:13:18:54 +0300] GET /keymanager-operations/dcr/register/MHFfRExjbVRFTmxsZmtqNk9JdjB2WDJ1Q0FJYQ%3D%3D HTTP/1.1 200 720 - Apache-HttpClient/4.5.13 (Java/20.0.1) 0.009
0:0:0:0:0:0:0:1 - - [16/Jun/2023:13:18:54 +0300] GET /api/am/devportal/v3/applications/d8414650-0dc6-4424-9310-830582be7bd1 HTTP/1.1 200 336 https://localhost:9443/devportal/apis/b708e07c-f833-4577-9072-b66243c058b3/test Mozilla/5.0 (Windows NT 10.0; Win64; x64) AppleWebKit/537.36 (KHTML, like Gecko) Chrome/114.0.0.0 Safari/537.36 Edg/114.0.1823.43 0.015
127.0.0.1 - - [16/Jun/2023:13:18:54 +0300] GET /keymanager-operations/dcr/register/MHFfRExjbVRFTmxsZmtqNk9JdjB2WDJ1Q0FJYQ%3D%3D HTTP/1.1 200 720 - Apache-HttpClient/4.5.13 (Java/20.0.1) 0.004
0:0:0:0:0:0:0:1 - - [16/Jun/2023:13:18:54 +0300] GET /api/am/devportal/v3/applications/d8414650-0dc6-4424-9310-830582be7bd1/oauth-keys HTTP/1.1 200 868 https://localhost:9443/devportal/apis/b708e07c-f833-4577-9072-b66243c058b3/test Mozilla/5.0 (Windows NT 10.0; Win64; x64) AppleWebKit/537.36 (KHTML, like Gecko) Chrome/114.0.0.0 Safari/537.36 Edg/114.0.1823.43 0.012
127.0.0.1 - - [16/Jun/2023:13:18:54 +0300] GET /keymanager-operations/dcr/register/MHFfRExjbVRFTmxsZmtqNk9JdjB2WDJ1Q0FJYQ%3D%3D HTTP/1.1 200 720 - Apache-HttpClient/4.5.13 (Java/20.0.1) 0.005
0:0:0:0:0:0:0:1 - - [16/Jun/2023:13:18:54 +0300] GET /api/am/devportal/v3/applications/d8414650-0dc6-4424-9310-830582be7bd1/oauth-keys HTTP/1.1 200 868 https://localhost:9443/devportal/apis/b708e07c-f833-4577-9072-b66243c058b3/test Mozilla/5.0 (Windows NT 10.0; Win64; x64) AppleWebKit/537.36 (KHTML, like Gecko) Chrome/114.0.0.0 Safari/537.36 Edg/114.0.1823.43 0.018
0:0:0:0:0:0:0:1 - - [16/Jun/2023:13:20:41 +0300] - 400 - - - 0.000
0:0:0:0:0:0:0:1 - - [16/Jun/2023:13:20:42 +0300] PUT /api/am/publisher/v4/apis/b708e07c-f833-4577-9072-b66243c058b3/swagger HTTP/1.1 200 755 https://localhost:9443/publisher/apis/b708e07c-f833-4577-9072-b66243c058b3/resources Mozilla/5.0 (Windows NT 10.0; Win64; x64) AppleWebKit/537.36 (KHTML, like Gecko) Chrome/114.0.0.0 Safari/537.36 Edg/114.0.1823.43 1.150
0:0:0:0:0:0:0:1 - - [16/Jun/2023:13:20:42 +0300] GET /api/am/publisher/v4/apis/b708e07c-f833-4577-9072-b66243c058b3 HTTP/1.1 200 1215 https://localhost:9443/publisher/apis/b708e07c-f833-4577-9072-b66243c058b3/resources Mozilla/5.0 (Windows NT 10.0; Win64; x64) AppleWebKit/537.36 (KHTML, like Gecko) Chrome/114.0.0.0 Safari/537.36 Edg/114.0.1823.43 0.064
127.0.0.1 - - [16/Jun/2023:13:20:47 +0300] GET /internal/data/v1/apis?context=/posts/1.0&version=1.0&gatewayLabel=Default HTTP/1.1 200 560 - Apache-HttpClient/4.5.13 (Java/20.0.1) 0.014
127.0.0.1 - - [16/Jun/2023:13:20:47 +0300] GET /internal/data/v1/apis?context=/posts/1.0&version=1.0&gatewayLabel=Default HTTP/1.1 200 560 - Apache-HttpClient/4.5.13 (Java/20.0.1) 0.015
0:0:0:0:0:0:0:1 - - [16/Jun/2023:13:20:50 +0300] - 400 - - - 0.000
0:0:0:0:0:0:0:1 - - [16/Jun/2023:13:20:50 +0300] GET /devportal/apis/b708e07c-f833-4577-9072-b66243c058b3/test HTTP/1.1 200 1691 https://localhost:9443/devportal/applications Mozilla/5.0 (Windows NT 10.0; Win64; x64) AppleWebKit/537.36 (KHTML, like Gecko) Chrome/114.0.0.0 Safari/537.36 Edg/114.0.1823.43 0.015
0:0:0:0:0:0:0:1 - - [16/Jun/2023:13:20:50 +0300] GET /devportal/site/public/css/main.css HTTP/1.1 200 2092 https://localhost:9443/devportal/apis/b708e07c-f833-4577-9072-b66243c058b3/test Mozilla/5.0 (Windows NT 10.0; Win64; x64) AppleWebKit/537.36 (KHTML, like Gecko) Chrome/114.0.0.0 Safari/537.36 Edg/114.0.1823.43 0.007
0:0:0:0:0:0:0:1 - - [16/Jun/2023:13:20:50 +0300] GET /devportal/site/public/fonts/iconfont/material-icons.css HTTP/1.1 200 970 https://localhost:9443/devportal/apis/b708e07c-f833-4577-9072-b66243c058b3/test Mozilla/5.0 (Windows NT 10.0; Win64; x64) AppleWebKit/537.36 (KHTML, like Gecko) Chrome/114.0.0.0 Safari/537.36 Edg/114.0.1823.43 0.006
0:0:0:0:0:0:0:1 - - [16/Jun/2023:13:20:50 +0300] GET /devportal/site/public/css/overrides.css HTTP/1.1 200 - https://localhost:9443/devportal/apis/b708e07c-f833-4577-9072-b66243c058b3/test Mozilla/5.0 (Windows NT 10.0; Win64; x64) AppleWebKit/537.36 (KHTML, like Gecko) Chrome/114.0.0.0 Safari/537.36 Edg/114.0.1823.43 0.007
0:0:0:0:0:0:0:1 - - [16/Jun/2023:13:20:50 +0300] - 400 - - - 0.000
0:0:0:0:0:0:0:1 - - [16/Jun/2023:13:20:50 +0300] - 400 - - - 0.000
0:0:0:0:0:0:0:1 - - [16/Jun/2023:13:20:50 +0300] - 400 - - - 0.000
0:0:0:0:0:0:0:1 - - [16/Jun/2023:13:20:50 +0300] - 400 - - - 0.000
0:0:0:0:0:0:0:1 - - [16/Jun/2023:13:20:50 +0300] GET /devportal/site/public/theme/userTheme.js HTTP/1.1 200 96 https://localhost:9443/devportal/apis/b708e07c-f833-4577-9072-b66243c058b3/test Mozilla/5.0 (Windows NT 10.0; Win64; x64) AppleWebKit/537.36 (KHTML, like Gecko) Chrome/114.0.0.0 Safari/537.36 Edg/114.0.1823.43 0.025
0:0:0:0:0:0:0:1 - - [16/Jun/2023:13:20:50 +0300] GET /devportal/services/settings/settings.js HTTP/1.1 200 1474 https://localhost:9443/devportal/apis/b708e07c-f833-4577-9072-b66243c058b3/test Mozilla/5.0 (Windows NT 10.0; Win64; x64) AppleWebKit/537.36 (KHTML, like Gecko) Chrome/114.0.0.0 Safari/537.36 Edg/114.0.1823.43 0.008
0:0:0:0:0:0:0:1 - - [16/Jun/2023:13:20:50 +0300] - 400 - - - 0.000
0:0:0:0:0:0:0:1 - - [16/Jun/2023:13:20:50 +0300] GET /devportal/site/public/locales/en.json HTTP/1.1 200 57092 https://localhost:9443/devportal/apis/b708e07c-f833-4577-9072-b66243c058b3/test Mozilla/5.0 (Windows NT 10.0; Win64; x64) AppleWebKit/537.36 (KHTML, like Gecko) Chrome/114.0.0.0 Safari/537.36 Edg/114.0.1823.43 0.054
0:0:0:0:0:0:0:1 - - [16/Jun/2023:13:20:50 +0300] GET /devportal/site/public/images/_favicon.ico HTTP/1.1 200 1150 https://localhost:9443/devportal/apis/b708e07c-f833-4577-9072-b66243c058b3/test Mozilla/5.0 (Windows NT 10.0; Win64; x64) AppleWebKit/537.36 (KHTML, like Gecko) Chrome/114.0.0.0 Safari/537.36 Edg/114.0.1823.43 0.007
0:0:0:0:0:0:0:1 - - [16/Jun/2023:13:20:50 +0300] GET /api/am/devportal/v3/swagger.yaml HTTP/1.1 200 26878 https://localhost:9443/devportal/apis/b708e07c-f833-4577-9072-b66243c058b3/test Mozilla/5.0 (Windows NT 10.0; Win64; x64) AppleWebKit/537.36 (KHTML, like Gecko) Chrome/114.0.0.0 Safari/537.36 Edg/114.0.1823.43 0.065
0:0:0:0:0:0:0:1 - - [16/Jun/2023:13:20:50 +0300] GET /devportal/site/public/images/favicon.ico HTTP/1.1 200 162098 https://localhost:9443/devportal/apis/b708e07c-f833-4577-9072-b66243c058b3/test Mozilla/5.0 (Windows NT 10.0; Win64; x64) AppleWebKit/537.36 (KHTML, like Gecko) Chrome/114.0.0.0 Safari/537.36 Edg/114.0.1823.43 0.010
0:0:0:0:0:0:0:1 - - [16/Jun/2023:13:20:51 +0300] GET /api/am/devportal/v3/settings HTTP/1.1 200 915 https://localhost:9443/devportal/apis/b708e07c-f833-4577-9072-b66243c058b3/test Mozilla/5.0 (Windows NT 10.0; Win64; x64) AppleWebKit/537.36 (KHTML, like Gecko) Chrome/114.0.0.0 Safari/537.36 Edg/114.0.1823.43 0.519
0:0:0:0:0:0:0:1 - - [16/Jun/2023:13:20:51 +0300] GET /devportal/site/public/dist/ProtectedApp.42893a52cd015332b409.bundle.js HTTP/1.1 200 70963 https://localhost:9443/devportal/apis/b708e07c-f833-4577-9072-b66243c058b3/test Mozilla/5.0 (Windows NT 10.0; Win64; x64) AppleWebKit/537.36 (KHTML, like Gecko) Chrome/114.0.0.0 Safari/537.36 Edg/114.0.1823.43 0.024
0:0:0:0:0:0:0:1 - - [16/Jun/2023:13:20:51 +0300] GET /devportal/site/public/dist/vendors~ProtectedApp.018eeb6bd33ca37011cd.bundle.js HTTP/1.1 200 126488 https://localhost:9443/devportal/apis/b708e07c-f833-4577-9072-b66243c058b3/test Mozilla/5.0 (Windows NT 10.0; Win64; x64) AppleWebKit/537.36 (KHTML, like Gecko) Chrome/114.0.0.0 Safari/537.36 Edg/114.0.1823.43 0.098
0:0:0:0:0:0:0:1 - - [16/Jun/2023:13:20:51 +0300] GET /devportal/site/public/theme/temporary_environments_config.json HTTP/1.1 200 - https://localhost:9443/devportal/apis/b708e07c-f833-4577-9072-b66243c058b3/test Mozilla/5.0 (Windows NT 10.0; Win64; x64) AppleWebKit/537.36 (KHTML, like Gecko) Chrome/114.0.0.0 Safari/537.36 Edg/114.0.1823.43 0.009
0:0:0:0:0:0:0:1 - - [16/Jun/2023:13:20:51 +0300] GET /devportal/site/public/theme/temporary_features_config.json HTTP/1.1 200 - https://localhost:9443/devportal/apis/b708e07c-f833-4577-9072-b66243c058b3/test Mozilla/5.0 (Windows NT 10.0; Win64; x64) AppleWebKit/537.36 (KHTML, like Gecko) Chrome/114.0.0.0 Safari/537.36 Edg/114.0.1823.43 0.011
0:0:0:0:0:0:0:1 - - [16/Jun/2023:13:20:51 +0300] GET /api/am/devportal/v3/tenants?state=active HTTP/1.1 200 96 https://localhost:9443/devportal/apis/b708e07c-f833-4577-9072-b66243c058b3/test Mozilla/5.0 (Windows NT 10.0; Win64; x64) AppleWebKit/537.36 (KHTML, like Gecko) Chrome/114.0.0.0 Safari/537.36 Edg/114.0.1823.43 0.017
0:0:0:0:0:0:0:1 - - [16/Jun/2023:13:20:52 +0300] - 400 - - - 0.000
0:0:0:0:0:0:0:1 - - [16/Jun/2023:13:20:52 +0300] - 400 - - - 0.000
0:0:0:0:0:0:0:1 - - [16/Jun/2023:13:20:52 +0300] - 400 - - - 0.000
0:0:0:0:0:0:0:1 - - [16/Jun/2023:13:20:52 +0300] - 400 - - - 0.000
0:0:0:0:0:0:0:1 - - [16/Jun/2023:13:20:52 +0300] GET /devportal HTTP/1.1 302 - https://localhost:9443/devportal/apis/b708e07c-f833-4577-9072-b66243c058b3/test Mozilla/5.0 (Windows NT 10.0; Win64; x64) AppleWebKit/537.36 (KHTML, like Gecko) Chrome/114.0.0.0 Safari/537.36 Edg/114.0.1823.43 0.000
0:0:0:0:0:0:0:1 - - [16/Jun/2023:13:20:52 +0300] GET /devportal/site/public/dist/vendors~ApiListing~Apis~ApplicationDetails.720bc2e40480316deaca.bundle.js HTTP/1.1 200 3839 https://localhost:9443/devportal/apis/b708e07c-f833-4577-9072-b66243c058b3/test Mozilla/5.0 (Windows NT 10.0; Win64; x64) AppleWebKit/537.36 (KHTML, like Gecko) Chrome/114.0.0.0 Safari/537.36 Edg/114.0.1823.43 0.046
0:0:0:0:0:0:0:1 - - [16/Jun/2023:13:20:52 +0300] GET /oidc/checksession?client_id=PWfgQzPGHoxzOjpmoCalMGNtF2Ia&redirect_uri=https://localhost:9443/devportal/services/auth/callback/login HTTP/1.1 200 3134 https://localhost:9443/devportal/apis/b708e07c-f833-4577-9072-b66243c058b3/test Mozilla/5.0 (Windows NT 10.0; Win64; x64) AppleWebKit/537.36 (KHTML, like Gecko) Chrome/114.0.0.0 Safari/537.36 Edg/114.0.1823.43 0.005
0:0:0:0:0:0:0:1 - - [16/Jun/2023:13:20:52 +0300] GET /devportal/site/public/dist/vendors~Apis~Landing.e9d0b010bafc4e7686f8.bundle.js HTTP/1.1 200 4090 https://localhost:9443/devportal/apis/b708e07c-f833-4577-9072-b66243c058b3/test Mozilla/5.0 (Windows NT 10.0; Win64; x64) AppleWebKit/537.36 (KHTML, like Gecko) Chrome/114.0.0.0 Safari/537.36 Edg/114.0.1823.43 0.063
0:0:0:0:0:0:0:1 - - [16/Jun/2023:13:20:52 +0300] GET /devportal/site/public/dist/Apis~Landing.44f03df4105c342867a1.bundle.js HTTP/1.1 200 6722 https://localhost:9443/devportal/apis/b708e07c-f833-4577-9072-b66243c058b3/test Mozilla/5.0 (Windows NT 10.0; Win64; x64) AppleWebKit/537.36 (KHTML, like Gecko) Chrome/114.0.0.0 Safari/537.36 Edg/114.0.1823.43 0.112
0:0:0:0:0:0:0:1 - - [16/Jun/2023:13:20:52 +0300] GET /devportal/site/public/dist/vendors~Apis.3a6169883ec8c6c5366d.bundle.js HTTP/1.1 200 87282 https://localhost:9443/devportal/apis/b708e07c-f833-4577-9072-b66243c058b3/test Mozilla/5.0 (Windows NT 10.0; Win64; x64) AppleWebKit/537.36 (KHTML, like Gecko) Chrome/114.0.0.0 Safari/537.36 Edg/114.0.1823.43 0.145
0:0:0:0:0:0:0:1 - - [16/Jun/2023:13:20:52 +0300] GET /devportal/ HTTP/1.1 200 1691 https://localhost:9443/devportal/apis/b708e07c-f833-4577-9072-b66243c058b3/test Mozilla/5.0 (Windows NT 10.0; Win64; x64) AppleWebKit/537.36 (KHTML, like Gecko) Chrome/114.0.0.0 Safari/537.36 Edg/114.0.1823.43 0.128
0:0:0:0:0:0:0:1 - - [16/Jun/2023:13:20:52 +0300] GET /devportal/site/public/dist/Apis.800351a0eb878c789ea9.bundle.js HTTP/1.1 200 25570 https://localhost:9443/devportal/apis/b708e07c-f833-4577-9072-b66243c058b3/test Mozilla/5.0 (Windows NT 10.0; Win64; x64) AppleWebKit/537.36 (KHTML, like Gecko) Chrome/114.0.0.0 Safari/537.36 Edg/114.0.1823.43 0.136
0:0:0:0:0:0:0:1 - - [16/Jun/2023:13:20:52 +0300] GET /api/am/devportal/v3/applications?limit=5000 HTTP/1.1 200 965 https://localhost:9443/devportal/apis/b708e07c-f833-4577-9072-b66243c058b3/test Mozilla/5.0 (Windows NT 10.0; Win64; x64) AppleWebKit/537.36 (KHTML, like Gecko) Chrome/114.0.0.0 Safari/537.36 Edg/114.0.1823.43 0.017
0:0:0:0:0:0:0:1 - - [16/Jun/2023:13:20:52 +0300] GET /api/am/devportal/v3/apis/b708e07c-f833-4577-9072-b66243c058b3 HTTP/1.1 200 1106 https://localhost:9443/devportal/apis/b708e07c-f833-4577-9072-b66243c058b3/test Mozilla/5.0 (Windows NT 10.0; Win64; x64) AppleWebKit/537.36 (KHTML, like Gecko) Chrome/114.0.0.0 Safari/537.36 Edg/114.0.1823.43 0.033
127.0.0.1 - - [16/Jun/2023:13:20:52 +0300] GET /keymanager-operations/dcr/register/U1FCTzNQdGxqaEVrN0lldGRsUVR6SlRpaDhFYQ%3D%3D HTTP/1.1 200 720 - Apache-HttpClient/4.5.13 (Java/20.0.1) 0.048
127.0.0.1 - - [16/Jun/2023:13:20:52 +0300] GET /keymanager-operations/dcr/register/MHFfRExjbVRFTmxsZmtqNk9JdjB2WDJ1Q0FJYQ%3D%3D HTTP/1.1 200 720 - Apache-HttpClient/4.5.13 (Java/20.0.1) 0.057
127.0.0.1 - - [16/Jun/2023:13:20:52 +0300] GET /keymanager-operations/dcr/register/MHFfRExjbVRFTmxsZmtqNk9JdjB2WDJ1Q0FJYQ%3D%3D HTTP/1.1 200 720 - Apache-HttpClient/4.5.13 (Java/20.0.1) 0.007
0:0:0:0:0:0:0:1 - - [16/Jun/2023:13:20:52 +0300] GET /api/am/devportal/v3/subscriptions?apiId=b708e07c-f833-4577-9072-b66243c058b3&limit=5000 HTTP/1.1 200 801 https://localhost:9443/devportal/apis/b708e07c-f833-4577-9072-b66243c058b3/test Mozilla/5.0 (Windows NT 10.0; Win64; x64) AppleWebKit/537.36 (KHTML, like Gecko) Chrome/114.0.0.0 Safari/537.36 Edg/114.0.1823.43 0.180
127.0.0.1 - - [16/Jun/2023:13:20:52 +0300] GET /keymanager-operations/dcr/register/U1FCTzNQdGxqaEVrN0lldGRsUVR6SlRpaDhFYQ%3D%3D HTTP/1.1 200 720 - Apache-HttpClient/4.5.13 (Java/20.0.1) 0.038
0:0:0:0:0:0:0:1 - - [16/Jun/2023:13:20:52 +0300] GET /api/am/devportal/v3/subscriptions?apiId=b708e07c-f833-4577-9072-b66243c058b3&limit=25 HTTP/1.1 200 801 https://localhost:9443/devportal/apis/b708e07c-f833-4577-9072-b66243c058b3/test Mozilla/5.0 (Windows NT 10.0; Win64; x64) AppleWebKit/537.36 (KHTML, like Gecko) Chrome/114.0.0.0 Safari/537.36 Edg/114.0.1823.43 0.204
0:0:0:0:0:0:0:1 - - [16/Jun/2023:13:20:52 +0300] GET /devportal/site/public/dist/vendors~APIConsole~GraphQLConsole.fdedfa5fe9df001a3725.bundle.js HTTP/1.1 200 55674 https://localhost:9443/devportal/apis/b708e07c-f833-4577-9072-b66243c058b3/test Mozilla/5.0 (Windows NT 10.0; Win64; x64) AppleWebKit/537.36 (KHTML, like Gecko) Chrome/114.0.0.0 Safari/537.36 Edg/114.0.1823.43 0.058
0:0:0:0:0:0:0:1 - - [16/Jun/2023:13:20:52 +0300] GET /devportal/site/public/dist/vendors~APIConsole~APIDocuments~ApplicationDetails.632f7f3618b917dd72cb.bundle.js HTTP/1.1 200 25476 https://localhost:9443/devportal/apis/b708e07c-f833-4577-9072-b66243c058b3/test Mozilla/5.0 (Windows NT 10.0; Win64; x64) AppleWebKit/537.36 (KHTML, like Gecko) Chrome/114.0.0.0 Safari/537.36 Edg/114.0.1823.43 0.090
0:0:0:0:0:0:0:1 - - [16/Jun/2023:13:20:52 +0300] GET /devportal/site/public/dist/5.57286c37eacce5fafae0.bundle.js HTTP/1.1 200 84080 https://localhost:9443/devportal/apis/b708e07c-f833-4577-9072-b66243c058b3/test Mozilla/5.0 (Windows NT 10.0; Win64; x64) AppleWebKit/537.36 (KHTML, like Gecko) Chrome/114.0.0.0 Safari/537.36 Edg/114.0.1823.43 0.252
0:0:0:0:0:0:0:1 - - [16/Jun/2023:13:20:52 +0300] GET /devportal/site/public/dist/vendors~APIConsole~APIDocuments~APIOverview.351585fe0b19dbf2f65f.bundle.js HTTP/1.1 200 224002 https://localhost:9443/devportal/apis/b708e07c-f833-4577-9072-b66243c058b3/test Mozilla/5.0 (Windows NT 10.0; Win64; x64) AppleWebKit/537.36 (KHTML, like Gecko) Chrome/114.0.0.0 Safari/537.36 Edg/114.0.1823.43 0.311
0:0:0:0:0:0:0:1 - - [16/Jun/2023:13:20:53 +0300] GET /devportal/site/public/dist/APIConsole.b3e80a9dce3816857c0c.bundle.js HTTP/1.1 200 1748096 https://localhost:9443/devportal/apis/b708e07c-f833-4577-9072-b66243c058b3/test Mozilla/5.0 (Windows NT 10.0; Win64; x64) AppleWebKit/537.36 (KHTML, like Gecko) Chrome/114.0.0.0 Safari/537.36 Edg/114.0.1823.43 0.772
0:0:0:0:0:0:0:1 - - [16/Jun/2023:13:20:54 +0300] GET /api/am/devportal/v3/apis/b708e07c-f833-4577-9072-b66243c058b3 HTTP/1.1 200 1106 https://localhost:9443/devportal/apis/b708e07c-f833-4577-9072-b66243c058b3/test Mozilla/5.0 (Windows NT 10.0; Win64; x64) AppleWebKit/537.36 (KHTML, like Gecko) Chrome/114.0.0.0 Safari/537.36 Edg/114.0.1823.43 0.023
0:0:0:0:0:0:0:1 - - [16/Jun/2023:13:20:54 +0300] GET /api/am/devportal/v3/apis/b708e07c-f833-4577-9072-b66243c058b3/swagger?environmentName=Default HTTP/1.1 200 449 https://localhost:9443/devportal/apis/b708e07c-f833-4577-9072-b66243c058b3/test Mozilla/5.0 (Windows NT 10.0; Win64; x64) AppleWebKit/537.36 (KHTML, like Gecko) Chrome/114.0.0.0 Safari/537.36 Edg/114.0.1823.43 0.041
0:0:0:0:0:0:0:1 - - [16/Jun/2023:13:20:54 +0300] GET /api/am/devportal/v3/swagger.yaml HTTP/1.1 200 26878 https://localhost:9443/devportal/apis/b708e07c-f833-4577-9072-b66243c058b3/test Mozilla/5.0 (Windows NT 10.0; Win64; x64) AppleWebKit/537.36 (KHTML, like Gecko) Chrome/114.0.0.0 Safari/537.36 Edg/114.0.1823.43 0.013
0:0:0:0:0:0:0:1 - - [16/Jun/2023:13:20:54 +0300] GET /api/am/devportal/v3/key-managers HTTP/1.1 200 763 https://localhost:9443/devportal/apis/b708e07c-f833-4577-9072-b66243c058b3/test Mozilla/5.0 (Windows NT 10.0; Win64; x64) AppleWebKit/537.36 (KHTML, like Gecko) Chrome/114.0.0.0 Safari/537.36 Edg/114.0.1823.43 0.103
127.0.0.1 - - [16/Jun/2023:13:20:54 +0300] GET /oauth2/token/.well-known/openid-configuration HTTP/1.1 200 2395 - Apache-HttpClient/4.5.13 (Java/20.0.1) 0.011
127.0.0.1 - - [16/Jun/2023:13:20:54 +0300] GET /keymanager-operations/dcr/register/U1FCTzNQdGxqaEVrN0lldGRsUVR6SlRpaDhFYQ%3D%3D HTTP/1.1 200 720 - Apache-HttpClient/4.5.13 (Java/20.0.1) 0.083
127.0.0.1 - - [16/Jun/2023:13:20:54 +0300] GET /keymanager-operations/dcr/register/MHFfRExjbVRFTmxsZmtqNk9JdjB2WDJ1Q0FJYQ%3D%3D HTTP/1.1 200 720 - Apache-HttpClient/4.5.13 (Java/20.0.1) 0.033
0:0:0:0:0:0:0:1 - - [16/Jun/2023:13:20:54 +0300] GET /api/am/devportal/v3/subscriptions?apiId=b708e07c-f833-4577-9072-b66243c058b3&limit=25 HTTP/1.1 200 801 https://localhost:9443/devportal/apis/b708e07c-f833-4577-9072-b66243c058b3/test Mozilla/5.0 (Windows NT 10.0; Win64; x64) AppleWebKit/537.36 (KHTML, like Gecko) Chrome/114.0.0.0 Safari/537.36 Edg/114.0.1823.43 0.161
127.0.0.1 - - [16/Jun/2023:13:20:54 +0300] GET /keymanager-operations/dcr/register/U1FCTzNQdGxqaEVrN0lldGRsUVR6SlRpaDhFYQ%3D%3D HTTP/1.1 200 720 - Apache-HttpClient/4.5.13 (Java/20.0.1) 0.005
127.0.0.1 - - [16/Jun/2023:13:20:54 +0300] GET /keymanager-operations/dcr/register/MHFfRExjbVRFTmxsZmtqNk9JdjB2WDJ1Q0FJYQ%3D%3D HTTP/1.1 200 720 - Apache-HttpClient/4.5.13 (Java/20.0.1) 0.020
0:0:0:0:0:0:0:1 - - [16/Jun/2023:13:20:54 +0300] GET /api/am/devportal/v3/subscriptions?apiId=b708e07c-f833-4577-9072-b66243c058b3&limit=25 HTTP/1.1 200 801 https://localhost:9443/devportal/apis/b708e07c-f833-4577-9072-b66243c058b3/test Mozilla/5.0 (Windows NT 10.0; Win64; x64) AppleWebKit/537.36 (KHTML, like Gecko) Chrome/114.0.0.0 Safari/537.36 Edg/114.0.1823.43 0.042
0:0:0:0:0:0:0:1 - - [16/Jun/2023:13:20:54 +0300] GET /api/am/devportal/v3/applications/ HTTP/1.1 200 963 https://localhost:9443/devportal/apis/b708e07c-f833-4577-9072-b66243c058b3/test Mozilla/5.0 (Windows NT 10.0; Win64; x64) AppleWebKit/537.36 (KHTML, like Gecko) Chrome/114.0.0.0 Safari/537.36 Edg/114.0.1823.43 0.008
0:0:0:0:0:0:0:1 - - [16/Jun/2023:13:20:54 +0300] GET /api/am/devportal/v3/swagger.yaml HTTP/1.1 200 26878 https://localhost:9443/devportal/apis/b708e07c-f833-4577-9072-b66243c058b3/test Mozilla/5.0 (Windows NT 10.0; Win64; x64) AppleWebKit/537.36 (KHTML, like Gecko) Chrome/114.0.0.0 Safari/537.36 Edg/114.0.1823.43 0.013
127.0.0.1 - - [16/Jun/2023:13:20:54 +0300] GET /keymanager-operations/dcr/register/MHFfRExjbVRFTmxsZmtqNk9JdjB2WDJ1Q0FJYQ%3D%3D HTTP/1.1 200 720 - Apache-HttpClient/4.5.13 (Java/20.0.1) 0.005
0:0:0:0:0:0:0:1 - - [16/Jun/2023:13:20:54 +0300] GET /api/am/devportal/v3/applications/d8414650-0dc6-4424-9310-830582be7bd1 HTTP/1.1 200 336 https://localhost:9443/devportal/apis/b708e07c-f833-4577-9072-b66243c058b3/test Mozilla/5.0 (Windows NT 10.0; Win64; x64) AppleWebKit/537.36 (KHTML, like Gecko) Chrome/114.0.0.0 Safari/537.36 Edg/114.0.1823.43 0.012
127.0.0.1 - - [16/Jun/2023:13:20:54 +0300] GET /keymanager-operations/dcr/register/MHFfRExjbVRFTmxsZmtqNk9JdjB2WDJ1Q0FJYQ%3D%3D HTTP/1.1 200 720 - Apache-HttpClient/4.5.13 (Java/20.0.1) 0.005
0:0:0:0:0:0:0:1 - - [16/Jun/2023:13:20:54 +0300] GET /api/am/devportal/v3/applications/d8414650-0dc6-4424-9310-830582be7bd1/oauth-keys HTTP/1.1 200 868 https://localhost:9443/devportal/apis/b708e07c-f833-4577-9072-b66243c058b3/test Mozilla/5.0 (Windows NT 10.0; Win64; x64) AppleWebKit/537.36 (KHTML, like Gecko) Chrome/114.0.0.0 Safari/537.36 Edg/114.0.1823.43 0.013
0:0:0:0:0:0:0:1 - - [16/Jun/2023:13:20:55 +0300] GET /api/am/devportal/v3/swagger.yaml HTTP/1.1 200 26878 https://localhost:9443/devportal/apis/b708e07c-f833-4577-9072-b66243c058b3/test Mozilla/5.0 (Windows NT 10.0; Win64; x64) AppleWebKit/537.36 (KHTML, like Gecko) Chrome/114.0.0.0 Safari/537.36 Edg/114.0.1823.43 0.018
0:0:0:0:0:0:0:1 - - [16/Jun/2023:13:20:55 +0300] GET /api/am/devportal/v3/swagger.yaml HTTP/1.1 200 26878 https://localhost:9443/devportal/apis/b708e07c-f833-4577-9072-b66243c058b3/test Mozilla/5.0 (Windows NT 10.0; Win64; x64) AppleWebKit/537.36 (KHTML, like Gecko) Chrome/114.0.0.0 Safari/537.36 Edg/114.0.1823.43 0.012
127.0.0.1 - - [16/Jun/2023:13:20:55 +0300] GET /keymanager-operations/dcr/register/MHFfRExjbVRFTmxsZmtqNk9JdjB2WDJ1Q0FJYQ%3D%3D HTTP/1.1 200 720 - Apache-HttpClient/4.5.13 (Java/20.0.1) 0.004
0:0:0:0:0:0:0:1 - - [16/Jun/2023:13:20:55 +0300] GET /api/am/devportal/v3/applications/d8414650-0dc6-4424-9310-830582be7bd1 HTTP/1.1 200 336 https://localhost:9443/devportal/apis/b708e07c-f833-4577-9072-b66243c058b3/test Mozilla/5.0 (Windows NT 10.0; Win64; x64) AppleWebKit/537.36 (KHTML, like Gecko) Chrome/114.0.0.0 Safari/537.36 Edg/114.0.1823.43 0.013
127.0.0.1 - - [16/Jun/2023:13:20:55 +0300] GET /keymanager-operations/dcr/register/MHFfRExjbVRFTmxsZmtqNk9JdjB2WDJ1Q0FJYQ%3D%3D HTTP/1.1 200 720 - Apache-HttpClient/4.5.13 (Java/20.0.1) 0.011
0:0:0:0:0:0:0:1 - - [16/Jun/2023:13:20:55 +0300] GET /api/am/devportal/v3/applications/d8414650-0dc6-4424-9310-830582be7bd1 HTTP/1.1 200 336 https://localhost:9443/devportal/apis/b708e07c-f833-4577-9072-b66243c058b3/test Mozilla/5.0 (Windows NT 10.0; Win64; x64) AppleWebKit/537.36 (KHTML, like Gecko) Chrome/114.0.0.0 Safari/537.36 Edg/114.0.1823.43 0.019
127.0.0.1 - - [16/Jun/2023:13:20:55 +0300] GET /keymanager-operations/dcr/register/MHFfRExjbVRFTmxsZmtqNk9JdjB2WDJ1Q0FJYQ%3D%3D HTTP/1.1 200 720 - Apache-HttpClient/4.5.13 (Java/20.0.1) 0.008
0:0:0:0:0:0:0:1 - - [16/Jun/2023:13:20:55 +0300] GET /api/am/devportal/v3/applications/d8414650-0dc6-4424-9310-830582be7bd1/oauth-keys HTTP/1.1 200 868 https://localhost:9443/devportal/apis/b708e07c-f833-4577-9072-b66243c058b3/test Mozilla/5.0 (Windows NT 10.0; Win64; x64) AppleWebKit/537.36 (KHTML, like Gecko) Chrome/114.0.0.0 Safari/537.36 Edg/114.0.1823.43 0.015
127.0.0.1 - - [16/Jun/2023:13:20:55 +0300] GET /keymanager-operations/dcr/register/MHFfRExjbVRFTmxsZmtqNk9JdjB2WDJ1Q0FJYQ%3D%3D HTTP/1.1 200 720 - Apache-HttpClient/4.5.13 (Java/20.0.1) 0.004
0:0:0:0:0:0:0:1 - - [16/Jun/2023:13:20:55 +0300] GET /api/am/devportal/v3/applications/d8414650-0dc6-4424-9310-830582be7bd1/oauth-keys HTTP/1.1 200 868 https://localhost:9443/devportal/apis/b708e07c-f833-4577-9072-b66243c058b3/test Mozilla/5.0 (Windows NT 10.0; Win64; x64) AppleWebKit/537.36 (KHTML, like Gecko) Chrome/114.0.0.0 Safari/537.36 Edg/114.0.1823.43 0.020
0:0:0:0:0:0:0:1 - - [16/Jun/2023:13:22:00 +0300] - 400 - - - 0.000
0:0:0:0:0:0:0:1 - - [16/Jun/2023:13:22:00 +0300] - 400 - - - 0.000
0:0:0:0:0:0:0:1 - - [16/Jun/2023:13:22:00 +0300] GET /devportal/site/public/dist/ApiListing.124eade6a6be03879d65.bundle.js HTTP/1.1 200 8080 https://localhost:9443/devportal/applications Mozilla/5.0 (Windows NT 10.0; Win64; x64) AppleWebKit/537.36 (KHTML, like Gecko) Chrome/114.0.0.0 Safari/537.36 Edg/114.0.1823.43 0.029
0:0:0:0:0:0:0:1 - - [16/Jun/2023:13:22:01 +0300] - 400 - - - 0.000
0:0:0:0:0:0:0:1 - - [16/Jun/2023:13:22:01 +0300] GET /devportal/site/public/images/_favicon.ico HTTP/1.1 200 1150 https://localhost:9443/devportal/applications Mozilla/5.0 (Windows NT 10.0; Win64; x64) AppleWebKit/537.36 (KHTML, like Gecko) Chrome/114.0.0.0 Safari/537.36 Edg/114.0.1823.43 0.010
0:0:0:0:0:0:0:1 - - [16/Jun/2023:13:22:01 +0300] GET /api/am/devportal/v3/swagger.yaml HTTP/1.1 200 26878 https://localhost:9443/devportal/applications Mozilla/5.0 (Windows NT 10.0; Win64; x64) AppleWebKit/537.36 (KHTML, like Gecko) Chrome/114.0.0.0 Safari/537.36 Edg/114.0.1823.43 0.016
0:0:0:0:0:0:0:1 - - [16/Jun/2023:13:22:01 +0300] GET /api/am/devportal/v3/applications?sortBy=name&sortOrder=asc&limit=10&offset=0 HTTP/1.1 200 963 https://localhost:9443/devportal/applications Mozilla/5.0 (Windows NT 10.0; Win64; x64) AppleWebKit/537.36 (KHTML, like Gecko) Chrome/114.0.0.0 Safari/537.36 Edg/114.0.1823.43 0.297
0:0:0:0:0:0:0:1 - - [16/Jun/2023:13:22:04 +0300] - 400 - - - 0.000
0:0:0:0:0:0:0:1 - - [16/Jun/2023:13:22:04 +0300] - 400 - - - 0.000
0:0:0:0:0:0:0:1 - - [16/Jun/2023:13:22:04 +0300] GET /devportal/site/public/dist/7.78efb95d9f7afcfbb567.bundle.js HTTP/1.1 200 42986 https://localhost:9443/devportal/applications/d8414650-0dc6-4424-9310-830582be7bd1 Mozilla/5.0 (Windows NT 10.0; Win64; x64) AppleWebKit/537.36 (KHTML, like Gecko) Chrome/114.0.0.0 Safari/537.36 Edg/114.0.1823.43 0.018
0:0:0:0:0:0:0:1 - - [16/Jun/2023:13:22:04 +0300] GET /devportal/site/public/dist/vendors~APIComments~APIOverview~ApplicationDetails.9553ed9b23431ac21302.bundle.js HTTP/1.1 200 5490 https://localhost:9443/devportal/applications/d8414650-0dc6-4424-9310-830582be7bd1 Mozilla/5.0 (Windows NT 10.0; Win64; x64) AppleWebKit/537.36 (KHTML, like Gecko) Chrome/114.0.0.0 Safari/537.36 Edg/114.0.1823.43 0.005
0:0:0:0:0:0:0:1 - - [16/Jun/2023:13:22:04 +0300] - 400 - - - 0.000
0:0:0:0:0:0:0:1 - - [16/Jun/2023:13:22:04 +0300] GET /devportal/site/public/images/_favicon.ico HTTP/1.1 200 1150 https://localhost:9443/devportal/applications/d8414650-0dc6-4424-9310-830582be7bd1 Mozilla/5.0 (Windows NT 10.0; Win64; x64) AppleWebKit/537.36 (KHTML, like Gecko) Chrome/114.0.0.0 Safari/537.36 Edg/114.0.1823.43 0.003
0:0:0:0:0:0:0:1 - - [16/Jun/2023:13:22:04 +0300] GET /devportal/site/public/dist/ApplicationDetails.84676b0e418ac76ec3ec.bundle.js HTTP/1.1 200 118257 https://localhost:9443/devportal/applications/d8414650-0dc6-4424-9310-830582be7bd1 Mozilla/5.0 (Windows NT 10.0; Win64; x64) AppleWebKit/537.36 (KHTML, like Gecko) Chrome/114.0.0.0 Safari/537.36 Edg/114.0.1823.43 0.057
127.0.0.1 - - [16/Jun/2023:13:22:04 +0300] GET /keymanager-operations/dcr/register/MHFfRExjbVRFTmxsZmtqNk9JdjB2WDJ1Q0FJYQ%3D%3D HTTP/1.1 200 720 - Apache-HttpClient/4.5.13 (Java/20.0.1) 0.006
0:0:0:0:0:0:0:1 - - [16/Jun/2023:13:22:04 +0300] GET /api/am/devportal/v3/applications/d8414650-0dc6-4424-9310-830582be7bd1 HTTP/1.1 200 336 https://localhost:9443/devportal/applications/d8414650-0dc6-4424-9310-830582be7bd1 Mozilla/5.0 (Windows NT 10.0; Win64; x64) AppleWebKit/537.36 (KHTML, like Gecko) Chrome/114.0.0.0 Safari/537.36 Edg/114.0.1823.43 0.033
0:0:0:0:0:0:0:1 - - [16/Jun/2023:13:22:04 +0300] - 400 - - - 0.000
0:0:0:0:0:0:0:1 - - [16/Jun/2023:13:22:04 +0300] GET /api/am/devportal/v3/throttling-policies/application/20PerMin HTTP/1.1 200 493 https://localhost:9443/devportal/applications/d8414650-0dc6-4424-9310-830582be7bd1/overview Mozilla/5.0 (Windows NT 10.0; Win64; x64) AppleWebKit/537.36 (KHTML, like Gecko) Chrome/114.0.0.0 Safari/537.36 Edg/114.0.1823.43 0.015
0:0:0:0:0:0:0:1 - - [16/Jun/2023:13:22:04 +0300] GET /devportal/site/public/images/_favicon.ico HTTP/1.1 200 1150 https://localhost:9443/devportal/applications/d8414650-0dc6-4424-9310-830582be7bd1/overview Mozilla/5.0 (Windows NT 10.0; Win64; x64) AppleWebKit/537.36 (KHTML, like Gecko) Chrome/114.0.0.0 Safari/537.36 Edg/114.0.1823.43 0.002
127.0.0.1 - - [16/Jun/2023:13:22:04 +0300] GET /keymanager-operations/dcr/register/MHFfRExjbVRFTmxsZmtqNk9JdjB2WDJ1Q0FJYQ%3D%3D HTTP/1.1 200 720 - Apache-HttpClient/4.5.13 (Java/20.0.1) 0.005
0:0:0:0:0:0:0:1 - - [16/Jun/2023:13:22:04 +0300] GET /api/am/devportal/v3/applications/d8414650-0dc6-4424-9310-830582be7bd1 HTTP/1.1 200 336 https://localhost:9443/devportal/applications/d8414650-0dc6-4424-9310-830582be7bd1/overview Mozilla/5.0 (Windows NT 10.0; Win64; x64) AppleWebKit/537.36 (KHTML, like Gecko) Chrome/114.0.0.0 Safari/537.36 Edg/114.0.1823.43 0.017
0:0:0:0:0:0:0:1 - - [16/Jun/2023:13:22:04 +0300] GET /api/am/devportal/v3/throttling-policies/application/20PerMin HTTP/1.1 200 493 https://localhost:9443/devportal/applications/d8414650-0dc6-4424-9310-830582be7bd1/overview Mozilla/5.0 (Windows NT 10.0; Win64; x64) AppleWebKit/537.36 (KHTML, like Gecko) Chrome/114.0.0.0 Safari/537.36 Edg/114.0.1823.43 0.004
0:0:0:0:0:0:0:1 - - [16/Jun/2023:13:22:07 +0300] GET /api/am/devportal/v3/swagger.yaml HTTP/1.1 200 26878 https://localhost:9443/devportal/applications/d8414650-0dc6-4424-9310-830582be7bd1/sandboxkeys/oauth Mozilla/5.0 (Windows NT 10.0; Win64; x64) AppleWebKit/537.36 (KHTML, like Gecko) Chrome/114.0.0.0 Safari/537.36 Edg/114.0.1823.43 0.031
0:0:0:0:0:0:0:1 - - [16/Jun/2023:13:22:07 +0300] GET /devportal/site/public/images/_favicon.ico HTTP/1.1 200 1150 https://localhost:9443/devportal/applications/d8414650-0dc6-4424-9310-830582be7bd1/sandboxkeys/oauth Mozilla/5.0 (Windows NT 10.0; Win64; x64) AppleWebKit/537.36 (KHTML, like Gecko) Chrome/114.0.0.0 Safari/537.36 Edg/114.0.1823.43 0.018
127.0.0.1 - - [16/Jun/2023:13:22:07 +0300] GET /oauth2/token/.well-known/openid-configuration HTTP/1.1 200 2395 - Apache-HttpClient/4.5.13 (Java/20.0.1) 0.013
0:0:0:0:0:0:0:1 - - [16/Jun/2023:13:22:07 +0300] GET /api/am/devportal/v3/key-managers HTTP/1.1 200 763 https://localhost:9443/devportal/applications/d8414650-0dc6-4424-9310-830582be7bd1/sandboxkeys/oauth Mozilla/5.0 (Windows NT 10.0; Win64; x64) AppleWebKit/537.36 (KHTML, like Gecko) Chrome/114.0.0.0 Safari/537.36 Edg/114.0.1823.43 0.177
127.0.0.1 - - [16/Jun/2023:13:22:07 +0300] GET /keymanager-operations/dcr/register/MHFfRExjbVRFTmxsZmtqNk9JdjB2WDJ1Q0FJYQ%3D%3D HTTP/1.1 200 720 - Apache-HttpClient/4.5.13 (Java/20.0.1) 0.011
0:0:0:0:0:0:0:1 - - [16/Jun/2023:13:22:07 +0300] GET /api/am/devportal/v3/applications/d8414650-0dc6-4424-9310-830582be7bd1 HTTP/1.1 200 336 https://localhost:9443/devportal/applications/d8414650-0dc6-4424-9310-830582be7bd1/sandboxkeys/oauth Mozilla/5.0 (Windows NT 10.0; Win64; x64) AppleWebKit/537.36 (KHTML, like Gecko) Chrome/114.0.0.0 Safari/537.36 Edg/114.0.1823.43 0.049
127.0.0.1 - - [16/Jun/2023:13:22:07 +0300] GET /keymanager-operations/dcr/register/MHFfRExjbVRFTmxsZmtqNk9JdjB2WDJ1Q0FJYQ%3D%3D HTTP/1.1 200 720 - Apache-HttpClient/4.5.13 (Java/20.0.1) 0.005
0:0:0:0:0:0:0:1 - - [16/Jun/2023:13:22:07 +0300] GET /api/am/devportal/v3/applications/d8414650-0dc6-4424-9310-830582be7bd1/oauth-keys HTTP/1.1 200 868 https://localhost:9443/devportal/applications/d8414650-0dc6-4424-9310-830582be7bd1/sandboxkeys/oauth Mozilla/5.0 (Windows NT 10.0; Win64; x64) AppleWebKit/537.36 (KHTML, like Gecko) Chrome/114.0.0.0 Safari/537.36 Edg/114.0.1823.43 0.012
0:0:0:0:0:0:0:1 - - [16/Jun/2023:13:22:08 +0300] GET /api/am/devportal/v3/swagger.yaml HTTP/1.1 200 26878 https://localhost:9443/devportal/applications/d8414650-0dc6-4424-9310-830582be7bd1/sandboxkeys/oauth Mozilla/5.0 (Windows NT 10.0; Win64; x64) AppleWebKit/537.36 (KHTML, like Gecko) Chrome/114.0.0.0 Safari/537.36 Edg/114.0.1823.43 0.014
127.0.0.1 - - [16/Jun/2023:13:22:08 +0300] GET /keymanager-operations/dcr/register/MHFfRExjbVRFTmxsZmtqNk9JdjB2WDJ1Q0FJYQ%3D%3D HTTP/1.1 200 720 - Apache-HttpClient/4.5.13 (Java/20.0.1) 0.055
0:0:0:0:0:0:0:1 - - [16/Jun/2023:13:22:08 +0300] GET /api/am/devportal/v3/applications/d8414650-0dc6-4424-9310-830582be7bd1 HTTP/1.1 200 336 https://localhost:9443/devportal/applications/d8414650-0dc6-4424-9310-830582be7bd1/sandboxkeys/oauth Mozilla/5.0 (Windows NT 10.0; Win64; x64) AppleWebKit/537.36 (KHTML, like Gecko) Chrome/114.0.0.0 Safari/537.36 Edg/114.0.1823.43 0.062
127.0.0.1 - - [16/Jun/2023:13:22:08 +0300] GET /keymanager-operations/dcr/register/MHFfRExjbVRFTmxsZmtqNk9JdjB2WDJ1Q0FJYQ%3D%3D HTTP/1.1 200 720 - Apache-HttpClient/4.5.13 (Java/20.0.1) 0.004
0:0:0:0:0:0:0:1 - - [16/Jun/2023:13:22:08 +0300] GET /api/am/devportal/v3/applications/d8414650-0dc6-4424-9310-830582be7bd1/oauth-keys HTTP/1.1 200 868 https://localhost:9443/devportal/applications/d8414650-0dc6-4424-9310-830582be7bd1/sandboxkeys/oauth Mozilla/5.0 (Windows NT 10.0; Win64; x64) AppleWebKit/537.36 (KHTML, like Gecko) Chrome/114.0.0.0 Safari/537.36 Edg/114.0.1823.43 0.011
127.0.0.1 - - [16/Jun/2023:13:22:12 +0300] GET /keymanager-operations/dcr/register/MHFfRExjbVRFTmxsZmtqNk9JdjB2WDJ1Q0FJYQ%3D%3D HTTP/1.1 200 720 - Apache-HttpClient/4.5.13 (Java/20.0.1) 0.004
0:0:0:0:0:0:0:1 - - [16/Jun/2023:13:22:12 +0300] GET /api/am/devportal/v3/applications/d8414650-0dc6-4424-9310-830582be7bd1/oauth-keys HTTP/1.1 200 868 https://localhost:9443/devportal/applications/d8414650-0dc6-4424-9310-830582be7bd1/sandboxkeys/oauth Mozilla/5.0 (Windows NT 10.0; Win64; x64) AppleWebKit/537.36 (KHTML, like Gecko) Chrome/114.0.0.0 Safari/537.36 Edg/114.0.1823.43 0.014
127.0.0.1 - - [16/Jun/2023:13:22:12 +0300] GET /keymanager-operations/dcr/register/MHFfRExjbVRFTmxsZmtqNk9JdjB2WDJ1Q0FJYQ%3D%3D HTTP/1.1 200 720 - Apache-HttpClient/4.5.13 (Java/20.0.1) 0.005
127.0.0.1 - - [16/Jun/2023:13:22:12 +0300] GET /keymanager-operations/dcr/register/MHFfRExjbVRFTmxsZmtqNk9JdjB2WDJ1Q0FJYQ%3D%3D HTTP/1.1 200 720 - Apache-HttpClient/4.5.13 (Java/20.0.1) 0.003
0:0:0:0:0:0:0:1 - - [16/Jun/2023:13:22:12 +0300] POST /api/am/devportal/v3/applications/d8414650-0dc6-4424-9310-830582be7bd1/oauth-keys/15e53310-e0a3-4f4c-bba4-05809bd5486b/generate-token HTTP/1.1 200 891 https://localhost:9443/devportal/applications/d8414650-0dc6-4424-9310-830582be7bd1/sandboxkeys/oauth Mozilla/5.0 (Windows NT 10.0; Win64; x64) AppleWebKit/537.36 (KHTML, like Gecko) Chrome/114.0.0.0 Safari/537.36 Edg/114.0.1823.43 0.160
127.0.0.1 - - [16/Jun/2023:13:22:12 +0300] POST /oauth2/token HTTP/1.1 200 1183 - Apache-HttpClient/4.5.13 (Java/20.0.1) 0.048
127.0.0.1 - - [16/Jun/2023:13:22:12 +0300] POST /internal/data/v1/notify HTTP/1.1 200 - - Apache-HttpClient/4.5.13 (Java/20.0.1) 0.027
0:0:0:0:0:0:0:1 - - [16/Jun/2023:13:22:21 +0300] GET /api/am/devportal/v3/api-categories HTTP/1.1 200 21 https://localhost:9443/devportal/apis Mozilla/5.0 (Windows NT 10.0; Win64; x64) AppleWebKit/537.36 (KHTML, like Gecko) Chrome/114.0.0.0 Safari/537.36 Edg/114.0.1823.43 0.013
0:0:0:0:0:0:0:1 - - [16/Jun/2023:13:22:21 +0300] GET /devportal/site/public/images/_favicon.ico HTTP/1.1 200 1150 https://localhost:9443/devportal/apis Mozilla/5.0 (Windows NT 10.0; Win64; x64) AppleWebKit/537.36 (KHTML, like Gecko) Chrome/114.0.0.0 Safari/537.36 Edg/114.0.1823.43 0.004
0:0:0:0:0:0:0:1 - - [16/Jun/2023:13:22:21 +0300] GET /api/am/devportal/v3/tags HTTP/1.1 200 147 https://localhost:9443/devportal/apis Mozilla/5.0 (Windows NT 10.0; Win64; x64) AppleWebKit/537.36 (KHTML, like Gecko) Chrome/114.0.0.0 Safari/537.36 Edg/114.0.1823.43 0.211
0:0:0:0:0:0:0:1 - - [16/Jun/2023:13:22:22 +0300] GET /api/am/devportal/v3/apis?limit=10&offset=0 HTTP/1.1 200 749 https://localhost:9443/devportal/apis Mozilla/5.0 (Windows NT 10.0; Win64; x64) AppleWebKit/537.36 (KHTML, like Gecko) Chrome/114.0.0.0 Safari/537.36 Edg/114.0.1823.43 0.278
0:0:0:0:0:0:0:1 - - [16/Jun/2023:13:22:22 +0300] GET /api/am/devportal/v3/apis/e4370ba6-92b7-4702-a4ef-88bd6e943f97/ratings HTTP/1.1 200 125 https://localhost:9443/devportal/apis Mozilla/5.0 (Windows NT 10.0; Win64; x64) AppleWebKit/537.36 (KHTML, like Gecko) Chrome/114.0.0.0 Safari/537.36 Edg/114.0.1823.43 0.022
0:0:0:0:0:0:0:1 - - [16/Jun/2023:13:22:22 +0300] GET /api/am/devportal/v3/apis/bd412728-6963-4947-ba67-61fa1e164022/ratings HTTP/1.1 200 125 https://localhost:9443/devportal/apis Mozilla/5.0 (Windows NT 10.0; Win64; x64) AppleWebKit/537.36 (KHTML, like Gecko) Chrome/114.0.0.0 Safari/537.36 Edg/114.0.1823.43 0.039
0:0:0:0:0:0:0:1 - - [16/Jun/2023:13:22:22 +0300] - 400 - - - 0.000
0:0:0:0:0:0:0:1 - - [16/Jun/2023:13:22:22 +0300] - 400 - - - 0.000
0:0:0:0:0:0:0:1 - - [16/Jun/2023:13:22:22 +0300] - 400 - - - 0.000
0:0:0:0:0:0:0:1 - - [16/Jun/2023:13:22:22 +0300] - 400 - - - 0.000
0:0:0:0:0:0:0:1 - - [16/Jun/2023:13:22:22 +0300] - 400 - - - 0.000
0:0:0:0:0:0:0:1 - - [16/Jun/2023:13:22:22 +0300] GET /api/am/devportal/v3/apis/e4370ba6-92b7-4702-a4ef-88bd6e943f97/thumbnail HTTP/1.1 204 - https://localhost:9443/devportal/apis Mozilla/5.0 (Windows NT 10.0; Win64; x64) AppleWebKit/537.36 (KHTML, like Gecko) Chrome/114.0.0.0 Safari/537.36 Edg/114.0.1823.43 0.119
0:0:0:0:0:0:0:1 - - [16/Jun/2023:13:22:22 +0300] - 400 - - - 0.000
0:0:0:0:0:0:0:1 - - [16/Jun/2023:13:22:22 +0300] - 400 - - - 0.000
0:0:0:0:0:0:0:1 - - [16/Jun/2023:13:22:22 +0300] GET /api/am/devportal/v3/apis/bd412728-6963-4947-ba67-61fa1e164022/thumbnail HTTP/1.1 204 - https://localhost:9443/devportal/apis Mozilla/5.0 (Windows NT 10.0; Win64; x64) AppleWebKit/537.36 (KHTML, like Gecko) Chrome/114.0.0.0 Safari/537.36 Edg/114.0.1823.43 0.136
0:0:0:0:0:0:0:1 - - [16/Jun/2023:13:22:22 +0300] GET /api/am/devportal/v3/apis/746c7962-0923-4c21-be0e-a84d3748b57b/ratings HTTP/1.1 200 125 https://localhost:9443/devportal/apis Mozilla/5.0 (Windows NT 10.0; Win64; x64) AppleWebKit/537.36 (KHTML, like Gecko) Chrome/114.0.0.0 Safari/537.36 Edg/114.0.1823.43 0.139
0:0:0:0:0:0:0:1 - - [16/Jun/2023:13:22:22 +0300] GET /api/am/devportal/v3/apis/8485612f-b238-4e6d-9c05-e116e15f9121/ratings HTTP/1.1 200 125 https://localhost:9443/devportal/apis Mozilla/5.0 (Windows NT 10.0; Win64; x64) AppleWebKit/537.36 (KHTML, like Gecko) Chrome/114.0.0.0 Safari/537.36 Edg/114.0.1823.43 0.024
0:0:0:0:0:0:0:1 - - [16/Jun/2023:13:22:22 +0300] GET /api/am/devportal/v3/apis/b708e07c-f833-4577-9072-b66243c058b3/ratings HTTP/1.1 200 125 https://localhost:9443/devportal/apis Mozilla/5.0 (Windows NT 10.0; Win64; x64) AppleWebKit/537.36 (KHTML, like Gecko) Chrome/114.0.0.0 Safari/537.36 Edg/114.0.1823.43 0.064
0:0:0:0:0:0:0:1 - - [16/Jun/2023:13:22:22 +0300] GET /api/am/devportal/v3/apis/8485612f-b238-4e6d-9c05-e116e15f9121/thumbnail HTTP/1.1 204 - https://localhost:9443/devportal/apis Mozilla/5.0 (Windows NT 10.0; Win64; x64) AppleWebKit/537.36 (KHTML, like Gecko) Chrome/114.0.0.0 Safari/537.36 Edg/114.0.1823.43 0.121
0:0:0:0:0:0:0:1 - - [16/Jun/2023:13:22:22 +0300] GET /api/am/devportal/v3/apis/b708e07c-f833-4577-9072-b66243c058b3/thumbnail HTTP/1.1 204 - https://localhost:9443/devportal/apis Mozilla/5.0 (Windows NT 10.0; Win64; x64) AppleWebKit/537.36 (KHTML, like Gecko) Chrome/114.0.0.0 Safari/537.36 Edg/114.0.1823.43 0.124
0:0:0:0:0:0:0:1 - - [16/Jun/2023:13:22:22 +0300] GET /api/am/devportal/v3/apis/746c7962-0923-4c21-be0e-a84d3748b57b/thumbnail HTTP/1.1 204 - https://localhost:9443/devportal/apis Mozilla/5.0 (Windows NT 10.0; Win64; x64) AppleWebKit/537.36 (KHTML, like Gecko) Chrome/114.0.0.0 Safari/537.36 Edg/114.0.1823.43 0.174
0:0:0:0:0:0:0:1 - - [16/Jun/2023:13:22:24 +0300] GET /api/am/devportal/v3/apis/b708e07c-f833-4577-9072-b66243c058b3 HTTP/1.1 200 1106 https://localhost:9443/devportal/apis/b708e07c-f833-4577-9072-b66243c058b3 Mozilla/5.0 (Windows NT 10.0; Win64; x64) AppleWebKit/537.36 (KHTML, like Gecko) Chrome/114.0.0.0 Safari/537.36 Edg/114.0.1823.43 0.029
127.0.0.1 - - [16/Jun/2023:13:22:24 +0300] GET /keymanager-operations/dcr/register/MHFfRExjbVRFTmxsZmtqNk9JdjB2WDJ1Q0FJYQ%3D%3D HTTP/1.1 200 720 - Apache-HttpClient/4.5.13 (Java/20.0.1) 0.005
0:0:0:0:0:0:0:1 - - [16/Jun/2023:13:22:24 +0300] GET /devportal/site/public/images/_favicon.ico HTTP/1.1 200 1150 https://localhost:9443/devportal/apis/b708e07c-f833-4577-9072-b66243c058b3 Mozilla/5.0 (Windows NT 10.0; Win64; x64) AppleWebKit/537.36 (KHTML, like Gecko) Chrome/114.0.0.0 Safari/537.36 Edg/114.0.1823.43 0.015
0:0:0:0:0:0:0:1 - - [16/Jun/2023:13:22:24 +0300] GET /api/am/devportal/v3/applications?limit=5000 HTTP/1.1 200 965 https://localhost:9443/devportal/apis/b708e07c-f833-4577-9072-b66243c058b3 Mozilla/5.0 (Windows NT 10.0; Win64; x64) AppleWebKit/537.36 (KHTML, like Gecko) Chrome/114.0.0.0 Safari/537.36 Edg/114.0.1823.43 0.037
127.0.0.1 - - [16/Jun/2023:13:22:24 +0300] GET /keymanager-operations/dcr/register/MHFfRExjbVRFTmxsZmtqNk9JdjB2WDJ1Q0FJYQ%3D%3D HTTP/1.1 200 720 - Apache-HttpClient/4.5.13 (Java/20.0.1) 0.031
127.0.0.1 - - [16/Jun/2023:13:22:24 +0300] GET /keymanager-operations/dcr/register/U1FCTzNQdGxqaEVrN0lldGRsUVR6SlRpaDhFYQ%3D%3D HTTP/1.1 200 720 - Apache-HttpClient/4.5.13 (Java/20.0.1) 0.046
0:0:0:0:0:0:0:1 - - [16/Jun/2023:13:22:24 +0300] GET /devportal/site/public/images/_favicon.ico HTTP/1.1 200 1150 https://localhost:9443/devportal/apis/b708e07c-f833-4577-9072-b66243c058b3/overview Mozilla/5.0 (Windows NT 10.0; Win64; x64) AppleWebKit/537.36 (KHTML, like Gecko) Chrome/114.0.0.0 Safari/537.36 Edg/114.0.1823.43 0.009
127.0.0.1 - - [16/Jun/2023:13:22:24 +0300] GET /keymanager-operations/dcr/register/U1FCTzNQdGxqaEVrN0lldGRsUVR6SlRpaDhFYQ%3D%3D HTTP/1.1 200 720 - Apache-HttpClient/4.5.13 (Java/20.0.1) 0.011
0:0:0:0:0:0:0:1 - - [16/Jun/2023:13:22:25 +0300] GET /api/am/devportal/v3/subscriptions?apiId=b708e07c-f833-4577-9072-b66243c058b3&limit=25 HTTP/1.1 200 801 https://localhost:9443/devportal/apis/b708e07c-f833-4577-9072-b66243c058b3 Mozilla/5.0 (Windows NT 10.0; Win64; x64) AppleWebKit/537.36 (KHTML, like Gecko) Chrome/114.0.0.0 Safari/537.36 Edg/114.0.1823.43 0.106
0:0:0:0:0:0:0:1 - - [16/Jun/2023:13:22:25 +0300] GET /api/am/devportal/v3/subscriptions?apiId=b708e07c-f833-4577-9072-b66243c058b3&limit=5000 HTTP/1.1 200 801 https://localhost:9443/devportal/apis/b708e07c-f833-4577-9072-b66243c058b3 Mozilla/5.0 (Windows NT 10.0; Win64; x64) AppleWebKit/537.36 (KHTML, like Gecko) Chrome/114.0.0.0 Safari/537.36 Edg/114.0.1823.43 0.114
0:0:0:0:0:0:0:1 - - [16/Jun/2023:13:22:25 +0300] GET /devportal/site/public/dist/vendors~APIOverview~MDReactMarkdown.c8e68cd152f6972597f4.bundle.js HTTP/1.1 200 23172 https://localhost:9443/devportal/apis/b708e07c-f833-4577-9072-b66243c058b3/overview Mozilla/5.0 (Windows NT 10.0; Win64; x64) AppleWebKit/537.36 (KHTML, like Gecko) Chrome/114.0.0.0 Safari/537.36 Edg/114.0.1823.43 0.084
0:0:0:0:0:0:0:1 - - [16/Jun/2023:13:22:25 +0300] GET /devportal/site/public/dist/APIOverview.9b9a6e01add6e880d662.bundle.js HTTP/1.1 200 20063 https://localhost:9443/devportal/apis/b708e07c-f833-4577-9072-b66243c058b3/overview Mozilla/5.0 (Windows NT 10.0; Win64; x64) AppleWebKit/537.36 (KHTML, like Gecko) Chrome/114.0.0.0 Safari/537.36 Edg/114.0.1823.43 0.035
0:0:0:0:0:0:0:1 - - [16/Jun/2023:13:22:25 +0300] GET /devportal/site/public/dist/vendors~APIDocuments~APIOverview.f394ac01608a94b6dd74.bundle.js HTTP/1.1 200 34374 https://localhost:9443/devportal/apis/b708e07c-f833-4577-9072-b66243c058b3/overview Mozilla/5.0 (Windows NT 10.0; Win64; x64) AppleWebKit/537.36 (KHTML, like Gecko) Chrome/114.0.0.0 Safari/537.36 Edg/114.0.1823.43 0.098
0:0:0:0:0:0:0:1 - - [16/Jun/2023:13:22:25 +0300] GET /api/am/devportal/v3/throttling-policies/subscription HTTP/1.1 200 634 https://localhost:9443/devportal/apis/b708e07c-f833-4577-9072-b66243c058b3/overview Mozilla/5.0 (Windows NT 10.0; Win64; x64) AppleWebKit/537.36 (KHTML, like Gecko) Chrome/114.0.0.0 Safari/537.36 Edg/114.0.1823.43 0.010
0:0:0:0:0:0:0:1 - - [16/Jun/2023:13:22:25 +0300] GET /api/am/devportal/v3/throttling-policies/subscription HTTP/1.1 200 634 https://localhost:9443/devportal/apis/b708e07c-f833-4577-9072-b66243c058b3/overview Mozilla/5.0 (Windows NT 10.0; Win64; x64) AppleWebKit/537.36 (KHTML, like Gecko) Chrome/114.0.0.0 Safari/537.36 Edg/114.0.1823.43 0.008
0:0:0:0:0:0:0:1 - - [16/Jun/2023:13:22:25 +0300] GET /api/am/devportal/v3/apis/b708e07c-f833-4577-9072-b66243c058b3/documents HTTP/1.1 200 92 https://localhost:9443/devportal/apis/b708e07c-f833-4577-9072-b66243c058b3/overview Mozilla/5.0 (Windows NT 10.0; Win64; x64) AppleWebKit/537.36 (KHTML, like Gecko) Chrome/114.0.0.0 Safari/537.36 Edg/114.0.1823.43 0.029
0:0:0:0:0:0:0:1 - - [16/Jun/2023:13:22:25 +0300] GET /api/am/devportal/v3/apis/b708e07c-f833-4577-9072-b66243c058b3/documents HTTP/1.1 200 92 https://localhost:9443/devportal/apis/b708e07c-f833-4577-9072-b66243c058b3/overview Mozilla/5.0 (Windows NT 10.0; Win64; x64) AppleWebKit/537.36 (KHTML, like Gecko) Chrome/114.0.0.0 Safari/537.36 Edg/114.0.1823.43 0.041
0:0:0:0:0:0:0:1 - - [16/Jun/2023:13:22:25 +0300] GET /api/am/devportal/v3/apis/b708e07c-f833-4577-9072-b66243c058b3/ratings HTTP/1.1 200 125 https://localhost:9443/devportal/apis/b708e07c-f833-4577-9072-b66243c058b3/overview Mozilla/5.0 (Windows NT 10.0; Win64; x64) AppleWebKit/537.36 (KHTML, like Gecko) Chrome/114.0.0.0 Safari/537.36 Edg/114.0.1823.43 0.013
0:0:0:0:0:0:0:1 - - [16/Jun/2023:13:22:25 +0300] GET /api/am/devportal/v3/apis/b708e07c-f833-4577-9072-b66243c058b3/thumbnail HTTP/1.1 204 - https://localhost:9443/devportal/apis/b708e07c-f833-4577-9072-b66243c058b3/overview Mozilla/5.0 (Windows NT 10.0; Win64; x64) AppleWebKit/537.36 (KHTML, like Gecko) Chrome/114.0.0.0 Safari/537.36 Edg/114.0.1823.43 0.091
0:0:0:0:0:0:0:1 - - [16/Jun/2023:13:22:25 +0300] GET /api/am/devportal/v3/apis/b708e07c-f833-4577-9072-b66243c058b3/comments?limit=5&offset=0 HTTP/1.1 200 101 https://localhost:9443/devportal/apis/b708e07c-f833-4577-9072-b66243c058b3/overview Mozilla/5.0 (Windows NT 10.0; Win64; x64) AppleWebKit/537.36 (KHTML, like Gecko) Chrome/114.0.0.0 Safari/537.36 Edg/114.0.1823.43 0.091
0:0:0:0:0:0:0:1 - - [16/Jun/2023:13:22:27 +0300] GET /devportal/site/public/images/_favicon.ico HTTP/1.1 200 1150 https://localhost:9443/devportal/apis/b708e07c-f833-4577-9072-b66243c058b3/test Mozilla/5.0 (Windows NT 10.0; Win64; x64) AppleWebKit/537.36 (KHTML, like Gecko) Chrome/114.0.0.0 Safari/537.36 Edg/114.0.1823.43 0.005
0:0:0:0:0:0:0:1 - - [16/Jun/2023:13:22:27 +0300] GET /api/am/devportal/v3/applications?limit=5000 HTTP/1.1 200 965 https://localhost:9443/devportal/apis/b708e07c-f833-4577-9072-b66243c058b3/test Mozilla/5.0 (Windows NT 10.0; Win64; x64) AppleWebKit/537.36 (KHTML, like Gecko) Chrome/114.0.0.0 Safari/537.36 Edg/114.0.1823.43 0.015
0:0:0:0:0:0:0:1 - - [16/Jun/2023:13:22:27 +0300] GET /api/am/devportal/v3/apis/b708e07c-f833-4577-9072-b66243c058b3 HTTP/1.1 200 1106 https://localhost:9443/devportal/apis/b708e07c-f833-4577-9072-b66243c058b3/test Mozilla/5.0 (Windows NT 10.0; Win64; x64) AppleWebKit/537.36 (KHTML, like Gecko) Chrome/114.0.0.0 Safari/537.36 Edg/114.0.1823.43 0.045
127.0.0.1 - - [16/Jun/2023:13:22:27 +0300] GET /keymanager-operations/dcr/register/U1FCTzNQdGxqaEVrN0lldGRsUVR6SlRpaDhFYQ%3D%3D HTTP/1.1 200 720 - Apache-HttpClient/4.5.13 (Java/20.0.1) 0.009
127.0.0.1 - - [16/Jun/2023:13:22:27 +0300] GET /keymanager-operations/dcr/register/MHFfRExjbVRFTmxsZmtqNk9JdjB2WDJ1Q0FJYQ%3D%3D HTTP/1.1 200 720 - Apache-HttpClient/4.5.13 (Java/20.0.1) 0.004
127.0.0.1 - - [16/Jun/2023:13:22:27 +0300] GET /keymanager-operations/dcr/register/MHFfRExjbVRFTmxsZmtqNk9JdjB2WDJ1Q0FJYQ%3D%3D HTTP/1.1 200 720 - Apache-HttpClient/4.5.13 (Java/20.0.1) 0.003
127.0.0.1 - - [16/Jun/2023:13:22:27 +0300] GET /keymanager-operations/dcr/register/U1FCTzNQdGxqaEVrN0lldGRsUVR6SlRpaDhFYQ%3D%3D HTTP/1.1 200 720 - Apache-HttpClient/4.5.13 (Java/20.0.1) 0.004
0:0:0:0:0:0:0:1 - - [16/Jun/2023:13:22:27 +0300] GET /api/am/devportal/v3/subscriptions?apiId=b708e07c-f833-4577-9072-b66243c058b3&limit=25 HTTP/1.1 200 801 https://localhost:9443/devportal/apis/b708e07c-f833-4577-9072-b66243c058b3/test Mozilla/5.0 (Windows NT 10.0; Win64; x64) AppleWebKit/537.36 (KHTML, like Gecko) Chrome/114.0.0.0 Safari/537.36 Edg/114.0.1823.43 0.098
