0:0:0:0:0:0:0:1 - - [18/Jun/2023:19:41:33 +0300] GET /devportal/site/public/dist/vendors~ProtectedApp.018eeb6bd33ca37011cd.bundle.js HTTP/1.1 200 126488 https://localhost:9443/devportal/applications Mozilla/5.0 (Windows NT 10.0; Win64; x64) AppleWebKit/537.36 (KHTML, like Gecko) Chrome/114.0.0.0 Safari/537.36 Edg/114.0.1823.43 0.097
127.0.0.1 - - [18/Jun/2023:19:41:33 +0300] GET /api/am/devportal/v3/settings HTTP/1.1 200 604 - Java-http-client/20.0.1 0.416
0:0:0:0:0:0:0:1 - - [18/Jun/2023:19:41:33 +0300] GET /devportal/services/configs?loginPrompt=false HTTP/1.1 302 - https://localhost:9443/devportal/applications Mozilla/5.0 (Windows NT 10.0; Win64; x64) AppleWebKit/537.36 (KHTML, like Gecko) Chrome/114.0.0.0 Safari/537.36 Edg/114.0.1823.43 0.605
0:0:0:0:0:0:0:1 - - [18/Jun/2023:19:41:33 +0300] GET /oauth2/authorize?response_type=code&client_id=PWfgQzPGHoxzOjpmoCalMGNtF2Ia&scope=apim:admin%20apim:api_key%20apim:app_import_export%20apim:app_manage%20apim:store_settings%20apim:sub_alert_manage%20apim:sub_manage%20apim:subscribe%20openid&state=%2Fapplications&redirect_uri=https://localhost:9443/devportal/services/auth/callback/login&prompt=none HTTP/1.1 302 - https://localhost:9443/devportal/applications Mozilla/5.0 (Windows NT 10.0; Win64; x64) AppleWebKit/537.36 (KHTML, like Gecko) Chrome/114.0.0.0 Safari/537.36 Edg/114.0.1823.43 0.026
127.0.0.1 - - [18/Jun/2023:19:41:33 +0300] POST /oauth2/token HTTP/1.1 200 1482 - Java-http-client/20.0.1 0.018
0:0:0:0:0:0:0:1 - - [18/Jun/2023:19:41:33 +0300] GET /devportal/services/auth/callback/login?code=af8719e7-9766-3389-a1be-b8ff7669a5e2&state=%2Fapplications&session_state=f0d57decf007eaaa88a6386dc87e57c3201373d0b84285b7df14dfd6a7f8e416.23NWP14slLTkUFe1FCzvpQ HTTP/1.1 302 - https://localhost:9443/devportal/applications Mozilla/5.0 (Windows NT 10.0; Win64; x64) AppleWebKit/537.36 (KHTML, like Gecko) Chrome/114.0.0.0 Safari/537.36 Edg/114.0.1823.43 0.098
0:0:0:0:0:0:0:1 - - [18/Jun/2023:19:41:33 +0300] GET /devportal/applications HTTP/1.1 200 1691 https://localhost:9443/devportal/applications Mozilla/5.0 (Windows NT 10.0; Win64; x64) AppleWebKit/537.36 (KHTML, like Gecko) Chrome/114.0.0.0 Safari/537.36 Edg/114.0.1823.43 0.004
0:0:0:0:0:0:0:1 - - [18/Jun/2023:19:41:33 +0300] GET /devportal/site/public/theme/userTheme.js HTTP/1.1 200 96 https://localhost:9443/devportal/applications Mozilla/5.0 (Windows NT 10.0; Win64; x64) AppleWebKit/537.36 (KHTML, like Gecko) Chrome/114.0.0.0 Safari/537.36 Edg/114.0.1823.43 0.011
0:0:0:0:0:0:0:1 - - [18/Jun/2023:19:41:33 +0300] GET /devportal/services/settings/settings.js HTTP/1.1 200 1474 https://localhost:9443/devportal/applications Mozilla/5.0 (Windows NT 10.0; Win64; x64) AppleWebKit/537.36 (KHTML, like Gecko) Chrome/114.0.0.0 Safari/537.36 Edg/114.0.1823.43 0.012
0:0:0:0:0:0:0:1 - - [18/Jun/2023:19:41:33 +0300] GET /devportal/site/public/locales/en.json HTTP/1.1 200 57092 https://localhost:9443/devportal/applications Mozilla/5.0 (Windows NT 10.0; Win64; x64) AppleWebKit/537.36 (KHTML, like Gecko) Chrome/114.0.0.0 Safari/537.36 Edg/114.0.1823.43 0.007
0:0:0:0:0:0:0:1 - - [18/Jun/2023:19:41:33 +0300] GET /api/am/devportal/v3/swagger.yaml HTTP/1.1 200 26878 https://localhost:9443/devportal/applications Mozilla/5.0 (Windows NT 10.0; Win64; x64) AppleWebKit/537.36 (KHTML, like Gecko) Chrome/114.0.0.0 Safari/537.36 Edg/114.0.1823.43 0.012
0:0:0:0:0:0:0:1 - - [18/Jun/2023:19:41:34 +0300] GET /devportal/site/public/images/_favicon.ico HTTP/1.1 200 1150 https://localhost:9443/devportal/applications Mozilla/5.0 (Windows NT 10.0; Win64; x64) AppleWebKit/537.36 (KHTML, like Gecko) Chrome/114.0.0.0 Safari/537.36 Edg/114.0.1823.43 0.001
0:0:0:0:0:0:0:1 - - [18/Jun/2023:19:41:34 +0300] GET /api/am/devportal/v3/settings HTTP/1.1 200 592 https://localhost:9443/devportal/applications Mozilla/5.0 (Windows NT 10.0; Win64; x64) AppleWebKit/537.36 (KHTML, like Gecko) Chrome/114.0.0.0 Safari/537.36 Edg/114.0.1823.43 0.279
0:0:0:0:0:0:0:1 - - [18/Jun/2023:19:41:34 +0300] GET /devportal/site/public/theme/temporary_features_config.json HTTP/1.1 200 - https://localhost:9443/devportal/applications Mozilla/5.0 (Windows NT 10.0; Win64; x64) AppleWebKit/537.36 (KHTML, like Gecko) Chrome/114.0.0.0 Safari/537.36 Edg/114.0.1823.43 0.004
0:0:0:0:0:0:0:1 - - [18/Jun/2023:19:41:34 +0300] GET /api/am/devportal/v3/tenants?state=active HTTP/1.1 200 96 https://localhost:9443/devportal/applications Mozilla/5.0 (Windows NT 10.0; Win64; x64) AppleWebKit/537.36 (KHTML, like Gecko) Chrome/114.0.0.0 Safari/537.36 Edg/114.0.1823.43 0.003
0:0:0:0:0:0:0:1 - - [18/Jun/2023:19:41:34 +0300] GET /devportal/site/public/theme/temporary_environments_config.json HTTP/1.1 200 - https://localhost:9443/devportal/applications Mozilla/5.0 (Windows NT 10.0; Win64; x64) AppleWebKit/537.36 (KHTML, like Gecko) Chrome/114.0.0.0 Safari/537.36 Edg/114.0.1823.43 0.016
127.0.0.1 - - [18/Jun/2023:19:41:34 +0300] GET /oauth2/userinfo HTTP/1.1 200 15 - Java-http-client/20.0.1 0.005
127.0.0.1 - - [18/Jun/2023:19:41:34 +0300] POST /oauth2/introspect HTTP/1.1 200 341 - Java-http-client/20.0.1 0.011
0:0:0:0:0:0:0:1 - - [18/Jun/2023:19:41:34 +0300] GET /devportal/services/auth/introspect HTTP/1.1 200 376 https://localhost:9443/devportal/applications Mozilla/5.0 (Windows NT 10.0; Win64; x64) AppleWebKit/537.36 (KHTML, like Gecko) Chrome/114.0.0.0 Safari/537.36 Edg/114.0.1823.43 0.044
0:0:0:0:0:0:0:1 - - [18/Jun/2023:19:41:34 +0300] GET /devportal/site/public/dist/vendors~ApiListing~Apis~ApplicationDetails.720bc2e40480316deaca.bundle.js HTTP/1.1 200 3839 https://localhost:9443/devportal/applications Mozilla/5.0 (Windows NT 10.0; Win64; x64) AppleWebKit/537.36 (KHTML, like Gecko) Chrome/114.0.0.0 Safari/537.36 Edg/114.0.1823.43 0.023
0:0:0:0:0:0:0:1 - - [18/Jun/2023:19:41:34 +0300] GET /devportal/site/public/dist/ApiListing.124eade6a6be03879d65.bundle.js HTTP/1.1 200 8080 https://localhost:9443/devportal/applications Mozilla/5.0 (Windows NT 10.0; Win64; x64) AppleWebKit/537.36 (KHTML, like Gecko) Chrome/114.0.0.0 Safari/537.36 Edg/114.0.1823.43 0.013
0:0:0:0:0:0:0:1 - - [18/Jun/2023:19:41:34 +0300] GET /oidc/checksession?client_id=PWfgQzPGHoxzOjpmoCalMGNtF2Ia&redirect_uri=https://localhost:9443/devportal/services/auth/callback/login HTTP/1.1 200 3134 https://localhost:9443/devportal/applications Mozilla/5.0 (Windows NT 10.0; Win64; x64) AppleWebKit/537.36 (KHTML, like Gecko) Chrome/114.0.0.0 Safari/537.36 Edg/114.0.1823.43 0.015
0:0:0:0:0:0:0:1 - - [18/Jun/2023:19:41:34 +0300] GET /devportal HTTP/1.1 302 - https://localhost:9443/devportal/applications Mozilla/5.0 (Windows NT 10.0; Win64; x64) AppleWebKit/537.36 (KHTML, like Gecko) Chrome/114.0.0.0 Safari/537.36 Edg/114.0.1823.43 0.000
0:0:0:0:0:0:0:1 - - [18/Jun/2023:19:41:34 +0300] GET /devportal/ HTTP/1.1 200 1691 https://localhost:9443/devportal/applications Mozilla/5.0 (Windows NT 10.0; Win64; x64) AppleWebKit/537.36 (KHTML, like Gecko) Chrome/114.0.0.0 Safari/537.36 Edg/114.0.1823.43 0.005
0:0:0:0:0:0:0:1 - - [18/Jun/2023:19:41:34 +0300] GET /api/am/devportal/v3/swagger.yaml HTTP/1.1 200 26878 https://localhost:9443/devportal/applications Mozilla/5.0 (Windows NT 10.0; Win64; x64) AppleWebKit/537.36 (KHTML, like Gecko) Chrome/114.0.0.0 Safari/537.36 Edg/114.0.1823.43 0.040
0:0:0:0:0:0:0:1 - - [18/Jun/2023:19:41:35 +0300] GET /api/am/devportal/v3/applications?sortBy=name&sortOrder=asc&limit=10&offset=0 HTTP/1.1 200 374 https://localhost:9443/devportal/applications Mozilla/5.0 (Windows NT 10.0; Win64; x64) AppleWebKit/537.36 (KHTML, like Gecko) Chrome/114.0.0.0 Safari/537.36 Edg/114.0.1823.43 0.026
0:0:0:0:0:0:0:1 - - [18/Jun/2023:19:41:35 +0300] GET /api/am/devportal/v3/settings HTTP/1.1 200 915 https://localhost:9443/devportal/applications Mozilla/5.0 (Windows NT 10.0; Win64; x64) AppleWebKit/537.36 (KHTML, like Gecko) Chrome/114.0.0.0 Safari/537.36 Edg/114.0.1823.43 0.495
0:0:0:0:0:0:0:1 - - [18/Jun/2023:19:41:37 +0300] GET /devportal/site/public/dist/vendors~APIComments~APIOverview~ApplicationDetails.9553ed9b23431ac21302.bundle.js HTTP/1.1 200 5490 https://localhost:9443/devportal/applications/3da751bc-82c5-433c-a68e-265fd27cecb9 Mozilla/5.0 (Windows NT 10.0; Win64; x64) AppleWebKit/537.36 (KHTML, like Gecko) Chrome/114.0.0.0 Safari/537.36 Edg/114.0.1823.43 0.016
0:0:0:0:0:0:0:1 - - [18/Jun/2023:19:41:37 +0300] GET /devportal/site/public/dist/vendors~APIConsole~APIDocuments~ApplicationDetails.632f7f3618b917dd72cb.bundle.js HTTP/1.1 200 25476 https://localhost:9443/devportal/applications/3da751bc-82c5-433c-a68e-265fd27cecb9 Mozilla/5.0 (Windows NT 10.0; Win64; x64) AppleWebKit/537.36 (KHTML, like Gecko) Chrome/114.0.0.0 Safari/537.36 Edg/114.0.1823.43 0.029
0:0:0:0:0:0:0:1 - - [18/Jun/2023:19:41:37 +0300] GET /devportal/site/public/images/_favicon.ico HTTP/1.1 200 1150 https://localhost:9443/devportal/applications/3da751bc-82c5-433c-a68e-265fd27cecb9 Mozilla/5.0 (Windows NT 10.0; Win64; x64) AppleWebKit/537.36 (KHTML, like Gecko) Chrome/114.0.0.0 Safari/537.36 Edg/114.0.1823.43 0.007
0:0:0:0:0:0:0:1 - - [18/Jun/2023:19:41:37 +0300] GET /devportal/site/public/dist/7.78efb95d9f7afcfbb567.bundle.js HTTP/1.1 200 42986 https://localhost:9443/devportal/applications/3da751bc-82c5-433c-a68e-265fd27cecb9 Mozilla/5.0 (Windows NT 10.0; Win64; x64) AppleWebKit/537.36 (KHTML, like Gecko) Chrome/114.0.0.0 Safari/537.36 Edg/114.0.1823.43 0.037
0:0:0:0:0:0:0:1 - - [18/Jun/2023:19:41:37 +0300] GET /devportal/site/public/dist/ApplicationDetails.84676b0e418ac76ec3ec.bundle.js HTTP/1.1 200 118257 https://localhost:9443/devportal/applications/3da751bc-82c5-433c-a68e-265fd27cecb9 Mozilla/5.0 (Windows NT 10.0; Win64; x64) AppleWebKit/537.36 (KHTML, like Gecko) Chrome/114.0.0.0 Safari/537.36 Edg/114.0.1823.43 0.114
127.0.0.1 - - [18/Jun/2023:19:41:37 +0300] GET /keymanager-operations/dcr/register/OHJyZGxmMDBvOEpmc0NCNE4yWHlDblR4ZlFFYQ%3D%3D HTTP/1.1 200 515 - Apache-HttpClient/4.5.13 (Java/20.0.1) 0.008
0:0:0:0:0:0:0:1 - - [18/Jun/2023:19:41:37 +0300] GET /api/am/devportal/v3/applications/3da751bc-82c5-433c-a68e-265fd27cecb9 HTTP/1.1 200 336 https://localhost:9443/devportal/applications/3da751bc-82c5-433c-a68e-265fd27cecb9 Mozilla/5.0 (Windows NT 10.0; Win64; x64) AppleWebKit/537.36 (KHTML, like Gecko) Chrome/114.0.0.0 Safari/537.36 Edg/114.0.1823.43 0.028
0:0:0:0:0:0:0:1 - - [18/Jun/2023:19:41:37 +0300] GET /devportal/site/public/images/leftMenuBack.png HTTP/1.1 200 5308 https://localhost:9443/devportal/applications/3da751bc-82c5-433c-a68e-265fd27cecb9/overview Mozilla/5.0 (Windows NT 10.0; Win64; x64) AppleWebKit/537.36 (KHTML, like Gecko) Chrome/114.0.0.0 Safari/537.36 Edg/114.0.1823.43 0.003
0:0:0:0:0:0:0:1 - - [18/Jun/2023:19:41:38 +0300] GET /devportal/site/public/images/_favicon.ico HTTP/1.1 200 1150 https://localhost:9443/devportal/applications/3da751bc-82c5-433c-a68e-265fd27cecb9/overview Mozilla/5.0 (Windows NT 10.0; Win64; x64) AppleWebKit/537.36 (KHTML, like Gecko) Chrome/114.0.0.0 Safari/537.36 Edg/114.0.1823.43 0.001
0:0:0:0:0:0:0:1 - - [18/Jun/2023:19:41:38 +0300] GET /api/am/devportal/v3/throttling-policies/application/10PerMin HTTP/1.1 200 493 https://localhost:9443/devportal/applications/3da751bc-82c5-433c-a68e-265fd27cecb9/overview Mozilla/5.0 (Windows NT 10.0; Win64; x64) AppleWebKit/537.36 (KHTML, like Gecko) Chrome/114.0.0.0 Safari/537.36 Edg/114.0.1823.43 0.019
127.0.0.1 - - [18/Jun/2023:19:41:38 +0300] GET /keymanager-operations/dcr/register/OHJyZGxmMDBvOEpmc0NCNE4yWHlDblR4ZlFFYQ%3D%3D HTTP/1.1 200 515 - Apache-HttpClient/4.5.13 (Java/20.0.1) 0.014
0:0:0:0:0:0:0:1 - - [18/Jun/2023:19:41:38 +0300] GET /api/am/devportal/v3/applications/3da751bc-82c5-433c-a68e-265fd27cecb9 HTTP/1.1 200 336 https://localhost:9443/devportal/applications/3da751bc-82c5-433c-a68e-265fd27cecb9/overview Mozilla/5.0 (Windows NT 10.0; Win64; x64) AppleWebKit/537.36 (KHTML, like Gecko) Chrome/114.0.0.0 Safari/537.36 Edg/114.0.1823.43 0.033
0:0:0:0:0:0:0:1 - - [18/Jun/2023:19:41:38 +0300] GET /api/am/devportal/v3/throttling-policies/application/10PerMin HTTP/1.1 200 493 https://localhost:9443/devportal/applications/3da751bc-82c5-433c-a68e-265fd27cecb9/overview Mozilla/5.0 (Windows NT 10.0; Win64; x64) AppleWebKit/537.36 (KHTML, like Gecko) Chrome/114.0.0.0 Safari/537.36 Edg/114.0.1823.43 0.004
0:0:0:0:0:0:0:1 - - [18/Jun/2023:19:41:40 +0300] GET /api/am/devportal/v3/swagger.yaml HTTP/1.1 200 26878 https://localhost:9443/devportal/applications/3da751bc-82c5-433c-a68e-265fd27cecb9/sandboxkeys/oauth Mozilla/5.0 (Windows NT 10.0; Win64; x64) AppleWebKit/537.36 (KHTML, like Gecko) Chrome/114.0.0.0 Safari/537.36 Edg/114.0.1823.43 0.025
0:0:0:0:0:0:0:1 - - [18/Jun/2023:19:41:40 +0300] GET /devportal/site/public/images/_favicon.ico HTTP/1.1 200 1150 https://localhost:9443/devportal/applications/3da751bc-82c5-433c-a68e-265fd27cecb9/sandboxkeys/oauth Mozilla/5.0 (Windows NT 10.0; Win64; x64) AppleWebKit/537.36 (KHTML, like Gecko) Chrome/114.0.0.0 Safari/537.36 Edg/114.0.1823.43 0.009
127.0.0.1 - - [18/Jun/2023:19:41:40 +0300] GET /oauth2/token/.well-known/openid-configuration HTTP/1.1 200 2395 - Apache-HttpClient/4.5.13 (Java/20.0.1) 0.010
0:0:0:0:0:0:0:1 - - [18/Jun/2023:19:41:40 +0300] GET /api/am/devportal/v3/key-managers HTTP/1.1 200 763 https://localhost:9443/devportal/applications/3da751bc-82c5-433c-a68e-265fd27cecb9/sandboxkeys/oauth Mozilla/5.0 (Windows NT 10.0; Win64; x64) AppleWebKit/537.36 (KHTML, like Gecko) Chrome/114.0.0.0 Safari/537.36 Edg/114.0.1823.43 0.053
127.0.0.1 - - [18/Jun/2023:19:41:40 +0300] GET /keymanager-operations/dcr/register/OHJyZGxmMDBvOEpmc0NCNE4yWHlDblR4ZlFFYQ%3D%3D HTTP/1.1 200 515 - Apache-HttpClient/4.5.13 (Java/20.0.1) 0.003
0:0:0:0:0:0:0:1 - - [18/Jun/2023:19:41:40 +0300] GET /api/am/devportal/v3/applications/3da751bc-82c5-433c-a68e-265fd27cecb9 HTTP/1.1 200 336 https://localhost:9443/devportal/applications/3da751bc-82c5-433c-a68e-265fd27cecb9/sandboxkeys/oauth Mozilla/5.0 (Windows NT 10.0; Win64; x64) AppleWebKit/537.36 (KHTML, like Gecko) Chrome/114.0.0.0 Safari/537.36 Edg/114.0.1823.43 0.011
127.0.0.1 - - [18/Jun/2023:19:41:40 +0300] GET /keymanager-operations/dcr/register/OHJyZGxmMDBvOEpmc0NCNE4yWHlDblR4ZlFFYQ%3D%3D HTTP/1.1 200 515 - Apache-HttpClient/4.5.13 (Java/20.0.1) 0.003
0:0:0:0:0:0:0:1 - - [18/Jun/2023:19:41:40 +0300] GET /api/am/devportal/v3/applications/3da751bc-82c5-433c-a68e-265fd27cecb9/oauth-keys HTTP/1.1 200 663 https://localhost:9443/devportal/applications/3da751bc-82c5-433c-a68e-265fd27cecb9/sandboxkeys/oauth Mozilla/5.0 (Windows NT 10.0; Win64; x64) AppleWebKit/537.36 (KHTML, like Gecko) Chrome/114.0.0.0 Safari/537.36 Edg/114.0.1823.43 0.010
0:0:0:0:0:0:0:1 - - [18/Jun/2023:19:41:40 +0300] GET /api/am/devportal/v3/swagger.yaml HTTP/1.1 200 26878 https://localhost:9443/devportal/applications/3da751bc-82c5-433c-a68e-265fd27cecb9/sandboxkeys/oauth Mozilla/5.0 (Windows NT 10.0; Win64; x64) AppleWebKit/537.36 (KHTML, like Gecko) Chrome/114.0.0.0 Safari/537.36 Edg/114.0.1823.43 0.019
127.0.0.1 - - [18/Jun/2023:19:41:41 +0300] GET /keymanager-operations/dcr/register/OHJyZGxmMDBvOEpmc0NCNE4yWHlDblR4ZlFFYQ%3D%3D HTTP/1.1 200 515 - Apache-HttpClient/4.5.13 (Java/20.0.1) 0.012
0:0:0:0:0:0:0:1 - - [18/Jun/2023:19:41:41 +0300] GET /api/am/devportal/v3/applications/3da751bc-82c5-433c-a68e-265fd27cecb9 HTTP/1.1 200 336 https://localhost:9443/devportal/applications/3da751bc-82c5-433c-a68e-265fd27cecb9/sandboxkeys/oauth Mozilla/5.0 (Windows NT 10.0; Win64; x64) AppleWebKit/537.36 (KHTML, like Gecko) Chrome/114.0.0.0 Safari/537.36 Edg/114.0.1823.43 0.033
127.0.0.1 - - [18/Jun/2023:19:41:41 +0300] GET /keymanager-operations/dcr/register/OHJyZGxmMDBvOEpmc0NCNE4yWHlDblR4ZlFFYQ%3D%3D HTTP/1.1 200 515 - Apache-HttpClient/4.5.13 (Java/20.0.1) 0.004
0:0:0:0:0:0:0:1 - - [18/Jun/2023:19:41:41 +0300] GET /api/am/devportal/v3/applications/3da751bc-82c5-433c-a68e-265fd27cecb9/oauth-keys HTTP/1.1 200 663 https://localhost:9443/devportal/applications/3da751bc-82c5-433c-a68e-265fd27cecb9/sandboxkeys/oauth Mozilla/5.0 (Windows NT 10.0; Win64; x64) AppleWebKit/537.36 (KHTML, like Gecko) Chrome/114.0.0.0 Safari/537.36 Edg/114.0.1823.43 0.014
127.0.0.1 - - [18/Jun/2023:19:41:44 +0300] GET /keymanager-operations/dcr/register/OHJyZGxmMDBvOEpmc0NCNE4yWHlDblR4ZlFFYQ%3D%3D HTTP/1.1 200 515 - Apache-HttpClient/4.5.13 (Java/20.0.1) 0.004
0:0:0:0:0:0:0:1 - - [18/Jun/2023:19:41:44 +0300] GET /api/am/devportal/v3/applications/3da751bc-82c5-433c-a68e-265fd27cecb9/oauth-keys HTTP/1.1 200 663 https://localhost:9443/devportal/applications/3da751bc-82c5-433c-a68e-265fd27cecb9/sandboxkeys/oauth Mozilla/5.0 (Windows NT 10.0; Win64; x64) AppleWebKit/537.36 (KHTML, like Gecko) Chrome/114.0.0.0 Safari/537.36 Edg/114.0.1823.43 0.019
127.0.0.1 - - [18/Jun/2023:19:41:44 +0300] GET /keymanager-operations/dcr/register/OHJyZGxmMDBvOEpmc0NCNE4yWHlDblR4ZlFFYQ%3D%3D HTTP/1.1 200 515 - Apache-HttpClient/4.5.13 (Java/20.0.1) 0.003
127.0.0.1 - - [18/Jun/2023:19:41:44 +0300] GET /keymanager-operations/dcr/register/OHJyZGxmMDBvOEpmc0NCNE4yWHlDblR4ZlFFYQ%3D%3D HTTP/1.1 200 515 - Apache-HttpClient/4.5.13 (Java/20.0.1) 0.008
127.0.0.1 - - [18/Jun/2023:19:41:44 +0300] POST /oauth2/token HTTP/1.1 200 1183 - Apache-HttpClient/4.5.13 (Java/20.0.1) 0.018
0:0:0:0:0:0:0:1 - - [18/Jun/2023:19:41:44 +0300] POST /api/am/devportal/v3/applications/3da751bc-82c5-433c-a68e-265fd27cecb9/oauth-keys/9d1527a8-ffd0-46ab-b170-ab874743f57f/generate-token HTTP/1.1 200 896 https://localhost:9443/devportal/applications/3da751bc-82c5-433c-a68e-265fd27cecb9/sandboxkeys/oauth Mozilla/5.0 (Windows NT 10.0; Win64; x64) AppleWebKit/537.36 (KHTML, like Gecko) Chrome/114.0.0.0 Safari/537.36 Edg/114.0.1823.43 0.088
127.0.0.1 - - [18/Jun/2023:19:41:44 +0300] POST /internal/data/v1/notify HTTP/1.1 200 - - Apache-HttpClient/4.5.13 (Java/20.0.1) 0.011
0:0:0:0:0:0:0:1 - - [18/Jun/2023:19:41:51 +0300] GET /devportal/site/public/dist/vendors~Apis~Landing.e9d0b010bafc4e7686f8.bundle.js HTTP/1.1 200 4090 https://localhost:9443/devportal/apis Mozilla/5.0 (Windows NT 10.0; Win64; x64) AppleWebKit/537.36 (KHTML, like Gecko) Chrome/114.0.0.0 Safari/537.36 Edg/114.0.1823.43 0.006
0:0:0:0:0:0:0:1 - - [18/Jun/2023:19:41:51 +0300] GET /devportal/site/public/dist/Apis~Landing.44f03df4105c342867a1.bundle.js HTTP/1.1 200 6722 https://localhost:9443/devportal/apis Mozilla/5.0 (Windows NT 10.0; Win64; x64) AppleWebKit/537.36 (KHTML, like Gecko) Chrome/114.0.0.0 Safari/537.36 Edg/114.0.1823.43 0.011
0:0:0:0:0:0:0:1 - - [18/Jun/2023:19:41:51 +0300] GET /devportal/site/public/images/_favicon.ico HTTP/1.1 200 1150 https://localhost:9443/devportal/apis Mozilla/5.0 (Windows NT 10.0; Win64; x64) AppleWebKit/537.36 (KHTML, like Gecko) Chrome/114.0.0.0 Safari/537.36 Edg/114.0.1823.43 0.011
0:0:0:0:0:0:0:1 - - [18/Jun/2023:19:41:51 +0300] GET /devportal/site/public/dist/Apis.800351a0eb878c789ea9.bundle.js HTTP/1.1 200 25570 https://localhost:9443/devportal/apis Mozilla/5.0 (Windows NT 10.0; Win64; x64) AppleWebKit/537.36 (KHTML, like Gecko) Chrome/114.0.0.0 Safari/537.36 Edg/114.0.1823.43 0.022
0:0:0:0:0:0:0:1 - - [18/Jun/2023:19:41:51 +0300] GET /devportal/site/public/dist/vendors~Apis.3a6169883ec8c6c5366d.bundle.js HTTP/1.1 200 87282 https://localhost:9443/devportal/apis Mozilla/5.0 (Windows NT 10.0; Win64; x64) AppleWebKit/537.36 (KHTML, like Gecko) Chrome/114.0.0.0 Safari/537.36 Edg/114.0.1823.43 0.043
0:0:0:0:0:0:0:1 - - [18/Jun/2023:19:41:52 +0300] GET /api/am/devportal/v3/api-categories HTTP/1.1 200 21 https://localhost:9443/devportal/apis Mozilla/5.0 (Windows NT 10.0; Win64; x64) AppleWebKit/537.36 (KHTML, like Gecko) Chrome/114.0.0.0 Safari/537.36 Edg/114.0.1823.43 0.007
0:0:0:0:0:0:0:1 - - [18/Jun/2023:19:41:52 +0300] GET /api/am/devportal/v3/tags HTTP/1.1 200 119 https://localhost:9443/devportal/apis Mozilla/5.0 (Windows NT 10.0; Win64; x64) AppleWebKit/537.36 (KHTML, like Gecko) Chrome/114.0.0.0 Safari/537.36 Edg/114.0.1823.43 0.023
0:0:0:0:0:0:0:1 - - [18/Jun/2023:19:41:52 +0300] GET /api/am/devportal/v3/apis?limit=10&offset=0 HTTP/1.1 200 750 https://localhost:9443/devportal/apis Mozilla/5.0 (Windows NT 10.0; Win64; x64) AppleWebKit/537.36 (KHTML, like Gecko) Chrome/114.0.0.0 Safari/537.36 Edg/114.0.1823.43 0.072
0:0:0:0:0:0:0:1 - - [18/Jun/2023:19:41:52 +0300] GET /api/am/devportal/v3/apis/322d0fa8-4241-4e9e-a381-26b8d42c1467/ratings HTTP/1.1 200 125 https://localhost:9443/devportal/apis Mozilla/5.0 (Windows NT 10.0; Win64; x64) AppleWebKit/537.36 (KHTML, like Gecko) Chrome/114.0.0.0 Safari/537.36 Edg/114.0.1823.43 0.014
0:0:0:0:0:0:0:1 - - [18/Jun/2023:19:41:52 +0300] GET /api/am/devportal/v3/apis/bd412728-6963-4947-ba67-61fa1e164022/ratings HTTP/1.1 200 125 https://localhost:9443/devportal/apis Mozilla/5.0 (Windows NT 10.0; Win64; x64) AppleWebKit/537.36 (KHTML, like Gecko) Chrome/114.0.0.0 Safari/537.36 Edg/114.0.1823.43 0.025
0:0:0:0:0:0:0:1 - - [18/Jun/2023:19:41:52 +0300] GET /api/am/devportal/v3/apis/322d0fa8-4241-4e9e-a381-26b8d42c1467/thumbnail HTTP/1.1 204 - https://localhost:9443/devportal/apis Mozilla/5.0 (Windows NT 10.0; Win64; x64) AppleWebKit/537.36 (KHTML, like Gecko) Chrome/114.0.0.0 Safari/537.36 Edg/114.0.1823.43 0.051
0:0:0:0:0:0:0:1 - - [18/Jun/2023:19:41:52 +0300] GET /api/am/devportal/v3/apis/b708e07c-f833-4577-9072-b66243c058b3/ratings HTTP/1.1 200 125 https://localhost:9443/devportal/apis Mozilla/5.0 (Windows NT 10.0; Win64; x64) AppleWebKit/537.36 (KHTML, like Gecko) Chrome/114.0.0.0 Safari/537.36 Edg/114.0.1823.43 0.051
0:0:0:0:0:0:0:1 - - [18/Jun/2023:19:41:52 +0300] - 400 - - - 0.000
0:0:0:0:0:0:0:1 - - [18/Jun/2023:19:41:52 +0300] GET /api/am/devportal/v3/apis/746c7962-0923-4c21-be0e-a84d3748b57b/thumbnail HTTP/1.1 204 - https://localhost:9443/devportal/apis Mozilla/5.0 (Windows NT 10.0; Win64; x64) AppleWebKit/537.36 (KHTML, like Gecko) Chrome/114.0.0.0 Safari/537.36 Edg/114.0.1823.43 0.019
0:0:0:0:0:0:0:1 - - [18/Jun/2023:19:41:52 +0300] GET /api/am/devportal/v3/apis/bd412728-6963-4947-ba67-61fa1e164022/thumbnail HTTP/1.1 204 - https://localhost:9443/devportal/apis Mozilla/5.0 (Windows NT 10.0; Win64; x64) AppleWebKit/537.36 (KHTML, like Gecko) Chrome/114.0.0.0 Safari/537.36 Edg/114.0.1823.43 0.072
0:0:0:0:0:0:0:1 - - [18/Jun/2023:19:41:52 +0300] GET /api/am/devportal/v3/apis/746c7962-0923-4c21-be0e-a84d3748b57b/ratings HTTP/1.1 200 125 https://localhost:9443/devportal/apis Mozilla/5.0 (Windows NT 10.0; Win64; x64) AppleWebKit/537.36 (KHTML, like Gecko) Chrome/114.0.0.0 Safari/537.36 Edg/114.0.1823.43 0.031
0:0:0:0:0:0:0:1 - - [18/Jun/2023:19:41:52 +0300] GET /api/am/devportal/v3/apis/8485612f-b238-4e6d-9c05-e116e15f9121/ratings HTTP/1.1 200 125 https://localhost:9443/devportal/apis Mozilla/5.0 (Windows NT 10.0; Win64; x64) AppleWebKit/537.36 (KHTML, like Gecko) Chrome/114.0.0.0 Safari/537.36 Edg/114.0.1823.43 0.078
0:0:0:0:0:0:0:1 - - [18/Jun/2023:19:41:52 +0300] GET /api/am/devportal/v3/apis/8485612f-b238-4e6d-9c05-e116e15f9121/thumbnail HTTP/1.1 204 - https://localhost:9443/devportal/apis Mozilla/5.0 (Windows NT 10.0; Win64; x64) AppleWebKit/537.36 (KHTML, like Gecko) Chrome/114.0.0.0 Safari/537.36 Edg/114.0.1823.43 0.055
0:0:0:0:0:0:0:1 - - [18/Jun/2023:19:41:52 +0300] GET /api/am/devportal/v3/apis/b708e07c-f833-4577-9072-b66243c058b3/thumbnail HTTP/1.1 204 - https://localhost:9443/devportal/apis Mozilla/5.0 (Windows NT 10.0; Win64; x64) AppleWebKit/537.36 (KHTML, like Gecko) Chrome/114.0.0.0 Safari/537.36 Edg/114.0.1823.43 0.102
0:0:0:0:0:0:0:1 - - [18/Jun/2023:19:41:54 +0300] GET /api/am/devportal/v3/applications?limit=5000 HTTP/1.1 200 376 https://localhost:9443/devportal/apis/322d0fa8-4241-4e9e-a381-26b8d42c1467 Mozilla/5.0 (Windows NT 10.0; Win64; x64) AppleWebKit/537.36 (KHTML, like Gecko) Chrome/114.0.0.0 Safari/537.36 Edg/114.0.1823.43 0.006
0:0:0:0:0:0:0:1 - - [18/Jun/2023:19:41:54 +0300] GET /api/am/devportal/v3/apis/322d0fa8-4241-4e9e-a381-26b8d42c1467 HTTP/1.1 200 1102 https://localhost:9443/devportal/apis/322d0fa8-4241-4e9e-a381-26b8d42c1467 Mozilla/5.0 (Windows NT 10.0; Win64; x64) AppleWebKit/537.36 (KHTML, like Gecko) Chrome/114.0.0.0 Safari/537.36 Edg/114.0.1823.43 0.027
0:0:0:0:0:0:0:1 - - [18/Jun/2023:19:41:54 +0300] GET /devportal/site/public/images/_favicon.ico HTTP/1.1 200 1150 https://localhost:9443/devportal/apis/322d0fa8-4241-4e9e-a381-26b8d42c1467 Mozilla/5.0 (Windows NT 10.0; Win64; x64) AppleWebKit/537.36 (KHTML, like Gecko) Chrome/114.0.0.0 Safari/537.36 Edg/114.0.1823.43 0.024
0:0:0:0:0:0:0:1 - - [18/Jun/2023:19:41:54 +0300] GET /devportal/site/public/dist/APIOverview.9b9a6e01add6e880d662.bundle.js HTTP/1.1 200 20063 https://localhost:9443/devportal/apis/322d0fa8-4241-4e9e-a381-26b8d42c1467/overview Mozilla/5.0 (Windows NT 10.0; Win64; x64) AppleWebKit/537.36 (KHTML, like Gecko) Chrome/114.0.0.0 Safari/537.36 Edg/114.0.1823.43 0.011
0:0:0:0:0:0:0:1 - - [18/Jun/2023:19:41:54 +0300] GET /devportal/site/public/dist/vendors~APIDocuments~APIOverview.f394ac01608a94b6dd74.bundle.js HTTP/1.1 200 34374 https://localhost:9443/devportal/apis/322d0fa8-4241-4e9e-a381-26b8d42c1467/overview Mozilla/5.0 (Windows NT 10.0; Win64; x64) AppleWebKit/537.36 (KHTML, like Gecko) Chrome/114.0.0.0 Safari/537.36 Edg/114.0.1823.43 0.027
0:0:0:0:0:0:0:1 - - [18/Jun/2023:19:41:54 +0300] GET /devportal/site/public/images/_favicon.ico HTTP/1.1 200 1150 https://localhost:9443/devportal/apis/322d0fa8-4241-4e9e-a381-26b8d42c1467/overview Mozilla/5.0 (Windows NT 10.0; Win64; x64) AppleWebKit/537.36 (KHTML, like Gecko) Chrome/114.0.0.0 Safari/537.36 Edg/114.0.1823.43 0.002
0:0:0:0:0:0:0:1 - - [18/Jun/2023:19:41:54 +0300] GET /devportal/site/public/dist/vendors~APIOverview~MDReactMarkdown.c8e68cd152f6972597f4.bundle.js HTTP/1.1 200 23172 https://localhost:9443/devportal/apis/322d0fa8-4241-4e9e-a381-26b8d42c1467/overview Mozilla/5.0 (Windows NT 10.0; Win64; x64) AppleWebKit/537.36 (KHTML, like Gecko) Chrome/114.0.0.0 Safari/537.36 Edg/114.0.1823.43 0.021
127.0.0.1 - - [18/Jun/2023:19:41:54 +0300] GET /keymanager-operations/dcr/register/OHJyZGxmMDBvOEpmc0NCNE4yWHlDblR4ZlFFYQ%3D%3D HTTP/1.1 200 515 - Apache-HttpClient/4.5.13 (Java/20.0.1) 0.014
0:0:0:0:0:0:0:1 - - [18/Jun/2023:19:41:54 +0300] GET /api/am/devportal/v3/subscriptions?apiId=322d0fa8-4241-4e9e-a381-26b8d42c1467&limit=5000 HTTP/1.1 200 695 https://localhost:9443/devportal/apis/322d0fa8-4241-4e9e-a381-26b8d42c1467 Mozilla/5.0 (Windows NT 10.0; Win64; x64) AppleWebKit/537.36 (KHTML, like Gecko) Chrome/114.0.0.0 Safari/537.36 Edg/114.0.1823.43 0.120
127.0.0.1 - - [18/Jun/2023:19:41:54 +0300] GET /keymanager-operations/dcr/register/OHJyZGxmMDBvOEpmc0NCNE4yWHlDblR4ZlFFYQ%3D%3D HTTP/1.1 200 515 - Apache-HttpClient/4.5.13 (Java/20.0.1) 0.016
0:0:0:0:0:0:0:1 - - [18/Jun/2023:19:41:54 +0300] GET /api/am/devportal/v3/subscriptions?apiId=322d0fa8-4241-4e9e-a381-26b8d42c1467&limit=25 HTTP/1.1 200 693 https://localhost:9443/devportal/apis/322d0fa8-4241-4e9e-a381-26b8d42c1467 Mozilla/5.0 (Windows NT 10.0; Win64; x64) AppleWebKit/537.36 (KHTML, like Gecko) Chrome/114.0.0.0 Safari/537.36 Edg/114.0.1823.43 0.155
0:0:0:0:0:0:0:1 - - [18/Jun/2023:19:41:54 +0300] GET /devportal/site/public/dist/vendors~APIConsole~APIDocuments~APIOverview.351585fe0b19dbf2f65f.bundle.js HTTP/1.1 200 224002 https://localhost:9443/devportal/apis/322d0fa8-4241-4e9e-a381-26b8d42c1467/overview Mozilla/5.0 (Windows NT 10.0; Win64; x64) AppleWebKit/537.36 (KHTML, like Gecko) Chrome/114.0.0.0 Safari/537.36 Edg/114.0.1823.43 0.200
0:0:0:0:0:0:0:1 - - [18/Jun/2023:19:41:55 +0300] GET /api/am/devportal/v3/throttling-policies/subscription HTTP/1.1 200 634 https://localhost:9443/devportal/apis/322d0fa8-4241-4e9e-a381-26b8d42c1467/overview Mozilla/5.0 (Windows NT 10.0; Win64; x64) AppleWebKit/537.36 (KHTML, like Gecko) Chrome/114.0.0.0 Safari/537.36 Edg/114.0.1823.43 0.012
0:0:0:0:0:0:0:1 - - [18/Jun/2023:19:41:55 +0300] GET /api/am/devportal/v3/throttling-policies/subscription HTTP/1.1 200 634 https://localhost:9443/devportal/apis/322d0fa8-4241-4e9e-a381-26b8d42c1467/overview Mozilla/5.0 (Windows NT 10.0; Win64; x64) AppleWebKit/537.36 (KHTML, like Gecko) Chrome/114.0.0.0 Safari/537.36 Edg/114.0.1823.43 0.007
0:0:0:0:0:0:0:1 - - [18/Jun/2023:19:41:55 +0300] GET /api/am/devportal/v3/apis/322d0fa8-4241-4e9e-a381-26b8d42c1467/documents HTTP/1.1 200 92 https://localhost:9443/devportal/apis/322d0fa8-4241-4e9e-a381-26b8d42c1467/overview Mozilla/5.0 (Windows NT 10.0; Win64; x64) AppleWebKit/537.36 (KHTML, like Gecko) Chrome/114.0.0.0 Safari/537.36 Edg/114.0.1823.43 0.028
0:0:0:0:0:0:0:1 - - [18/Jun/2023:19:41:55 +0300] GET /api/am/devportal/v3/apis/322d0fa8-4241-4e9e-a381-26b8d42c1467/documents HTTP/1.1 200 92 https://localhost:9443/devportal/apis/322d0fa8-4241-4e9e-a381-26b8d42c1467/overview Mozilla/5.0 (Windows NT 10.0; Win64; x64) AppleWebKit/537.36 (KHTML, like Gecko) Chrome/114.0.0.0 Safari/537.36 Edg/114.0.1823.43 0.060
0:0:0:0:0:0:0:1 - - [18/Jun/2023:19:41:55 +0300] GET /api/am/devportal/v3/apis/322d0fa8-4241-4e9e-a381-26b8d42c1467/ratings HTTP/1.1 200 125 https://localhost:9443/devportal/apis/322d0fa8-4241-4e9e-a381-26b8d42c1467/overview Mozilla/5.0 (Windows NT 10.0; Win64; x64) AppleWebKit/537.36 (KHTML, like Gecko) Chrome/114.0.0.0 Safari/537.36 Edg/114.0.1823.43 0.017
0:0:0:0:0:0:0:1 - - [18/Jun/2023:19:41:55 +0300] GET /api/am/devportal/v3/apis/322d0fa8-4241-4e9e-a381-26b8d42c1467/comments?limit=5&offset=0 HTTP/1.1 200 101 https://localhost:9443/devportal/apis/322d0fa8-4241-4e9e-a381-26b8d42c1467/overview Mozilla/5.0 (Windows NT 10.0; Win64; x64) AppleWebKit/537.36 (KHTML, like Gecko) Chrome/114.0.0.0 Safari/537.36 Edg/114.0.1823.43 0.031
0:0:0:0:0:0:0:1 - - [18/Jun/2023:19:41:55 +0300] GET /api/am/devportal/v3/apis/322d0fa8-4241-4e9e-a381-26b8d42c1467/thumbnail HTTP/1.1 204 - https://localhost:9443/devportal/apis/322d0fa8-4241-4e9e-a381-26b8d42c1467/overview Mozilla/5.0 (Windows NT 10.0; Win64; x64) AppleWebKit/537.36 (KHTML, like Gecko) Chrome/114.0.0.0 Safari/537.36 Edg/114.0.1823.43 0.045
0:0:0:0:0:0:0:1 - - [18/Jun/2023:19:41:57 +0300] GET /devportal/site/public/dist/vendors~APIConsole~GraphQLConsole.fdedfa5fe9df001a3725.bundle.js HTTP/1.1 200 55674 https://localhost:9443/devportal/apis/322d0fa8-4241-4e9e-a381-26b8d42c1467/test Mozilla/5.0 (Windows NT 10.0; Win64; x64) AppleWebKit/537.36 (KHTML, like Gecko) Chrome/114.0.0.0 Safari/537.36 Edg/114.0.1823.43 0.079
0:0:0:0:0:0:0:1 - - [18/Jun/2023:19:41:57 +0300] GET /devportal/site/public/dist/5.57286c37eacce5fafae0.bundle.js HTTP/1.1 200 84080 https://localhost:9443/devportal/apis/322d0fa8-4241-4e9e-a381-26b8d42c1467/test Mozilla/5.0 (Windows NT 10.0; Win64; x64) AppleWebKit/537.36 (KHTML, like Gecko) Chrome/114.0.0.0 Safari/537.36 Edg/114.0.1823.43 0.104
0:0:0:0:0:0:0:1 - - [18/Jun/2023:19:41:57 +0300] GET /api/am/devportal/v3/applications?limit=5000 HTTP/1.1 200 376 https://localhost:9443/devportal/apis/322d0fa8-4241-4e9e-a381-26b8d42c1467/test Mozilla/5.0 (Windows NT 10.0; Win64; x64) AppleWebKit/537.36 (KHTML, like Gecko) Chrome/114.0.0.0 Safari/537.36 Edg/114.0.1823.43 0.020
0:0:0:0:0:0:0:1 - - [18/Jun/2023:19:41:57 +0300] GET /api/am/devportal/v3/apis/322d0fa8-4241-4e9e-a381-26b8d42c1467 HTTP/1.1 200 1102 https://localhost:9443/devportal/apis/322d0fa8-4241-4e9e-a381-26b8d42c1467/test Mozilla/5.0 (Windows NT 10.0; Win64; x64) AppleWebKit/537.36 (KHTML, like Gecko) Chrome/114.0.0.0 Safari/537.36 Edg/114.0.1823.43 0.105
0:0:0:0:0:0:0:1 - - [18/Jun/2023:19:41:57 +0300] GET /devportal/site/public/images/_favicon.ico HTTP/1.1 200 1150 https://localhost:9443/devportal/apis/322d0fa8-4241-4e9e-a381-26b8d42c1467/test Mozilla/5.0 (Windows NT 10.0; Win64; x64) AppleWebKit/537.36 (KHTML, like Gecko) Chrome/114.0.0.0 Safari/537.36 Edg/114.0.1823.43 0.015
127.0.0.1 - - [18/Jun/2023:19:41:57 +0300] GET /keymanager-operations/dcr/register/OHJyZGxmMDBvOEpmc0NCNE4yWHlDblR4ZlFFYQ%3D%3D HTTP/1.1 200 515 - Apache-HttpClient/4.5.13 (Java/20.0.1) 0.009
127.0.0.1 - - [18/Jun/2023:19:41:57 +0300] GET /keymanager-operations/dcr/register/OHJyZGxmMDBvOEpmc0NCNE4yWHlDblR4ZlFFYQ%3D%3D HTTP/1.1 200 515 - Apache-HttpClient/4.5.13 (Java/20.0.1) 0.004
0:0:0:0:0:0:0:1 - - [18/Jun/2023:19:41:57 +0300] GET /api/am/devportal/v3/subscriptions?apiId=322d0fa8-4241-4e9e-a381-26b8d42c1467&limit=25 HTTP/1.1 200 693 https://localhost:9443/devportal/apis/322d0fa8-4241-4e9e-a381-26b8d42c1467/test Mozilla/5.0 (Windows NT 10.0; Win64; x64) AppleWebKit/537.36 (KHTML, like Gecko) Chrome/114.0.0.0 Safari/537.36 Edg/114.0.1823.43 0.095
0:0:0:0:0:0:0:1 - - [18/Jun/2023:19:41:57 +0300] GET /api/am/devportal/v3/subscriptions?apiId=322d0fa8-4241-4e9e-a381-26b8d42c1467&limit=5000 HTTP/1.1 200 695 https://localhost:9443/devportal/apis/322d0fa8-4241-4e9e-a381-26b8d42c1467/test Mozilla/5.0 (Windows NT 10.0; Win64; x64) AppleWebKit/537.36 (KHTML, like Gecko) Chrome/114.0.0.0 Safari/537.36 Edg/114.0.1823.43 0.153
0:0:0:0:0:0:0:1 - - [18/Jun/2023:19:41:58 +0300] GET /devportal/site/public/dist/APIConsole.b3e80a9dce3816857c0c.bundle.js HTTP/1.1 200 1748096 https://localhost:9443/devportal/apis/322d0fa8-4241-4e9e-a381-26b8d42c1467/test Mozilla/5.0 (Windows NT 10.0; Win64; x64) AppleWebKit/537.36 (KHTML, like Gecko) Chrome/114.0.0.0 Safari/537.36 Edg/114.0.1823.43 0.921
0:0:0:0:0:0:0:1 - - [18/Jun/2023:19:41:59 +0300] GET /api/am/devportal/v3/apis/322d0fa8-4241-4e9e-a381-26b8d42c1467 HTTP/1.1 200 1102 https://localhost:9443/devportal/apis/322d0fa8-4241-4e9e-a381-26b8d42c1467/test Mozilla/5.0 (Windows NT 10.0; Win64; x64) AppleWebKit/537.36 (KHTML, like Gecko) Chrome/114.0.0.0 Safari/537.36 Edg/114.0.1823.43 0.021
0:0:0:0:0:0:0:1 - - [18/Jun/2023:19:41:59 +0300] GET /api/am/devportal/v3/apis/322d0fa8-4241-4e9e-a381-26b8d42c1467/swagger?environmentName=Default HTTP/1.1 200 448 https://localhost:9443/devportal/apis/322d0fa8-4241-4e9e-a381-26b8d42c1467/test Mozilla/5.0 (Windows NT 10.0; Win64; x64) AppleWebKit/537.36 (KHTML, like Gecko) Chrome/114.0.0.0 Safari/537.36 Edg/114.0.1823.43 0.041
0:0:0:0:0:0:0:1 - - [18/Jun/2023:19:41:59 +0300] GET /api/am/devportal/v3/swagger.yaml HTTP/1.1 200 26878 https://localhost:9443/devportal/apis/322d0fa8-4241-4e9e-a381-26b8d42c1467/test Mozilla/5.0 (Windows NT 10.0; Win64; x64) AppleWebKit/537.36 (KHTML, like Gecko) Chrome/114.0.0.0 Safari/537.36 Edg/114.0.1823.43 0.017
0:0:0:0:0:0:0:1 - - [18/Jun/2023:19:41:59 +0300] GET /api/am/devportal/v3/key-managers HTTP/1.1 200 763 https://localhost:9443/devportal/apis/322d0fa8-4241-4e9e-a381-26b8d42c1467/test Mozilla/5.0 (Windows NT 10.0; Win64; x64) AppleWebKit/537.36 (KHTML, like Gecko) Chrome/114.0.0.0 Safari/537.36 Edg/114.0.1823.43 0.129
127.0.0.1 - - [18/Jun/2023:19:41:59 +0300] GET /oauth2/token/.well-known/openid-configuration HTTP/1.1 200 2395 - Apache-HttpClient/4.5.13 (Java/20.0.1) 0.099
0:0:0:0:0:0:0:1 - - [18/Jun/2023:19:41:59 +0300] GET /api/am/devportal/v3/subscriptions?apiId=322d0fa8-4241-4e9e-a381-26b8d42c1467&limit=25 HTTP/1.1 200 693 https://localhost:9443/devportal/apis/322d0fa8-4241-4e9e-a381-26b8d42c1467/test Mozilla/5.0 (Windows NT 10.0; Win64; x64) AppleWebKit/537.36 (KHTML, like Gecko) Chrome/114.0.0.0 Safari/537.36 Edg/114.0.1823.43 0.165
127.0.0.1 - - [18/Jun/2023:19:41:59 +0300] GET /keymanager-operations/dcr/register/OHJyZGxmMDBvOEpmc0NCNE4yWHlDblR4ZlFFYQ%3D%3D HTTP/1.1 200 515 - Apache-HttpClient/4.5.13 (Java/20.0.1) 0.045
127.0.0.1 - - [18/Jun/2023:19:41:59 +0300] GET /keymanager-operations/dcr/register/OHJyZGxmMDBvOEpmc0NCNE4yWHlDblR4ZlFFYQ%3D%3D HTTP/1.1 200 515 - Apache-HttpClient/4.5.13 (Java/20.0.1) 0.004
0:0:0:0:0:0:0:1 - - [18/Jun/2023:19:41:59 +0300] GET /api/am/devportal/v3/subscriptions?apiId=322d0fa8-4241-4e9e-a381-26b8d42c1467&limit=25 HTTP/1.1 200 693 https://localhost:9443/devportal/apis/322d0fa8-4241-4e9e-a381-26b8d42c1467/test Mozilla/5.0 (Windows NT 10.0; Win64; x64) AppleWebKit/537.36 (KHTML, like Gecko) Chrome/114.0.0.0 Safari/537.36 Edg/114.0.1823.43 0.057
0:0:0:0:0:0:0:1 - - [18/Jun/2023:19:41:59 +0300] GET /api/am/devportal/v3/applications/ HTTP/1.1 200 374 https://localhost:9443/devportal/apis/322d0fa8-4241-4e9e-a381-26b8d42c1467/test Mozilla/5.0 (Windows NT 10.0; Win64; x64) AppleWebKit/537.36 (KHTML, like Gecko) Chrome/114.0.0.0 Safari/537.36 Edg/114.0.1823.43 0.015
0:0:0:0:0:0:0:1 - - [18/Jun/2023:19:41:59 +0300] GET /api/am/devportal/v3/swagger.yaml HTTP/1.1 200 26878 https://localhost:9443/devportal/apis/322d0fa8-4241-4e9e-a381-26b8d42c1467/test Mozilla/5.0 (Windows NT 10.0; Win64; x64) AppleWebKit/537.36 (KHTML, like Gecko) Chrome/114.0.0.0 Safari/537.36 Edg/114.0.1823.43 0.014
127.0.0.1 - - [18/Jun/2023:19:41:59 +0300] GET /keymanager-operations/dcr/register/OHJyZGxmMDBvOEpmc0NCNE4yWHlDblR4ZlFFYQ%3D%3D HTTP/1.1 200 515 - Apache-HttpClient/4.5.13 (Java/20.0.1) 0.004
0:0:0:0:0:0:0:1 - - [18/Jun/2023:19:41:59 +0300] GET /api/am/devportal/v3/applications/3da751bc-82c5-433c-a68e-265fd27cecb9 HTTP/1.1 200 336 https://localhost:9443/devportal/apis/322d0fa8-4241-4e9e-a381-26b8d42c1467/test Mozilla/5.0 (Windows NT 10.0; Win64; x64) AppleWebKit/537.36 (KHTML, like Gecko) Chrome/114.0.0.0 Safari/537.36 Edg/114.0.1823.43 0.014
127.0.0.1 - - [18/Jun/2023:19:42:00 +0300] GET /keymanager-operations/dcr/register/OHJyZGxmMDBvOEpmc0NCNE4yWHlDblR4ZlFFYQ%3D%3D HTTP/1.1 200 515 - Apache-HttpClient/4.5.13 (Java/20.0.1) 0.003
0:0:0:0:0:0:0:1 - - [18/Jun/2023:19:42:00 +0300] GET /api/am/devportal/v3/applications/3da751bc-82c5-433c-a68e-265fd27cecb9/oauth-keys HTTP/1.1 200 663 https://localhost:9443/devportal/apis/322d0fa8-4241-4e9e-a381-26b8d42c1467/test Mozilla/5.0 (Windows NT 10.0; Win64; x64) AppleWebKit/537.36 (KHTML, like Gecko) Chrome/114.0.0.0 Safari/537.36 Edg/114.0.1823.43 0.011
0:0:0:0:0:0:0:1 - - [18/Jun/2023:19:42:00 +0300] GET /api/am/devportal/v3/swagger.yaml HTTP/1.1 200 26878 https://localhost:9443/devportal/apis/322d0fa8-4241-4e9e-a381-26b8d42c1467/test Mozilla/5.0 (Windows NT 10.0; Win64; x64) AppleWebKit/537.36 (KHTML, like Gecko) Chrome/114.0.0.0 Safari/537.36 Edg/114.0.1823.43 0.013
0:0:0:0:0:0:0:1 - - [18/Jun/2023:19:42:00 +0300] GET /api/am/devportal/v3/swagger.yaml HTTP/1.1 200 26878 https://localhost:9443/devportal/apis/322d0fa8-4241-4e9e-a381-26b8d42c1467/test Mozilla/5.0 (Windows NT 10.0; Win64; x64) AppleWebKit/537.36 (KHTML, like Gecko) Chrome/114.0.0.0 Safari/537.36 Edg/114.0.1823.43 0.014
127.0.0.1 - - [18/Jun/2023:19:42:00 +0300] GET /keymanager-operations/dcr/register/OHJyZGxmMDBvOEpmc0NCNE4yWHlDblR4ZlFFYQ%3D%3D HTTP/1.1 200 515 - Apache-HttpClient/4.5.13 (Java/20.0.1) 0.003
0:0:0:0:0:0:0:1 - - [18/Jun/2023:19:42:00 +0300] GET /api/am/devportal/v3/applications/3da751bc-82c5-433c-a68e-265fd27cecb9 HTTP/1.1 200 336 https://localhost:9443/devportal/apis/322d0fa8-4241-4e9e-a381-26b8d42c1467/test Mozilla/5.0 (Windows NT 10.0; Win64; x64) AppleWebKit/537.36 (KHTML, like Gecko) Chrome/114.0.0.0 Safari/537.36 Edg/114.0.1823.43 0.017
127.0.0.1 - - [18/Jun/2023:19:42:00 +0300] GET /keymanager-operations/dcr/register/OHJyZGxmMDBvOEpmc0NCNE4yWHlDblR4ZlFFYQ%3D%3D HTTP/1.1 200 515 - Apache-HttpClient/4.5.13 (Java/20.0.1) 0.005
0:0:0:0:0:0:0:1 - - [18/Jun/2023:19:42:00 +0300] GET /api/am/devportal/v3/applications/3da751bc-82c5-433c-a68e-265fd27cecb9 HTTP/1.1 200 336 https://localhost:9443/devportal/apis/322d0fa8-4241-4e9e-a381-26b8d42c1467/test Mozilla/5.0 (Windows NT 10.0; Win64; x64) AppleWebKit/537.36 (KHTML, like Gecko) Chrome/114.0.0.0 Safari/537.36 Edg/114.0.1823.43 0.015
127.0.0.1 - - [18/Jun/2023:19:42:00 +0300] GET /keymanager-operations/dcr/register/OHJyZGxmMDBvOEpmc0NCNE4yWHlDblR4ZlFFYQ%3D%3D HTTP/1.1 200 515 - Apache-HttpClient/4.5.13 (Java/20.0.1) 0.005
0:0:0:0:0:0:0:1 - - [18/Jun/2023:19:42:00 +0300] GET /api/am/devportal/v3/applications/3da751bc-82c5-433c-a68e-265fd27cecb9/oauth-keys HTTP/1.1 200 663 https://localhost:9443/devportal/apis/322d0fa8-4241-4e9e-a381-26b8d42c1467/test Mozilla/5.0 (Windows NT 10.0; Win64; x64) AppleWebKit/537.36 (KHTML, like Gecko) Chrome/114.0.0.0 Safari/537.36 Edg/114.0.1823.43 0.012
127.0.0.1 - - [18/Jun/2023:19:42:00 +0300] GET /keymanager-operations/dcr/register/OHJyZGxmMDBvOEpmc0NCNE4yWHlDblR4ZlFFYQ%3D%3D HTTP/1.1 200 515 - Apache-HttpClient/4.5.13 (Java/20.0.1) 0.004
0:0:0:0:0:0:0:1 - - [18/Jun/2023:19:42:00 +0300] GET /api/am/devportal/v3/applications/3da751bc-82c5-433c-a68e-265fd27cecb9/oauth-keys HTTP/1.1 200 663 https://localhost:9443/devportal/apis/322d0fa8-4241-4e9e-a381-26b8d42c1467/test Mozilla/5.0 (Windows NT 10.0; Win64; x64) AppleWebKit/537.36 (KHTML, like Gecko) Chrome/114.0.0.0 Safari/537.36 Edg/114.0.1823.43 0.012
