0:0:0:0:0:0:0:1 - - [08/Jun/2023:15:09:13 +0300] GET /devportal/site/public/dist/ApiListing.124eade6a6be03879d65.bundle.js HTTP/1.1 200 8080 https://localhost:9443/devportal/applications Mozilla/5.0 (Windows NT 10.0; Win64; x64) AppleWebKit/537.36 (KHTML, like Gecko) Chrome/114.0.0.0 Safari/537.36 Edg/114.0.1823.37 0.022
0:0:0:0:0:0:0:1 - - [08/Jun/2023:15:09:13 +0300] GET /devportal/site/public/images/_favicon.ico HTTP/1.1 200 1150 https://localhost:9443/devportal/applications Mozilla/5.0 (Windows NT 10.0; Win64; x64) AppleWebKit/537.36 (KHTML, like Gecko) Chrome/114.0.0.0 Safari/537.36 Edg/114.0.1823.37 0.009
0:0:0:0:0:0:0:1 - - [08/Jun/2023:15:09:13 +0300] GET /api/am/devportal/v3/swagger.yaml HTTP/1.1 200 26878 https://localhost:9443/devportal/applications Mozilla/5.0 (Windows NT 10.0; Win64; x64) AppleWebKit/537.36 (KHTML, like Gecko) Chrome/114.0.0.0 Safari/537.36 Edg/114.0.1823.37 0.023
0:0:0:0:0:0:0:1 - - [08/Jun/2023:15:09:13 +0300] GET /api/am/devportal/v3/applications?sortBy=name&sortOrder=asc&limit=10&offset=0 HTTP/1.1 200 92 https://localhost:9443/devportal/applications Mozilla/5.0 (Windows NT 10.0; Win64; x64) AppleWebKit/537.36 (KHTML, like Gecko) Chrome/114.0.0.0 Safari/537.36 Edg/114.0.1823.37 0.068
0:0:0:0:0:0:0:1 - - [08/Jun/2023:15:09:16 +0300] GET /devportal/site/public/images/_favicon.ico HTTP/1.1 200 1150 https://localhost:9443/devportal/apis Mozilla/5.0 (Windows NT 10.0; Win64; x64) AppleWebKit/537.36 (KHTML, like Gecko) Chrome/114.0.0.0 Safari/537.36 Edg/114.0.1823.37 0.010
0:0:0:0:0:0:0:1 - - [08/Jun/2023:15:09:16 +0300] GET /api/am/devportal/v3/api-categories HTTP/1.1 200 21 https://localhost:9443/devportal/apis Mozilla/5.0 (Windows NT 10.0; Win64; x64) AppleWebKit/537.36 (KHTML, like Gecko) Chrome/114.0.0.0 Safari/537.36 Edg/114.0.1823.37 0.040
0:0:0:0:0:0:0:1 - - [08/Jun/2023:15:09:16 +0300] GET /api/am/devportal/v3/tags HTTP/1.1 200 119 https://localhost:9443/devportal/apis Mozilla/5.0 (Windows NT 10.0; Win64; x64) AppleWebKit/537.36 (KHTML, like Gecko) Chrome/114.0.0.0 Safari/537.36 Edg/114.0.1823.37 0.056
0:0:0:0:0:0:0:1 - - [08/Jun/2023:15:09:16 +0300] GET /api/am/devportal/v3/apis?limit=10&offset=0 HTTP/1.1 200 840 https://localhost:9443/devportal/apis Mozilla/5.0 (Windows NT 10.0; Win64; x64) AppleWebKit/537.36 (KHTML, like Gecko) Chrome/114.0.0.0 Safari/537.36 Edg/114.0.1823.37 0.092
0:0:0:0:0:0:0:1 - - [08/Jun/2023:15:09:16 +0300] GET /api/am/devportal/v3/apis/a07038b5-f288-4dd1-9353-98dee58c170e/ratings HTTP/1.1 200 125 https://localhost:9443/devportal/apis Mozilla/5.0 (Windows NT 10.0; Win64; x64) AppleWebKit/537.36 (KHTML, like Gecko) Chrome/114.0.0.0 Safari/537.36 Edg/114.0.1823.37 0.045
0:0:0:0:0:0:0:1 - - [08/Jun/2023:15:09:37 +0300] GET /api/am/publisher/v4/apis/a07038b5-f288-4dd1-9353-98dee58c170e/deployments HTTP/1.1 200 176 https://localhost:9443/publisher/apis/a07038b5-f288-4dd1-9353-98dee58c170e/test-console Mozilla/5.0 (Windows NT 10.0; Win64; x64) AppleWebKit/537.36 (KHTML, like Gecko) Chrome/114.0.0.0 Safari/537.36 Edg/114.0.1823.37 0.024
0:0:0:0:0:0:0:1 - - [08/Jun/2023:15:09:37 +0300] POST /api/am/publisher/v4/apis/a07038b5-f288-4dd1-9353-98dee58c170e/generate-key HTTP/1.1 200 942 https://localhost:9443/publisher/apis/a07038b5-f288-4dd1-9353-98dee58c170e/test-console Mozilla/5.0 (Windows NT 10.0; Win64; x64) AppleWebKit/537.36 (KHTML, like Gecko) Chrome/114.0.0.0 Safari/537.36 Edg/114.0.1823.37 0.073
0:0:0:0:0:0:0:1 - - [08/Jun/2023:15:09:37 +0300] GET /api/am/publisher/v4/apis/a07038b5-f288-4dd1-9353-98dee58c170e/swagger HTTP/1.1 200 2078 https://localhost:9443/publisher/apis/a07038b5-f288-4dd1-9353-98dee58c170e/test-console Mozilla/5.0 (Windows NT 10.0; Win64; x64) AppleWebKit/537.36 (KHTML, like Gecko) Chrome/114.0.0.0 Safari/537.36 Edg/114.0.1823.37 0.109
0:0:0:0:0:0:0:1 - - [08/Jun/2023:15:09:37 +0300] GET /publisher/site/public/dist/1.906ca866f5c7ae89ae80.bundle.js HTTP/1.1 200 8662 https://localhost:9443/publisher/apis/a07038b5-f288-4dd1-9353-98dee58c170e/test-console Mozilla/5.0 (Windows NT 10.0; Win64; x64) AppleWebKit/537.36 (KHTML, like Gecko) Chrome/114.0.0.0 Safari/537.36 Edg/114.0.1823.37 0.016
0:0:0:0:0:0:0:1 - - [08/Jun/2023:15:09:37 +0300] GET /publisher/site/public/dist/TryoutConsoleSwaggerUI.2fb3b1d2f6022793036c.bundle.js HTTP/1.1 200 1116 https://localhost:9443/publisher/apis/a07038b5-f288-4dd1-9353-98dee58c170e/test-console Mozilla/5.0 (Windows NT 10.0; Win64; x64) AppleWebKit/537.36 (KHTML, like Gecko) Chrome/114.0.0.0 Safari/537.36 Edg/114.0.1823.37 0.014
0:0:0:0:0:0:0:1 - - [08/Jun/2023:15:09:37 +0300] GET /publisher/site/public/dist/vendors~EditorDialog~ListingTextEditor~ServiceOverviewSwaggerUI~TryoutConsoleSwaggerUI.015d5224d3b825a00c39.bundle.js HTTP/1.1 200 18378 https://localhost:9443/publisher/apis/a07038b5-f288-4dd1-9353-98dee58c170e/test-console Mozilla/5.0 (Windows NT 10.0; Win64; x64) AppleWebKit/537.36 (KHTML, like Gecko) Chrome/114.0.0.0 Safari/537.36 Edg/114.0.1823.37 0.033
0:0:0:0:0:0:0:1 - - [08/Jun/2023:15:09:38 +0300] GET /publisher/site/public/dist/vendors~EditorDialog~ServiceOverviewSwaggerUI~TryoutConsoleSwaggerUI.43a42f93ddac266b1f9b.bundle.js HTTP/1.1 200 548985 https://localhost:9443/publisher/apis/a07038b5-f288-4dd1-9353-98dee58c170e/test-console Mozilla/5.0 (Windows NT 10.0; Win64; x64) AppleWebKit/537.36 (KHTML, like Gecko) Chrome/114.0.0.0 Safari/537.36 Edg/114.0.1823.37 0.799
0:0:0:0:0:0:0:1 - - [08/Jun/2023:15:10:57 +0300] - 400 - - - 0.000
0:0:0:0:0:0:0:1 - - [08/Jun/2023:15:10:57 +0300] GET /api/am/publisher/v4/apis/a07038b5-f288-4dd1-9353-98dee58c170e/asyncapi HTTP/1.1 200 - https://localhost:9443/publisher/apis/a07038b5-f288-4dd1-9353-98dee58c170e/deployments Mozilla/5.0 (Windows NT 10.0; Win64; x64) AppleWebKit/537.36 (KHTML, like Gecko) Chrome/114.0.0.0 Safari/537.36 Edg/114.0.1823.37 0.380
0:0:0:0:0:0:0:1 - - [08/Jun/2023:15:11:10 +0300] - 400 - - - 0.000
0:0:0:0:0:0:0:1 - - [08/Jun/2023:15:11:10 +0300] GET /api/am/publisher/v4/apis/a07038b5-f288-4dd1-9353-98dee58c170e/revisions?query=deployed%3Atrue HTTP/1.1 200 404 https://localhost:9443/publisher/apis/a07038b5-f288-4dd1-9353-98dee58c170e/overview Mozilla/5.0 (Windows NT 10.0; Win64; x64) AppleWebKit/537.36 (KHTML, like Gecko) Chrome/114.0.0.0 Safari/537.36 Edg/114.0.1823.37 0.012
0:0:0:0:0:0:0:1 - - [08/Jun/2023:15:11:10 +0300] GET /api/am/publisher/v4/apis/a07038b5-f288-4dd1-9353-98dee58c170e/swagger HTTP/1.1 200 2078 https://localhost:9443/publisher/apis/a07038b5-f288-4dd1-9353-98dee58c170e/overview Mozilla/5.0 (Windows NT 10.0; Win64; x64) AppleWebKit/537.36 (KHTML, like Gecko) Chrome/114.0.0.0 Safari/537.36 Edg/114.0.1823.37 0.098
0:0:0:0:0:0:0:1 - - [08/Jun/2023:15:13:31 +0300] - 400 - - - 0.000
0:0:0:0:0:0:0:1 - - [08/Jun/2023:15:13:31 +0300] - 400 - - - 0.000
0:0:0:0:0:0:0:1 - - [08/Jun/2023:15:13:31 +0300] - 400 - - - 0.000
0:0:0:0:0:0:0:1 - - [08/Jun/2023:15:13:31 +0300] - 400 - - - 0.000
0:0:0:0:0:0:0:1 - - [08/Jun/2023:15:13:31 +0300] GET /devportal/site/public/images/_favicon.ico HTTP/1.1 200 1150 https://localhost:9443/devportal/apis Mozilla/5.0 (Windows NT 10.0; Win64; x64) AppleWebKit/537.36 (KHTML, like Gecko) Chrome/114.0.0.0 Safari/537.36 Edg/114.0.1823.37 0.018
0:0:0:0:0:0:0:1 - - [08/Jun/2023:15:13:31 +0300] GET /api/am/devportal/v3/tags HTTP/1.1 200 119 https://localhost:9443/devportal/apis Mozilla/5.0 (Windows NT 10.0; Win64; x64) AppleWebKit/537.36 (KHTML, like Gecko) Chrome/114.0.0.0 Safari/537.36 Edg/114.0.1823.37 0.083
0:0:0:0:0:0:0:1 - - [08/Jun/2023:15:13:31 +0300] GET /api/am/devportal/v3/api-categories HTTP/1.1 200 21 https://localhost:9443/devportal/apis Mozilla/5.0 (Windows NT 10.0; Win64; x64) AppleWebKit/537.36 (KHTML, like Gecko) Chrome/114.0.0.0 Safari/537.36 Edg/114.0.1823.37 0.434
0:0:0:0:0:0:0:1 - - [08/Jun/2023:15:13:31 +0300] GET /api/am/devportal/v3/apis?limit=10&offset=0 HTTP/1.1 200 840 https://localhost:9443/devportal/apis Mozilla/5.0 (Windows NT 10.0; Win64; x64) AppleWebKit/537.36 (KHTML, like Gecko) Chrome/114.0.0.0 Safari/537.36 Edg/114.0.1823.37 0.444
0:0:0:0:0:0:0:1 - - [08/Jun/2023:15:13:31 +0300] GET /api/am/devportal/v3/apis/a07038b5-f288-4dd1-9353-98dee58c170e/ratings HTTP/1.1 200 125 https://localhost:9443/devportal/apis Mozilla/5.0 (Windows NT 10.0; Win64; x64) AppleWebKit/537.36 (KHTML, like Gecko) Chrome/114.0.0.0 Safari/537.36 Edg/114.0.1823.37 0.046
0:0:0:0:0:0:0:1 - - [08/Jun/2023:15:13:56 +0300] GET /devportal/site/public/fonts/Open_Sans/mem5YaGs126MiZpBA-UN_r8OUuhpKKSTjw.woff2 HTTP/1.1 200 8732 https://localhost:9443/devportal/site/public/css/main.css Mozilla/5.0 (Windows NT 10.0; Win64; x64) AppleWebKit/537.36 (KHTML, like Gecko) Chrome/114.0.0.0 Safari/537.36 Edg/114.0.1823.37 0.012
0:0:0:0:0:0:0:1 - - [08/Jun/2023:15:14:03 +0300] GET /api/am/devportal/v3/swagger.yaml HTTP/1.1 200 26878 https://localhost:9443/devportal/applications Mozilla/5.0 (Windows NT 10.0; Win64; x64) AppleWebKit/537.36 (KHTML, like Gecko) Chrome/114.0.0.0 Safari/537.36 Edg/114.0.1823.37 0.048
0:0:0:0:0:0:0:1 - - [08/Jun/2023:15:14:03 +0300] GET /devportal/site/public/images/_favicon.ico HTTP/1.1 200 1150 https://localhost:9443/devportal/applications Mozilla/5.0 (Windows NT 10.0; Win64; x64) AppleWebKit/537.36 (KHTML, like Gecko) Chrome/114.0.0.0 Safari/537.36 Edg/114.0.1823.37 0.029
0:0:0:0:0:0:0:1 - - [08/Jun/2023:15:14:04 +0300] GET /api/am/devportal/v3/applications?sortBy=name&sortOrder=asc&limit=10&offset=0 HTTP/1.1 200 92 https://localhost:9443/devportal/applications Mozilla/5.0 (Windows NT 10.0; Win64; x64) AppleWebKit/537.36 (KHTML, like Gecko) Chrome/114.0.0.0 Safari/537.36 Edg/114.0.1823.37 0.016
0:0:0:0:0:0:0:1 - - [08/Jun/2023:15:14:06 +0300] GET /api/am/devportal/v3/tags HTTP/1.1 200 119 https://localhost:9443/devportal/apis Mozilla/5.0 (Windows NT 10.0; Win64; x64) AppleWebKit/537.36 (KHTML, like Gecko) Chrome/114.0.0.0 Safari/537.36 Edg/114.0.1823.37 0.048
0:0:0:0:0:0:0:1 - - [08/Jun/2023:15:14:06 +0300] GET /api/am/devportal/v3/api-categories HTTP/1.1 200 21 https://localhost:9443/devportal/apis Mozilla/5.0 (Windows NT 10.0; Win64; x64) AppleWebKit/537.36 (KHTML, like Gecko) Chrome/114.0.0.0 Safari/537.36 Edg/114.0.1823.37 0.017
0:0:0:0:0:0:0:1 - - [08/Jun/2023:15:14:06 +0300] GET /devportal/site/public/images/_favicon.ico HTTP/1.1 200 1150 https://localhost:9443/devportal/apis Mozilla/5.0 (Windows NT 10.0; Win64; x64) AppleWebKit/537.36 (KHTML, like Gecko) Chrome/114.0.0.0 Safari/537.36 Edg/114.0.1823.37 0.018
0:0:0:0:0:0:0:1 - - [08/Jun/2023:15:14:06 +0300] GET /api/am/devportal/v3/apis?limit=10&offset=0 HTTP/1.1 200 840 https://localhost:9443/devportal/apis Mozilla/5.0 (Windows NT 10.0; Win64; x64) AppleWebKit/537.36 (KHTML, like Gecko) Chrome/114.0.0.0 Safari/537.36 Edg/114.0.1823.37 0.114
0:0:0:0:0:0:0:1 - - [08/Jun/2023:15:14:06 +0300] GET /api/am/devportal/v3/apis/a07038b5-f288-4dd1-9353-98dee58c170e/ratings HTTP/1.1 200 125 https://localhost:9443/devportal/apis Mozilla/5.0 (Windows NT 10.0; Win64; x64) AppleWebKit/537.36 (KHTML, like Gecko) Chrome/114.0.0.0 Safari/537.36 Edg/114.0.1823.37 0.027
0:0:0:0:0:0:0:1 - - [08/Jun/2023:15:14:10 +0300] - 400 - - - 0.000
0:0:0:0:0:0:0:1 - - [08/Jun/2023:15:14:10 +0300] GET /devportal/site/public/images/_favicon.ico HTTP/1.1 200 1150 https://localhost:9443/devportal/apis/a07038b5-f288-4dd1-9353-98dee58c170e/overview Mozilla/5.0 (Windows NT 10.0; Win64; x64) AppleWebKit/537.36 (KHTML, like Gecko) Chrome/114.0.0.0 Safari/537.36 Edg/114.0.1823.37 0.006
0:0:0:0:0:0:0:1 - - [08/Jun/2023:15:14:10 +0300] GET /api/am/devportal/v3/applications?limit=5000 HTTP/1.1 200 94 https://localhost:9443/devportal/apis/a07038b5-f288-4dd1-9353-98dee58c170e/overview Mozilla/5.0 (Windows NT 10.0; Win64; x64) AppleWebKit/537.36 (KHTML, like Gecko) Chrome/114.0.0.0 Safari/537.36 Edg/114.0.1823.37 0.105
0:0:0:0:0:0:0:1 - - [08/Jun/2023:15:14:10 +0300] GET /api/am/devportal/v3/subscriptions?apiId=a07038b5-f288-4dd1-9353-98dee58c170e&limit=25 HTTP/1.1 200 92 https://localhost:9443/devportal/apis/a07038b5-f288-4dd1-9353-98dee58c170e/overview Mozilla/5.0 (Windows NT 10.0; Win64; x64) AppleWebKit/537.36 (KHTML, like Gecko) Chrome/114.0.0.0 Safari/537.36 Edg/114.0.1823.37 0.127
0:0:0:0:0:0:0:1 - - [08/Jun/2023:15:14:10 +0300] GET /api/am/devportal/v3/apis/a07038b5-f288-4dd1-9353-98dee58c170e HTTP/1.1 200 2477 https://localhost:9443/devportal/apis/a07038b5-f288-4dd1-9353-98dee58c170e/overview Mozilla/5.0 (Windows NT 10.0; Win64; x64) AppleWebKit/537.36 (KHTML, like Gecko) Chrome/114.0.0.0 Safari/537.36 Edg/114.0.1823.37 0.144
0:0:0:0:0:0:0:1 - - [08/Jun/2023:15:14:10 +0300] - 400 - - - 0.000
0:0:0:0:0:0:0:1 - - [08/Jun/2023:15:14:10 +0300] - 400 - - - 0.000
0:0:0:0:0:0:0:1 - - [08/Jun/2023:15:14:10 +0300] GET /devportal/site/public/dist/vendors~APIOverview~MDReactMarkdown.c8e68cd152f6972597f4.bundle.js HTTP/1.1 200 23172 https://localhost:9443/devportal/apis/a07038b5-f288-4dd1-9353-98dee58c170e/overview Mozilla/5.0 (Windows NT 10.0; Win64; x64) AppleWebKit/537.36 (KHTML, like Gecko) Chrome/114.0.0.0 Safari/537.36 Edg/114.0.1823.37 0.040
0:0:0:0:0:0:0:1 - - [08/Jun/2023:15:14:10 +0300] GET /devportal/site/public/dist/vendors~APIComments~APIOverview~ApplicationDetails.9553ed9b23431ac21302.bundle.js HTTP/1.1 200 5490 https://localhost:9443/devportal/apis/a07038b5-f288-4dd1-9353-98dee58c170e/overview Mozilla/5.0 (Windows NT 10.0; Win64; x64) AppleWebKit/537.36 (KHTML, like Gecko) Chrome/114.0.0.0 Safari/537.36 Edg/114.0.1823.37 0.040
0:0:0:0:0:0:0:1 - - [08/Jun/2023:15:14:10 +0300] GET /devportal/site/public/images/leftMenuBack.png HTTP/1.1 200 5308 https://localhost:9443/devportal/apis/a07038b5-f288-4dd1-9353-98dee58c170e/overview Mozilla/5.0 (Windows NT 10.0; Win64; x64) AppleWebKit/537.36 (KHTML, like Gecko) Chrome/114.0.0.0 Safari/537.36 Edg/114.0.1823.37 0.018
0:0:0:0:0:0:0:1 - - [08/Jun/2023:15:14:10 +0300] GET /devportal/site/public/dist/vendors~APIDocuments~APIOverview.f394ac01608a94b6dd74.bundle.js HTTP/1.1 200 34374 https://localhost:9443/devportal/apis/a07038b5-f288-4dd1-9353-98dee58c170e/overview Mozilla/5.0 (Windows NT 10.0; Win64; x64) AppleWebKit/537.36 (KHTML, like Gecko) Chrome/114.0.0.0 Safari/537.36 Edg/114.0.1823.37 0.073
0:0:0:0:0:0:0:1 - - [08/Jun/2023:15:14:10 +0300] - 400 - - - 0.000
0:0:0:0:0:0:0:1 - - [08/Jun/2023:15:14:10 +0300] GET /devportal/site/public/dist/APIOverview.9b9a6e01add6e880d662.bundle.js HTTP/1.1 200 20063 https://localhost:9443/devportal/apis/a07038b5-f288-4dd1-9353-98dee58c170e/overview Mozilla/5.0 (Windows NT 10.0; Win64; x64) AppleWebKit/537.36 (KHTML, like Gecko) Chrome/114.0.0.0 Safari/537.36 Edg/114.0.1823.37 0.053
0:0:0:0:0:0:0:1 - - [08/Jun/2023:15:14:10 +0300] GET /api/am/devportal/v3/subscriptions?apiId=a07038b5-f288-4dd1-9353-98dee58c170e&limit=5000 HTTP/1.1 200 94 https://localhost:9443/devportal/apis/a07038b5-f288-4dd1-9353-98dee58c170e/overview Mozilla/5.0 (Windows NT 10.0; Win64; x64) AppleWebKit/537.36 (KHTML, like Gecko) Chrome/114.0.0.0 Safari/537.36 Edg/114.0.1823.37 0.323
0:0:0:0:0:0:0:1 - - [08/Jun/2023:15:14:10 +0300] GET /devportal/site/public/dist/vendors~APIConsole~APIDocuments~APIOverview.351585fe0b19dbf2f65f.bundle.js HTTP/1.1 200 224002 https://localhost:9443/devportal/apis/a07038b5-f288-4dd1-9353-98dee58c170e/overview Mozilla/5.0 (Windows NT 10.0; Win64; x64) AppleWebKit/537.36 (KHTML, like Gecko) Chrome/114.0.0.0 Safari/537.36 Edg/114.0.1823.37 0.317
0:0:0:0:0:0:0:1 - - [08/Jun/2023:15:14:11 +0300] GET /api/am/devportal/v3/throttling-policies/subscription HTTP/1.1 200 634 https://localhost:9443/devportal/apis/a07038b5-f288-4dd1-9353-98dee58c170e/overview Mozilla/5.0 (Windows NT 10.0; Win64; x64) AppleWebKit/537.36 (KHTML, like Gecko) Chrome/114.0.0.0 Safari/537.36 Edg/114.0.1823.37 0.055
0:0:0:0:0:0:0:1 - - [08/Jun/2023:15:14:11 +0300] GET /api/am/devportal/v3/throttling-policies/subscription HTTP/1.1 200 634 https://localhost:9443/devportal/apis/a07038b5-f288-4dd1-9353-98dee58c170e/overview Mozilla/5.0 (Windows NT 10.0; Win64; x64) AppleWebKit/537.36 (KHTML, like Gecko) Chrome/114.0.0.0 Safari/537.36 Edg/114.0.1823.37 0.041
0:0:0:0:0:0:0:1 - - [08/Jun/2023:15:14:11 +0300] GET /api/am/devportal/v3/apis/a07038b5-f288-4dd1-9353-98dee58c170e/documents HTTP/1.1 200 92 https://localhost:9443/devportal/apis/a07038b5-f288-4dd1-9353-98dee58c170e/overview Mozilla/5.0 (Windows NT 10.0; Win64; x64) AppleWebKit/537.36 (KHTML, like Gecko) Chrome/114.0.0.0 Safari/537.36 Edg/114.0.1823.37 0.112
0:0:0:0:0:0:0:1 - - [08/Jun/2023:15:14:11 +0300] GET /api/am/devportal/v3/apis/a07038b5-f288-4dd1-9353-98dee58c170e/documents HTTP/1.1 200 92 https://localhost:9443/devportal/apis/a07038b5-f288-4dd1-9353-98dee58c170e/overview Mozilla/5.0 (Windows NT 10.0; Win64; x64) AppleWebKit/537.36 (KHTML, like Gecko) Chrome/114.0.0.0 Safari/537.36 Edg/114.0.1823.37 0.117
0:0:0:0:0:0:0:1 - - [08/Jun/2023:15:14:11 +0300] GET /api/am/devportal/v3/apis/a07038b5-f288-4dd1-9353-98dee58c170e/comments?limit=5&offset=0 HTTP/1.1 200 101 https://localhost:9443/devportal/apis/a07038b5-f288-4dd1-9353-98dee58c170e/overview Mozilla/5.0 (Windows NT 10.0; Win64; x64) AppleWebKit/537.36 (KHTML, like Gecko) Chrome/114.0.0.0 Safari/537.36 Edg/114.0.1823.37 0.146
0:0:0:0:0:0:0:1 - - [08/Jun/2023:15:14:11 +0300] GET /api/am/devportal/v3/apis/a07038b5-f288-4dd1-9353-98dee58c170e/thumbnail HTTP/1.1 204 - https://localhost:9443/devportal/apis/a07038b5-f288-4dd1-9353-98dee58c170e/overview Mozilla/5.0 (Windows NT 10.0; Win64; x64) AppleWebKit/537.36 (KHTML, like Gecko) Chrome/114.0.0.0 Safari/537.36 Edg/114.0.1823.37 0.185
0:0:0:0:0:0:0:1 - - [08/Jun/2023:15:14:11 +0300] GET /api/am/devportal/v3/apis/a07038b5-f288-4dd1-9353-98dee58c170e/ratings HTTP/1.1 200 125 https://localhost:9443/devportal/apis/a07038b5-f288-4dd1-9353-98dee58c170e/overview Mozilla/5.0 (Windows NT 10.0; Win64; x64) AppleWebKit/537.36 (KHTML, like Gecko) Chrome/114.0.0.0 Safari/537.36 Edg/114.0.1823.37 0.193
0:0:0:0:0:0:0:1 - - [08/Jun/2023:15:14:19 +0300] GET /devportal/site/public/dist/vendors~APIConsole~APIDocuments~ApplicationDetails.632f7f3618b917dd72cb.bundle.js HTTP/1.1 200 25476 https://localhost:9443/devportal/apis/a07038b5-f288-4dd1-9353-98dee58c170e/test Mozilla/5.0 (Windows NT 10.0; Win64; x64) AppleWebKit/537.36 (KHTML, like Gecko) Chrome/114.0.0.0 Safari/537.36 Edg/114.0.1823.37 0.032
0:0:0:0:0:0:0:1 - - [08/Jun/2023:15:14:19 +0300] GET /devportal/site/public/images/_favicon.ico HTTP/1.1 200 1150 https://localhost:9443/devportal/apis/a07038b5-f288-4dd1-9353-98dee58c170e/test Mozilla/5.0 (Windows NT 10.0; Win64; x64) AppleWebKit/537.36 (KHTML, like Gecko) Chrome/114.0.0.0 Safari/537.36 Edg/114.0.1823.37 0.010
0:0:0:0:0:0:0:1 - - [08/Jun/2023:15:14:19 +0300] GET /devportal/site/public/dist/5.57286c37eacce5fafae0.bundle.js HTTP/1.1 200 84080 https://localhost:9443/devportal/apis/a07038b5-f288-4dd1-9353-98dee58c170e/test Mozilla/5.0 (Windows NT 10.0; Win64; x64) AppleWebKit/537.36 (KHTML, like Gecko) Chrome/114.0.0.0 Safari/537.36 Edg/114.0.1823.37 0.060
0:0:0:0:0:0:0:1 - - [08/Jun/2023:15:14:19 +0300] GET /devportal/site/public/dist/vendors~APIConsole~GraphQLConsole.fdedfa5fe9df001a3725.bundle.js HTTP/1.1 200 55674 https://localhost:9443/devportal/apis/a07038b5-f288-4dd1-9353-98dee58c170e/test Mozilla/5.0 (Windows NT 10.0; Win64; x64) AppleWebKit/537.36 (KHTML, like Gecko) Chrome/114.0.0.0 Safari/537.36 Edg/114.0.1823.37 0.037
0:0:0:0:0:0:0:1 - - [08/Jun/2023:15:14:19 +0300] GET /devportal/site/public/dist/APIConsole.b3e80a9dce3816857c0c.bundle.js HTTP/1.1 200 1748096 https://localhost:9443/devportal/apis/a07038b5-f288-4dd1-9353-98dee58c170e/test Mozilla/5.0 (Windows NT 10.0; Win64; x64) AppleWebKit/537.36 (KHTML, like Gecko) Chrome/114.0.0.0 Safari/537.36 Edg/114.0.1823.37 0.824
0:0:0:0:0:0:0:1 - - [08/Jun/2023:15:14:20 +0300] GET /api/am/devportal/v3/apis/a07038b5-f288-4dd1-9353-98dee58c170e HTTP/1.1 200 2477 https://localhost:9443/devportal/apis/a07038b5-f288-4dd1-9353-98dee58c170e/test Mozilla/5.0 (Windows NT 10.0; Win64; x64) AppleWebKit/537.36 (KHTML, like Gecko) Chrome/114.0.0.0 Safari/537.36 Edg/114.0.1823.37 0.047
0:0:0:0:0:0:0:1 - - [08/Jun/2023:15:14:20 +0300] GET /api/am/devportal/v3/apis/a07038b5-f288-4dd1-9353-98dee58c170e/swagger?environmentName=Default HTTP/1.1 200 1756 https://localhost:9443/devportal/apis/a07038b5-f288-4dd1-9353-98dee58c170e/test Mozilla/5.0 (Windows NT 10.0; Win64; x64) AppleWebKit/537.36 (KHTML, like Gecko) Chrome/114.0.0.0 Safari/537.36 Edg/114.0.1823.37 0.130
0:0:0:0:0:0:0:1 - - [08/Jun/2023:15:14:20 +0300] GET /api/am/devportal/v3/swagger.yaml HTTP/1.1 200 26878 https://localhost:9443/devportal/apis/a07038b5-f288-4dd1-9353-98dee58c170e/test Mozilla/5.0 (Windows NT 10.0; Win64; x64) AppleWebKit/537.36 (KHTML, like Gecko) Chrome/114.0.0.0 Safari/537.36 Edg/114.0.1823.37 0.025
0:0:0:0:0:0:0:1 - - [08/Jun/2023:15:14:20 +0300] GET /api/am/devportal/v3/subscriptions?apiId=a07038b5-f288-4dd1-9353-98dee58c170e&limit=25 HTTP/1.1 200 92 https://localhost:9443/devportal/apis/a07038b5-f288-4dd1-9353-98dee58c170e/test Mozilla/5.0 (Windows NT 10.0; Win64; x64) AppleWebKit/537.36 (KHTML, like Gecko) Chrome/114.0.0.0 Safari/537.36 Edg/114.0.1823.37 0.017
127.0.0.1 - - [08/Jun/2023:15:14:20 +0300] GET /oauth2/token/.well-known/openid-configuration HTTP/1.1 200 2395 - Apache-HttpClient/4.5.13 (Java/20.0.1) 0.007
0:0:0:0:0:0:0:1 - - [08/Jun/2023:15:14:20 +0300] GET /api/am/devportal/v3/subscriptions?apiId=a07038b5-f288-4dd1-9353-98dee58c170e&limit=25 HTTP/1.1 200 92 https://localhost:9443/devportal/apis/a07038b5-f288-4dd1-9353-98dee58c170e/test Mozilla/5.0 (Windows NT 10.0; Win64; x64) AppleWebKit/537.36 (KHTML, like Gecko) Chrome/114.0.0.0 Safari/537.36 Edg/114.0.1823.37 0.021
0:0:0:0:0:0:0:1 - - [08/Jun/2023:15:14:20 +0300] GET /api/am/devportal/v3/key-managers HTTP/1.1 200 763 https://localhost:9443/devportal/apis/a07038b5-f288-4dd1-9353-98dee58c170e/test Mozilla/5.0 (Windows NT 10.0; Win64; x64) AppleWebKit/537.36 (KHTML, like Gecko) Chrome/114.0.0.0 Safari/537.36 Edg/114.0.1823.37 0.058
0:0:0:0:0:0:0:1 - - [08/Jun/2023:15:14:21 +0300] GET /api/am/devportal/v3/applications/ HTTP/1.1 200 92 https://localhost:9443/devportal/apis/a07038b5-f288-4dd1-9353-98dee58c170e/test Mozilla/5.0 (Windows NT 10.0; Win64; x64) AppleWebKit/537.36 (KHTML, like Gecko) Chrome/114.0.0.0 Safari/537.36 Edg/114.0.1823.37 0.063
0:0:0:0:0:0:0:1 - - [08/Jun/2023:15:14:21 +0300] GET /api/am/devportal/v3/swagger.yaml HTTP/1.1 200 26878 https://localhost:9443/devportal/apis/a07038b5-f288-4dd1-9353-98dee58c170e/test Mozilla/5.0 (Windows NT 10.0; Win64; x64) AppleWebKit/537.36 (KHTML, like Gecko) Chrome/114.0.0.0 Safari/537.36 Edg/114.0.1823.37 0.012
0:0:0:0:0:0:0:1 - - [08/Jun/2023:15:22:49 +0300] - 400 - - - 0.000
0:0:0:0:0:0:0:1 - - [08/Jun/2023:15:22:49 +0300] - 400 - - - 0.000
0:0:0:0:0:0:0:1 - - [08/Jun/2023:15:22:49 +0300] - 400 - - - 0.000
0:0:0:0:0:0:0:1 - - [08/Jun/2023:15:22:49 +0300] - 400 - - - 0.000
0:0:0:0:0:0:0:1 - - [08/Jun/2023:15:22:49 +0300] GET /devportal/site/public/images/_favicon.ico HTTP/1.1 200 1150 https://localhost:9443/devportal/apis Mozilla/5.0 (Windows NT 10.0; Win64; x64) AppleWebKit/537.36 (KHTML, like Gecko) Chrome/114.0.0.0 Safari/537.36 Edg/114.0.1823.37 0.007
0:0:0:0:0:0:0:1 - - [08/Jun/2023:15:22:50 +0300] GET /api/am/devportal/v3/api-categories HTTP/1.1 200 21 https://localhost:9443/devportal/apis Mozilla/5.0 (Windows NT 10.0; Win64; x64) AppleWebKit/537.36 (KHTML, like Gecko) Chrome/114.0.0.0 Safari/537.36 Edg/114.0.1823.37 0.311
0:0:0:0:0:0:0:1 - - [08/Jun/2023:15:22:50 +0300] GET /api/am/devportal/v3/tags HTTP/1.1 200 119 https://localhost:9443/devportal/apis Mozilla/5.0 (Windows NT 10.0; Win64; x64) AppleWebKit/537.36 (KHTML, like Gecko) Chrome/114.0.0.0 Safari/537.36 Edg/114.0.1823.37 0.348
0:0:0:0:0:0:0:1 - - [08/Jun/2023:15:22:50 +0300] GET /api/am/devportal/v3/apis?limit=10&offset=0 HTTP/1.1 200 840 https://localhost:9443/devportal/apis Mozilla/5.0 (Windows NT 10.0; Win64; x64) AppleWebKit/537.36 (KHTML, like Gecko) Chrome/114.0.0.0 Safari/537.36 Edg/114.0.1823.37 0.399
0:0:0:0:0:0:0:1 - - [08/Jun/2023:15:22:50 +0300] GET /api/am/devportal/v3/apis/a07038b5-f288-4dd1-9353-98dee58c170e/ratings HTTP/1.1 200 125 https://localhost:9443/devportal/apis Mozilla/5.0 (Windows NT 10.0; Win64; x64) AppleWebKit/537.36 (KHTML, like Gecko) Chrome/114.0.0.0 Safari/537.36 Edg/114.0.1823.37 0.041
0:0:0:0:0:0:0:1 - - [08/Jun/2023:15:22:55 +0300] GET /api/am/devportal/v3/subscriptions?apiId=a07038b5-f288-4dd1-9353-98dee58c170e&limit=5000 HTTP/1.1 200 94 https://localhost:9443/devportal/apis/a07038b5-f288-4dd1-9353-98dee58c170e/overview Mozilla/5.0 (Windows NT 10.0; Win64; x64) AppleWebKit/537.36 (KHTML, like Gecko) Chrome/114.0.0.0 Safari/537.36 Edg/114.0.1823.37 0.046
0:0:0:0:0:0:0:1 - - [08/Jun/2023:15:22:55 +0300] GET /devportal/site/public/images/_favicon.ico HTTP/1.1 200 1150 https://localhost:9443/devportal/apis/a07038b5-f288-4dd1-9353-98dee58c170e/overview Mozilla/5.0 (Windows NT 10.0; Win64; x64) AppleWebKit/537.36 (KHTML, like Gecko) Chrome/114.0.0.0 Safari/537.36 Edg/114.0.1823.37 0.009
0:0:0:0:0:0:0:1 - - [08/Jun/2023:15:22:55 +0300] GET /api/am/devportal/v3/apis/a07038b5-f288-4dd1-9353-98dee58c170e HTTP/1.1 200 2477 https://localhost:9443/devportal/apis/a07038b5-f288-4dd1-9353-98dee58c170e/overview Mozilla/5.0 (Windows NT 10.0; Win64; x64) AppleWebKit/537.36 (KHTML, like Gecko) Chrome/114.0.0.0 Safari/537.36 Edg/114.0.1823.37 0.080
0:0:0:0:0:0:0:1 - - [08/Jun/2023:15:22:55 +0300] GET /api/am/devportal/v3/applications?limit=5000 HTTP/1.1 200 94 https://localhost:9443/devportal/apis/a07038b5-f288-4dd1-9353-98dee58c170e/overview Mozilla/5.0 (Windows NT 10.0; Win64; x64) AppleWebKit/537.36 (KHTML, like Gecko) Chrome/114.0.0.0 Safari/537.36 Edg/114.0.1823.37 0.046
0:0:0:0:0:0:0:1 - - [08/Jun/2023:15:22:55 +0300] GET /api/am/devportal/v3/subscriptions?apiId=a07038b5-f288-4dd1-9353-98dee58c170e&limit=25 HTTP/1.1 200 92 https://localhost:9443/devportal/apis/a07038b5-f288-4dd1-9353-98dee58c170e/overview Mozilla/5.0 (Windows NT 10.0; Win64; x64) AppleWebKit/537.36 (KHTML, like Gecko) Chrome/114.0.0.0 Safari/537.36 Edg/114.0.1823.37 0.087
0:0:0:0:0:0:0:1 - - [08/Jun/2023:15:22:55 +0300] - 400 - - - 0.000
0:0:0:0:0:0:0:1 - - [08/Jun/2023:15:22:55 +0300] GET /api/am/devportal/v3/apis/a07038b5-f288-4dd1-9353-98dee58c170e/documents HTTP/1.1 200 92 https://localhost:9443/devportal/apis/a07038b5-f288-4dd1-9353-98dee58c170e/overview Mozilla/5.0 (Windows NT 10.0; Win64; x64) AppleWebKit/537.36 (KHTML, like Gecko) Chrome/114.0.0.0 Safari/537.36 Edg/114.0.1823.37 0.096
0:0:0:0:0:0:0:1 - - [08/Jun/2023:15:22:55 +0300] GET /api/am/devportal/v3/throttling-policies/subscription HTTP/1.1 200 634 https://localhost:9443/devportal/apis/a07038b5-f288-4dd1-9353-98dee58c170e/overview Mozilla/5.0 (Windows NT 10.0; Win64; x64) AppleWebKit/537.36 (KHTML, like Gecko) Chrome/114.0.0.0 Safari/537.36 Edg/114.0.1823.37 0.144
0:0:0:0:0:0:0:1 - - [08/Jun/2023:15:22:55 +0300] GET /api/am/devportal/v3/throttling-policies/subscription HTTP/1.1 200 634 https://localhost:9443/devportal/apis/a07038b5-f288-4dd1-9353-98dee58c170e/overview Mozilla/5.0 (Windows NT 10.0; Win64; x64) AppleWebKit/537.36 (KHTML, like Gecko) Chrome/114.0.0.0 Safari/537.36 Edg/114.0.1823.37 0.019
0:0:0:0:0:0:0:1 - - [08/Jun/2023:15:22:55 +0300] GET /api/am/devportal/v3/apis/a07038b5-f288-4dd1-9353-98dee58c170e/thumbnail HTTP/1.1 204 - https://localhost:9443/devportal/apis/a07038b5-f288-4dd1-9353-98dee58c170e/overview Mozilla/5.0 (Windows NT 10.0; Win64; x64) AppleWebKit/537.36 (KHTML, like Gecko) Chrome/114.0.0.0 Safari/537.36 Edg/114.0.1823.37 0.064
0:0:0:0:0:0:0:1 - - [08/Jun/2023:15:22:55 +0300] GET /api/am/devportal/v3/apis/a07038b5-f288-4dd1-9353-98dee58c170e/ratings HTTP/1.1 200 125 https://localhost:9443/devportal/apis/a07038b5-f288-4dd1-9353-98dee58c170e/overview Mozilla/5.0 (Windows NT 10.0; Win64; x64) AppleWebKit/537.36 (KHTML, like Gecko) Chrome/114.0.0.0 Safari/537.36 Edg/114.0.1823.37 0.079
0:0:0:0:0:0:0:1 - - [08/Jun/2023:15:22:55 +0300] GET /api/am/devportal/v3/apis/a07038b5-f288-4dd1-9353-98dee58c170e/comments?limit=5&offset=0 HTTP/1.1 200 101 https://localhost:9443/devportal/apis/a07038b5-f288-4dd1-9353-98dee58c170e/overview Mozilla/5.0 (Windows NT 10.0; Win64; x64) AppleWebKit/537.36 (KHTML, like Gecko) Chrome/114.0.0.0 Safari/537.36 Edg/114.0.1823.37 0.085
0:0:0:0:0:0:0:1 - - [08/Jun/2023:15:22:55 +0300] GET /api/am/devportal/v3/apis/a07038b5-f288-4dd1-9353-98dee58c170e/documents HTTP/1.1 200 92 https://localhost:9443/devportal/apis/a07038b5-f288-4dd1-9353-98dee58c170e/overview Mozilla/5.0 (Windows NT 10.0; Win64; x64) AppleWebKit/537.36 (KHTML, like Gecko) Chrome/114.0.0.0 Safari/537.36 Edg/114.0.1823.37 0.231
0:0:0:0:0:0:0:1 - - [08/Jun/2023:15:22:57 +0300] GET /devportal/site/public/images/_favicon.ico HTTP/1.1 200 1150 https://localhost:9443/devportal/apis/a07038b5-f288-4dd1-9353-98dee58c170e/credentials Mozilla/5.0 (Windows NT 10.0; Win64; x64) AppleWebKit/537.36 (KHTML, like Gecko) Chrome/114.0.0.0 Safari/537.36 Edg/114.0.1823.37 0.004
0:0:0:0:0:0:0:1 - - [08/Jun/2023:15:22:57 +0300] GET /devportal/site/public/dist/vendors~APICredentials.b631ff2ba79ad9a03e8f.bundle.js HTTP/1.1 200 7297 https://localhost:9443/devportal/apis/a07038b5-f288-4dd1-9353-98dee58c170e/credentials Mozilla/5.0 (Windows NT 10.0; Win64; x64) AppleWebKit/537.36 (KHTML, like Gecko) Chrome/114.0.0.0 Safari/537.36 Edg/114.0.1823.37 0.124
0:0:0:0:0:0:0:1 - - [08/Jun/2023:15:22:57 +0300] GET /devportal/site/public/dist/APICredentials.adc4c21efd10886734c0.bundle.js HTTP/1.1 200 19944 https://localhost:9443/devportal/apis/a07038b5-f288-4dd1-9353-98dee58c170e/credentials Mozilla/5.0 (Windows NT 10.0; Win64; x64) AppleWebKit/537.36 (KHTML, like Gecko) Chrome/114.0.0.0 Safari/537.36 Edg/114.0.1823.37 0.147
0:0:0:0:0:0:0:1 - - [08/Jun/2023:15:22:57 +0300] GET /devportal/site/public/dist/7.78efb95d9f7afcfbb567.bundle.js HTTP/1.1 200 42986 https://localhost:9443/devportal/apis/a07038b5-f288-4dd1-9353-98dee58c170e/credentials Mozilla/5.0 (Windows NT 10.0; Win64; x64) AppleWebKit/537.36 (KHTML, like Gecko) Chrome/114.0.0.0 Safari/537.36 Edg/114.0.1823.37 0.252
0:0:0:0:0:0:0:1 - - [08/Jun/2023:15:22:59 +0300] GET /api/am/devportal/v3/throttling-policies/application HTTP/1.1 200 473 https://localhost:9443/devportal/apis/a07038b5-f288-4dd1-9353-98dee58c170e/credentials/wizard Mozilla/5.0 (Windows NT 10.0; Win64; x64) AppleWebKit/537.36 (KHTML, like Gecko) Chrome/114.0.0.0 Safari/537.36 Edg/114.0.1823.37 0.006
0:0:0:0:0:0:0:1 - - [08/Jun/2023:15:22:59 +0300] GET /devportal/site/public/images/_favicon.ico HTTP/1.1 200 1150 https://localhost:9443/devportal/apis/a07038b5-f288-4dd1-9353-98dee58c170e/credentials/wizard Mozilla/5.0 (Windows NT 10.0; Win64; x64) AppleWebKit/537.36 (KHTML, like Gecko) Chrome/114.0.0.0 Safari/537.36 Edg/114.0.1823.37 0.006
0:0:0:0:0:0:0:1 - - [08/Jun/2023:15:22:59 +0300] GET /api/am/devportal/v3/settings/application-attributes HTTP/1.1 200 21 https://localhost:9443/devportal/apis/a07038b5-f288-4dd1-9353-98dee58c170e/credentials/wizard Mozilla/5.0 (Windows NT 10.0; Win64; x64) AppleWebKit/537.36 (KHTML, like Gecko) Chrome/114.0.0.0 Safari/537.36 Edg/114.0.1823.37 0.013
127.0.0.1 - - [08/Jun/2023:15:22:59 +0300] GET /oauth2/token/.well-known/openid-configuration HTTP/1.1 200 2395 - Apache-HttpClient/4.5.13 (Java/20.0.1) 0.006
0:0:0:0:0:0:0:1 - - [08/Jun/2023:15:22:59 +0300] GET /api/am/devportal/v3/key-managers HTTP/1.1 200 763 https://localhost:9443/devportal/apis/a07038b5-f288-4dd1-9353-98dee58c170e/credentials/wizard Mozilla/5.0 (Windows NT 10.0; Win64; x64) AppleWebKit/537.36 (KHTML, like Gecko) Chrome/114.0.0.0 Safari/537.36 Edg/114.0.1823.37 0.039
0:0:0:0:0:0:0:1 - - [08/Jun/2023:15:23:19 +0300] POST /api/am/devportal/v3/applications HTTP/1.1 201 335 https://localhost:9443/devportal/apis/a07038b5-f288-4dd1-9353-98dee58c170e/credentials/wizard Mozilla/5.0 (Windows NT 10.0; Win64; x64) AppleWebKit/537.36 (KHTML, like Gecko) Chrome/114.0.0.0 Safari/537.36 Edg/114.0.1823.37 0.353
0:0:0:0:0:0:0:1 - - [08/Jun/2023:15:23:25 +0300] POST /api/am/devportal/v3/subscriptions HTTP/1.1 201 728 https://localhost:9443/devportal/apis/a07038b5-f288-4dd1-9353-98dee58c170e/credentials/wizard Mozilla/5.0 (Windows NT 10.0; Win64; x64) AppleWebKit/537.36 (KHTML, like Gecko) Chrome/114.0.0.0 Safari/537.36 Edg/114.0.1823.37 0.057
127.0.0.1 - - [08/Jun/2023:15:23:26 +0300] GET /oauth2/token/.well-known/openid-configuration HTTP/1.1 200 2395 - Apache-HttpClient/4.5.13 (Java/20.0.1) 0.005
0:0:0:0:0:0:0:1 - - [08/Jun/2023:15:23:26 +0300] GET /api/am/devportal/v3/key-managers HTTP/1.1 200 763 https://localhost:9443/devportal/apis/a07038b5-f288-4dd1-9353-98dee58c170e/credentials/wizard Mozilla/5.0 (Windows NT 10.0; Win64; x64) AppleWebKit/537.36 (KHTML, like Gecko) Chrome/114.0.0.0 Safari/537.36 Edg/114.0.1823.37 0.037
0:0:0:0:0:0:0:1 - - [08/Jun/2023:15:23:38 +0300] GET /api/am/devportal/v3/swagger.yaml HTTP/1.1 200 26878 https://localhost:9443/devportal/applications Mozilla/5.0 (Windows NT 10.0; Win64; x64) AppleWebKit/537.36 (KHTML, like Gecko) Chrome/114.0.0.0 Safari/537.36 Edg/114.0.1823.37 0.022
0:0:0:0:0:0:0:1 - - [08/Jun/2023:15:23:38 +0300] GET /devportal/site/public/images/_favicon.ico HTTP/1.1 200 1150 https://localhost:9443/devportal/applications Mozilla/5.0 (Windows NT 10.0; Win64; x64) AppleWebKit/537.36 (KHTML, like Gecko) Chrome/114.0.0.0 Safari/537.36 Edg/114.0.1823.37 0.005
0:0:0:0:0:0:0:1 - - [08/Jun/2023:15:23:38 +0300] GET /api/am/devportal/v3/applications?sortBy=name&sortOrder=asc&limit=10&offset=0 HTTP/1.1 200 374 https://localhost:9443/devportal/applications Mozilla/5.0 (Windows NT 10.0; Win64; x64) AppleWebKit/537.36 (KHTML, like Gecko) Chrome/114.0.0.0 Safari/537.36 Edg/114.0.1823.37 0.014
0:0:0:0:0:0:0:1 - - [08/Jun/2023:15:23:44 +0300] GET /devportal/site/public/images/_favicon.ico HTTP/1.1 200 1150 https://localhost:9443/devportal/applications/d055fa0a-c03a-421c-bc0e-824699676a13 Mozilla/5.0 (Windows NT 10.0; Win64; x64) AppleWebKit/537.36 (KHTML, like Gecko) Chrome/114.0.0.0 Safari/537.36 Edg/114.0.1823.37 0.004
0:0:0:0:0:0:0:1 - - [08/Jun/2023:15:23:44 +0300] GET /devportal/site/public/dist/ApplicationDetails.84676b0e418ac76ec3ec.bundle.js HTTP/1.1 200 118257 https://localhost:9443/devportal/applications/d055fa0a-c03a-421c-bc0e-824699676a13 Mozilla/5.0 (Windows NT 10.0; Win64; x64) AppleWebKit/537.36 (KHTML, like Gecko) Chrome/114.0.0.0 Safari/537.36 Edg/114.0.1823.37 0.345
0:0:0:0:0:0:0:1 - - [08/Jun/2023:15:23:44 +0300] GET /api/am/devportal/v3/applications/d055fa0a-c03a-421c-bc0e-824699676a13 HTTP/1.1 200 336 https://localhost:9443/devportal/applications/d055fa0a-c03a-421c-bc0e-824699676a13 Mozilla/5.0 (Windows NT 10.0; Win64; x64) AppleWebKit/537.36 (KHTML, like Gecko) Chrome/114.0.0.0 Safari/537.36 Edg/114.0.1823.37 0.004
0:0:0:0:0:0:0:1 - - [08/Jun/2023:15:23:44 +0300] GET /devportal/site/public/images/_favicon.ico HTTP/1.1 200 1150 https://localhost:9443/devportal/applications/d055fa0a-c03a-421c-bc0e-824699676a13/overview Mozilla/5.0 (Windows NT 10.0; Win64; x64) AppleWebKit/537.36 (KHTML, like Gecko) Chrome/114.0.0.0 Safari/537.36 Edg/114.0.1823.37 0.007
0:0:0:0:0:0:0:1 - - [08/Jun/2023:15:23:44 +0300] GET /api/am/devportal/v3/applications/d055fa0a-c03a-421c-bc0e-824699676a13 HTTP/1.1 200 336 https://localhost:9443/devportal/applications/d055fa0a-c03a-421c-bc0e-824699676a13/overview Mozilla/5.0 (Windows NT 10.0; Win64; x64) AppleWebKit/537.36 (KHTML, like Gecko) Chrome/114.0.0.0 Safari/537.36 Edg/114.0.1823.37 0.011
0:0:0:0:0:0:0:1 - - [08/Jun/2023:15:23:44 +0300] GET /api/am/devportal/v3/throttling-policies/application/10PerMin HTTP/1.1 200 493 https://localhost:9443/devportal/applications/d055fa0a-c03a-421c-bc0e-824699676a13/overview Mozilla/5.0 (Windows NT 10.0; Win64; x64) AppleWebKit/537.36 (KHTML, like Gecko) Chrome/114.0.0.0 Safari/537.36 Edg/114.0.1823.37 0.044
0:0:0:0:0:0:0:1 - - [08/Jun/2023:15:23:44 +0300] GET /api/am/devportal/v3/throttling-policies/application/10PerMin HTTP/1.1 200 493 https://localhost:9443/devportal/applications/d055fa0a-c03a-421c-bc0e-824699676a13/overview Mozilla/5.0 (Windows NT 10.0; Win64; x64) AppleWebKit/537.36 (KHTML, like Gecko) Chrome/114.0.0.0 Safari/537.36 Edg/114.0.1823.37 0.010
0:0:0:0:0:0:0:1 - - [08/Jun/2023:15:26:44 +0300] - 400 - - - 0.000
0:0:0:0:0:0:0:1 - - [08/Jun/2023:15:26:44 +0300] - 400 - - - 0.000
0:0:0:0:0:0:0:1 - - [08/Jun/2023:15:26:44 +0300] - 400 - - - 0.000
0:0:0:0:0:0:0:1 - - [08/Jun/2023:15:26:44 +0300] GET /api/am/devportal/v3/swagger.yaml HTTP/1.1 200 26878 https://localhost:9443/devportal/applications/d055fa0a-c03a-421c-bc0e-824699676a13/productionkeys/oauth Mozilla/5.0 (Windows NT 10.0; Win64; x64) AppleWebKit/537.36 (KHTML, like Gecko) Chrome/114.0.0.0 Safari/537.36 Edg/114.0.1823.37 0.038
0:0:0:0:0:0:0:1 - - [08/Jun/2023:15:26:44 +0300] GET /devportal/site/public/images/_favicon.ico HTTP/1.1 200 1150 https://localhost:9443/devportal/applications/d055fa0a-c03a-421c-bc0e-824699676a13/productionkeys/oauth Mozilla/5.0 (Windows NT 10.0; Win64; x64) AppleWebKit/537.36 (KHTML, like Gecko) Chrome/114.0.0.0 Safari/537.36 Edg/114.0.1823.37 0.101
0:0:0:0:0:0:0:1 - - [08/Jun/2023:15:26:44 +0300] GET /api/am/devportal/v3/applications/d055fa0a-c03a-421c-bc0e-824699676a13 HTTP/1.1 200 336 https://localhost:9443/devportal/applications/d055fa0a-c03a-421c-bc0e-824699676a13/productionkeys/oauth Mozilla/5.0 (Windows NT 10.0; Win64; x64) AppleWebKit/537.36 (KHTML, like Gecko) Chrome/114.0.0.0 Safari/537.36 Edg/114.0.1823.37 0.033
0:0:0:0:0:0:0:1 - - [08/Jun/2023:15:26:45 +0300] GET /api/am/devportal/v3/applications/d055fa0a-c03a-421c-bc0e-824699676a13/oauth-keys HTTP/1.1 200 21 https://localhost:9443/devportal/applications/d055fa0a-c03a-421c-bc0e-824699676a13/productionkeys/oauth Mozilla/5.0 (Windows NT 10.0; Win64; x64) AppleWebKit/537.36 (KHTML, like Gecko) Chrome/114.0.0.0 Safari/537.36 Edg/114.0.1823.37 0.027
127.0.0.1 - - [08/Jun/2023:15:26:45 +0300] GET /oauth2/token/.well-known/openid-configuration HTTP/1.1 200 2395 - Apache-HttpClient/4.5.13 (Java/20.0.1) 0.029
0:0:0:0:0:0:0:1 - - [08/Jun/2023:15:26:45 +0300] GET /api/am/devportal/v3/key-managers HTTP/1.1 200 763 https://localhost:9443/devportal/applications/d055fa0a-c03a-421c-bc0e-824699676a13/productionkeys/oauth Mozilla/5.0 (Windows NT 10.0; Win64; x64) AppleWebKit/537.36 (KHTML, like Gecko) Chrome/114.0.0.0 Safari/537.36 Edg/114.0.1823.37 0.501
0:0:0:0:0:0:0:1 - - [08/Jun/2023:15:26:45 +0300] GET /api/am/devportal/v3/swagger.yaml HTTP/1.1 200 26878 https://localhost:9443/devportal/applications/d055fa0a-c03a-421c-bc0e-824699676a13/productionkeys/oauth Mozilla/5.0 (Windows NT 10.0; Win64; x64) AppleWebKit/537.36 (KHTML, like Gecko) Chrome/114.0.0.0 Safari/537.36 Edg/114.0.1823.37 0.015
0:0:0:0:0:0:0:1 - - [08/Jun/2023:15:26:45 +0300] GET /api/am/devportal/v3/applications/d055fa0a-c03a-421c-bc0e-824699676a13 HTTP/1.1 200 336 https://localhost:9443/devportal/applications/d055fa0a-c03a-421c-bc0e-824699676a13/productionkeys/oauth Mozilla/5.0 (Windows NT 10.0; Win64; x64) AppleWebKit/537.36 (KHTML, like Gecko) Chrome/114.0.0.0 Safari/537.36 Edg/114.0.1823.37 0.072
0:0:0:0:0:0:0:1 - - [08/Jun/2023:15:26:45 +0300] GET /api/am/devportal/v3/applications/d055fa0a-c03a-421c-bc0e-824699676a13/oauth-keys HTTP/1.1 200 21 https://localhost:9443/devportal/applications/d055fa0a-c03a-421c-bc0e-824699676a13/productionkeys/oauth Mozilla/5.0 (Windows NT 10.0; Win64; x64) AppleWebKit/537.36 (KHTML, like Gecko) Chrome/114.0.0.0 Safari/537.36 Edg/114.0.1823.37 0.007
127.0.0.1 - - [08/Jun/2023:15:26:59 +0300] POST /keymanager-operations/dcr/register HTTP/1.1 201 518 - Apache-HttpClient/4.5.13 (Java/20.0.1) 0.182
127.0.0.1 - - [08/Jun/2023:15:26:59 +0300] POST /oauth2/token HTTP/1.1 200 1183 - Apache-HttpClient/4.5.13 (Java/20.0.1) 0.041
0:0:0:0:0:0:0:1 - - [08/Jun/2023:15:26:59 +0300] POST /api/am/devportal/v3/applications/d055fa0a-c03a-421c-bc0e-824699676a13/generate-keys HTTP/1.1 200 1242 https://localhost:9443/devportal/applications/d055fa0a-c03a-421c-bc0e-824699676a13/productionkeys/oauth Mozilla/5.0 (Windows NT 10.0; Win64; x64) AppleWebKit/537.36 (KHTML, like Gecko) Chrome/114.0.0.0 Safari/537.36 Edg/114.0.1823.37 0.387
127.0.0.1 - - [08/Jun/2023:15:26:59 +0300] GET /oauth2/token/.well-known/openid-configuration HTTP/1.1 200 2395 - Apache-HttpClient/4.5.13 (Java/20.0.1) 0.006
0:0:0:0:0:0:0:1 - - [08/Jun/2023:15:26:59 +0300] GET /api/am/devportal/v3/key-managers HTTP/1.1 200 763 https://localhost:9443/devportal/applications/d055fa0a-c03a-421c-bc0e-824699676a13/productionkeys/oauth Mozilla/5.0 (Windows NT 10.0; Win64; x64) AppleWebKit/537.36 (KHTML, like Gecko) Chrome/114.0.0.0 Safari/537.36 Edg/114.0.1823.37 0.083
0:0:0:0:0:0:0:1 - - [08/Jun/2023:15:26:59 +0300] GET /api/am/devportal/v3/applications/d055fa0a-c03a-421c-bc0e-824699676a13/oauth-keys HTTP/1.1 200 666 https://localhost:9443/devportal/applications/d055fa0a-c03a-421c-bc0e-824699676a13/productionkeys/oauth Mozilla/5.0 (Windows NT 10.0; Win64; x64) AppleWebKit/537.36 (KHTML, like Gecko) Chrome/114.0.0.0 Safari/537.36 Edg/114.0.1823.37 0.076
127.0.0.1 - - [08/Jun/2023:15:26:59 +0300] GET /keymanager-operations/dcr/register/TkxKRU1MM1R2NGZpVkFhd0I4cnhlY0VCRWJnYQ%3D%3D HTTP/1.1 200 518 - Apache-HttpClient/4.5.13 (Java/20.0.1) 0.054
0:0:0:0:0:0:0:1 - - [08/Jun/2023:15:27:09 +0300] GET /api/am/devportal/v3/swagger.yaml HTTP/1.1 200 26878 https://localhost:9443/devportal/applications/d055fa0a-c03a-421c-bc0e-824699676a13/productionkeys/oauth Mozilla/5.0 (Windows NT 10.0; Win64; x64) AppleWebKit/537.36 (KHTML, like Gecko) Chrome/114.0.0.0 Safari/537.36 Edg/114.0.1823.37 0.026
127.0.0.1 - - [08/Jun/2023:15:27:09 +0300] GET /oauth2/token/.well-known/openid-configuration HTTP/1.1 200 2395 - Apache-HttpClient/4.5.13 (Java/20.0.1) 0.020
0:0:0:0:0:0:0:1 - - [08/Jun/2023:15:27:09 +0300] GET /api/am/devportal/v3/key-managers HTTP/1.1 200 763 https://localhost:9443/devportal/applications/d055fa0a-c03a-421c-bc0e-824699676a13/productionkeys/oauth Mozilla/5.0 (Windows NT 10.0; Win64; x64) AppleWebKit/537.36 (KHTML, like Gecko) Chrome/114.0.0.0 Safari/537.36 Edg/114.0.1823.37 0.059
127.0.0.1 - - [08/Jun/2023:15:27:09 +0300] GET /keymanager-operations/dcr/register/TkxKRU1MM1R2NGZpVkFhd0I4cnhlY0VCRWJnYQ%3D%3D HTTP/1.1 200 518 - Apache-HttpClient/4.5.13 (Java/20.0.1) 0.005
0:0:0:0:0:0:0:1 - - [08/Jun/2023:15:27:09 +0300] GET /api/am/devportal/v3/applications/d055fa0a-c03a-421c-bc0e-824699676a13 HTTP/1.1 200 336 https://localhost:9443/devportal/applications/d055fa0a-c03a-421c-bc0e-824699676a13/productionkeys/oauth Mozilla/5.0 (Windows NT 10.0; Win64; x64) AppleWebKit/537.36 (KHTML, like Gecko) Chrome/114.0.0.0 Safari/537.36 Edg/114.0.1823.37 0.020
127.0.0.1 - - [08/Jun/2023:15:27:09 +0300] GET /keymanager-operations/dcr/register/TkxKRU1MM1R2NGZpVkFhd0I4cnhlY0VCRWJnYQ%3D%3D HTTP/1.1 200 518 - Apache-HttpClient/4.5.13 (Java/20.0.1) 0.006
0:0:0:0:0:0:0:1 - - [08/Jun/2023:15:27:09 +0300] GET /api/am/devportal/v3/applications/d055fa0a-c03a-421c-bc0e-824699676a13/oauth-keys HTTP/1.1 200 666 https://localhost:9443/devportal/applications/d055fa0a-c03a-421c-bc0e-824699676a13/productionkeys/oauth Mozilla/5.0 (Windows NT 10.0; Win64; x64) AppleWebKit/537.36 (KHTML, like Gecko) Chrome/114.0.0.0 Safari/537.36 Edg/114.0.1823.37 0.024
0:0:0:0:0:0:0:1 - - [08/Jun/2023:15:27:09 +0300] GET /api/am/devportal/v3/swagger.yaml HTTP/1.1 200 26878 https://localhost:9443/devportal/applications/d055fa0a-c03a-421c-bc0e-824699676a13/productionkeys/oauth Mozilla/5.0 (Windows NT 10.0; Win64; x64) AppleWebKit/537.36 (KHTML, like Gecko) Chrome/114.0.0.0 Safari/537.36 Edg/114.0.1823.37 0.014
127.0.0.1 - - [08/Jun/2023:15:27:10 +0300] GET /keymanager-operations/dcr/register/TkxKRU1MM1R2NGZpVkFhd0I4cnhlY0VCRWJnYQ%3D%3D HTTP/1.1 200 518 - Apache-HttpClient/4.5.13 (Java/20.0.1) 0.006
0:0:0:0:0:0:0:1 - - [08/Jun/2023:15:27:10 +0300] GET /api/am/devportal/v3/applications/d055fa0a-c03a-421c-bc0e-824699676a13 HTTP/1.1 200 336 https://localhost:9443/devportal/applications/d055fa0a-c03a-421c-bc0e-824699676a13/productionkeys/oauth Mozilla/5.0 (Windows NT 10.0; Win64; x64) AppleWebKit/537.36 (KHTML, like Gecko) Chrome/114.0.0.0 Safari/537.36 Edg/114.0.1823.37 0.070
0:0:0:0:0:0:0:1 - - [08/Jun/2023:15:27:10 +0300] GET /api/am/devportal/v3/applications/d055fa0a-c03a-421c-bc0e-824699676a13/oauth-keys HTTP/1.1 200 666 https://localhost:9443/devportal/applications/d055fa0a-c03a-421c-bc0e-824699676a13/productionkeys/oauth Mozilla/5.0 (Windows NT 10.0; Win64; x64) AppleWebKit/537.36 (KHTML, like Gecko) Chrome/114.0.0.0 Safari/537.36 Edg/114.0.1823.37 0.013
127.0.0.1 - - [08/Jun/2023:15:27:10 +0300] GET /keymanager-operations/dcr/register/TkxKRU1MM1R2NGZpVkFhd0I4cnhlY0VCRWJnYQ%3D%3D HTTP/1.1 200 518 - Apache-HttpClient/4.5.13 (Java/20.0.1) 0.008
127.0.0.1 - - [08/Jun/2023:15:27:18 +0300] GET /keymanager-operations/dcr/register/TkxKRU1MM1R2NGZpVkFhd0I4cnhlY0VCRWJnYQ%3D%3D HTTP/1.1 200 518 - Apache-HttpClient/4.5.13 (Java/20.0.1) 0.005
0:0:0:0:0:0:0:1 - - [08/Jun/2023:15:27:18 +0300] GET /api/am/devportal/v3/applications/d055fa0a-c03a-421c-bc0e-824699676a13/oauth-keys HTTP/1.1 200 666 https://localhost:9443/devportal/applications/d055fa0a-c03a-421c-bc0e-824699676a13/productionkeys/oauth Mozilla/5.0 (Windows NT 10.0; Win64; x64) AppleWebKit/537.36 (KHTML, like Gecko) Chrome/114.0.0.0 Safari/537.36 Edg/114.0.1823.37 0.017
127.0.0.1 - - [08/Jun/2023:15:27:18 +0300] GET /keymanager-operations/dcr/register/TkxKRU1MM1R2NGZpVkFhd0I4cnhlY0VCRWJnYQ%3D%3D HTTP/1.1 200 518 - Apache-HttpClient/4.5.13 (Java/20.0.1) 0.005
127.0.0.1 - - [08/Jun/2023:15:27:18 +0300] GET /keymanager-operations/dcr/register/TkxKRU1MM1R2NGZpVkFhd0I4cnhlY0VCRWJnYQ%3D%3D HTTP/1.1 200 518 - Apache-HttpClient/4.5.13 (Java/20.0.1) 0.011
0:0:0:0:0:0:0:1 - - [08/Jun/2023:15:27:18 +0300] POST /api/am/devportal/v3/applications/d055fa0a-c03a-421c-bc0e-824699676a13/oauth-keys/061d26f6-af93-454b-9c8e-e169845cdcd0/generate-token HTTP/1.1 200 893 https://localhost:9443/devportal/applications/d055fa0a-c03a-421c-bc0e-824699676a13/productionkeys/oauth Mozilla/5.0 (Windows NT 10.0; Win64; x64) AppleWebKit/537.36 (KHTML, like Gecko) Chrome/114.0.0.0 Safari/537.36 Edg/114.0.1823.37 0.087
127.0.0.1 - - [08/Jun/2023:15:27:18 +0300] POST /oauth2/token HTTP/1.1 200 1183 - Apache-HttpClient/4.5.13 (Java/20.0.1) 0.057
127.0.0.1 - - [08/Jun/2023:15:27:18 +0300] POST /internal/data/v1/notify HTTP/1.1 200 - - Apache-HttpClient/4.5.13 (Java/20.0.1) 0.039
0:0:0:0:0:0:0:1 - - [08/Jun/2023:15:29:46 +0300] - 400 - - - 0.000
0:0:0:0:0:0:0:1 - - [08/Jun/2023:15:29:46 +0300] - 400 - - - 0.000
0:0:0:0:0:0:0:1 - - [08/Jun/2023:15:29:46 +0300] - 400 - - - 0.000
0:0:0:0:0:0:0:1 - - [08/Jun/2023:15:29:46 +0300] - 400 - - - 0.000
0:0:0:0:0:0:0:1 - - [08/Jun/2023:15:29:46 +0300] GET /devportal/site/public/images/_favicon.ico HTTP/1.1 200 1150 https://localhost:9443/devportal/apis Mozilla/5.0 (Windows NT 10.0; Win64; x64) AppleWebKit/537.36 (KHTML, like Gecko) Chrome/114.0.0.0 Safari/537.36 Edg/114.0.1823.37 0.008
0:0:0:0:0:0:0:1 - - [08/Jun/2023:15:29:46 +0300] GET /api/am/devportal/v3/api-categories HTTP/1.1 200 21 https://localhost:9443/devportal/apis Mozilla/5.0 (Windows NT 10.0; Win64; x64) AppleWebKit/537.36 (KHTML, like Gecko) Chrome/114.0.0.0 Safari/537.36 Edg/114.0.1823.37 0.222
0:0:0:0:0:0:0:1 - - [08/Jun/2023:15:29:46 +0300] GET /api/am/devportal/v3/tags HTTP/1.1 200 119 https://localhost:9443/devportal/apis Mozilla/5.0 (Windows NT 10.0; Win64; x64) AppleWebKit/537.36 (KHTML, like Gecko) Chrome/114.0.0.0 Safari/537.36 Edg/114.0.1823.37 0.260
0:0:0:0:0:0:0:1 - - [08/Jun/2023:15:29:46 +0300] GET /api/am/devportal/v3/apis?limit=10&offset=0 HTTP/1.1 200 840 https://localhost:9443/devportal/apis Mozilla/5.0 (Windows NT 10.0; Win64; x64) AppleWebKit/537.36 (KHTML, like Gecko) Chrome/114.0.0.0 Safari/537.36 Edg/114.0.1823.37 0.325
0:0:0:0:0:0:0:1 - - [08/Jun/2023:15:29:46 +0300] GET /api/am/devportal/v3/apis/a07038b5-f288-4dd1-9353-98dee58c170e/ratings HTTP/1.1 200 125 https://localhost:9443/devportal/apis Mozilla/5.0 (Windows NT 10.0; Win64; x64) AppleWebKit/537.36 (KHTML, like Gecko) Chrome/114.0.0.0 Safari/537.36 Edg/114.0.1823.37 0.033
0:0:0:0:0:0:0:1 - - [08/Jun/2023:15:29:48 +0300] - 400 - - - 0.000
0:0:0:0:0:0:0:1 - - [08/Jun/2023:15:29:48 +0300] GET /api/am/devportal/v3/applications?limit=5000 HTTP/1.1 200 376 https://localhost:9443/devportal/apis/a07038b5-f288-4dd1-9353-98dee58c170e/overview Mozilla/5.0 (Windows NT 10.0; Win64; x64) AppleWebKit/537.36 (KHTML, like Gecko) Chrome/114.0.0.0 Safari/537.36 Edg/114.0.1823.37 0.037
0:0:0:0:0:0:0:1 - - [08/Jun/2023:15:29:48 +0300] GET /devportal/site/public/images/_favicon.ico HTTP/1.1 200 1150 https://localhost:9443/devportal/apis/a07038b5-f288-4dd1-9353-98dee58c170e/overview Mozilla/5.0 (Windows NT 10.0; Win64; x64) AppleWebKit/537.36 (KHTML, like Gecko) Chrome/114.0.0.0 Safari/537.36 Edg/114.0.1823.37 0.008
0:0:0:0:0:0:0:1 - - [08/Jun/2023:15:29:48 +0300] GET /api/am/devportal/v3/apis/a07038b5-f288-4dd1-9353-98dee58c170e HTTP/1.1 200 2477 https://localhost:9443/devportal/apis/a07038b5-f288-4dd1-9353-98dee58c170e/overview Mozilla/5.0 (Windows NT 10.0; Win64; x64) AppleWebKit/537.36 (KHTML, like Gecko) Chrome/114.0.0.0 Safari/537.36 Edg/114.0.1823.37 0.067
0:0:0:0:0:0:0:1 - - [08/Jun/2023:15:29:48 +0300] GET /api/am/devportal/v3/throttling-policies/subscription HTTP/1.1 200 634 https://localhost:9443/devportal/apis/a07038b5-f288-4dd1-9353-98dee58c170e/overview Mozilla/5.0 (Windows NT 10.0; Win64; x64) AppleWebKit/537.36 (KHTML, like Gecko) Chrome/114.0.0.0 Safari/537.36 Edg/114.0.1823.37 0.019
127.0.0.1 - - [08/Jun/2023:15:29:48 +0300] GET /keymanager-operations/dcr/register/TkxKRU1MM1R2NGZpVkFhd0I4cnhlY0VCRWJnYQ%3D%3D HTTP/1.1 200 518 - Apache-HttpClient/4.5.13 (Java/20.0.1) 0.006
127.0.0.1 - - [08/Jun/2023:15:29:48 +0300] GET /keymanager-operations/dcr/register/TkxKRU1MM1R2NGZpVkFhd0I4cnhlY0VCRWJnYQ%3D%3D HTTP/1.1 200 518 - Apache-HttpClient/4.5.13 (Java/20.0.1) 0.025
