0:0:0:0:0:0:0:1 - - [15/Jun/2023:16:11:01 +0300] GET /api/am/devportal/v3/apis/e4370ba6-92b7-4702-a4ef-88bd6e943f97/ratings HTTP/1.1 200 125 https://localhost:9443/devportal/apis/e4370ba6-92b7-4702-a4ef-88bd6e943f97/overview Mozilla/5.0 (Windows NT 10.0; Win64; x64) AppleWebKit/537.36 (KHTML, like Gecko) Chrome/114.0.0.0 Safari/537.36 Edg/114.0.1823.43 0.016
0:0:0:0:0:0:0:1 - - [15/Jun/2023:16:11:01 +0300] GET /api/am/devportal/v3/apis/e4370ba6-92b7-4702-a4ef-88bd6e943f97/comments?limit=5&offset=0 HTTP/1.1 200 101 https://localhost:9443/devportal/apis/e4370ba6-92b7-4702-a4ef-88bd6e943f97/overview Mozilla/5.0 (Windows NT 10.0; Win64; x64) AppleWebKit/537.36 (KHTML, like Gecko) Chrome/114.0.0.0 Safari/537.36 Edg/114.0.1823.43 0.031
0:0:0:0:0:0:0:1 - - [15/Jun/2023:16:11:01 +0300] GET /api/am/devportal/v3/apis/e4370ba6-92b7-4702-a4ef-88bd6e943f97/thumbnail HTTP/1.1 204 - https://localhost:9443/devportal/apis/e4370ba6-92b7-4702-a4ef-88bd6e943f97/overview Mozilla/5.0 (Windows NT 10.0; Win64; x64) AppleWebKit/537.36 (KHTML, like Gecko) Chrome/114.0.0.0 Safari/537.36 Edg/114.0.1823.43 0.039
0:0:0:0:0:0:0:1 - - [15/Jun/2023:16:11:03 +0300] GET /api/am/devportal/v3/applications?limit=5000 HTTP/1.1 200 579 https://localhost:9443/devportal/apis/e4370ba6-92b7-4702-a4ef-88bd6e943f97/test Mozilla/5.0 (Windows NT 10.0; Win64; x64) AppleWebKit/537.36 (KHTML, like Gecko) Chrome/114.0.0.0 Safari/537.36 Edg/114.0.1823.43 0.023
0:0:0:0:0:0:0:1 - - [15/Jun/2023:16:11:03 +0300] GET /devportal/site/public/images/_favicon.ico HTTP/1.1 200 1150 https://localhost:9443/devportal/apis/e4370ba6-92b7-4702-a4ef-88bd6e943f97/test Mozilla/5.0 (Windows NT 10.0; Win64; x64) AppleWebKit/537.36 (KHTML, like Gecko) Chrome/114.0.0.0 Safari/537.36 Edg/114.0.1823.43 0.008
127.0.0.1 - - [15/Jun/2023:16:11:03 +0300] GET /keymanager-operations/dcr/register/cHJ0RTNoTWZwd0ZRSWlxZkJHQzc5cVpad2ZJYQ%3D%3D HTTP/1.1 200 720 - Apache-HttpClient/4.5.13 (Java/20.0.1) 0.004
127.0.0.1 - - [15/Jun/2023:16:11:03 +0300] GET /keymanager-operations/dcr/register/cHJ0RTNoTWZwd0ZRSWlxZkJHQzc5cVpad2ZJYQ%3D%3D HTTP/1.1 200 720 - Apache-HttpClient/4.5.13 (Java/20.0.1) 0.005
0:0:0:0:0:0:0:1 - - [15/Jun/2023:16:11:03 +0300] GET /api/am/devportal/v3/subscriptions?apiId=e4370ba6-92b7-4702-a4ef-88bd6e943f97&limit=5000 HTTP/1.1 200 699 https://localhost:9443/devportal/apis/e4370ba6-92b7-4702-a4ef-88bd6e943f97/test Mozilla/5.0 (Windows NT 10.0; Win64; x64) AppleWebKit/537.36 (KHTML, like Gecko) Chrome/114.0.0.0 Safari/537.36 Edg/114.0.1823.43 0.047
0:0:0:0:0:0:0:1 - - [15/Jun/2023:16:11:03 +0300] GET /api/am/devportal/v3/subscriptions?apiId=e4370ba6-92b7-4702-a4ef-88bd6e943f97&limit=25 HTTP/1.1 200 697 https://localhost:9443/devportal/apis/e4370ba6-92b7-4702-a4ef-88bd6e943f97/test Mozilla/5.0 (Windows NT 10.0; Win64; x64) AppleWebKit/537.36 (KHTML, like Gecko) Chrome/114.0.0.0 Safari/537.36 Edg/114.0.1823.43 0.048
0:0:0:0:0:0:0:1 - - [15/Jun/2023:16:11:03 +0300] GET /api/am/devportal/v3/apis/e4370ba6-92b7-4702-a4ef-88bd6e943f97 HTTP/1.1 200 1033 https://localhost:9443/devportal/apis/e4370ba6-92b7-4702-a4ef-88bd6e943f97/test Mozilla/5.0 (Windows NT 10.0; Win64; x64) AppleWebKit/537.36 (KHTML, like Gecko) Chrome/114.0.0.0 Safari/537.36 Edg/114.0.1823.43 0.049
0:0:0:0:0:0:0:1 - - [15/Jun/2023:16:11:03 +0300] GET /api/am/devportal/v3/apis/e4370ba6-92b7-4702-a4ef-88bd6e943f97 HTTP/1.1 200 1033 https://localhost:9443/devportal/apis/e4370ba6-92b7-4702-a4ef-88bd6e943f97/test Mozilla/5.0 (Windows NT 10.0; Win64; x64) AppleWebKit/537.36 (KHTML, like Gecko) Chrome/114.0.0.0 Safari/537.36 Edg/114.0.1823.43 0.018
0:0:0:0:0:0:0:1 - - [15/Jun/2023:16:11:03 +0300] GET /api/am/devportal/v3/apis/e4370ba6-92b7-4702-a4ef-88bd6e943f97/swagger?environmentName=Default HTTP/1.1 200 378 https://localhost:9443/devportal/apis/e4370ba6-92b7-4702-a4ef-88bd6e943f97/test Mozilla/5.0 (Windows NT 10.0; Win64; x64) AppleWebKit/537.36 (KHTML, like Gecko) Chrome/114.0.0.0 Safari/537.36 Edg/114.0.1823.43 0.015
0:0:0:0:0:0:0:1 - - [15/Jun/2023:16:11:03 +0300] GET /api/am/devportal/v3/swagger.yaml HTTP/1.1 200 26878 https://localhost:9443/devportal/apis/e4370ba6-92b7-4702-a4ef-88bd6e943f97/test Mozilla/5.0 (Windows NT 10.0; Win64; x64) AppleWebKit/537.36 (KHTML, like Gecko) Chrome/114.0.0.0 Safari/537.36 Edg/114.0.1823.43 0.021
127.0.0.1 - - [15/Jun/2023:16:11:03 +0300] GET /keymanager-operations/dcr/register/cHJ0RTNoTWZwd0ZRSWlxZkJHQzc5cVpad2ZJYQ%3D%3D HTTP/1.1 200 720 - Apache-HttpClient/4.5.13 (Java/20.0.1) 0.007
127.0.0.1 - - [15/Jun/2023:16:11:03 +0300] GET /oauth2/token/.well-known/openid-configuration HTTP/1.1 200 2395 - Apache-HttpClient/4.5.13 (Java/20.0.1) 0.005
0:0:0:0:0:0:0:1 - - [15/Jun/2023:16:11:03 +0300] GET /api/am/devportal/v3/subscriptions?apiId=e4370ba6-92b7-4702-a4ef-88bd6e943f97&limit=25 HTTP/1.1 200 697 https://localhost:9443/devportal/apis/e4370ba6-92b7-4702-a4ef-88bd6e943f97/test Mozilla/5.0 (Windows NT 10.0; Win64; x64) AppleWebKit/537.36 (KHTML, like Gecko) Chrome/114.0.0.0 Safari/537.36 Edg/114.0.1823.43 0.176
0:0:0:0:0:0:0:1 - - [15/Jun/2023:16:11:03 +0300] GET /api/am/devportal/v3/key-managers HTTP/1.1 200 763 https://localhost:9443/devportal/apis/e4370ba6-92b7-4702-a4ef-88bd6e943f97/test Mozilla/5.0 (Windows NT 10.0; Win64; x64) AppleWebKit/537.36 (KHTML, like Gecko) Chrome/114.0.0.0 Safari/537.36 Edg/114.0.1823.43 0.170
127.0.0.1 - - [15/Jun/2023:16:11:03 +0300] GET /keymanager-operations/dcr/register/cHJ0RTNoTWZwd0ZRSWlxZkJHQzc5cVpad2ZJYQ%3D%3D HTTP/1.1 200 720 - Apache-HttpClient/4.5.13 (Java/20.0.1) 0.021
0:0:0:0:0:0:0:1 - - [15/Jun/2023:16:11:03 +0300] GET /api/am/devportal/v3/subscriptions?apiId=e4370ba6-92b7-4702-a4ef-88bd6e943f97&limit=25 HTTP/1.1 200 697 https://localhost:9443/devportal/apis/e4370ba6-92b7-4702-a4ef-88bd6e943f97/test Mozilla/5.0 (Windows NT 10.0; Win64; x64) AppleWebKit/537.36 (KHTML, like Gecko) Chrome/114.0.0.0 Safari/537.36 Edg/114.0.1823.43 0.049
0:0:0:0:0:0:0:1 - - [15/Jun/2023:16:11:03 +0300] GET /api/am/devportal/v3/applications/ HTTP/1.1 200 578 https://localhost:9443/devportal/apis/e4370ba6-92b7-4702-a4ef-88bd6e943f97/test Mozilla/5.0 (Windows NT 10.0; Win64; x64) AppleWebKit/537.36 (KHTML, like Gecko) Chrome/114.0.0.0 Safari/537.36 Edg/114.0.1823.43 0.012
0:0:0:0:0:0:0:1 - - [15/Jun/2023:16:11:03 +0300] GET /api/am/devportal/v3/swagger.yaml HTTP/1.1 200 26878 https://localhost:9443/devportal/apis/e4370ba6-92b7-4702-a4ef-88bd6e943f97/test Mozilla/5.0 (Windows NT 10.0; Win64; x64) AppleWebKit/537.36 (KHTML, like Gecko) Chrome/114.0.0.0 Safari/537.36 Edg/114.0.1823.43 0.014
127.0.0.1 - - [15/Jun/2023:16:11:04 +0300] GET /keymanager-operations/dcr/register/cHJ0RTNoTWZwd0ZRSWlxZkJHQzc5cVpad2ZJYQ%3D%3D HTTP/1.1 200 720 - Apache-HttpClient/4.5.13 (Java/20.0.1) 0.005
0:0:0:0:0:0:0:1 - - [15/Jun/2023:16:11:04 +0300] GET /api/am/devportal/v3/applications/6682948b-f35d-4c71-8419-f7bfb414574a HTTP/1.1 200 342 https://localhost:9443/devportal/apis/e4370ba6-92b7-4702-a4ef-88bd6e943f97/test Mozilla/5.0 (Windows NT 10.0; Win64; x64) AppleWebKit/537.36 (KHTML, like Gecko) Chrome/114.0.0.0 Safari/537.36 Edg/114.0.1823.43 0.014
127.0.0.1 - - [15/Jun/2023:16:11:04 +0300] GET /keymanager-operations/dcr/register/cHJ0RTNoTWZwd0ZRSWlxZkJHQzc5cVpad2ZJYQ%3D%3D HTTP/1.1 200 720 - Apache-HttpClient/4.5.13 (Java/20.0.1) 0.004
0:0:0:0:0:0:0:1 - - [15/Jun/2023:16:11:04 +0300] GET /api/am/devportal/v3/applications/6682948b-f35d-4c71-8419-f7bfb414574a/oauth-keys HTTP/1.1 200 868 https://localhost:9443/devportal/apis/e4370ba6-92b7-4702-a4ef-88bd6e943f97/test Mozilla/5.0 (Windows NT 10.0; Win64; x64) AppleWebKit/537.36 (KHTML, like Gecko) Chrome/114.0.0.0 Safari/537.36 Edg/114.0.1823.43 0.011
0:0:0:0:0:0:0:1 - - [15/Jun/2023:16:11:04 +0300] GET /api/am/devportal/v3/swagger.yaml HTTP/1.1 200 26878 https://localhost:9443/devportal/apis/e4370ba6-92b7-4702-a4ef-88bd6e943f97/test Mozilla/5.0 (Windows NT 10.0; Win64; x64) AppleWebKit/537.36 (KHTML, like Gecko) Chrome/114.0.0.0 Safari/537.36 Edg/114.0.1823.43 0.060
0:0:0:0:0:0:0:1 - - [15/Jun/2023:16:11:04 +0300] GET /api/am/devportal/v3/swagger.yaml HTTP/1.1 200 26878 https://localhost:9443/devportal/apis/e4370ba6-92b7-4702-a4ef-88bd6e943f97/test Mozilla/5.0 (Windows NT 10.0; Win64; x64) AppleWebKit/537.36 (KHTML, like Gecko) Chrome/114.0.0.0 Safari/537.36 Edg/114.0.1823.43 0.045
127.0.0.1 - - [15/Jun/2023:16:11:04 +0300] GET /keymanager-operations/dcr/register/cHJ0RTNoTWZwd0ZRSWlxZkJHQzc5cVpad2ZJYQ%3D%3D HTTP/1.1 200 720 - Apache-HttpClient/4.5.13 (Java/20.0.1) 0.004
0:0:0:0:0:0:0:1 - - [15/Jun/2023:16:11:04 +0300] GET /api/am/devportal/v3/applications/6682948b-f35d-4c71-8419-f7bfb414574a HTTP/1.1 200 342 https://localhost:9443/devportal/apis/e4370ba6-92b7-4702-a4ef-88bd6e943f97/test Mozilla/5.0 (Windows NT 10.0; Win64; x64) AppleWebKit/537.36 (KHTML, like Gecko) Chrome/114.0.0.0 Safari/537.36 Edg/114.0.1823.43 0.014
127.0.0.1 - - [15/Jun/2023:16:11:04 +0300] GET /keymanager-operations/dcr/register/cHJ0RTNoTWZwd0ZRSWlxZkJHQzc5cVpad2ZJYQ%3D%3D HTTP/1.1 200 720 - Apache-HttpClient/4.5.13 (Java/20.0.1) 0.005
0:0:0:0:0:0:0:1 - - [15/Jun/2023:16:11:04 +0300] GET /api/am/devportal/v3/applications/6682948b-f35d-4c71-8419-f7bfb414574a HTTP/1.1 200 342 https://localhost:9443/devportal/apis/e4370ba6-92b7-4702-a4ef-88bd6e943f97/test Mozilla/5.0 (Windows NT 10.0; Win64; x64) AppleWebKit/537.36 (KHTML, like Gecko) Chrome/114.0.0.0 Safari/537.36 Edg/114.0.1823.43 0.016
127.0.0.1 - - [15/Jun/2023:16:11:04 +0300] GET /keymanager-operations/dcr/register/cHJ0RTNoTWZwd0ZRSWlxZkJHQzc5cVpad2ZJYQ%3D%3D HTTP/1.1 200 720 - Apache-HttpClient/4.5.13 (Java/20.0.1) 0.005
0:0:0:0:0:0:0:1 - - [15/Jun/2023:16:11:04 +0300] GET /api/am/devportal/v3/applications/6682948b-f35d-4c71-8419-f7bfb414574a/oauth-keys HTTP/1.1 200 868 https://localhost:9443/devportal/apis/e4370ba6-92b7-4702-a4ef-88bd6e943f97/test Mozilla/5.0 (Windows NT 10.0; Win64; x64) AppleWebKit/537.36 (KHTML, like Gecko) Chrome/114.0.0.0 Safari/537.36 Edg/114.0.1823.43 0.012
127.0.0.1 - - [15/Jun/2023:16:11:04 +0300] GET /keymanager-operations/dcr/register/cHJ0RTNoTWZwd0ZRSWlxZkJHQzc5cVpad2ZJYQ%3D%3D HTTP/1.1 200 720 - Apache-HttpClient/4.5.13 (Java/20.0.1) 0.018
0:0:0:0:0:0:0:1 - - [15/Jun/2023:16:11:04 +0300] GET /api/am/devportal/v3/applications/6682948b-f35d-4c71-8419-f7bfb414574a/oauth-keys HTTP/1.1 200 868 https://localhost:9443/devportal/apis/e4370ba6-92b7-4702-a4ef-88bd6e943f97/test Mozilla/5.0 (Windows NT 10.0; Win64; x64) AppleWebKit/537.36 (KHTML, like Gecko) Chrome/114.0.0.0 Safari/537.36 Edg/114.0.1823.43 0.030
0:0:0:0:0:0:0:1 - - [15/Jun/2023:16:11:16 +0300] GET /devportal/site/public/images/_favicon.ico HTTP/1.1 200 1150 https://localhost:9443/devportal/applications Mozilla/5.0 (Windows NT 10.0; Win64; x64) AppleWebKit/537.36 (KHTML, like Gecko) Chrome/114.0.0.0 Safari/537.36 Edg/114.0.1823.43 0.012
0:0:0:0:0:0:0:1 - - [15/Jun/2023:16:11:16 +0300] GET /api/am/devportal/v3/swagger.yaml HTTP/1.1 200 26878 https://localhost:9443/devportal/applications Mozilla/5.0 (Windows NT 10.0; Win64; x64) AppleWebKit/537.36 (KHTML, like Gecko) Chrome/114.0.0.0 Safari/537.36 Edg/114.0.1823.43 0.030
0:0:0:0:0:0:0:1 - - [15/Jun/2023:16:11:16 +0300] GET /api/am/devportal/v3/applications?sortBy=name&sortOrder=asc&limit=10&offset=0 HTTP/1.1 200 578 https://localhost:9443/devportal/applications Mozilla/5.0 (Windows NT 10.0; Win64; x64) AppleWebKit/537.36 (KHTML, like Gecko) Chrome/114.0.0.0 Safari/537.36 Edg/114.0.1823.43 0.007
0:0:0:0:0:0:0:1 - - [15/Jun/2023:16:11:18 +0300] GET /devportal/site/public/images/_favicon.ico HTTP/1.1 200 1150 https://localhost:9443/devportal/applications/6682948b-f35d-4c71-8419-f7bfb414574a Mozilla/5.0 (Windows NT 10.0; Win64; x64) AppleWebKit/537.36 (KHTML, like Gecko) Chrome/114.0.0.0 Safari/537.36 Edg/114.0.1823.43 0.004
127.0.0.1 - - [15/Jun/2023:16:11:18 +0300] GET /keymanager-operations/dcr/register/cHJ0RTNoTWZwd0ZRSWlxZkJHQzc5cVpad2ZJYQ%3D%3D HTTP/1.1 200 720 - Apache-HttpClient/4.5.13 (Java/20.0.1) 0.006
0:0:0:0:0:0:0:1 - - [15/Jun/2023:16:11:18 +0300] GET /api/am/devportal/v3/applications/6682948b-f35d-4c71-8419-f7bfb414574a HTTP/1.1 200 342 https://localhost:9443/devportal/applications/6682948b-f35d-4c71-8419-f7bfb414574a Mozilla/5.0 (Windows NT 10.0; Win64; x64) AppleWebKit/537.36 (KHTML, like Gecko) Chrome/114.0.0.0 Safari/537.36 Edg/114.0.1823.43 0.020
0:0:0:0:0:0:0:1 - - [15/Jun/2023:16:11:18 +0300] GET /api/am/devportal/v3/throttling-policies/application/10PerMin HTTP/1.1 200 493 https://localhost:9443/devportal/applications/6682948b-f35d-4c71-8419-f7bfb414574a/overview Mozilla/5.0 (Windows NT 10.0; Win64; x64) AppleWebKit/537.36 (KHTML, like Gecko) Chrome/114.0.0.0 Safari/537.36 Edg/114.0.1823.43 0.005
0:0:0:0:0:0:0:1 - - [15/Jun/2023:16:11:18 +0300] GET /devportal/site/public/images/_favicon.ico HTTP/1.1 200 1150 https://localhost:9443/devportal/applications/6682948b-f35d-4c71-8419-f7bfb414574a/overview Mozilla/5.0 (Windows NT 10.0; Win64; x64) AppleWebKit/537.36 (KHTML, like Gecko) Chrome/114.0.0.0 Safari/537.36 Edg/114.0.1823.43 0.002
127.0.0.1 - - [15/Jun/2023:16:11:18 +0300] GET /keymanager-operations/dcr/register/cHJ0RTNoTWZwd0ZRSWlxZkJHQzc5cVpad2ZJYQ%3D%3D HTTP/1.1 200 720 - Apache-HttpClient/4.5.13 (Java/20.0.1) 0.005
0:0:0:0:0:0:0:1 - - [15/Jun/2023:16:11:18 +0300] GET /api/am/devportal/v3/applications/6682948b-f35d-4c71-8419-f7bfb414574a HTTP/1.1 200 342 https://localhost:9443/devportal/applications/6682948b-f35d-4c71-8419-f7bfb414574a/overview Mozilla/5.0 (Windows NT 10.0; Win64; x64) AppleWebKit/537.36 (KHTML, like Gecko) Chrome/114.0.0.0 Safari/537.36 Edg/114.0.1823.43 0.024
0:0:0:0:0:0:0:1 - - [15/Jun/2023:16:11:18 +0300] GET /api/am/devportal/v3/throttling-policies/application/10PerMin HTTP/1.1 200 493 https://localhost:9443/devportal/applications/6682948b-f35d-4c71-8419-f7bfb414574a/overview Mozilla/5.0 (Windows NT 10.0; Win64; x64) AppleWebKit/537.36 (KHTML, like Gecko) Chrome/114.0.0.0 Safari/537.36 Edg/114.0.1823.43 0.009
0:0:0:0:0:0:0:1 - - [15/Jun/2023:16:11:21 +0300] GET /devportal/site/public/images/_favicon.ico HTTP/1.1 200 1150 https://localhost:9443/devportal/applications/6682948b-f35d-4c71-8419-f7bfb414574a/sandboxkeys/oauth Mozilla/5.0 (Windows NT 10.0; Win64; x64) AppleWebKit/537.36 (KHTML, like Gecko) Chrome/114.0.0.0 Safari/537.36 Edg/114.0.1823.43 0.005
0:0:0:0:0:0:0:1 - - [15/Jun/2023:16:11:21 +0300] GET /api/am/devportal/v3/swagger.yaml HTTP/1.1 200 26878 https://localhost:9443/devportal/applications/6682948b-f35d-4c71-8419-f7bfb414574a/sandboxkeys/oauth Mozilla/5.0 (Windows NT 10.0; Win64; x64) AppleWebKit/537.36 (KHTML, like Gecko) Chrome/114.0.0.0 Safari/537.36 Edg/114.0.1823.43 0.036
127.0.0.1 - - [15/Jun/2023:16:11:21 +0300] GET /oauth2/token/.well-known/openid-configuration HTTP/1.1 200 2395 - Apache-HttpClient/4.5.13 (Java/20.0.1) 0.009
0:0:0:0:0:0:0:1 - - [15/Jun/2023:16:11:21 +0300] GET /api/am/devportal/v3/key-managers HTTP/1.1 200 763 https://localhost:9443/devportal/applications/6682948b-f35d-4c71-8419-f7bfb414574a/sandboxkeys/oauth Mozilla/5.0 (Windows NT 10.0; Win64; x64) AppleWebKit/537.36 (KHTML, like Gecko) Chrome/114.0.0.0 Safari/537.36 Edg/114.0.1823.43 0.031
127.0.0.1 - - [15/Jun/2023:16:11:21 +0300] GET /keymanager-operations/dcr/register/cHJ0RTNoTWZwd0ZRSWlxZkJHQzc5cVpad2ZJYQ%3D%3D HTTP/1.1 200 720 - Apache-HttpClient/4.5.13 (Java/20.0.1) 0.004
0:0:0:0:0:0:0:1 - - [15/Jun/2023:16:11:21 +0300] GET /api/am/devportal/v3/applications/6682948b-f35d-4c71-8419-f7bfb414574a HTTP/1.1 200 342 https://localhost:9443/devportal/applications/6682948b-f35d-4c71-8419-f7bfb414574a/sandboxkeys/oauth Mozilla/5.0 (Windows NT 10.0; Win64; x64) AppleWebKit/537.36 (KHTML, like Gecko) Chrome/114.0.0.0 Safari/537.36 Edg/114.0.1823.43 0.070
127.0.0.1 - - [15/Jun/2023:16:11:21 +0300] GET /keymanager-operations/dcr/register/cHJ0RTNoTWZwd0ZRSWlxZkJHQzc5cVpad2ZJYQ%3D%3D HTTP/1.1 200 720 - Apache-HttpClient/4.5.13 (Java/20.0.1) 0.004
0:0:0:0:0:0:0:1 - - [15/Jun/2023:16:11:21 +0300] GET /api/am/devportal/v3/applications/6682948b-f35d-4c71-8419-f7bfb414574a/oauth-keys HTTP/1.1 200 868 https://localhost:9443/devportal/applications/6682948b-f35d-4c71-8419-f7bfb414574a/sandboxkeys/oauth Mozilla/5.0 (Windows NT 10.0; Win64; x64) AppleWebKit/537.36 (KHTML, like Gecko) Chrome/114.0.0.0 Safari/537.36 Edg/114.0.1823.43 0.010
0:0:0:0:0:0:0:1 - - [15/Jun/2023:16:11:21 +0300] GET /api/am/devportal/v3/swagger.yaml HTTP/1.1 200 26878 https://localhost:9443/devportal/applications/6682948b-f35d-4c71-8419-f7bfb414574a/sandboxkeys/oauth Mozilla/5.0 (Windows NT 10.0; Win64; x64) AppleWebKit/537.36 (KHTML, like Gecko) Chrome/114.0.0.0 Safari/537.36 Edg/114.0.1823.43 0.011
127.0.0.1 - - [15/Jun/2023:16:11:22 +0300] GET /keymanager-operations/dcr/register/cHJ0RTNoTWZwd0ZRSWlxZkJHQzc5cVpad2ZJYQ%3D%3D HTTP/1.1 200 720 - Apache-HttpClient/4.5.13 (Java/20.0.1) 0.010
0:0:0:0:0:0:0:1 - - [15/Jun/2023:16:11:22 +0300] GET /api/am/devportal/v3/applications/6682948b-f35d-4c71-8419-f7bfb414574a HTTP/1.1 200 342 https://localhost:9443/devportal/applications/6682948b-f35d-4c71-8419-f7bfb414574a/sandboxkeys/oauth Mozilla/5.0 (Windows NT 10.0; Win64; x64) AppleWebKit/537.36 (KHTML, like Gecko) Chrome/114.0.0.0 Safari/537.36 Edg/114.0.1823.43 0.018
127.0.0.1 - - [15/Jun/2023:16:11:22 +0300] GET /keymanager-operations/dcr/register/cHJ0RTNoTWZwd0ZRSWlxZkJHQzc5cVpad2ZJYQ%3D%3D HTTP/1.1 200 720 - Apache-HttpClient/4.5.13 (Java/20.0.1) 0.004
0:0:0:0:0:0:0:1 - - [15/Jun/2023:16:11:22 +0300] GET /api/am/devportal/v3/applications/6682948b-f35d-4c71-8419-f7bfb414574a/oauth-keys HTTP/1.1 200 868 https://localhost:9443/devportal/applications/6682948b-f35d-4c71-8419-f7bfb414574a/sandboxkeys/oauth Mozilla/5.0 (Windows NT 10.0; Win64; x64) AppleWebKit/537.36 (KHTML, like Gecko) Chrome/114.0.0.0 Safari/537.36 Edg/114.0.1823.43 0.013
127.0.0.1 - - [15/Jun/2023:16:11:26 +0300] GET /keymanager-operations/dcr/register/cHJ0RTNoTWZwd0ZRSWlxZkJHQzc5cVpad2ZJYQ%3D%3D HTTP/1.1 200 720 - Apache-HttpClient/4.5.13 (Java/20.0.1) 0.003
0:0:0:0:0:0:0:1 - - [15/Jun/2023:16:11:26 +0300] GET /api/am/devportal/v3/applications/6682948b-f35d-4c71-8419-f7bfb414574a/oauth-keys HTTP/1.1 200 868 https://localhost:9443/devportal/applications/6682948b-f35d-4c71-8419-f7bfb414574a/sandboxkeys/oauth Mozilla/5.0 (Windows NT 10.0; Win64; x64) AppleWebKit/537.36 (KHTML, like Gecko) Chrome/114.0.0.0 Safari/537.36 Edg/114.0.1823.43 0.013
127.0.0.1 - - [15/Jun/2023:16:11:26 +0300] GET /keymanager-operations/dcr/register/cHJ0RTNoTWZwd0ZRSWlxZkJHQzc5cVpad2ZJYQ%3D%3D HTTP/1.1 200 720 - Apache-HttpClient/4.5.13 (Java/20.0.1) 0.003
127.0.0.1 - - [15/Jun/2023:16:11:26 +0300] GET /keymanager-operations/dcr/register/cHJ0RTNoTWZwd0ZRSWlxZkJHQzc5cVpad2ZJYQ%3D%3D HTTP/1.1 200 720 - Apache-HttpClient/4.5.13 (Java/20.0.1) 0.006
127.0.0.1 - - [15/Jun/2023:16:11:26 +0300] POST /oauth2/token HTTP/1.1 200 1183 - Apache-HttpClient/4.5.13 (Java/20.0.1) 0.017
0:0:0:0:0:0:0:1 - - [15/Jun/2023:16:11:26 +0300] POST /api/am/devportal/v3/applications/6682948b-f35d-4c71-8419-f7bfb414574a/oauth-keys/7d5966e3-360c-4652-801d-f758560a95cd/generate-token HTTP/1.1 200 890 https://localhost:9443/devportal/applications/6682948b-f35d-4c71-8419-f7bfb414574a/sandboxkeys/oauth Mozilla/5.0 (Windows NT 10.0; Win64; x64) AppleWebKit/537.36 (KHTML, like Gecko) Chrome/114.0.0.0 Safari/537.36 Edg/114.0.1823.43 0.044
127.0.0.1 - - [15/Jun/2023:16:11:26 +0300] POST /internal/data/v1/notify HTTP/1.1 200 - - Apache-HttpClient/4.5.13 (Java/20.0.1) 0.014
0:0:0:0:0:0:0:1 - - [15/Jun/2023:16:11:33 +0300] GET /api/am/devportal/v3/api-categories HTTP/1.1 200 21 https://localhost:9443/devportal/apis Mozilla/5.0 (Windows NT 10.0; Win64; x64) AppleWebKit/537.36 (KHTML, like Gecko) Chrome/114.0.0.0 Safari/537.36 Edg/114.0.1823.43 0.004
0:0:0:0:0:0:0:1 - - [15/Jun/2023:16:11:33 +0300] GET /devportal/site/public/images/_favicon.ico HTTP/1.1 200 1150 https://localhost:9443/devportal/apis Mozilla/5.0 (Windows NT 10.0; Win64; x64) AppleWebKit/537.36 (KHTML, like Gecko) Chrome/114.0.0.0 Safari/537.36 Edg/114.0.1823.43 0.015
0:0:0:0:0:0:0:1 - - [15/Jun/2023:16:11:33 +0300] GET /api/am/devportal/v3/tags HTTP/1.1 200 147 https://localhost:9443/devportal/apis Mozilla/5.0 (Windows NT 10.0; Win64; x64) AppleWebKit/537.36 (KHTML, like Gecko) Chrome/114.0.0.0 Safari/537.36 Edg/114.0.1823.43 0.033
0:0:0:0:0:0:0:1 - - [15/Jun/2023:16:11:33 +0300] GET /api/am/devportal/v3/apis?limit=10&offset=0 HTTP/1.1 200 749 https://localhost:9443/devportal/apis Mozilla/5.0 (Windows NT 10.0; Win64; x64) AppleWebKit/537.36 (KHTML, like Gecko) Chrome/114.0.0.0 Safari/537.36 Edg/114.0.1823.43 0.060
0:0:0:0:0:0:0:1 - - [15/Jun/2023:16:11:34 +0300] GET /api/am/devportal/v3/apis/e4370ba6-92b7-4702-a4ef-88bd6e943f97/ratings HTTP/1.1 200 125 https://localhost:9443/devportal/apis Mozilla/5.0 (Windows NT 10.0; Win64; x64) AppleWebKit/537.36 (KHTML, like Gecko) Chrome/114.0.0.0 Safari/537.36 Edg/114.0.1823.43 0.013
0:0:0:0:0:0:0:1 - - [15/Jun/2023:16:11:34 +0300] GET /api/am/devportal/v3/apis/bd412728-6963-4947-ba67-61fa1e164022/ratings HTTP/1.1 200 125 https://localhost:9443/devportal/apis Mozilla/5.0 (Windows NT 10.0; Win64; x64) AppleWebKit/537.36 (KHTML, like Gecko) Chrome/114.0.0.0 Safari/537.36 Edg/114.0.1823.43 0.017
0:0:0:0:0:0:0:1 - - [15/Jun/2023:16:11:34 +0300] GET /api/am/devportal/v3/apis/bd412728-6963-4947-ba67-61fa1e164022/thumbnail HTTP/1.1 204 - https://localhost:9443/devportal/apis Mozilla/5.0 (Windows NT 10.0; Win64; x64) AppleWebKit/537.36 (KHTML, like Gecko) Chrome/114.0.0.0 Safari/537.36 Edg/114.0.1823.43 0.019
0:0:0:0:0:0:0:1 - - [15/Jun/2023:16:11:34 +0300] GET /api/am/devportal/v3/apis/e4370ba6-92b7-4702-a4ef-88bd6e943f97/thumbnail HTTP/1.1 204 - https://localhost:9443/devportal/apis Mozilla/5.0 (Windows NT 10.0; Win64; x64) AppleWebKit/537.36 (KHTML, like Gecko) Chrome/114.0.0.0 Safari/537.36 Edg/114.0.1823.43 0.055
0:0:0:0:0:0:0:1 - - [15/Jun/2023:16:11:34 +0300] GET /api/am/devportal/v3/apis/8485612f-b238-4e6d-9c05-e116e15f9121/ratings HTTP/1.1 200 125 https://localhost:9443/devportal/apis Mozilla/5.0 (Windows NT 10.0; Win64; x64) AppleWebKit/537.36 (KHTML, like Gecko) Chrome/114.0.0.0 Safari/537.36 Edg/114.0.1823.43 0.036
0:0:0:0:0:0:0:1 - - [15/Jun/2023:16:11:34 +0300] GET /api/am/devportal/v3/apis/746c7962-0923-4c21-be0e-a84d3748b57b/ratings HTTP/1.1 200 125 https://localhost:9443/devportal/apis Mozilla/5.0 (Windows NT 10.0; Win64; x64) AppleWebKit/537.36 (KHTML, like Gecko) Chrome/114.0.0.0 Safari/537.36 Edg/114.0.1823.43 0.064
0:0:0:0:0:0:0:1 - - [15/Jun/2023:16:11:34 +0300] GET /api/am/devportal/v3/apis/8485612f-b238-4e6d-9c05-e116e15f9121/thumbnail HTTP/1.1 204 - https://localhost:9443/devportal/apis Mozilla/5.0 (Windows NT 10.0; Win64; x64) AppleWebKit/537.36 (KHTML, like Gecko) Chrome/114.0.0.0 Safari/537.36 Edg/114.0.1823.43 0.039
0:0:0:0:0:0:0:1 - - [15/Jun/2023:16:11:34 +0300] GET /api/am/devportal/v3/apis/b708e07c-f833-4577-9072-b66243c058b3/ratings HTTP/1.1 200 125 https://localhost:9443/devportal/apis Mozilla/5.0 (Windows NT 10.0; Win64; x64) AppleWebKit/537.36 (KHTML, like Gecko) Chrome/114.0.0.0 Safari/537.36 Edg/114.0.1823.43 0.041
0:0:0:0:0:0:0:1 - - [15/Jun/2023:16:11:34 +0300] GET /api/am/devportal/v3/apis/b708e07c-f833-4577-9072-b66243c058b3/thumbnail HTTP/1.1 204 - https://localhost:9443/devportal/apis Mozilla/5.0 (Windows NT 10.0; Win64; x64) AppleWebKit/537.36 (KHTML, like Gecko) Chrome/114.0.0.0 Safari/537.36 Edg/114.0.1823.43 0.079
0:0:0:0:0:0:0:1 - - [15/Jun/2023:16:11:34 +0300] GET /api/am/devportal/v3/apis/746c7962-0923-4c21-be0e-a84d3748b57b/thumbnail HTTP/1.1 204 - https://localhost:9443/devportal/apis Mozilla/5.0 (Windows NT 10.0; Win64; x64) AppleWebKit/537.36 (KHTML, like Gecko) Chrome/114.0.0.0 Safari/537.36 Edg/114.0.1823.43 0.091
0:0:0:0:0:0:0:1 - - [15/Jun/2023:16:11:36 +0300] GET /devportal/site/public/images/_favicon.ico HTTP/1.1 200 1150 https://localhost:9443/devportal/apis/e4370ba6-92b7-4702-a4ef-88bd6e943f97 Mozilla/5.0 (Windows NT 10.0; Win64; x64) AppleWebKit/537.36 (KHTML, like Gecko) Chrome/114.0.0.0 Safari/537.36 Edg/114.0.1823.43 0.001
0:0:0:0:0:0:0:1 - - [15/Jun/2023:16:11:36 +0300] GET /api/am/devportal/v3/applications?limit=5000 HTTP/1.1 200 579 https://localhost:9443/devportal/apis/e4370ba6-92b7-4702-a4ef-88bd6e943f97 Mozilla/5.0 (Windows NT 10.0; Win64; x64) AppleWebKit/537.36 (KHTML, like Gecko) Chrome/114.0.0.0 Safari/537.36 Edg/114.0.1823.43 0.028
127.0.0.1 - - [15/Jun/2023:16:11:36 +0300] GET /keymanager-operations/dcr/register/cHJ0RTNoTWZwd0ZRSWlxZkJHQzc5cVpad2ZJYQ%3D%3D HTTP/1.1 200 720 - Apache-HttpClient/4.5.13 (Java/20.0.1) 0.004
0:0:0:0:0:0:0:1 - - [15/Jun/2023:16:11:36 +0300] GET /api/am/devportal/v3/apis/e4370ba6-92b7-4702-a4ef-88bd6e943f97 HTTP/1.1 200 1033 https://localhost:9443/devportal/apis/e4370ba6-92b7-4702-a4ef-88bd6e943f97 Mozilla/5.0 (Windows NT 10.0; Win64; x64) AppleWebKit/537.36 (KHTML, like Gecko) Chrome/114.0.0.0 Safari/537.36 Edg/114.0.1823.43 0.094
0:0:0:0:0:0:0:1 - - [15/Jun/2023:16:11:36 +0300] GET /api/am/devportal/v3/subscriptions?apiId=e4370ba6-92b7-4702-a4ef-88bd6e943f97&limit=5000 HTTP/1.1 200 699 https://localhost:9443/devportal/apis/e4370ba6-92b7-4702-a4ef-88bd6e943f97 Mozilla/5.0 (Windows NT 10.0; Win64; x64) AppleWebKit/537.36 (KHTML, like Gecko) Chrome/114.0.0.0 Safari/537.36 Edg/114.0.1823.43 0.049
127.0.0.1 - - [15/Jun/2023:16:11:36 +0300] GET /keymanager-operations/dcr/register/cHJ0RTNoTWZwd0ZRSWlxZkJHQzc5cVpad2ZJYQ%3D%3D HTTP/1.1 200 720 - Apache-HttpClient/4.5.13 (Java/20.0.1) 0.016
0:0:0:0:0:0:0:1 - - [15/Jun/2023:16:11:36 +0300] GET /api/am/devportal/v3/subscriptions?apiId=e4370ba6-92b7-4702-a4ef-88bd6e943f97&limit=25 HTTP/1.1 200 697 https://localhost:9443/devportal/apis/e4370ba6-92b7-4702-a4ef-88bd6e943f97 Mozilla/5.0 (Windows NT 10.0; Win64; x64) AppleWebKit/537.36 (KHTML, like Gecko) Chrome/114.0.0.0 Safari/537.36 Edg/114.0.1823.43 0.130
0:0:0:0:0:0:0:1 - - [15/Jun/2023:16:11:36 +0300] GET /api/am/devportal/v3/throttling-policies/subscription HTTP/1.1 200 634 https://localhost:9443/devportal/apis/e4370ba6-92b7-4702-a4ef-88bd6e943f97/overview Mozilla/5.0 (Windows NT 10.0; Win64; x64) AppleWebKit/537.36 (KHTML, like Gecko) Chrome/114.0.0.0 Safari/537.36 Edg/114.0.1823.43 0.019
0:0:0:0:0:0:0:1 - - [15/Jun/2023:16:11:36 +0300] GET /devportal/site/public/images/_favicon.ico HTTP/1.1 200 1150 https://localhost:9443/devportal/apis/e4370ba6-92b7-4702-a4ef-88bd6e943f97/overview Mozilla/5.0 (Windows NT 10.0; Win64; x64) AppleWebKit/537.36 (KHTML, like Gecko) Chrome/114.0.0.0 Safari/537.36 Edg/114.0.1823.43 0.003
0:0:0:0:0:0:0:1 - - [15/Jun/2023:16:11:36 +0300] GET /api/am/devportal/v3/throttling-policies/subscription HTTP/1.1 200 634 https://localhost:9443/devportal/apis/e4370ba6-92b7-4702-a4ef-88bd6e943f97/overview Mozilla/5.0 (Windows NT 10.0; Win64; x64) AppleWebKit/537.36 (KHTML, like Gecko) Chrome/114.0.0.0 Safari/537.36 Edg/114.0.1823.43 0.011
0:0:0:0:0:0:0:1 - - [15/Jun/2023:16:11:36 +0300] GET /api/am/devportal/v3/apis/e4370ba6-92b7-4702-a4ef-88bd6e943f97/documents HTTP/1.1 200 92 https://localhost:9443/devportal/apis/e4370ba6-92b7-4702-a4ef-88bd6e943f97/overview Mozilla/5.0 (Windows NT 10.0; Win64; x64) AppleWebKit/537.36 (KHTML, like Gecko) Chrome/114.0.0.0 Safari/537.36 Edg/114.0.1823.43 0.033
0:0:0:0:0:0:0:1 - - [15/Jun/2023:16:11:36 +0300] GET /api/am/devportal/v3/apis/e4370ba6-92b7-4702-a4ef-88bd6e943f97/documents HTTP/1.1 200 92 https://localhost:9443/devportal/apis/e4370ba6-92b7-4702-a4ef-88bd6e943f97/overview Mozilla/5.0 (Windows NT 10.0; Win64; x64) AppleWebKit/537.36 (KHTML, like Gecko) Chrome/114.0.0.0 Safari/537.36 Edg/114.0.1823.43 0.015
0:0:0:0:0:0:0:1 - - [15/Jun/2023:16:11:36 +0300] GET /api/am/devportal/v3/apis/e4370ba6-92b7-4702-a4ef-88bd6e943f97/ratings HTTP/1.1 200 125 https://localhost:9443/devportal/apis/e4370ba6-92b7-4702-a4ef-88bd6e943f97/overview Mozilla/5.0 (Windows NT 10.0; Win64; x64) AppleWebKit/537.36 (KHTML, like Gecko) Chrome/114.0.0.0 Safari/537.36 Edg/114.0.1823.43 0.033
0:0:0:0:0:0:0:1 - - [15/Jun/2023:16:11:36 +0300] GET /api/am/devportal/v3/apis/e4370ba6-92b7-4702-a4ef-88bd6e943f97/thumbnail HTTP/1.1 204 - https://localhost:9443/devportal/apis/e4370ba6-92b7-4702-a4ef-88bd6e943f97/overview Mozilla/5.0 (Windows NT 10.0; Win64; x64) AppleWebKit/537.36 (KHTML, like Gecko) Chrome/114.0.0.0 Safari/537.36 Edg/114.0.1823.43 0.042
0:0:0:0:0:0:0:1 - - [15/Jun/2023:16:11:36 +0300] GET /api/am/devportal/v3/apis/e4370ba6-92b7-4702-a4ef-88bd6e943f97/comments?limit=5&offset=0 HTTP/1.1 200 101 https://localhost:9443/devportal/apis/e4370ba6-92b7-4702-a4ef-88bd6e943f97/overview Mozilla/5.0 (Windows NT 10.0; Win64; x64) AppleWebKit/537.36 (KHTML, like Gecko) Chrome/114.0.0.0 Safari/537.36 Edg/114.0.1823.43 0.019
0:0:0:0:0:0:0:1 - - [15/Jun/2023:16:11:38 +0300] GET /api/am/devportal/v3/applications?limit=5000 HTTP/1.1 200 579 https://localhost:9443/devportal/apis/e4370ba6-92b7-4702-a4ef-88bd6e943f97/test Mozilla/5.0 (Windows NT 10.0; Win64; x64) AppleWebKit/537.36 (KHTML, like Gecko) Chrome/114.0.0.0 Safari/537.36 Edg/114.0.1823.43 0.012
0:0:0:0:0:0:0:1 - - [15/Jun/2023:16:11:38 +0300] GET /devportal/site/public/images/_favicon.ico HTTP/1.1 200 1150 https://localhost:9443/devportal/apis/e4370ba6-92b7-4702-a4ef-88bd6e943f97/test Mozilla/5.0 (Windows NT 10.0; Win64; x64) AppleWebKit/537.36 (KHTML, like Gecko) Chrome/114.0.0.0 Safari/537.36 Edg/114.0.1823.43 0.003
127.0.0.1 - - [15/Jun/2023:16:11:38 +0300] GET /keymanager-operations/dcr/register/cHJ0RTNoTWZwd0ZRSWlxZkJHQzc5cVpad2ZJYQ%3D%3D HTTP/1.1 200 720 - Apache-HttpClient/4.5.13 (Java/20.0.1) 0.006
127.0.0.1 - - [15/Jun/2023:16:11:38 +0300] GET /keymanager-operations/dcr/register/cHJ0RTNoTWZwd0ZRSWlxZkJHQzc5cVpad2ZJYQ%3D%3D HTTP/1.1 200 720 - Apache-HttpClient/4.5.13 (Java/20.0.1) 0.008
0:0:0:0:0:0:0:1 - - [15/Jun/2023:16:11:38 +0300] GET /api/am/devportal/v3/subscriptions?apiId=e4370ba6-92b7-4702-a4ef-88bd6e943f97&limit=25 HTTP/1.1 200 697 https://localhost:9443/devportal/apis/e4370ba6-92b7-4702-a4ef-88bd6e943f97/test Mozilla/5.0 (Windows NT 10.0; Win64; x64) AppleWebKit/537.36 (KHTML, like Gecko) Chrome/114.0.0.0 Safari/537.36 Edg/114.0.1823.43 0.045
0:0:0:0:0:0:0:1 - - [15/Jun/2023:16:11:38 +0300] GET /api/am/devportal/v3/apis/e4370ba6-92b7-4702-a4ef-88bd6e943f97 HTTP/1.1 200 1033 https://localhost:9443/devportal/apis/e4370ba6-92b7-4702-a4ef-88bd6e943f97/test Mozilla/5.0 (Windows NT 10.0; Win64; x64) AppleWebKit/537.36 (KHTML, like Gecko) Chrome/114.0.0.0 Safari/537.36 Edg/114.0.1823.43 0.050
0:0:0:0:0:0:0:1 - - [15/Jun/2023:16:11:38 +0300] GET /api/am/devportal/v3/subscriptions?apiId=e4370ba6-92b7-4702-a4ef-88bd6e943f97&limit=5000 HTTP/1.1 200 699 https://localhost:9443/devportal/apis/e4370ba6-92b7-4702-a4ef-88bd6e943f97/test Mozilla/5.0 (Windows NT 10.0; Win64; x64) AppleWebKit/537.36 (KHTML, like Gecko) Chrome/114.0.0.0 Safari/537.36 Edg/114.0.1823.43 0.053
0:0:0:0:0:0:0:1 - - [15/Jun/2023:16:11:38 +0300] GET /api/am/devportal/v3/apis/e4370ba6-92b7-4702-a4ef-88bd6e943f97 HTTP/1.1 200 1033 https://localhost:9443/devportal/apis/e4370ba6-92b7-4702-a4ef-88bd6e943f97/test Mozilla/5.0 (Windows NT 10.0; Win64; x64) AppleWebKit/537.36 (KHTML, like Gecko) Chrome/114.0.0.0 Safari/537.36 Edg/114.0.1823.43 0.021
0:0:0:0:0:0:0:1 - - [15/Jun/2023:16:11:38 +0300] GET /api/am/devportal/v3/apis/e4370ba6-92b7-4702-a4ef-88bd6e943f97/swagger?environmentName=Default HTTP/1.1 200 378 https://localhost:9443/devportal/apis/e4370ba6-92b7-4702-a4ef-88bd6e943f97/test Mozilla/5.0 (Windows NT 10.0; Win64; x64) AppleWebKit/537.36 (KHTML, like Gecko) Chrome/114.0.0.0 Safari/537.36 Edg/114.0.1823.43 0.020
0:0:0:0:0:0:0:1 - - [15/Jun/2023:16:11:38 +0300] GET /api/am/devportal/v3/swagger.yaml HTTP/1.1 200 26878 https://localhost:9443/devportal/apis/e4370ba6-92b7-4702-a4ef-88bd6e943f97/test Mozilla/5.0 (Windows NT 10.0; Win64; x64) AppleWebKit/537.36 (KHTML, like Gecko) Chrome/114.0.0.0 Safari/537.36 Edg/114.0.1823.43 0.018
0:0:0:0:0:0:0:1 - - [15/Jun/2023:16:11:38 +0300] GET /api/am/devportal/v3/key-managers HTTP/1.1 200 763 https://localhost:9443/devportal/apis/e4370ba6-92b7-4702-a4ef-88bd6e943f97/test Mozilla/5.0 (Windows NT 10.0; Win64; x64) AppleWebKit/537.36 (KHTML, like Gecko) Chrome/114.0.0.0 Safari/537.36 Edg/114.0.1823.43 0.079
127.0.0.1 - - [15/Jun/2023:16:11:38 +0300] GET /oauth2/token/.well-known/openid-configuration HTTP/1.1 200 2395 - Apache-HttpClient/4.5.13 (Java/20.0.1) 0.016
127.0.0.1 - - [15/Jun/2023:16:11:38 +0300] GET /keymanager-operations/dcr/register/cHJ0RTNoTWZwd0ZRSWlxZkJHQzc5cVpad2ZJYQ%3D%3D HTTP/1.1 200 720 - Apache-HttpClient/4.5.13 (Java/20.0.1) 0.027
0:0:0:0:0:0:0:1 - - [15/Jun/2023:16:11:38 +0300] GET /api/am/devportal/v3/subscriptions?apiId=e4370ba6-92b7-4702-a4ef-88bd6e943f97&limit=25 HTTP/1.1 200 697 https://localhost:9443/devportal/apis/e4370ba6-92b7-4702-a4ef-88bd6e943f97/test Mozilla/5.0 (Windows NT 10.0; Win64; x64) AppleWebKit/537.36 (KHTML, like Gecko) Chrome/114.0.0.0 Safari/537.36 Edg/114.0.1823.43 0.112
127.0.0.1 - - [15/Jun/2023:16:11:38 +0300] GET /keymanager-operations/dcr/register/cHJ0RTNoTWZwd0ZRSWlxZkJHQzc5cVpad2ZJYQ%3D%3D HTTP/1.1 200 720 - Apache-HttpClient/4.5.13 (Java/20.0.1) 0.004
0:0:0:0:0:0:0:1 - - [15/Jun/2023:16:11:38 +0300] GET /api/am/devportal/v3/subscriptions?apiId=e4370ba6-92b7-4702-a4ef-88bd6e943f97&limit=25 HTTP/1.1 200 697 https://localhost:9443/devportal/apis/e4370ba6-92b7-4702-a4ef-88bd6e943f97/test Mozilla/5.0 (Windows NT 10.0; Win64; x64) AppleWebKit/537.36 (KHTML, like Gecko) Chrome/114.0.0.0 Safari/537.36 Edg/114.0.1823.43 0.031
0:0:0:0:0:0:0:1 - - [15/Jun/2023:16:11:39 +0300] GET /api/am/devportal/v3/applications/ HTTP/1.1 200 578 https://localhost:9443/devportal/apis/e4370ba6-92b7-4702-a4ef-88bd6e943f97/test Mozilla/5.0 (Windows NT 10.0; Win64; x64) AppleWebKit/537.36 (KHTML, like Gecko) Chrome/114.0.0.0 Safari/537.36 Edg/114.0.1823.43 0.012
0:0:0:0:0:0:0:1 - - [15/Jun/2023:16:11:39 +0300] GET /api/am/devportal/v3/swagger.yaml HTTP/1.1 200 26878 https://localhost:9443/devportal/apis/e4370ba6-92b7-4702-a4ef-88bd6e943f97/test Mozilla/5.0 (Windows NT 10.0; Win64; x64) AppleWebKit/537.36 (KHTML, like Gecko) Chrome/114.0.0.0 Safari/537.36 Edg/114.0.1823.43 0.011
127.0.0.1 - - [15/Jun/2023:16:11:39 +0300] GET /keymanager-operations/dcr/register/cHJ0RTNoTWZwd0ZRSWlxZkJHQzc5cVpad2ZJYQ%3D%3D HTTP/1.1 200 720 - Apache-HttpClient/4.5.13 (Java/20.0.1) 0.014
0:0:0:0:0:0:0:1 - - [15/Jun/2023:16:11:39 +0300] GET /api/am/devportal/v3/applications/6682948b-f35d-4c71-8419-f7bfb414574a HTTP/1.1 200 342 https://localhost:9443/devportal/apis/e4370ba6-92b7-4702-a4ef-88bd6e943f97/test Mozilla/5.0 (Windows NT 10.0; Win64; x64) AppleWebKit/537.36 (KHTML, like Gecko) Chrome/114.0.0.0 Safari/537.36 Edg/114.0.1823.43 0.048
127.0.0.1 - - [15/Jun/2023:16:11:39 +0300] GET /keymanager-operations/dcr/register/cHJ0RTNoTWZwd0ZRSWlxZkJHQzc5cVpad2ZJYQ%3D%3D HTTP/1.1 200 720 - Apache-HttpClient/4.5.13 (Java/20.0.1) 0.005
0:0:0:0:0:0:0:1 - - [15/Jun/2023:16:11:39 +0300] GET /api/am/devportal/v3/applications/6682948b-f35d-4c71-8419-f7bfb414574a/oauth-keys HTTP/1.1 200 868 https://localhost:9443/devportal/apis/e4370ba6-92b7-4702-a4ef-88bd6e943f97/test Mozilla/5.0 (Windows NT 10.0; Win64; x64) AppleWebKit/537.36 (KHTML, like Gecko) Chrome/114.0.0.0 Safari/537.36 Edg/114.0.1823.43 0.012
0:0:0:0:0:0:0:1 - - [15/Jun/2023:16:11:39 +0300] GET /api/am/devportal/v3/swagger.yaml HTTP/1.1 200 26878 https://localhost:9443/devportal/apis/e4370ba6-92b7-4702-a4ef-88bd6e943f97/test Mozilla/5.0 (Windows NT 10.0; Win64; x64) AppleWebKit/537.36 (KHTML, like Gecko) Chrome/114.0.0.0 Safari/537.36 Edg/114.0.1823.43 0.016
0:0:0:0:0:0:0:1 - - [15/Jun/2023:16:11:39 +0300] GET /api/am/devportal/v3/swagger.yaml HTTP/1.1 200 26878 https://localhost:9443/devportal/apis/e4370ba6-92b7-4702-a4ef-88bd6e943f97/test Mozilla/5.0 (Windows NT 10.0; Win64; x64) AppleWebKit/537.36 (KHTML, like Gecko) Chrome/114.0.0.0 Safari/537.36 Edg/114.0.1823.43 0.021
127.0.0.1 - - [15/Jun/2023:16:11:39 +0300] GET /keymanager-operations/dcr/register/cHJ0RTNoTWZwd0ZRSWlxZkJHQzc5cVpad2ZJYQ%3D%3D HTTP/1.1 200 720 - Apache-HttpClient/4.5.13 (Java/20.0.1) 0.004
0:0:0:0:0:0:0:1 - - [15/Jun/2023:16:11:39 +0300] GET /api/am/devportal/v3/applications/6682948b-f35d-4c71-8419-f7bfb414574a HTTP/1.1 200 342 https://localhost:9443/devportal/apis/e4370ba6-92b7-4702-a4ef-88bd6e943f97/test Mozilla/5.0 (Windows NT 10.0; Win64; x64) AppleWebKit/537.36 (KHTML, like Gecko) Chrome/114.0.0.0 Safari/537.36 Edg/114.0.1823.43 0.018
127.0.0.1 - - [15/Jun/2023:16:11:39 +0300] GET /keymanager-operations/dcr/register/cHJ0RTNoTWZwd0ZRSWlxZkJHQzc5cVpad2ZJYQ%3D%3D HTTP/1.1 200 720 - Apache-HttpClient/4.5.13 (Java/20.0.1) 0.003
0:0:0:0:0:0:0:1 - - [15/Jun/2023:16:11:39 +0300] GET /api/am/devportal/v3/applications/6682948b-f35d-4c71-8419-f7bfb414574a HTTP/1.1 200 342 https://localhost:9443/devportal/apis/e4370ba6-92b7-4702-a4ef-88bd6e943f97/test Mozilla/5.0 (Windows NT 10.0; Win64; x64) AppleWebKit/537.36 (KHTML, like Gecko) Chrome/114.0.0.0 Safari/537.36 Edg/114.0.1823.43 0.014
127.0.0.1 - - [15/Jun/2023:16:11:39 +0300] GET /keymanager-operations/dcr/register/cHJ0RTNoTWZwd0ZRSWlxZkJHQzc5cVpad2ZJYQ%3D%3D HTTP/1.1 200 720 - Apache-HttpClient/4.5.13 (Java/20.0.1) 0.008
0:0:0:0:0:0:0:1 - - [15/Jun/2023:16:11:39 +0300] GET /api/am/devportal/v3/applications/6682948b-f35d-4c71-8419-f7bfb414574a/oauth-keys HTTP/1.1 200 868 https://localhost:9443/devportal/apis/e4370ba6-92b7-4702-a4ef-88bd6e943f97/test Mozilla/5.0 (Windows NT 10.0; Win64; x64) AppleWebKit/537.36 (KHTML, like Gecko) Chrome/114.0.0.0 Safari/537.36 Edg/114.0.1823.43 0.014
127.0.0.1 - - [15/Jun/2023:16:11:39 +0300] GET /keymanager-operations/dcr/register/cHJ0RTNoTWZwd0ZRSWlxZkJHQzc5cVpad2ZJYQ%3D%3D HTTP/1.1 200 720 - Apache-HttpClient/4.5.13 (Java/20.0.1) 0.003
0:0:0:0:0:0:0:1 - - [15/Jun/2023:16:11:39 +0300] GET /api/am/devportal/v3/applications/6682948b-f35d-4c71-8419-f7bfb414574a/oauth-keys HTTP/1.1 200 868 https://localhost:9443/devportal/apis/e4370ba6-92b7-4702-a4ef-88bd6e943f97/test Mozilla/5.0 (Windows NT 10.0; Win64; x64) AppleWebKit/537.36 (KHTML, like Gecko) Chrome/114.0.0.0 Safari/537.36 Edg/114.0.1823.43 0.016
127.0.0.1 - - [15/Jun/2023:16:11:54 +0300] GET /oauth2/jwks HTTP/1.1 200 1919 - Apache-HttpClient/4.5.13 (Java/20.0.1) 0.156
0:0:0:0:0:0:0:1 - - [15/Jun/2023:16:39:58 +0300] - 400 - - - 0.000
0:0:0:0:0:0:0:1 - - [15/Jun/2023:16:39:58 +0300] - 400 - - - 0.000
0:0:0:0:0:0:0:1 - - [15/Jun/2023:16:40:04 +0300] GET /api/am/publisher/v4/endpoint-certificates?endpoint=http%3A%2F%2Ftest-dash.evmak.com%2Fsandbox HTTP/1.1 200 100 https://localhost:9443/publisher/apis/e4370ba6-92b7-4702-a4ef-88bd6e943f97/endpoints Mozilla/5.0 (Windows NT 10.0; Win64; x64) AppleWebKit/537.36 (KHTML, like Gecko) Chrome/114.0.0.0 Safari/537.36 Edg/114.0.1823.43 5.345
0:0:0:0:0:0:0:1 - - [15/Jun/2023:16:40:04 +0300] GET /api/am/publisher/v4/apis/e4370ba6-92b7-4702-a4ef-88bd6e943f97/swagger HTTP/1.1 200 680 https://localhost:9443/publisher/apis/e4370ba6-92b7-4702-a4ef-88bd6e943f97/endpoints Mozilla/5.0 (Windows NT 10.0; Win64; x64) AppleWebKit/537.36 (KHTML, like Gecko) Chrome/114.0.0.0 Safari/537.36 Edg/114.0.1823.43 5.426
0:0:0:0:0:0:0:1 - - [15/Jun/2023:16:43:24 +0300] - 400 - - - 0.000
0:0:0:0:0:0:0:1 - - [15/Jun/2023:16:43:24 +0300] - 400 - - - 0.000
0:0:0:0:0:0:0:1 - - [15/Jun/2023:16:43:24 +0300] - 400 - - - 0.000
0:0:0:0:0:0:0:1 - - [15/Jun/2023:16:43:24 +0300] - 400 - - - 0.000
0:0:0:0:0:0:0:1 - - [15/Jun/2023:16:43:24 +0300] GET /api/am/publisher/v4/scopes HTTP/1.1 200 92 https://localhost:9443/publisher/apis/e4370ba6-92b7-4702-a4ef-88bd6e943f97/resources Mozilla/5.0 (Windows NT 10.0; Win64; x64) AppleWebKit/537.36 (KHTML, like Gecko) Chrome/114.0.0.0 Safari/537.36 Edg/114.0.1823.43 0.014
0:0:0:0:0:0:0:1 - - [15/Jun/2023:16:43:24 +0300] GET /api/am/publisher/v4/apis/e4370ba6-92b7-4702-a4ef-88bd6e943f97/amznResourceNames HTTP/1.1 200 2 https://localhost:9443/publisher/apis/e4370ba6-92b7-4702-a4ef-88bd6e943f97/resources Mozilla/5.0 (Windows NT 10.0; Win64; x64) AppleWebKit/537.36 (KHTML, like Gecko) Chrome/114.0.0.0 Safari/537.36 Edg/114.0.1823.43 0.034
0:0:0:0:0:0:0:1 - - [15/Jun/2023:16:43:24 +0300] GET /api/am/publisher/v4/throttling-policies/api?limit=80 HTTP/1.1 200 395 https://localhost:9443/publisher/apis/e4370ba6-92b7-4702-a4ef-88bd6e943f97/resources Mozilla/5.0 (Windows NT 10.0; Win64; x64) AppleWebKit/537.36 (KHTML, like Gecko) Chrome/114.0.0.0 Safari/537.36 Edg/114.0.1823.43 0.035
0:0:0:0:0:0:0:1 - - [15/Jun/2023:16:43:24 +0300] GET /api/am/publisher/v4/apis/e4370ba6-92b7-4702-a4ef-88bd6e943f97/swagger HTTP/1.1 200 680 https://localhost:9443/publisher/apis/e4370ba6-92b7-4702-a4ef-88bd6e943f97/resources Mozilla/5.0 (Windows NT 10.0; Win64; x64) AppleWebKit/537.36 (KHTML, like Gecko) Chrome/114.0.0.0 Safari/537.36 Edg/114.0.1823.43 0.046
0:0:0:0:0:0:0:1 - - [15/Jun/2023:16:44:46 +0300] - 400 - - - 0.000
0:0:0:0:0:0:0:1 - - [15/Jun/2023:16:44:46 +0300] - 400 - - - 0.000
0:0:0:0:0:0:0:1 - - [15/Jun/2023:16:44:50 +0300] GET /api/am/publisher/v4/endpoint-certificates?endpoint=http%3A%2F%2Ftest-dash.evmak.com%2Fsandbox HTTP/1.1 200 100 https://localhost:9443/publisher/apis/e4370ba6-92b7-4702-a4ef-88bd6e943f97/endpoints Mozilla/5.0 (Windows NT 10.0; Win64; x64) AppleWebKit/537.36 (KHTML, like Gecko) Chrome/114.0.0.0 Safari/537.36 Edg/114.0.1823.43 4.699
0:0:0:0:0:0:0:1 - - [15/Jun/2023:16:44:50 +0300] GET /api/am/publisher/v4/apis/e4370ba6-92b7-4702-a4ef-88bd6e943f97/swagger HTTP/1.1 200 680 https://localhost:9443/publisher/apis/e4370ba6-92b7-4702-a4ef-88bd6e943f97/endpoints Mozilla/5.0 (Windows NT 10.0; Win64; x64) AppleWebKit/537.36 (KHTML, like Gecko) Chrome/114.0.0.0 Safari/537.36 Edg/114.0.1823.43 4.713
0:0:0:0:0:0:0:1 - - [15/Jun/2023:16:44:56 +0300] POST /api/am/publisher/v4/apis/validate-endpoint?endpointUrl=http%3A%2F%2Ftest-dash.evmak.com&apiId=e4370ba6-92b7-4702-a4ef-88bd6e943f97 HTTP/1.1 200 52 https://localhost:9443/publisher/apis/e4370ba6-92b7-4702-a4ef-88bd6e943f97/endpoints Mozilla/5.0 (Windows NT 10.0; Win64; x64) AppleWebKit/537.36 (KHTML, like Gecko) Chrome/114.0.0.0 Safari/537.36 Edg/114.0.1823.43 3.029
0:0:0:0:0:0:0:1 - - [15/Jun/2023:16:45:10 +0300] - 400 - - - 0.000
0:0:0:0:0:0:0:1 - - [15/Jun/2023:16:45:10 +0300] - 400 - - - 0.000
0:0:0:0:0:0:0:1 - - [15/Jun/2023:16:45:10 +0300] - 400 - - - 0.000
0:0:0:0:0:0:0:1 - - [15/Jun/2023:16:45:10 +0300] GET /api/am/publisher/v4/scopes HTTP/1.1 200 92 https://localhost:9443/publisher/apis/e4370ba6-92b7-4702-a4ef-88bd6e943f97/resources Mozilla/5.0 (Windows NT 10.0; Win64; x64) AppleWebKit/537.36 (KHTML, like Gecko) Chrome/114.0.0.0 Safari/537.36 Edg/114.0.1823.43 0.008
0:0:0:0:0:0:0:1 - - [15/Jun/2023:16:45:10 +0300] GET /api/am/publisher/v4/apis/e4370ba6-92b7-4702-a4ef-88bd6e943f97/amznResourceNames HTTP/1.1 200 2 https://localhost:9443/publisher/apis/e4370ba6-92b7-4702-a4ef-88bd6e943f97/resources Mozilla/5.0 (Windows NT 10.0; Win64; x64) AppleWebKit/537.36 (KHTML, like Gecko) Chrome/114.0.0.0 Safari/537.36 Edg/114.0.1823.43 0.025
0:0:0:0:0:0:0:1 - - [15/Jun/2023:16:45:10 +0300] GET /api/am/publisher/v4/throttling-policies/api?limit=80 HTTP/1.1 200 395 https://localhost:9443/publisher/apis/e4370ba6-92b7-4702-a4ef-88bd6e943f97/resources Mozilla/5.0 (Windows NT 10.0; Win64; x64) AppleWebKit/537.36 (KHTML, like Gecko) Chrome/114.0.0.0 Safari/537.36 Edg/114.0.1823.43 0.014
0:0:0:0:0:0:0:1 - - [15/Jun/2023:16:45:10 +0300] GET /api/am/publisher/v4/apis/e4370ba6-92b7-4702-a4ef-88bd6e943f97/swagger HTTP/1.1 200 680 https://localhost:9443/publisher/apis/e4370ba6-92b7-4702-a4ef-88bd6e943f97/resources Mozilla/5.0 (Windows NT 10.0; Win64; x64) AppleWebKit/537.36 (KHTML, like Gecko) Chrome/114.0.0.0 Safari/537.36 Edg/114.0.1823.43 0.105
0:0:0:0:0:0:0:1 - - [15/Jun/2023:16:45:33 +0300] POST /api/am/publisher/v4/apis/validate-endpoint?endpointUrl=http%3A%2F%2Ftest-dash.evmak.com&apiId=e4370ba6-92b7-4702-a4ef-88bd6e943f97 HTTP/1.1 200 65 https://localhost:9443/publisher/apis/e4370ba6-92b7-4702-a4ef-88bd6e943f97/endpoints Mozilla/5.0 (Windows NT 10.0; Win64; x64) AppleWebKit/537.36 (KHTML, like Gecko) Chrome/114.0.0.0 Safari/537.36 Edg/114.0.1823.43 30.153
0:0:0:0:0:0:0:1 - - [15/Jun/2023:16:45:55 +0300] PUT /api/am/publisher/v4/apis/e4370ba6-92b7-4702-a4ef-88bd6e943f97/swagger HTTP/1.1 200 682 https://localhost:9443/publisher/apis/e4370ba6-92b7-4702-a4ef-88bd6e943f97/resources Mozilla/5.0 (Windows NT 10.0; Win64; x64) AppleWebKit/537.36 (KHTML, like Gecko) Chrome/114.0.0.0 Safari/537.36 Edg/114.0.1823.43 0.327
0:0:0:0:0:0:0:1 - - [15/Jun/2023:16:45:55 +0300] GET /api/am/publisher/v4/apis/e4370ba6-92b7-4702-a4ef-88bd6e943f97 HTTP/1.1 200 1189 https://localhost:9443/publisher/apis/e4370ba6-92b7-4702-a4ef-88bd6e943f97/resources Mozilla/5.0 (Windows NT 10.0; Win64; x64) AppleWebKit/537.36 (KHTML, like Gecko) Chrome/114.0.0.0 Safari/537.36 Edg/114.0.1823.43 0.020
127.0.0.1 - - [15/Jun/2023:16:46:01 +0300] GET /internal/data/v1/apis?context=/sandbox/1.0.0&version=1.0.0&gatewayLabel=Default HTTP/1.1 200 945 - Apache-HttpClient/4.5.13 (Java/20.0.1) 0.007
127.0.0.1 - - [15/Jun/2023:16:46:01 +0300] GET /internal/data/v1/apis?context=/sandbox/1.0.0&version=1.0.0&gatewayLabel=Default HTTP/1.1 200 945 - Apache-HttpClient/4.5.13 (Java/20.0.1) 0.007
0:0:0:0:0:0:0:1 - - [15/Jun/2023:16:46:43 +0300] PUT /api/am/publisher/v4/apis/e4370ba6-92b7-4702-a4ef-88bd6e943f97/swagger HTTP/1.1 200 682 https://localhost:9443/publisher/apis/e4370ba6-92b7-4702-a4ef-88bd6e943f97/resources Mozilla/5.0 (Windows NT 10.0; Win64; x64) AppleWebKit/537.36 (KHTML, like Gecko) Chrome/114.0.0.0 Safari/537.36 Edg/114.0.1823.43 0.191
0:0:0:0:0:0:0:1 - - [15/Jun/2023:16:46:44 +0300] GET /api/am/publisher/v4/apis/e4370ba6-92b7-4702-a4ef-88bd6e943f97 HTTP/1.1 200 1191 https://localhost:9443/publisher/apis/e4370ba6-92b7-4702-a4ef-88bd6e943f97/resources Mozilla/5.0 (Windows NT 10.0; Win64; x64) AppleWebKit/537.36 (KHTML, like Gecko) Chrome/114.0.0.0 Safari/537.36 Edg/114.0.1823.43 0.037
127.0.0.1 - - [15/Jun/2023:16:46:49 +0300] GET /internal/data/v1/apis?context=/sandbox/1.0.0&version=1.0.0&gatewayLabel=Default HTTP/1.1 200 945 - Apache-HttpClient/4.5.13 (Java/20.0.1) 0.004
127.0.0.1 - - [15/Jun/2023:16:46:49 +0300] GET /internal/data/v1/apis?context=/sandbox/1.0.0&version=1.0.0&gatewayLabel=Default HTTP/1.1 200 945 - Apache-HttpClient/4.5.13 (Java/20.0.1) 0.006
0:0:0:0:0:0:0:1 - - [15/Jun/2023:16:47:00 +0300] - 400 - - - 0.000
0:0:0:0:0:0:0:1 - - [15/Jun/2023:16:47:00 +0300] GET /devportal/apis/e4370ba6-92b7-4702-a4ef-88bd6e943f97/test HTTP/1.1 200 1691 - Mozilla/5.0 (Windows NT 10.0; Win64; x64) AppleWebKit/537.36 (KHTML, like Gecko) Chrome/114.0.0.0 Safari/537.36 Edg/114.0.1823.43 0.010
0:0:0:0:0:0:0:1 - - [15/Jun/2023:16:47:00 +0300] GET /devportal/site/public/css/main.css HTTP/1.1 200 2092 https://localhost:9443/devportal/apis/e4370ba6-92b7-4702-a4ef-88bd6e943f97/test Mozilla/5.0 (Windows NT 10.0; Win64; x64) AppleWebKit/537.36 (KHTML, like Gecko) Chrome/114.0.0.0 Safari/537.36 Edg/114.0.1823.43 0.006
0:0:0:0:0:0:0:1 - - [15/Jun/2023:16:47:00 +0300] GET /devportal/site/public/fonts/iconfont/material-icons.css HTTP/1.1 200 970 https://localhost:9443/devportal/apis/e4370ba6-92b7-4702-a4ef-88bd6e943f97/test Mozilla/5.0 (Windows NT 10.0; Win64; x64) AppleWebKit/537.36 (KHTML, like Gecko) Chrome/114.0.0.0 Safari/537.36 Edg/114.0.1823.43 0.005
0:0:0:0:0:0:0:1 - - [15/Jun/2023:16:47:00 +0300] - 400 - - - 0.000
0:0:0:0:0:0:0:1 - - [15/Jun/2023:16:47:00 +0300] - 400 - - - 0.000
0:0:0:0:0:0:0:1 - - [15/Jun/2023:16:47:00 +0300] - 400 - - - 0.000
0:0:0:0:0:0:0:1 - - [15/Jun/2023:16:47:00 +0300] - 400 - - - 0.000
0:0:0:0:0:0:0:1 - - [15/Jun/2023:16:47:00 +0300] GET /devportal/site/public/css/overrides.css HTTP/1.1 200 - https://localhost:9443/devportal/apis/e4370ba6-92b7-4702-a4ef-88bd6e943f97/test Mozilla/5.0 (Windows NT 10.0; Win64; x64) AppleWebKit/537.36 (KHTML, like Gecko) Chrome/114.0.0.0 Safari/537.36 Edg/114.0.1823.43 0.006
0:0:0:0:0:0:0:1 - - [15/Jun/2023:16:47:00 +0300] GET /devportal/site/public/theme/userTheme.js HTTP/1.1 200 96 https://localhost:9443/devportal/apis/e4370ba6-92b7-4702-a4ef-88bd6e943f97/test Mozilla/5.0 (Windows NT 10.0; Win64; x64) AppleWebKit/537.36 (KHTML, like Gecko) Chrome/114.0.0.0 Safari/537.36 Edg/114.0.1823.43 0.009
0:0:0:0:0:0:0:1 - - [15/Jun/2023:16:47:00 +0300] GET /devportal/services/settings/settings.js HTTP/1.1 200 1474 https://localhost:9443/devportal/apis/e4370ba6-92b7-4702-a4ef-88bd6e943f97/test Mozilla/5.0 (Windows NT 10.0; Win64; x64) AppleWebKit/537.36 (KHTML, like Gecko) Chrome/114.0.0.0 Safari/537.36 Edg/114.0.1823.43 0.011
0:0:0:0:0:0:0:1 - - [15/Jun/2023:16:47:00 +0300] GET /devportal/site/public/locales/en.json HTTP/1.1 200 57092 https://localhost:9443/devportal/apis/e4370ba6-92b7-4702-a4ef-88bd6e943f97/test Mozilla/5.0 (Windows NT 10.0; Win64; x64) AppleWebKit/537.36 (KHTML, like Gecko) Chrome/114.0.0.0 Safari/537.36 Edg/114.0.1823.43 0.007
0:0:0:0:0:0:0:1 - - [15/Jun/2023:16:47:00 +0300] GET /devportal/site/public/images/_favicon.ico HTTP/1.1 200 1150 https://localhost:9443/devportal/apis/e4370ba6-92b7-4702-a4ef-88bd6e943f97/test Mozilla/5.0 (Windows NT 10.0; Win64; x64) AppleWebKit/537.36 (KHTML, like Gecko) Chrome/114.0.0.0 Safari/537.36 Edg/114.0.1823.43 0.006
0:0:0:0:0:0:0:1 - - [15/Jun/2023:16:47:00 +0300] GET /api/am/devportal/v3/swagger.yaml HTTP/1.1 200 26878 https://localhost:9443/devportal/apis/e4370ba6-92b7-4702-a4ef-88bd6e943f97/test Mozilla/5.0 (Windows NT 10.0; Win64; x64) AppleWebKit/537.36 (KHTML, like Gecko) Chrome/114.0.0.0 Safari/537.36 Edg/114.0.1823.43 0.019
0:0:0:0:0:0:0:1 - - [15/Jun/2023:16:47:00 +0300] GET /devportal/site/public/images/favicon.ico HTTP/1.1 200 162098 https://localhost:9443/devportal/apis/e4370ba6-92b7-4702-a4ef-88bd6e943f97/test Mozilla/5.0 (Windows NT 10.0; Win64; x64) AppleWebKit/537.36 (KHTML, like Gecko) Chrome/114.0.0.0 Safari/537.36 Edg/114.0.1823.43 0.084
