0:0:0:0:0:0:0:1 - - [18/Jun/2023:18:41:59 +0300] GET /api/am/devportal/v3/subscriptions?apiId=322d0fa8-4241-4e9e-a381-26b8d42c1467&limit=25 HTTP/1.1 200 693 https://localhost:9443/devportal/apis/322d0fa8-4241-4e9e-a381-26b8d42c1467/test Mozilla/5.0 (Windows NT 10.0; Win64; x64) AppleWebKit/537.36 (KHTML, like Gecko) Chrome/114.0.0.0 Safari/537.36 Edg/114.0.1823.43 0.096
0:0:0:0:0:0:0:1 - - [18/Jun/2023:18:41:59 +0300] GET /api/am/devportal/v3/subscriptions?apiId=322d0fa8-4241-4e9e-a381-26b8d42c1467&limit=25 HTTP/1.1 200 693 https://localhost:9443/devportal/apis/322d0fa8-4241-4e9e-a381-26b8d42c1467/test Mozilla/5.0 (Windows NT 10.0; Win64; x64) AppleWebKit/537.36 (KHTML, like Gecko) Chrome/114.0.0.0 Safari/537.36 Edg/114.0.1823.43 0.610
0:0:0:0:0:0:0:1 - - [18/Jun/2023:18:41:59 +0300] GET /api/am/devportal/v3/swagger.yaml HTTP/1.1 200 26878 https://localhost:9443/devportal/apis/322d0fa8-4241-4e9e-a381-26b8d42c1467/test Mozilla/5.0 (Windows NT 10.0; Win64; x64) AppleWebKit/537.36 (KHTML, like Gecko) Chrome/114.0.0.0 Safari/537.36 Edg/114.0.1823.43 0.022
127.0.0.1 - - [18/Jun/2023:18:42:00 +0300] GET /keymanager-operations/dcr/register/OHJyZGxmMDBvOEpmc0NCNE4yWHlDblR4ZlFFYQ%3D%3D HTTP/1.1 200 515 - Apache-HttpClient/4.5.13 (Java/20.0.1) 0.007
0:0:0:0:0:0:0:1 - - [18/Jun/2023:18:42:00 +0300] GET /api/am/devportal/v3/applications/3da751bc-82c5-433c-a68e-265fd27cecb9 HTTP/1.1 200 336 https://localhost:9443/devportal/apis/322d0fa8-4241-4e9e-a381-26b8d42c1467/test Mozilla/5.0 (Windows NT 10.0; Win64; x64) AppleWebKit/537.36 (KHTML, like Gecko) Chrome/114.0.0.0 Safari/537.36 Edg/114.0.1823.43 0.028
127.0.0.1 - - [18/Jun/2023:18:42:00 +0300] GET /keymanager-operations/dcr/register/OHJyZGxmMDBvOEpmc0NCNE4yWHlDblR4ZlFFYQ%3D%3D HTTP/1.1 200 515 - Apache-HttpClient/4.5.13 (Java/20.0.1) 0.005
0:0:0:0:0:0:0:1 - - [18/Jun/2023:18:42:00 +0300] GET /api/am/devportal/v3/applications/3da751bc-82c5-433c-a68e-265fd27cecb9/oauth-keys HTTP/1.1 200 663 https://localhost:9443/devportal/apis/322d0fa8-4241-4e9e-a381-26b8d42c1467/test Mozilla/5.0 (Windows NT 10.0; Win64; x64) AppleWebKit/537.36 (KHTML, like Gecko) Chrome/114.0.0.0 Safari/537.36 Edg/114.0.1823.43 0.021
0:0:0:0:0:0:0:1 - - [18/Jun/2023:18:42:00 +0300] GET /api/am/devportal/v3/swagger.yaml HTTP/1.1 200 26878 https://localhost:9443/devportal/apis/322d0fa8-4241-4e9e-a381-26b8d42c1467/test Mozilla/5.0 (Windows NT 10.0; Win64; x64) AppleWebKit/537.36 (KHTML, like Gecko) Chrome/114.0.0.0 Safari/537.36 Edg/114.0.1823.43 0.012
0:0:0:0:0:0:0:1 - - [18/Jun/2023:18:42:00 +0300] GET /api/am/devportal/v3/swagger.yaml HTTP/1.1 200 26878 https://localhost:9443/devportal/apis/322d0fa8-4241-4e9e-a381-26b8d42c1467/test Mozilla/5.0 (Windows NT 10.0; Win64; x64) AppleWebKit/537.36 (KHTML, like Gecko) Chrome/114.0.0.0 Safari/537.36 Edg/114.0.1823.43 0.121
0:0:0:0:0:0:0:1 - - [18/Jun/2023:18:42:00 +0300] GET /api/am/devportal/v3/applications/3da751bc-82c5-433c-a68e-265fd27cecb9 HTTP/1.1 200 336 https://localhost:9443/devportal/apis/322d0fa8-4241-4e9e-a381-26b8d42c1467/test Mozilla/5.0 (Windows NT 10.0; Win64; x64) AppleWebKit/537.36 (KHTML, like Gecko) Chrome/114.0.0.0 Safari/537.36 Edg/114.0.1823.43 0.031
127.0.0.1 - - [18/Jun/2023:18:42:00 +0300] GET /keymanager-operations/dcr/register/OHJyZGxmMDBvOEpmc0NCNE4yWHlDblR4ZlFFYQ%3D%3D HTTP/1.1 200 515 - Apache-HttpClient/4.5.13 (Java/20.0.1) 0.020
127.0.0.1 - - [18/Jun/2023:18:42:00 +0300] GET /keymanager-operations/dcr/register/OHJyZGxmMDBvOEpmc0NCNE4yWHlDblR4ZlFFYQ%3D%3D HTTP/1.1 200 515 - Apache-HttpClient/4.5.13 (Java/20.0.1) 0.007
0:0:0:0:0:0:0:1 - - [18/Jun/2023:18:42:00 +0300] GET /api/am/devportal/v3/applications/3da751bc-82c5-433c-a68e-265fd27cecb9 HTTP/1.1 200 336 https://localhost:9443/devportal/apis/322d0fa8-4241-4e9e-a381-26b8d42c1467/test Mozilla/5.0 (Windows NT 10.0; Win64; x64) AppleWebKit/537.36 (KHTML, like Gecko) Chrome/114.0.0.0 Safari/537.36 Edg/114.0.1823.43 0.038
127.0.0.1 - - [18/Jun/2023:18:42:00 +0300] GET /keymanager-operations/dcr/register/OHJyZGxmMDBvOEpmc0NCNE4yWHlDblR4ZlFFYQ%3D%3D HTTP/1.1 200 515 - Apache-HttpClient/4.5.13 (Java/20.0.1) 0.033
0:0:0:0:0:0:0:1 - - [18/Jun/2023:18:42:00 +0300] GET /api/am/devportal/v3/applications/3da751bc-82c5-433c-a68e-265fd27cecb9/oauth-keys HTTP/1.1 200 663 https://localhost:9443/devportal/apis/322d0fa8-4241-4e9e-a381-26b8d42c1467/test Mozilla/5.0 (Windows NT 10.0; Win64; x64) AppleWebKit/537.36 (KHTML, like Gecko) Chrome/114.0.0.0 Safari/537.36 Edg/114.0.1823.43 0.058
127.0.0.1 - - [18/Jun/2023:18:42:00 +0300] GET /keymanager-operations/dcr/register/OHJyZGxmMDBvOEpmc0NCNE4yWHlDblR4ZlFFYQ%3D%3D HTTP/1.1 200 515 - Apache-HttpClient/4.5.13 (Java/20.0.1) 0.007
0:0:0:0:0:0:0:1 - - [18/Jun/2023:18:42:00 +0300] GET /api/am/devportal/v3/applications/3da751bc-82c5-433c-a68e-265fd27cecb9/oauth-keys HTTP/1.1 200 663 https://localhost:9443/devportal/apis/322d0fa8-4241-4e9e-a381-26b8d42c1467/test Mozilla/5.0 (Windows NT 10.0; Win64; x64) AppleWebKit/537.36 (KHTML, like Gecko) Chrome/114.0.0.0 Safari/537.36 Edg/114.0.1823.43 0.068
0:0:0:0:0:0:0:1 - - [18/Jun/2023:18:43:03 +0300] - 400 - - - 0.000
0:0:0:0:0:0:0:1 - - [18/Jun/2023:18:43:03 +0300] GET /api/am/publisher/v4/swagger.yaml HTTP/1.1 200 44514 https://localhost:9443/publisher/apis/322d0fa8-4241-4e9e-a381-26b8d42c1467/overview Mozilla/5.0 (Windows NT 10.0; Win64; x64) AppleWebKit/537.36 (KHTML, like Gecko) Chrome/114.0.0.0 Safari/537.36 Edg/114.0.1823.43 0.034
0:0:0:0:0:0:0:1 - - [18/Jun/2023:18:43:39 +0300] GET /api/am/publisher/v4/apis/322d0fa8-4241-4e9e-a381-26b8d42c1467 HTTP/1.1 200 1191 https://localhost:9443/publisher/apis/322d0fa8-4241-4e9e-a381-26b8d42c1467/overview Mozilla/5.0 (Windows NT 10.0; Win64; x64) AppleWebKit/537.36 (KHTML, like Gecko) Chrome/114.0.0.0 Safari/537.36 Edg/114.0.1823.43 1.057
0:0:0:0:0:0:0:1 - - [18/Jun/2023:18:43:40 +0300] GET /api/am/publisher/v4/tenants?state=active HTTP/1.1 200 96 https://localhost:9443/publisher/apis/322d0fa8-4241-4e9e-a381-26b8d42c1467/overview Mozilla/5.0 (Windows NT 10.0; Win64; x64) AppleWebKit/537.36 (KHTML, like Gecko) Chrome/114.0.0.0 Safari/537.36 Edg/114.0.1823.43 0.005
0:0:0:0:0:0:0:1 - - [18/Jun/2023:18:43:41 +0300] GET /api/am/publisher/v4/settings HTTP/1.1 200 726 https://localhost:9443/publisher/apis/322d0fa8-4241-4e9e-a381-26b8d42c1467/overview Mozilla/5.0 (Windows NT 10.0; Win64; x64) AppleWebKit/537.36 (KHTML, like Gecko) Chrome/114.0.0.0 Safari/537.36 Edg/114.0.1823.43 1.198
0:0:0:0:0:0:0:1 - - [18/Jun/2023:18:43:53 +0300] GET /api/am/publisher/v4/apis/322d0fa8-4241-4e9e-a381-26b8d42c1467/revisions HTTP/1.1 200 388 https://localhost:9443/publisher/apis/322d0fa8-4241-4e9e-a381-26b8d42c1467/overview Mozilla/5.0 (Windows NT 10.0; Win64; x64) AppleWebKit/537.36 (KHTML, like Gecko) Chrome/114.0.0.0 Safari/537.36 Edg/114.0.1823.43 0.016
0:0:0:0:0:0:0:1 - - [18/Jun/2023:18:43:54 +0300] GET /api/am/publisher/v4/apis/322d0fa8-4241-4e9e-a381-26b8d42c1467/revisions?query=deployed%3Atrue HTTP/1.1 200 388 https://localhost:9443/publisher/apis/322d0fa8-4241-4e9e-a381-26b8d42c1467/overview Mozilla/5.0 (Windows NT 10.0; Win64; x64) AppleWebKit/537.36 (KHTML, like Gecko) Chrome/114.0.0.0 Safari/537.36 Edg/114.0.1823.43 0.011
0:0:0:0:0:0:0:1 - - [18/Jun/2023:18:44:03 +0300] GET /api/am/publisher/v4/apis/322d0fa8-4241-4e9e-a381-26b8d42c1467/swagger HTTP/1.1 200 749 https://localhost:9443/publisher/apis/322d0fa8-4241-4e9e-a381-26b8d42c1467/overview Mozilla/5.0 (Windows NT 10.0; Win64; x64) AppleWebKit/537.36 (KHTML, like Gecko) Chrome/114.0.0.0 Safari/537.36 Edg/114.0.1823.43 0.268
0:0:0:0:0:0:0:1 - - [18/Jun/2023:18:44:03 +0300] GET /api/am/publisher/v4/apis/322d0fa8-4241-4e9e-a381-26b8d42c1467/revisions?query=deployed%3Atrue HTTP/1.1 200 388 https://localhost:9443/publisher/apis/322d0fa8-4241-4e9e-a381-26b8d42c1467/overview Mozilla/5.0 (Windows NT 10.0; Win64; x64) AppleWebKit/537.36 (KHTML, like Gecko) Chrome/114.0.0.0 Safari/537.36 Edg/114.0.1823.43 0.013
0:0:0:0:0:0:0:1 - - [18/Jun/2023:18:44:10 +0300] GET /api/am/publisher/v4/apis/322d0fa8-4241-4e9e-a381-26b8d42c1467/swagger HTTP/1.1 200 749 https://localhost:9443/publisher/apis/322d0fa8-4241-4e9e-a381-26b8d42c1467/overview Mozilla/5.0 (Windows NT 10.0; Win64; x64) AppleWebKit/537.36 (KHTML, like Gecko) Chrome/114.0.0.0 Safari/537.36 Edg/114.0.1823.43 0.098
0:0:0:0:0:0:0:1 - - [18/Jun/2023:18:44:10 +0300] GET /api/am/publisher/v4/apis/322d0fa8-4241-4e9e-a381-26b8d42c1467/revisions?query=deployed%3Atrue HTTP/1.1 200 388 https://localhost:9443/publisher/apis/322d0fa8-4241-4e9e-a381-26b8d42c1467/overview Mozilla/5.0 (Windows NT 10.0; Win64; x64) AppleWebKit/537.36 (KHTML, like Gecko) Chrome/114.0.0.0 Safari/537.36 Edg/114.0.1823.43 0.015
0:0:0:0:0:0:0:1 - - [18/Jun/2023:18:44:11 +0300] GET /api/am/publisher/v4/apis/322d0fa8-4241-4e9e-a381-26b8d42c1467/swagger HTTP/1.1 200 749 https://localhost:9443/publisher/apis/322d0fa8-4241-4e9e-a381-26b8d42c1467/overview Mozilla/5.0 (Windows NT 10.0; Win64; x64) AppleWebKit/537.36 (KHTML, like Gecko) Chrome/114.0.0.0 Safari/537.36 Edg/114.0.1823.43 0.056
0:0:0:0:0:0:0:1 - - [18/Jun/2023:18:44:11 +0300] GET /api/am/publisher/v4/apis/322d0fa8-4241-4e9e-a381-26b8d42c1467/revisions?query=deployed%3Atrue HTTP/1.1 200 388 https://localhost:9443/publisher/apis/322d0fa8-4241-4e9e-a381-26b8d42c1467/overview Mozilla/5.0 (Windows NT 10.0; Win64; x64) AppleWebKit/537.36 (KHTML, like Gecko) Chrome/114.0.0.0 Safari/537.36 Edg/114.0.1823.43 0.014
127.0.0.1 - - [18/Jun/2023:18:45:26 +0300] GET /oauth2/jwks HTTP/1.1 200 1919 - Apache-HttpClient/4.5.13 (Java/20.0.1) 0.501
0:0:0:0:0:0:0:1 - - [18/Jun/2023:19:14:36 +0300] - 400 - - - 0.000
0:0:0:0:0:0:0:1 - - [18/Jun/2023:19:14:42 +0300] - 400 - - - 0.000
0:0:0:0:0:0:0:1 - - [18/Jun/2023:19:14:42 +0300] - 400 - - - 0.000
0:0:0:0:0:0:0:1 - - [18/Jun/2023:19:14:42 +0300] - 400 - - - 0.000
0:0:0:0:0:0:0:1 - - [18/Jun/2023:19:14:42 +0300] - 400 - - - 0.000
0:0:0:0:0:0:0:1 - - [18/Jun/2023:19:14:43 +0300] GET /api/am/publisher/v4/scopes HTTP/1.1 200 92 https://localhost:9443/publisher/apis/322d0fa8-4241-4e9e-a381-26b8d42c1467/resources Mozilla/5.0 (Windows NT 10.0; Win64; x64) AppleWebKit/537.36 (KHTML, like Gecko) Chrome/114.0.0.0 Safari/537.36 Edg/114.0.1823.43 1.139
0:0:0:0:0:0:0:1 - - [18/Jun/2023:19:14:43 +0300] GET /api/am/publisher/v4/throttling-policies/api?limit=80 HTTP/1.1 200 395 https://localhost:9443/publisher/apis/322d0fa8-4241-4e9e-a381-26b8d42c1467/resources Mozilla/5.0 (Windows NT 10.0; Win64; x64) AppleWebKit/537.36 (KHTML, like Gecko) Chrome/114.0.0.0 Safari/537.36 Edg/114.0.1823.43 1.240
0:0:0:0:0:0:0:1 - - [18/Jun/2023:19:14:43 +0300] GET /api/am/publisher/v4/apis/322d0fa8-4241-4e9e-a381-26b8d42c1467/amznResourceNames HTTP/1.1 200 2 https://localhost:9443/publisher/apis/322d0fa8-4241-4e9e-a381-26b8d42c1467/resources Mozilla/5.0 (Windows NT 10.0; Win64; x64) AppleWebKit/537.36 (KHTML, like Gecko) Chrome/114.0.0.0 Safari/537.36 Edg/114.0.1823.43 1.292
0:0:0:0:0:0:0:1 - - [18/Jun/2023:19:14:43 +0300] GET /api/am/publisher/v4/apis/322d0fa8-4241-4e9e-a381-26b8d42c1467/swagger HTTP/1.1 200 749 https://localhost:9443/publisher/apis/322d0fa8-4241-4e9e-a381-26b8d42c1467/resources Mozilla/5.0 (Windows NT 10.0; Win64; x64) AppleWebKit/537.36 (KHTML, like Gecko) Chrome/114.0.0.0 Safari/537.36 Edg/114.0.1823.43 1.331
0:0:0:0:0:0:0:1 - - [18/Jun/2023:19:16:34 +0300] - 400 - - - 0.000
0:0:0:0:0:0:0:1 - - [18/Jun/2023:19:16:38 +0300] PUT /api/am/publisher/v4/apis/322d0fa8-4241-4e9e-a381-26b8d42c1467/swagger HTTP/1.1 200 749 https://localhost:9443/publisher/apis/322d0fa8-4241-4e9e-a381-26b8d42c1467/resources Mozilla/5.0 (Windows NT 10.0; Win64; x64) AppleWebKit/537.36 (KHTML, like Gecko) Chrome/114.0.0.0 Safari/537.36 Edg/114.0.1823.43 3.999
0:0:0:0:0:0:0:1 - - [18/Jun/2023:19:16:39 +0300] GET /api/am/publisher/v4/apis/322d0fa8-4241-4e9e-a381-26b8d42c1467 HTTP/1.1 200 1190 https://localhost:9443/publisher/apis/322d0fa8-4241-4e9e-a381-26b8d42c1467/resources Mozilla/5.0 (Windows NT 10.0; Win64; x64) AppleWebKit/537.36 (KHTML, like Gecko) Chrome/114.0.0.0 Safari/537.36 Edg/114.0.1823.43 0.049
127.0.0.1 - - [18/Jun/2023:19:16:45 +0300] GET /internal/data/v1/apis?context=/sandbox/1.0.0&version=1.0.0&gatewayLabel=Default HTTP/1.1 200 427 - Apache-HttpClient/4.5.13 (Java/20.0.1) 0.038
127.0.0.1 - - [18/Jun/2023:19:16:45 +0300] GET /internal/data/v1/apis?context=/sandbox/1.0.0&version=1.0.0&gatewayLabel=Default HTTP/1.1 200 427 - Apache-HttpClient/4.5.13 (Java/20.0.1) 0.017
0:0:0:0:0:0:0:1 - - [18/Jun/2023:19:16:53 +0300] - 400 - - - 0.000
0:0:0:0:0:0:0:1 - - [18/Jun/2023:19:16:53 +0300] GET /devportal/apis/322d0fa8-4241-4e9e-a381-26b8d42c1467/test HTTP/1.1 200 1691 https://localhost:9443/devportal/apis/322d0fa8-4241-4e9e-a381-26b8d42c1467/overview Mozilla/5.0 (Windows NT 10.0; Win64; x64) AppleWebKit/537.36 (KHTML, like Gecko) Chrome/114.0.0.0 Safari/537.36 Edg/114.0.1823.43 0.075
0:0:0:0:0:0:0:1 - - [18/Jun/2023:19:16:53 +0300] GET /devportal/site/public/css/main.css HTTP/1.1 200 2092 https://localhost:9443/devportal/apis/322d0fa8-4241-4e9e-a381-26b8d42c1467/test Mozilla/5.0 (Windows NT 10.0; Win64; x64) AppleWebKit/537.36 (KHTML, like Gecko) Chrome/114.0.0.0 Safari/537.36 Edg/114.0.1823.43 0.006
0:0:0:0:0:0:0:1 - - [18/Jun/2023:19:16:53 +0300] - 400 - - - 0.000
0:0:0:0:0:0:0:1 - - [18/Jun/2023:19:16:53 +0300] - 400 - - - 0.000
0:0:0:0:0:0:0:1 - - [18/Jun/2023:19:16:53 +0300] - 400 - - - 0.000
0:0:0:0:0:0:0:1 - - [18/Jun/2023:19:16:53 +0300] - 400 - - - 0.000
0:0:0:0:0:0:0:1 - - [18/Jun/2023:19:16:53 +0300] GET /devportal/site/public/fonts/iconfont/material-icons.css HTTP/1.1 200 970 https://localhost:9443/devportal/apis/322d0fa8-4241-4e9e-a381-26b8d42c1467/test Mozilla/5.0 (Windows NT 10.0; Win64; x64) AppleWebKit/537.36 (KHTML, like Gecko) Chrome/114.0.0.0 Safari/537.36 Edg/114.0.1823.43 0.021
0:0:0:0:0:0:0:1 - - [18/Jun/2023:19:16:53 +0300] GET /devportal/site/public/css/overrides.css HTTP/1.1 200 - https://localhost:9443/devportal/apis/322d0fa8-4241-4e9e-a381-26b8d42c1467/test Mozilla/5.0 (Windows NT 10.0; Win64; x64) AppleWebKit/537.36 (KHTML, like Gecko) Chrome/114.0.0.0 Safari/537.36 Edg/114.0.1823.43 0.005
0:0:0:0:0:0:0:1 - - [18/Jun/2023:19:16:53 +0300] GET /devportal/services/settings/settings.js HTTP/1.1 200 1474 https://localhost:9443/devportal/apis/322d0fa8-4241-4e9e-a381-26b8d42c1467/test Mozilla/5.0 (Windows NT 10.0; Win64; x64) AppleWebKit/537.36 (KHTML, like Gecko) Chrome/114.0.0.0 Safari/537.36 Edg/114.0.1823.43 0.006
0:0:0:0:0:0:0:1 - - [18/Jun/2023:19:16:53 +0300] GET /devportal/site/public/theme/userTheme.js HTTP/1.1 200 96 https://localhost:9443/devportal/apis/322d0fa8-4241-4e9e-a381-26b8d42c1467/test Mozilla/5.0 (Windows NT 10.0; Win64; x64) AppleWebKit/537.36 (KHTML, like Gecko) Chrome/114.0.0.0 Safari/537.36 Edg/114.0.1823.43 0.069
0:0:0:0:0:0:0:1 - - [18/Jun/2023:19:16:53 +0300] GET /devportal/site/public/locales/en.json HTTP/1.1 200 57092 https://localhost:9443/devportal/apis/322d0fa8-4241-4e9e-a381-26b8d42c1467/test Mozilla/5.0 (Windows NT 10.0; Win64; x64) AppleWebKit/537.36 (KHTML, like Gecko) Chrome/114.0.0.0 Safari/537.36 Edg/114.0.1823.43 0.013
0:0:0:0:0:0:0:1 - - [18/Jun/2023:19:16:53 +0300] GET /devportal/site/public/images/_favicon.ico HTTP/1.1 200 1150 https://localhost:9443/devportal/apis/322d0fa8-4241-4e9e-a381-26b8d42c1467/test Mozilla/5.0 (Windows NT 10.0; Win64; x64) AppleWebKit/537.36 (KHTML, like Gecko) Chrome/114.0.0.0 Safari/537.36 Edg/114.0.1823.43 0.004
0:0:0:0:0:0:0:1 - - [18/Jun/2023:19:16:53 +0300] GET /api/am/devportal/v3/swagger.yaml HTTP/1.1 200 26878 https://localhost:9443/devportal/apis/322d0fa8-4241-4e9e-a381-26b8d42c1467/test Mozilla/5.0 (Windows NT 10.0; Win64; x64) AppleWebKit/537.36 (KHTML, like Gecko) Chrome/114.0.0.0 Safari/537.36 Edg/114.0.1823.43 0.028
0:0:0:0:0:0:0:1 - - [18/Jun/2023:19:16:54 +0300] GET /devportal/site/public/images/favicon.ico HTTP/1.1 200 162098 https://localhost:9443/devportal/apis/322d0fa8-4241-4e9e-a381-26b8d42c1467/test Mozilla/5.0 (Windows NT 10.0; Win64; x64) AppleWebKit/537.36 (KHTML, like Gecko) Chrome/114.0.0.0 Safari/537.36 Edg/114.0.1823.43 0.126
0:0:0:0:0:0:0:1 - - [18/Jun/2023:19:16:55 +0300] GET /api/am/devportal/v3/settings HTTP/1.1 200 915 https://localhost:9443/devportal/apis/322d0fa8-4241-4e9e-a381-26b8d42c1467/test Mozilla/5.0 (Windows NT 10.0; Win64; x64) AppleWebKit/537.36 (KHTML, like Gecko) Chrome/114.0.0.0 Safari/537.36 Edg/114.0.1823.43 0.859
0:0:0:0:0:0:0:1 - - [18/Jun/2023:19:16:55 +0300] GET /devportal/site/public/dist/ProtectedApp.42893a52cd015332b409.bundle.js HTTP/1.1 200 70963 https://localhost:9443/devportal/apis/322d0fa8-4241-4e9e-a381-26b8d42c1467/test Mozilla/5.0 (Windows NT 10.0; Win64; x64) AppleWebKit/537.36 (KHTML, like Gecko) Chrome/114.0.0.0 Safari/537.36 Edg/114.0.1823.43 0.033
0:0:0:0:0:0:0:1 - - [18/Jun/2023:19:16:55 +0300] GET /devportal/site/public/dist/vendors~ProtectedApp.018eeb6bd33ca37011cd.bundle.js HTTP/1.1 200 126488 https://localhost:9443/devportal/apis/322d0fa8-4241-4e9e-a381-26b8d42c1467/test Mozilla/5.0 (Windows NT 10.0; Win64; x64) AppleWebKit/537.36 (KHTML, like Gecko) Chrome/114.0.0.0 Safari/537.36 Edg/114.0.1823.43 0.103
0:0:0:0:0:0:0:1 - - [18/Jun/2023:19:16:55 +0300] GET /devportal/site/public/theme/temporary_environments_config.json HTTP/1.1 200 - https://localhost:9443/devportal/apis/322d0fa8-4241-4e9e-a381-26b8d42c1467/test Mozilla/5.0 (Windows NT 10.0; Win64; x64) AppleWebKit/537.36 (KHTML, like Gecko) Chrome/114.0.0.0 Safari/537.36 Edg/114.0.1823.43 0.009
0:0:0:0:0:0:0:1 - - [18/Jun/2023:19:16:55 +0300] GET /devportal/site/public/theme/temporary_features_config.json HTTP/1.1 200 - https://localhost:9443/devportal/apis/322d0fa8-4241-4e9e-a381-26b8d42c1467/test Mozilla/5.0 (Windows NT 10.0; Win64; x64) AppleWebKit/537.36 (KHTML, like Gecko) Chrome/114.0.0.0 Safari/537.36 Edg/114.0.1823.43 0.008
0:0:0:0:0:0:0:1 - - [18/Jun/2023:19:16:55 +0300] GET /api/am/devportal/v3/tenants?state=active HTTP/1.1 200 96 https://localhost:9443/devportal/apis/322d0fa8-4241-4e9e-a381-26b8d42c1467/test Mozilla/5.0 (Windows NT 10.0; Win64; x64) AppleWebKit/537.36 (KHTML, like Gecko) Chrome/114.0.0.0 Safari/537.36 Edg/114.0.1823.43 0.094
0:0:0:0:0:0:0:1 - - [18/Jun/2023:19:16:55 +0300] GET /devportal/site/public/dist/vendors~Apis~Landing.e9d0b010bafc4e7686f8.bundle.js HTTP/1.1 200 4090 https://localhost:9443/devportal/apis/322d0fa8-4241-4e9e-a381-26b8d42c1467/test Mozilla/5.0 (Windows NT 10.0; Win64; x64) AppleWebKit/537.36 (KHTML, like Gecko) Chrome/114.0.0.0 Safari/537.36 Edg/114.0.1823.43 0.007
0:0:0:0:0:0:0:1 - - [18/Jun/2023:19:16:55 +0300] - 400 - - - 0.000
0:0:0:0:0:0:0:1 - - [18/Jun/2023:19:16:55 +0300] - 400 - - - 0.000
0:0:0:0:0:0:0:1 - - [18/Jun/2023:19:16:55 +0300] - 400 - - - 0.000
0:0:0:0:0:0:0:1 - - [18/Jun/2023:19:16:55 +0300] GET /oidc/checksession?client_id=PWfgQzPGHoxzOjpmoCalMGNtF2Ia&redirect_uri=https://localhost:9443/devportal/services/auth/callback/login HTTP/1.1 200 3134 https://localhost:9443/devportal/apis/322d0fa8-4241-4e9e-a381-26b8d42c1467/test Mozilla/5.0 (Windows NT 10.0; Win64; x64) AppleWebKit/537.36 (KHTML, like Gecko) Chrome/114.0.0.0 Safari/537.36 Edg/114.0.1823.43 0.005
0:0:0:0:0:0:0:1 - - [18/Jun/2023:19:16:55 +0300] GET /devportal HTTP/1.1 302 - https://localhost:9443/devportal/apis/322d0fa8-4241-4e9e-a381-26b8d42c1467/test Mozilla/5.0 (Windows NT 10.0; Win64; x64) AppleWebKit/537.36 (KHTML, like Gecko) Chrome/114.0.0.0 Safari/537.36 Edg/114.0.1823.43 0.000
0:0:0:0:0:0:0:1 - - [18/Jun/2023:19:16:55 +0300] GET /devportal/site/public/dist/vendors~Apis.3a6169883ec8c6c5366d.bundle.js HTTP/1.1 200 87282 https://localhost:9443/devportal/apis/322d0fa8-4241-4e9e-a381-26b8d42c1467/test Mozilla/5.0 (Windows NT 10.0; Win64; x64) AppleWebKit/537.36 (KHTML, like Gecko) Chrome/114.0.0.0 Safari/537.36 Edg/114.0.1823.43 0.151
0:0:0:0:0:0:0:1 - - [18/Jun/2023:19:16:55 +0300] GET /devportal/site/public/dist/vendors~ApiListing~Apis~ApplicationDetails.720bc2e40480316deaca.bundle.js HTTP/1.1 200 3839 https://localhost:9443/devportal/apis/322d0fa8-4241-4e9e-a381-26b8d42c1467/test Mozilla/5.0 (Windows NT 10.0; Win64; x64) AppleWebKit/537.36 (KHTML, like Gecko) Chrome/114.0.0.0 Safari/537.36 Edg/114.0.1823.43 0.129
0:0:0:0:0:0:0:1 - - [18/Jun/2023:19:16:55 +0300] GET /devportal/ HTTP/1.1 200 1691 https://localhost:9443/devportal/apis/322d0fa8-4241-4e9e-a381-26b8d42c1467/test Mozilla/5.0 (Windows NT 10.0; Win64; x64) AppleWebKit/537.36 (KHTML, like Gecko) Chrome/114.0.0.0 Safari/537.36 Edg/114.0.1823.43 0.023
0:0:0:0:0:0:0:1 - - [18/Jun/2023:19:16:55 +0300] GET /devportal/site/public/dist/Apis~Landing.44f03df4105c342867a1.bundle.js HTTP/1.1 200 6722 https://localhost:9443/devportal/apis/322d0fa8-4241-4e9e-a381-26b8d42c1467/test Mozilla/5.0 (Windows NT 10.0; Win64; x64) AppleWebKit/537.36 (KHTML, like Gecko) Chrome/114.0.0.0 Safari/537.36 Edg/114.0.1823.43 0.031
0:0:0:0:0:0:0:1 - - [18/Jun/2023:19:16:55 +0300] GET /devportal/site/public/dist/Apis.800351a0eb878c789ea9.bundle.js HTTP/1.1 200 25570 https://localhost:9443/devportal/apis/322d0fa8-4241-4e9e-a381-26b8d42c1467/test Mozilla/5.0 (Windows NT 10.0; Win64; x64) AppleWebKit/537.36 (KHTML, like Gecko) Chrome/114.0.0.0 Safari/537.36 Edg/114.0.1823.43 0.066
0:0:0:0:0:0:0:1 - - [18/Jun/2023:19:16:55 +0300] GET /api/am/devportal/v3/applications?limit=5000 HTTP/1.1 200 376 https://localhost:9443/devportal/apis/322d0fa8-4241-4e9e-a381-26b8d42c1467/test Mozilla/5.0 (Windows NT 10.0; Win64; x64) AppleWebKit/537.36 (KHTML, like Gecko) Chrome/114.0.0.0 Safari/537.36 Edg/114.0.1823.43 0.056
127.0.0.1 - - [18/Jun/2023:19:16:55 +0300] GET /keymanager-operations/dcr/register/OHJyZGxmMDBvOEpmc0NCNE4yWHlDblR4ZlFFYQ%3D%3D HTTP/1.1 200 515 - Apache-HttpClient/4.5.13 (Java/20.0.1) 0.014
0:0:0:0:0:0:0:1 - - [18/Jun/2023:19:16:55 +0300] GET /api/am/devportal/v3/subscriptions?apiId=322d0fa8-4241-4e9e-a381-26b8d42c1467&limit=5000 HTTP/1.1 200 695 https://localhost:9443/devportal/apis/322d0fa8-4241-4e9e-a381-26b8d42c1467/test Mozilla/5.0 (Windows NT 10.0; Win64; x64) AppleWebKit/537.36 (KHTML, like Gecko) Chrome/114.0.0.0 Safari/537.36 Edg/114.0.1823.43 0.150
127.0.0.1 - - [18/Jun/2023:19:16:55 +0300] GET /keymanager-operations/dcr/register/OHJyZGxmMDBvOEpmc0NCNE4yWHlDblR4ZlFFYQ%3D%3D HTTP/1.1 200 515 - Apache-HttpClient/4.5.13 (Java/20.0.1) 0.021
0:0:0:0:0:0:0:1 - - [18/Jun/2023:19:16:56 +0300] GET /api/am/devportal/v3/subscriptions?apiId=322d0fa8-4241-4e9e-a381-26b8d42c1467&limit=25 HTTP/1.1 200 693 https://localhost:9443/devportal/apis/322d0fa8-4241-4e9e-a381-26b8d42c1467/test Mozilla/5.0 (Windows NT 10.0; Win64; x64) AppleWebKit/537.36 (KHTML, like Gecko) Chrome/114.0.0.0 Safari/537.36 Edg/114.0.1823.43 0.178
0:0:0:0:0:0:0:1 - - [18/Jun/2023:19:16:56 +0300] GET /api/am/devportal/v3/apis/322d0fa8-4241-4e9e-a381-26b8d42c1467 HTTP/1.1 200 1102 https://localhost:9443/devportal/apis/322d0fa8-4241-4e9e-a381-26b8d42c1467/test Mozilla/5.0 (Windows NT 10.0; Win64; x64) AppleWebKit/537.36 (KHTML, like Gecko) Chrome/114.0.0.0 Safari/537.36 Edg/114.0.1823.43 0.195
0:0:0:0:0:0:0:1 - - [18/Jun/2023:19:16:56 +0300] GET /devportal/site/public/dist/vendors~APIConsole~APIDocuments~ApplicationDetails.632f7f3618b917dd72cb.bundle.js HTTP/1.1 200 25476 https://localhost:9443/devportal/apis/322d0fa8-4241-4e9e-a381-26b8d42c1467/test Mozilla/5.0 (Windows NT 10.0; Win64; x64) AppleWebKit/537.36 (KHTML, like Gecko) Chrome/114.0.0.0 Safari/537.36 Edg/114.0.1823.43 0.012
0:0:0:0:0:0:0:1 - - [18/Jun/2023:19:16:56 +0300] GET /devportal/site/public/dist/vendors~APIConsole~GraphQLConsole.fdedfa5fe9df001a3725.bundle.js HTTP/1.1 200 55674 https://localhost:9443/devportal/apis/322d0fa8-4241-4e9e-a381-26b8d42c1467/test Mozilla/5.0 (Windows NT 10.0; Win64; x64) AppleWebKit/537.36 (KHTML, like Gecko) Chrome/114.0.0.0 Safari/537.36 Edg/114.0.1823.43 0.026
0:0:0:0:0:0:0:1 - - [18/Jun/2023:19:16:56 +0300] GET /devportal/site/public/dist/5.57286c37eacce5fafae0.bundle.js HTTP/1.1 200 84080 https://localhost:9443/devportal/apis/322d0fa8-4241-4e9e-a381-26b8d42c1467/test Mozilla/5.0 (Windows NT 10.0; Win64; x64) AppleWebKit/537.36 (KHTML, like Gecko) Chrome/114.0.0.0 Safari/537.36 Edg/114.0.1823.43 0.087
0:0:0:0:0:0:0:1 - - [18/Jun/2023:19:16:56 +0300] GET /devportal/site/public/dist/vendors~APIConsole~APIDocuments~APIOverview.351585fe0b19dbf2f65f.bundle.js HTTP/1.1 200 224002 https://localhost:9443/devportal/apis/322d0fa8-4241-4e9e-a381-26b8d42c1467/test Mozilla/5.0 (Windows NT 10.0; Win64; x64) AppleWebKit/537.36 (KHTML, like Gecko) Chrome/114.0.0.0 Safari/537.36 Edg/114.0.1823.43 0.482
0:0:0:0:0:0:0:1 - - [18/Jun/2023:19:16:57 +0300] GET /devportal/site/public/dist/APIConsole.b3e80a9dce3816857c0c.bundle.js HTTP/1.1 200 1748096 https://localhost:9443/devportal/apis/322d0fa8-4241-4e9e-a381-26b8d42c1467/test Mozilla/5.0 (Windows NT 10.0; Win64; x64) AppleWebKit/537.36 (KHTML, like Gecko) Chrome/114.0.0.0 Safari/537.36 Edg/114.0.1823.43 1.479
0:0:0:0:0:0:0:1 - - [18/Jun/2023:19:16:58 +0300] GET /api/am/devportal/v3/apis/322d0fa8-4241-4e9e-a381-26b8d42c1467 HTTP/1.1 200 1102 https://localhost:9443/devportal/apis/322d0fa8-4241-4e9e-a381-26b8d42c1467/test Mozilla/5.0 (Windows NT 10.0; Win64; x64) AppleWebKit/537.36 (KHTML, like Gecko) Chrome/114.0.0.0 Safari/537.36 Edg/114.0.1823.43 0.048
0:0:0:0:0:0:0:1 - - [18/Jun/2023:19:16:58 +0300] GET /api/am/devportal/v3/apis/322d0fa8-4241-4e9e-a381-26b8d42c1467/swagger?environmentName=Default HTTP/1.1 200 448 https://localhost:9443/devportal/apis/322d0fa8-4241-4e9e-a381-26b8d42c1467/test Mozilla/5.0 (Windows NT 10.0; Win64; x64) AppleWebKit/537.36 (KHTML, like Gecko) Chrome/114.0.0.0 Safari/537.36 Edg/114.0.1823.43 0.087
0:0:0:0:0:0:0:1 - - [18/Jun/2023:19:16:59 +0300] GET /api/am/devportal/v3/swagger.yaml HTTP/1.1 200 26878 https://localhost:9443/devportal/apis/322d0fa8-4241-4e9e-a381-26b8d42c1467/test Mozilla/5.0 (Windows NT 10.0; Win64; x64) AppleWebKit/537.36 (KHTML, like Gecko) Chrome/114.0.0.0 Safari/537.36 Edg/114.0.1823.43 0.020
127.0.0.1 - - [18/Jun/2023:19:16:59 +0300] GET /keymanager-operations/dcr/register/OHJyZGxmMDBvOEpmc0NCNE4yWHlDblR4ZlFFYQ%3D%3D HTTP/1.1 200 515 - Apache-HttpClient/4.5.13 (Java/20.0.1) 0.021
0:0:0:0:0:0:0:1 - - [18/Jun/2023:19:16:59 +0300] GET /api/am/devportal/v3/subscriptions?apiId=322d0fa8-4241-4e9e-a381-26b8d42c1467&limit=25 HTTP/1.1 200 693 https://localhost:9443/devportal/apis/322d0fa8-4241-4e9e-a381-26b8d42c1467/test Mozilla/5.0 (Windows NT 10.0; Win64; x64) AppleWebKit/537.36 (KHTML, like Gecko) Chrome/114.0.0.0 Safari/537.36 Edg/114.0.1823.43 0.094
127.0.0.1 - - [18/Jun/2023:19:16:59 +0300] GET /oauth2/token/.well-known/openid-configuration HTTP/1.1 200 2395 - Apache-HttpClient/4.5.13 (Java/20.0.1) 0.053
0:0:0:0:0:0:0:1 - - [18/Jun/2023:19:16:59 +0300] GET /api/am/devportal/v3/key-managers HTTP/1.1 200 763 https://localhost:9443/devportal/apis/322d0fa8-4241-4e9e-a381-26b8d42c1467/test Mozilla/5.0 (Windows NT 10.0; Win64; x64) AppleWebKit/537.36 (KHTML, like Gecko) Chrome/114.0.0.0 Safari/537.36 Edg/114.0.1823.43 0.119
127.0.0.1 - - [18/Jun/2023:19:16:59 +0300] GET /keymanager-operations/dcr/register/OHJyZGxmMDBvOEpmc0NCNE4yWHlDblR4ZlFFYQ%3D%3D HTTP/1.1 200 515 - Apache-HttpClient/4.5.13 (Java/20.0.1) 0.005
0:0:0:0:0:0:0:1 - - [18/Jun/2023:19:16:59 +0300] GET /api/am/devportal/v3/subscriptions?apiId=322d0fa8-4241-4e9e-a381-26b8d42c1467&limit=25 HTTP/1.1 200 693 https://localhost:9443/devportal/apis/322d0fa8-4241-4e9e-a381-26b8d42c1467/test Mozilla/5.0 (Windows NT 10.0; Win64; x64) AppleWebKit/537.36 (KHTML, like Gecko) Chrome/114.0.0.0 Safari/537.36 Edg/114.0.1823.43 0.063
0:0:0:0:0:0:0:1 - - [18/Jun/2023:19:16:59 +0300] GET /api/am/devportal/v3/applications/ HTTP/1.1 200 374 https://localhost:9443/devportal/apis/322d0fa8-4241-4e9e-a381-26b8d42c1467/test Mozilla/5.0 (Windows NT 10.0; Win64; x64) AppleWebKit/537.36 (KHTML, like Gecko) Chrome/114.0.0.0 Safari/537.36 Edg/114.0.1823.43 0.008
0:0:0:0:0:0:0:1 - - [18/Jun/2023:19:16:59 +0300] GET /api/am/devportal/v3/swagger.yaml HTTP/1.1 200 26878 https://localhost:9443/devportal/apis/322d0fa8-4241-4e9e-a381-26b8d42c1467/test Mozilla/5.0 (Windows NT 10.0; Win64; x64) AppleWebKit/537.36 (KHTML, like Gecko) Chrome/114.0.0.0 Safari/537.36 Edg/114.0.1823.43 0.038
127.0.0.1 - - [18/Jun/2023:19:16:59 +0300] GET /keymanager-operations/dcr/register/OHJyZGxmMDBvOEpmc0NCNE4yWHlDblR4ZlFFYQ%3D%3D HTTP/1.1 200 515 - Apache-HttpClient/4.5.13 (Java/20.0.1) 0.006
0:0:0:0:0:0:0:1 - - [18/Jun/2023:19:16:59 +0300] GET /api/am/devportal/v3/applications/3da751bc-82c5-433c-a68e-265fd27cecb9 HTTP/1.1 200 336 https://localhost:9443/devportal/apis/322d0fa8-4241-4e9e-a381-26b8d42c1467/test Mozilla/5.0 (Windows NT 10.0; Win64; x64) AppleWebKit/537.36 (KHTML, like Gecko) Chrome/114.0.0.0 Safari/537.36 Edg/114.0.1823.43 0.018
127.0.0.1 - - [18/Jun/2023:19:16:59 +0300] GET /keymanager-operations/dcr/register/OHJyZGxmMDBvOEpmc0NCNE4yWHlDblR4ZlFFYQ%3D%3D HTTP/1.1 200 515 - Apache-HttpClient/4.5.13 (Java/20.0.1) 0.007
0:0:0:0:0:0:0:1 - - [18/Jun/2023:19:16:59 +0300] GET /api/am/devportal/v3/applications/3da751bc-82c5-433c-a68e-265fd27cecb9/oauth-keys HTTP/1.1 200 663 https://localhost:9443/devportal/apis/322d0fa8-4241-4e9e-a381-26b8d42c1467/test Mozilla/5.0 (Windows NT 10.0; Win64; x64) AppleWebKit/537.36 (KHTML, like Gecko) Chrome/114.0.0.0 Safari/537.36 Edg/114.0.1823.43 0.019
0:0:0:0:0:0:0:1 - - [18/Jun/2023:19:16:59 +0300] GET /api/am/devportal/v3/swagger.yaml HTTP/1.1 200 26878 https://localhost:9443/devportal/apis/322d0fa8-4241-4e9e-a381-26b8d42c1467/test Mozilla/5.0 (Windows NT 10.0; Win64; x64) AppleWebKit/537.36 (KHTML, like Gecko) Chrome/114.0.0.0 Safari/537.36 Edg/114.0.1823.43 0.024
0:0:0:0:0:0:0:1 - - [18/Jun/2023:19:16:59 +0300] GET /api/am/devportal/v3/swagger.yaml HTTP/1.1 200 26878 https://localhost:9443/devportal/apis/322d0fa8-4241-4e9e-a381-26b8d42c1467/test Mozilla/5.0 (Windows NT 10.0; Win64; x64) AppleWebKit/537.36 (KHTML, like Gecko) Chrome/114.0.0.0 Safari/537.36 Edg/114.0.1823.43 0.020
0:0:0:0:0:0:0:1 - - [18/Jun/2023:19:17:00 +0300] GET /api/am/devportal/v3/applications/3da751bc-82c5-433c-a68e-265fd27cecb9 HTTP/1.1 200 336 https://localhost:9443/devportal/apis/322d0fa8-4241-4e9e-a381-26b8d42c1467/test Mozilla/5.0 (Windows NT 10.0; Win64; x64) AppleWebKit/537.36 (KHTML, like Gecko) Chrome/114.0.0.0 Safari/537.36 Edg/114.0.1823.43 0.026
127.0.0.1 - - [18/Jun/2023:19:17:00 +0300] GET /keymanager-operations/dcr/register/OHJyZGxmMDBvOEpmc0NCNE4yWHlDblR4ZlFFYQ%3D%3D HTTP/1.1 200 515 - Apache-HttpClient/4.5.13 (Java/20.0.1) 0.013
127.0.0.1 - - [18/Jun/2023:19:17:00 +0300] GET /keymanager-operations/dcr/register/OHJyZGxmMDBvOEpmc0NCNE4yWHlDblR4ZlFFYQ%3D%3D HTTP/1.1 200 515 - Apache-HttpClient/4.5.13 (Java/20.0.1) 0.006
0:0:0:0:0:0:0:1 - - [18/Jun/2023:19:17:00 +0300] GET /api/am/devportal/v3/applications/3da751bc-82c5-433c-a68e-265fd27cecb9 HTTP/1.1 200 336 https://localhost:9443/devportal/apis/322d0fa8-4241-4e9e-a381-26b8d42c1467/test Mozilla/5.0 (Windows NT 10.0; Win64; x64) AppleWebKit/537.36 (KHTML, like Gecko) Chrome/114.0.0.0 Safari/537.36 Edg/114.0.1823.43 0.018
127.0.0.1 - - [18/Jun/2023:19:17:00 +0300] GET /keymanager-operations/dcr/register/OHJyZGxmMDBvOEpmc0NCNE4yWHlDblR4ZlFFYQ%3D%3D HTTP/1.1 200 515 - Apache-HttpClient/4.5.13 (Java/20.0.1) 0.013
0:0:0:0:0:0:0:1 - - [18/Jun/2023:19:17:00 +0300] GET /api/am/devportal/v3/applications/3da751bc-82c5-433c-a68e-265fd27cecb9/oauth-keys HTTP/1.1 200 663 https://localhost:9443/devportal/apis/322d0fa8-4241-4e9e-a381-26b8d42c1467/test Mozilla/5.0 (Windows NT 10.0; Win64; x64) AppleWebKit/537.36 (KHTML, like Gecko) Chrome/114.0.0.0 Safari/537.36 Edg/114.0.1823.43 0.027
127.0.0.1 - - [18/Jun/2023:19:17:00 +0300] GET /keymanager-operations/dcr/register/OHJyZGxmMDBvOEpmc0NCNE4yWHlDblR4ZlFFYQ%3D%3D HTTP/1.1 200 515 - Apache-HttpClient/4.5.13 (Java/20.0.1) 0.006
0:0:0:0:0:0:0:1 - - [18/Jun/2023:19:17:00 +0300] GET /api/am/devportal/v3/applications/3da751bc-82c5-433c-a68e-265fd27cecb9/oauth-keys HTTP/1.1 200 663 https://localhost:9443/devportal/apis/322d0fa8-4241-4e9e-a381-26b8d42c1467/test Mozilla/5.0 (Windows NT 10.0; Win64; x64) AppleWebKit/537.36 (KHTML, like Gecko) Chrome/114.0.0.0 Safari/537.36 Edg/114.0.1823.43 0.023
0:0:0:0:0:0:0:1 - - [18/Jun/2023:19:22:09 +0300] - 400 - - - 0.000
0:0:0:0:0:0:0:1 - - [18/Jun/2023:19:22:12 +0300] - 400 - - - 0.000
0:0:0:0:0:0:0:1 - - [18/Jun/2023:19:22:12 +0300] GET /devportal/site/public/dist/ApiListing.124eade6a6be03879d65.bundle.js HTTP/1.1 200 8080 https://localhost:9443/devportal/applications Mozilla/5.0 (Windows NT 10.0; Win64; x64) AppleWebKit/537.36 (KHTML, like Gecko) Chrome/114.0.0.0 Safari/537.36 Edg/114.0.1823.43 0.046
0:0:0:0:0:0:0:1 - - [18/Jun/2023:19:22:12 +0300] GET /devportal/site/public/images/_favicon.ico HTTP/1.1 200 1150 https://localhost:9443/devportal/applications Mozilla/5.0 (Windows NT 10.0; Win64; x64) AppleWebKit/537.36 (KHTML, like Gecko) Chrome/114.0.0.0 Safari/537.36 Edg/114.0.1823.43 0.040
0:0:0:0:0:0:0:1 - - [18/Jun/2023:19:22:12 +0300] - 400 - - - 0.000
0:0:0:0:0:0:0:1 - - [18/Jun/2023:19:22:12 +0300] GET /api/am/devportal/v3/swagger.yaml HTTP/1.1 200 26878 https://localhost:9443/devportal/applications Mozilla/5.0 (Windows NT 10.0; Win64; x64) AppleWebKit/537.36 (KHTML, like Gecko) Chrome/114.0.0.0 Safari/537.36 Edg/114.0.1823.43 0.070
0:0:0:0:0:0:0:1 - - [18/Jun/2023:19:22:13 +0300] GET /api/am/devportal/v3/applications?sortBy=name&sortOrder=asc&limit=10&offset=0 HTTP/1.1 200 374 https://localhost:9443/devportal/applications Mozilla/5.0 (Windows NT 10.0; Win64; x64) AppleWebKit/537.36 (KHTML, like Gecko) Chrome/114.0.0.0 Safari/537.36 Edg/114.0.1823.43 0.439
0:0:0:0:0:0:0:1 - - [18/Jun/2023:19:22:18 +0300] - 400 - - - 0.000
0:0:0:0:0:0:0:1 - - [18/Jun/2023:19:22:18 +0300] - 400 - - - 0.000
0:0:0:0:0:0:0:1 - - [18/Jun/2023:19:22:18 +0300] - 400 - - - 0.000
0:0:0:0:0:0:0:1 - - [18/Jun/2023:19:22:18 +0300] GET /devportal/site/public/dist/7.78efb95d9f7afcfbb567.bundle.js HTTP/1.1 200 42986 https://localhost:9443/devportal/applications/3da751bc-82c5-433c-a68e-265fd27cecb9 Mozilla/5.0 (Windows NT 10.0; Win64; x64) AppleWebKit/537.36 (KHTML, like Gecko) Chrome/114.0.0.0 Safari/537.36 Edg/114.0.1823.43 0.040
0:0:0:0:0:0:0:1 - - [18/Jun/2023:19:22:18 +0300] GET /devportal/site/public/images/_favicon.ico HTTP/1.1 200 1150 https://localhost:9443/devportal/applications/3da751bc-82c5-433c-a68e-265fd27cecb9 Mozilla/5.0 (Windows NT 10.0; Win64; x64) AppleWebKit/537.36 (KHTML, like Gecko) Chrome/114.0.0.0 Safari/537.36 Edg/114.0.1823.43 0.010
0:0:0:0:0:0:0:1 - - [18/Jun/2023:19:22:18 +0300] GET /devportal/site/public/dist/vendors~APIComments~APIOverview~ApplicationDetails.9553ed9b23431ac21302.bundle.js HTTP/1.1 200 5490 https://localhost:9443/devportal/applications/3da751bc-82c5-433c-a68e-265fd27cecb9 Mozilla/5.0 (Windows NT 10.0; Win64; x64) AppleWebKit/537.36 (KHTML, like Gecko) Chrome/114.0.0.0 Safari/537.36 Edg/114.0.1823.43 0.023
0:0:0:0:0:0:0:1 - - [18/Jun/2023:19:22:18 +0300] GET /devportal/site/public/dist/ApplicationDetails.84676b0e418ac76ec3ec.bundle.js HTTP/1.1 200 118257 https://localhost:9443/devportal/applications/3da751bc-82c5-433c-a68e-265fd27cecb9 Mozilla/5.0 (Windows NT 10.0; Win64; x64) AppleWebKit/537.36 (KHTML, like Gecko) Chrome/114.0.0.0 Safari/537.36 Edg/114.0.1823.43 0.076
127.0.0.1 - - [18/Jun/2023:19:22:18 +0300] GET /keymanager-operations/dcr/register/OHJyZGxmMDBvOEpmc0NCNE4yWHlDblR4ZlFFYQ%3D%3D HTTP/1.1 200 515 - Apache-HttpClient/4.5.13 (Java/20.0.1) 0.007
0:0:0:0:0:0:0:1 - - [18/Jun/2023:19:22:18 +0300] GET /api/am/devportal/v3/applications/3da751bc-82c5-433c-a68e-265fd27cecb9 HTTP/1.1 200 336 https://localhost:9443/devportal/applications/3da751bc-82c5-433c-a68e-265fd27cecb9 Mozilla/5.0 (Windows NT 10.0; Win64; x64) AppleWebKit/537.36 (KHTML, like Gecko) Chrome/114.0.0.0 Safari/537.36 Edg/114.0.1823.43 0.035
0:0:0:0:0:0:0:1 - - [18/Jun/2023:19:22:18 +0300] GET /devportal/site/public/images/_favicon.ico HTTP/1.1 200 1150 https://localhost:9443/devportal/applications/3da751bc-82c5-433c-a68e-265fd27cecb9/overview Mozilla/5.0 (Windows NT 10.0; Win64; x64) AppleWebKit/537.36 (KHTML, like Gecko) Chrome/114.0.0.0 Safari/537.36 Edg/114.0.1823.43 0.004
127.0.0.1 - - [18/Jun/2023:19:22:18 +0300] GET /keymanager-operations/dcr/register/OHJyZGxmMDBvOEpmc0NCNE4yWHlDblR4ZlFFYQ%3D%3D HTTP/1.1 200 515 - Apache-HttpClient/4.5.13 (Java/20.0.1) 0.005
0:0:0:0:0:0:0:1 - - [18/Jun/2023:19:22:18 +0300] GET /api/am/devportal/v3/throttling-policies/application/10PerMin HTTP/1.1 200 493 https://localhost:9443/devportal/applications/3da751bc-82c5-433c-a68e-265fd27cecb9/overview Mozilla/5.0 (Windows NT 10.0; Win64; x64) AppleWebKit/537.36 (KHTML, like Gecko) Chrome/114.0.0.0 Safari/537.36 Edg/114.0.1823.43 0.019
0:0:0:0:0:0:0:1 - - [18/Jun/2023:19:22:18 +0300] GET /api/am/devportal/v3/applications/3da751bc-82c5-433c-a68e-265fd27cecb9 HTTP/1.1 200 336 https://localhost:9443/devportal/applications/3da751bc-82c5-433c-a68e-265fd27cecb9/overview Mozilla/5.0 (Windows NT 10.0; Win64; x64) AppleWebKit/537.36 (KHTML, like Gecko) Chrome/114.0.0.0 Safari/537.36 Edg/114.0.1823.43 0.039
0:0:0:0:0:0:0:1 - - [18/Jun/2023:19:22:18 +0300] GET /api/am/devportal/v3/throttling-policies/application/10PerMin HTTP/1.1 200 493 https://localhost:9443/devportal/applications/3da751bc-82c5-433c-a68e-265fd27cecb9/overview Mozilla/5.0 (Windows NT 10.0; Win64; x64) AppleWebKit/537.36 (KHTML, like Gecko) Chrome/114.0.0.0 Safari/537.36 Edg/114.0.1823.43 0.007
0:0:0:0:0:0:0:1 - - [18/Jun/2023:19:22:20 +0300] GET /devportal/site/public/images/_favicon.ico HTTP/1.1 200 1150 https://localhost:9443/devportal/applications/3da751bc-82c5-433c-a68e-265fd27cecb9/sandboxkeys/oauth Mozilla/5.0 (Windows NT 10.0; Win64; x64) AppleWebKit/537.36 (KHTML, like Gecko) Chrome/114.0.0.0 Safari/537.36 Edg/114.0.1823.43 0.003
0:0:0:0:0:0:0:1 - - [18/Jun/2023:19:22:20 +0300] GET /api/am/devportal/v3/swagger.yaml HTTP/1.1 200 26878 https://localhost:9443/devportal/applications/3da751bc-82c5-433c-a68e-265fd27cecb9/sandboxkeys/oauth Mozilla/5.0 (Windows NT 10.0; Win64; x64) AppleWebKit/537.36 (KHTML, like Gecko) Chrome/114.0.0.0 Safari/537.36 Edg/114.0.1823.43 0.032
127.0.0.1 - - [18/Jun/2023:19:22:20 +0300] GET /oauth2/token/.well-known/openid-configuration HTTP/1.1 200 2395 - Apache-HttpClient/4.5.13 (Java/20.0.1) 0.025
0:0:0:0:0:0:0:1 - - [18/Jun/2023:19:22:20 +0300] GET /api/am/devportal/v3/key-managers HTTP/1.1 200 763 https://localhost:9443/devportal/applications/3da751bc-82c5-433c-a68e-265fd27cecb9/sandboxkeys/oauth Mozilla/5.0 (Windows NT 10.0; Win64; x64) AppleWebKit/537.36 (KHTML, like Gecko) Chrome/114.0.0.0 Safari/537.36 Edg/114.0.1823.43 0.080
127.0.0.1 - - [18/Jun/2023:19:22:21 +0300] GET /keymanager-operations/dcr/register/OHJyZGxmMDBvOEpmc0NCNE4yWHlDblR4ZlFFYQ%3D%3D HTTP/1.1 200 515 - Apache-HttpClient/4.5.13 (Java/20.0.1) 0.011
0:0:0:0:0:0:0:1 - - [18/Jun/2023:19:22:21 +0300] GET /api/am/devportal/v3/applications/3da751bc-82c5-433c-a68e-265fd27cecb9 HTTP/1.1 200 336 https://localhost:9443/devportal/applications/3da751bc-82c5-433c-a68e-265fd27cecb9/sandboxkeys/oauth Mozilla/5.0 (Windows NT 10.0; Win64; x64) AppleWebKit/537.36 (KHTML, like Gecko) Chrome/114.0.0.0 Safari/537.36 Edg/114.0.1823.43 0.026
127.0.0.1 - - [18/Jun/2023:19:22:21 +0300] GET /keymanager-operations/dcr/register/OHJyZGxmMDBvOEpmc0NCNE4yWHlDblR4ZlFFYQ%3D%3D HTTP/1.1 200 515 - Apache-HttpClient/4.5.13 (Java/20.0.1) 0.007
0:0:0:0:0:0:0:1 - - [18/Jun/2023:19:22:21 +0300] GET /api/am/devportal/v3/applications/3da751bc-82c5-433c-a68e-265fd27cecb9/oauth-keys HTTP/1.1 200 663 https://localhost:9443/devportal/applications/3da751bc-82c5-433c-a68e-265fd27cecb9/sandboxkeys/oauth Mozilla/5.0 (Windows NT 10.0; Win64; x64) AppleWebKit/537.36 (KHTML, like Gecko) Chrome/114.0.0.0 Safari/537.36 Edg/114.0.1823.43 0.020
0:0:0:0:0:0:0:1 - - [18/Jun/2023:19:22:21 +0300] GET /api/am/devportal/v3/swagger.yaml HTTP/1.1 200 26878 https://localhost:9443/devportal/applications/3da751bc-82c5-433c-a68e-265fd27cecb9/sandboxkeys/oauth Mozilla/5.0 (Windows NT 10.0; Win64; x64) AppleWebKit/537.36 (KHTML, like Gecko) Chrome/114.0.0.0 Safari/537.36 Edg/114.0.1823.43 0.015
0:0:0:0:0:0:0:1 - - [18/Jun/2023:19:22:21 +0300] GET /api/am/devportal/v3/applications/3da751bc-82c5-433c-a68e-265fd27cecb9 HTTP/1.1 200 336 https://localhost:9443/devportal/applications/3da751bc-82c5-433c-a68e-265fd27cecb9/sandboxkeys/oauth Mozilla/5.0 (Windows NT 10.0; Win64; x64) AppleWebKit/537.36 (KHTML, like Gecko) Chrome/114.0.0.0 Safari/537.36 Edg/114.0.1823.43 0.038
127.0.0.1 - - [18/Jun/2023:19:22:21 +0300] GET /keymanager-operations/dcr/register/OHJyZGxmMDBvOEpmc0NCNE4yWHlDblR4ZlFFYQ%3D%3D HTTP/1.1 200 515 - Apache-HttpClient/4.5.13 (Java/20.0.1) 0.014
127.0.0.1 - - [18/Jun/2023:19:22:21 +0300] GET /keymanager-operations/dcr/register/OHJyZGxmMDBvOEpmc0NCNE4yWHlDblR4ZlFFYQ%3D%3D HTTP/1.1 200 515 - Apache-HttpClient/4.5.13 (Java/20.0.1) 0.006
0:0:0:0:0:0:0:1 - - [18/Jun/2023:19:22:21 +0300] GET /api/am/devportal/v3/applications/3da751bc-82c5-433c-a68e-265fd27cecb9/oauth-keys HTTP/1.1 200 663 https://localhost:9443/devportal/applications/3da751bc-82c5-433c-a68e-265fd27cecb9/sandboxkeys/oauth Mozilla/5.0 (Windows NT 10.0; Win64; x64) AppleWebKit/537.36 (KHTML, like Gecko) Chrome/114.0.0.0 Safari/537.36 Edg/114.0.1823.43 0.018
0:0:0:0:0:0:0:1 - - [18/Jun/2023:19:22:25 +0300] GET /api/am/devportal/v3/swagger.yaml HTTP/1.1 200 26878 https://localhost:9443/devportal/applications/3da751bc-82c5-433c-a68e-265fd27cecb9/sandboxkeys/oauth Mozilla/5.0 (Windows NT 10.0; Win64; x64) AppleWebKit/537.36 (KHTML, like Gecko) Chrome/114.0.0.0 Safari/537.36 Edg/114.0.1823.43 0.022
127.0.0.1 - - [18/Jun/2023:19:22:25 +0300] GET /oauth2/token/.well-known/openid-configuration HTTP/1.1 200 2395 - Apache-HttpClient/4.5.13 (Java/20.0.1) 0.005
0:0:0:0:0:0:0:1 - - [18/Jun/2023:19:22:25 +0300] GET /api/am/devportal/v3/key-managers HTTP/1.1 200 763 https://localhost:9443/devportal/applications/3da751bc-82c5-433c-a68e-265fd27cecb9/sandboxkeys/oauth Mozilla/5.0 (Windows NT 10.0; Win64; x64) AppleWebKit/537.36 (KHTML, like Gecko) Chrome/114.0.0.0 Safari/537.36 Edg/114.0.1823.43 0.043
127.0.0.1 - - [18/Jun/2023:19:22:25 +0300] GET /keymanager-operations/dcr/register/OHJyZGxmMDBvOEpmc0NCNE4yWHlDblR4ZlFFYQ%3D%3D HTTP/1.1 200 515 - Apache-HttpClient/4.5.13 (Java/20.0.1) 0.005
0:0:0:0:0:0:0:1 - - [18/Jun/2023:19:22:25 +0300] GET /api/am/devportal/v3/applications/3da751bc-82c5-433c-a68e-265fd27cecb9 HTTP/1.1 200 336 https://localhost:9443/devportal/applications/3da751bc-82c5-433c-a68e-265fd27cecb9/sandboxkeys/oauth Mozilla/5.0 (Windows NT 10.0; Win64; x64) AppleWebKit/537.36 (KHTML, like Gecko) Chrome/114.0.0.0 Safari/537.36 Edg/114.0.1823.43 0.069
127.0.0.1 - - [18/Jun/2023:19:22:25 +0300] GET /keymanager-operations/dcr/register/OHJyZGxmMDBvOEpmc0NCNE4yWHlDblR4ZlFFYQ%3D%3D HTTP/1.1 200 515 - Apache-HttpClient/4.5.13 (Java/20.0.1) 0.009
0:0:0:0:0:0:0:1 - - [18/Jun/2023:19:22:25 +0300] GET /api/am/devportal/v3/applications/3da751bc-82c5-433c-a68e-265fd27cecb9/oauth-keys HTTP/1.1 200 663 https://localhost:9443/devportal/applications/3da751bc-82c5-433c-a68e-265fd27cecb9/sandboxkeys/oauth Mozilla/5.0 (Windows NT 10.0; Win64; x64) AppleWebKit/537.36 (KHTML, like Gecko) Chrome/114.0.0.0 Safari/537.36 Edg/114.0.1823.43 0.020
0:0:0:0:0:0:0:1 - - [18/Jun/2023:19:22:25 +0300] GET /api/am/devportal/v3/swagger.yaml HTTP/1.1 200 26878 https://localhost:9443/devportal/applications/3da751bc-82c5-433c-a68e-265fd27cecb9/sandboxkeys/oauth Mozilla/5.0 (Windows NT 10.0; Win64; x64) AppleWebKit/537.36 (KHTML, like Gecko) Chrome/114.0.0.0 Safari/537.36 Edg/114.0.1823.43 0.013
127.0.0.1 - - [18/Jun/2023:19:22:26 +0300] GET /keymanager-operations/dcr/register/OHJyZGxmMDBvOEpmc0NCNE4yWHlDblR4ZlFFYQ%3D%3D HTTP/1.1 200 515 - Apache-HttpClient/4.5.13 (Java/20.0.1) 0.009
0:0:0:0:0:0:0:1 - - [18/Jun/2023:19:22:26 +0300] GET /api/am/devportal/v3/applications/3da751bc-82c5-433c-a68e-265fd27cecb9 HTTP/1.1 200 336 https://localhost:9443/devportal/applications/3da751bc-82c5-433c-a68e-265fd27cecb9/sandboxkeys/oauth Mozilla/5.0 (Windows NT 10.0; Win64; x64) AppleWebKit/537.36 (KHTML, like Gecko) Chrome/114.0.0.0 Safari/537.36 Edg/114.0.1823.43 0.034
127.0.0.1 - - [18/Jun/2023:19:22:26 +0300] GET /keymanager-operations/dcr/register/OHJyZGxmMDBvOEpmc0NCNE4yWHlDblR4ZlFFYQ%3D%3D HTTP/1.1 200 515 - Apache-HttpClient/4.5.13 (Java/20.0.1) 0.007
0:0:0:0:0:0:0:1 - - [18/Jun/2023:19:22:26 +0300] GET /api/am/devportal/v3/applications/3da751bc-82c5-433c-a68e-265fd27cecb9/oauth-keys HTTP/1.1 200 663 https://localhost:9443/devportal/applications/3da751bc-82c5-433c-a68e-265fd27cecb9/sandboxkeys/oauth Mozilla/5.0 (Windows NT 10.0; Win64; x64) AppleWebKit/537.36 (KHTML, like Gecko) Chrome/114.0.0.0 Safari/537.36 Edg/114.0.1823.43 0.019
127.0.0.1 - - [18/Jun/2023:19:22:29 +0300] GET /keymanager-operations/dcr/register/OHJyZGxmMDBvOEpmc0NCNE4yWHlDblR4ZlFFYQ%3D%3D HTTP/1.1 200 515 - Apache-HttpClient/4.5.13 (Java/20.0.1) 0.011
0:0:0:0:0:0:0:1 - - [18/Jun/2023:19:22:29 +0300] GET /api/am/devportal/v3/applications/3da751bc-82c5-433c-a68e-265fd27cecb9/oauth-keys HTTP/1.1 200 663 https://localhost:9443/devportal/applications/3da751bc-82c5-433c-a68e-265fd27cecb9/sandboxkeys/oauth Mozilla/5.0 (Windows NT 10.0; Win64; x64) AppleWebKit/537.36 (KHTML, like Gecko) Chrome/114.0.0.0 Safari/537.36 Edg/114.0.1823.43 0.027
127.0.0.1 - - [18/Jun/2023:19:22:30 +0300] GET /keymanager-operations/dcr/register/OHJyZGxmMDBvOEpmc0NCNE4yWHlDblR4ZlFFYQ%3D%3D HTTP/1.1 200 515 - Apache-HttpClient/4.5.13 (Java/20.0.1) 0.005
127.0.0.1 - - [18/Jun/2023:19:22:30 +0300] GET /keymanager-operations/dcr/register/OHJyZGxmMDBvOEpmc0NCNE4yWHlDblR4ZlFFYQ%3D%3D HTTP/1.1 200 515 - Apache-HttpClient/4.5.13 (Java/20.0.1) 0.008
127.0.0.1 - - [18/Jun/2023:19:22:30 +0300] POST /oauth2/token HTTP/1.1 200 1183 - Apache-HttpClient/4.5.13 (Java/20.0.1) 0.045
0:0:0:0:0:0:0:1 - - [18/Jun/2023:19:22:30 +0300] POST /api/am/devportal/v3/applications/3da751bc-82c5-433c-a68e-265fd27cecb9/oauth-keys/9d1527a8-ffd0-46ab-b170-ab874743f57f/generate-token HTTP/1.1 200 894 https://localhost:9443/devportal/applications/3da751bc-82c5-433c-a68e-265fd27cecb9/sandboxkeys/oauth Mozilla/5.0 (Windows NT 10.0; Win64; x64) AppleWebKit/537.36 (KHTML, like Gecko) Chrome/114.0.0.0 Safari/537.36 Edg/114.0.1823.43 0.286
127.0.0.1 - - [18/Jun/2023:19:22:30 +0300] POST /internal/data/v1/notify HTTP/1.1 200 - - Apache-HttpClient/4.5.13 (Java/20.0.1) 0.030
0:0:0:0:0:0:0:1 - - [18/Jun/2023:19:22:44 +0300] GET /devportal/site/public/images/_favicon.ico HTTP/1.1 200 1150 https://localhost:9443/devportal/apis Mozilla/5.0 (Windows NT 10.0; Win64; x64) AppleWebKit/537.36 (KHTML, like Gecko) Chrome/114.0.0.0 Safari/537.36 Edg/114.0.1823.43 0.015
0:0:0:0:0:0:0:1 - - [18/Jun/2023:19:22:44 +0300] GET /api/am/devportal/v3/api-categories HTTP/1.1 200 21 https://localhost:9443/devportal/apis Mozilla/5.0 (Windows NT 10.0; Win64; x64) AppleWebKit/537.36 (KHTML, like Gecko) Chrome/114.0.0.0 Safari/537.36 Edg/114.0.1823.43 0.033
0:0:0:0:0:0:0:1 - - [18/Jun/2023:19:22:44 +0300] GET /api/am/devportal/v3/tags HTTP/1.1 200 119 https://localhost:9443/devportal/apis Mozilla/5.0 (Windows NT 10.0; Win64; x64) AppleWebKit/537.36 (KHTML, like Gecko) Chrome/114.0.0.0 Safari/537.36 Edg/114.0.1823.43 0.112
0:0:0:0:0:0:0:1 - - [18/Jun/2023:19:22:44 +0300] GET /api/am/devportal/v3/apis?limit=10&offset=0 HTTP/1.1 200 750 https://localhost:9443/devportal/apis Mozilla/5.0 (Windows NT 10.0; Win64; x64) AppleWebKit/537.36 (KHTML, like Gecko) Chrome/114.0.0.0 Safari/537.36 Edg/114.0.1823.43 0.201
0:0:0:0:0:0:0:1 - - [18/Jun/2023:19:22:44 +0300] - 400 - - - 0.000
0:0:0:0:0:0:0:1 - - [18/Jun/2023:19:22:44 +0300] - 400 - - - 0.000
0:0:0:0:0:0:0:1 - - [18/Jun/2023:19:22:44 +0300] - 400 - - - 0.000
0:0:0:0:0:0:0:1 - - [18/Jun/2023:19:22:44 +0300] - 400 - - - 0.000
0:0:0:0:0:0:0:1 - - [18/Jun/2023:19:22:44 +0300] - 400 - - - 0.000
0:0:0:0:0:0:0:1 - - [18/Jun/2023:19:22:44 +0300] - 400 - - - 0.000
0:0:0:0:0:0:0:1 - - [18/Jun/2023:19:22:44 +0300] - 400 - - - 0.000
0:0:0:0:0:0:0:1 - - [18/Jun/2023:19:22:44 +0300] GET /api/am/devportal/v3/apis/322d0fa8-4241-4e9e-a381-26b8d42c1467/ratings HTTP/1.1 200 125 https://localhost:9443/devportal/apis Mozilla/5.0 (Windows NT 10.0; Win64; x64) AppleWebKit/537.36 (KHTML, like Gecko) Chrome/114.0.0.0 Safari/537.36 Edg/114.0.1823.43 0.045
0:0:0:0:0:0:0:1 - - [18/Jun/2023:19:22:44 +0300] GET /api/am/devportal/v3/apis/bd412728-6963-4947-ba67-61fa1e164022/ratings HTTP/1.1 200 125 https://localhost:9443/devportal/apis Mozilla/5.0 (Windows NT 10.0; Win64; x64) AppleWebKit/537.36 (KHTML, like Gecko) Chrome/114.0.0.0 Safari/537.36 Edg/114.0.1823.43 0.153
0:0:0:0:0:0:0:1 - - [18/Jun/2023:19:22:44 +0300] GET /api/am/devportal/v3/apis/bd412728-6963-4947-ba67-61fa1e164022/thumbnail HTTP/1.1 204 - https://localhost:9443/devportal/apis Mozilla/5.0 (Windows NT 10.0; Win64; x64) AppleWebKit/537.36 (KHTML, like Gecko) Chrome/114.0.0.0 Safari/537.36 Edg/114.0.1823.43 0.188
0:0:0:0:0:0:0:1 - - [18/Jun/2023:19:22:44 +0300] GET /api/am/devportal/v3/apis/b708e07c-f833-4577-9072-b66243c058b3/thumbnail HTTP/1.1 204 - https://localhost:9443/devportal/apis Mozilla/5.0 (Windows NT 10.0; Win64; x64) AppleWebKit/537.36 (KHTML, like Gecko) Chrome/114.0.0.0 Safari/537.36 Edg/114.0.1823.43 0.213
0:0:0:0:0:0:0:1 - - [18/Jun/2023:19:22:44 +0300] GET /api/am/devportal/v3/apis/b708e07c-f833-4577-9072-b66243c058b3/ratings HTTP/1.1 200 125 https://localhost:9443/devportal/apis Mozilla/5.0 (Windows NT 10.0; Win64; x64) AppleWebKit/537.36 (KHTML, like Gecko) Chrome/114.0.0.0 Safari/537.36 Edg/114.0.1823.43 0.218
0:0:0:0:0:0:0:1 - - [18/Jun/2023:19:22:44 +0300] GET /api/am/devportal/v3/apis/746c7962-0923-4c21-be0e-a84d3748b57b/ratings HTTP/1.1 200 125 https://localhost:9443/devportal/apis Mozilla/5.0 (Windows NT 10.0; Win64; x64) AppleWebKit/537.36 (KHTML, like Gecko) Chrome/114.0.0.0 Safari/537.36 Edg/114.0.1823.43 0.030
