- 0:0:0:0:0:0:0:1 - - [12/Jun/2023:11:17:39.210 +0300] "OPTIONS /users/1.0.0/ HTTP/1.1" - - "https://localhost:9443/" "Mozilla/5.0 (Windows NT 10.0; Win64; x64) AppleWebKit/537.36 (KHTML, like Gecko) Chrome/114.0.0.0 Safari/537.36 Edg/114.0.1823.41"
- 0:0:0:0:0:0:0:1 - - [12/Jun/2023:11:17:39.210 +0300] "GET /users/1.0.0/ HTTP/1.1" - - "https://localhost:9443/" "Mozilla/5.0 (Windows NT 10.0; Win64; x64) AppleWebKit/537.36 (KHTML, like Gecko) Chrome/114.0.0.0 Safari/537.36 Edg/114.0.1823.41"
- 0:0:0:0:0:0:0:1  - [12/Jun/2023:11:17:39.210 +0300] "- - " 200 - "-" "-"
- 0:0:0:0:0:0:0:1  - [12/Jun/2023:11:18:00.830 +0300] "- - " 500 - "-" "-"
- 0:0:0:0:0:0:0:1 - - [12/Jun/2023:11:20:30.307 +0300] "OPTIONS /users/1.0.0/ HTTP/1.1" - - "https://localhost:9443/" "Mozilla/5.0 (Windows NT 10.0; Win64; x64) AppleWebKit/537.36 (KHTML, like Gecko) Chrome/114.0.0.0 Safari/537.36 Edg/114.0.1823.41"
- 0:0:0:0:0:0:0:1  - [12/Jun/2023:11:20:30.307 +0300] "- - " 200 - "-" "-"
- 0:0:0:0:0:0:0:1 - - [12/Jun/2023:11:20:30.307 +0300] "GET /users/1.0.0/ HTTP/1.1" - - "https://localhost:9443/" "Mozilla/5.0 (Windows NT 10.0; Win64; x64) AppleWebKit/537.36 (KHTML, like Gecko) Chrome/114.0.0.0 Safari/537.36 Edg/114.0.1823.41"
- 0:0:0:0:0:0:0:1  - [12/Jun/2023:11:20:30.307 +0300] "- - " 500 - "-" "-"
- 0:0:0:0:0:0:0:1 - - [12/Jun/2023:11:20:57.007 +0300] "OPTIONS /users/1.0.0/ HTTP/1.1" - - "https://localhost:9443/" "Mozilla/5.0 (Windows NT 10.0; Win64; x64) AppleWebKit/537.36 (KHTML, like Gecko) Chrome/114.0.0.0 Safari/537.36 Edg/114.0.1823.41"
- 0:0:0:0:0:0:0:1  - [12/Jun/2023:11:20:57.007 +0300] "- - " 200 - "-" "-"
- 0:0:0:0:0:0:0:1 - - [12/Jun/2023:11:20:57.007 +0300] "GET /users/1.0.0/ HTTP/1.1" - - "https://localhost:9443/" "Mozilla/5.0 (Windows NT 10.0; Win64; x64) AppleWebKit/537.36 (KHTML, like Gecko) Chrome/114.0.0.0 Safari/537.36 Edg/114.0.1823.41"
- 0:0:0:0:0:0:0:1  - [12/Jun/2023:11:20:57.007 +0300] "- - " 500 - "-" "-"
- 0:0:0:0:0:0:0:1 - - [12/Jun/2023:11:22:47.518 +0300] "OPTIONS /pizzashack/1.0.0/order HTTP/1.1" - - "https://localhost:9443/" "Mozilla/5.0 (Windows NT 10.0; Win64; x64) AppleWebKit/537.36 (KHTML, like Gecko) Chrome/114.0.0.0 Safari/537.36 Edg/114.0.1823.41"
- 0:0:0:0:0:0:0:1  - [12/Jun/2023:11:22:47.518 +0300] "- - " 200 - "-" "-"
- 0:0:0:0:0:0:0:1 - - [12/Jun/2023:11:22:47.518 +0300] "POST /pizzashack/1.0.0/order HTTP/1.1" - 169 "https://localhost:9443/" "Mozilla/5.0 (Windows NT 10.0; Win64; x64) AppleWebKit/537.36 (KHTML, like Gecko) Chrome/114.0.0.0 Safari/537.36 Edg/114.0.1823.41"
- 127.0.0.1  - [12/Jun/2023:11:22:48.928 +0300] "- - " 201 - "-" "-"
- 127.0.0.1 - - [12/Jun/2023:11:22:47.617 +0300] "POST /am/sample/pizzashack/v1/api/order HTTP/1.1" - - "https://localhost:9443/" "Synapse-PT-HttpComponents-NIO"
- 0:0:0:0:0:0:0:1  - [12/Jun/2023:11:22:48.968 +0300] "- - " 201 - "-" "-"
- 0:0:0:0:0:0:0:1  - [12/Jun/2023:11:23:18.275 +0300] "- - " 200 - "-" "-"
- 0:0:0:0:0:0:0:1 - - [12/Jun/2023:11:23:18.275 +0300] "OPTIONS /pizzashack/1.0.0/menu HTTP/1.1" - - "https://localhost:9443/" "Mozilla/5.0 (Windows NT 10.0; Win64; x64) AppleWebKit/537.36 (KHTML, like Gecko) Chrome/114.0.0.0 Safari/537.36 Edg/114.0.1823.41"
- 127.0.0.1  - [12/Jun/2023:11:23:18.321 +0300] "- - " 200 - "-" "-"
- 0:0:0:0:0:0:0:1  - [12/Jun/2023:11:23:18.275 +0300] "- - " 200 - "-" "-"
- 0:0:0:0:0:0:0:1 - - [12/Jun/2023:11:23:18.275 +0300] "GET /pizzashack/1.0.0/menu HTTP/1.1" - - "https://localhost:9443/" "Mozilla/5.0 (Windows NT 10.0; Win64; x64) AppleWebKit/537.36 (KHTML, like Gecko) Chrome/114.0.0.0 Safari/537.36 Edg/114.0.1823.41"
- 127.0.0.1 - - [12/Jun/2023:11:23:18.321 +0300] "GET /am/sample/pizzashack/v1/api/menu HTTP/1.1" - - "https://localhost:9443/" "Synapse-PT-HttpComponents-NIO"
- 0:0:0:0:0:0:0:1 - - [12/Jun/2023:11:31:01.187 +0300] "OPTIONS /pizzashack/1.0.0/order/1 HTTP/1.1" - - "https://localhost:9443/" "Mozilla/5.0 (Windows NT 10.0; Win64; x64) AppleWebKit/537.36 (KHTML, like Gecko) Chrome/114.0.0.0 Safari/537.36 Edg/114.0.1823.41"
- 0:0:0:0:0:0:0:1  - [12/Jun/2023:11:31:01.187 +0300] "- - " 200 - "-" "-"
- 0:0:0:0:0:0:0:1 - - [12/Jun/2023:11:31:01.187 +0300] "GET /pizzashack/1.0.0/order/1 HTTP/1.1" - - "https://localhost:9443/" "Mozilla/5.0 (Windows NT 10.0; Win64; x64) AppleWebKit/537.36 (KHTML, like Gecko) Chrome/114.0.0.0 Safari/537.36 Edg/114.0.1823.41"
- 127.0.0.1  - [12/Jun/2023:11:31:01.212 +0300] "- - " 404 - "-" "-"
- 0:0:0:0:0:0:0:1  - [12/Jun/2023:11:31:01.187 +0300] "- - " 404 - "-" "-"
- 127.0.0.1 - - [12/Jun/2023:11:31:01.212 +0300] "GET /am/sample/pizzashack/v1/api/order/1 HTTP/1.1" - - "https://localhost:9443/" "Synapse-PT-HttpComponents-NIO"
- 0:0:0:0:0:0:0:1  - [12/Jun/2023:11:31:40.963 +0300] "- - " 200 - "-" "-"
- 0:0:0:0:0:0:0:1 - - [12/Jun/2023:11:31:40.963 +0300] "OPTIONS /pizzashack/1.0.0/order/3 HTTP/1.1" - - "https://localhost:9443/" "Mozilla/5.0 (Windows NT 10.0; Win64; x64) AppleWebKit/537.36 (KHTML, like Gecko) Chrome/114.0.0.0 Safari/537.36 Edg/114.0.1823.41"
- 127.0.0.1  - [12/Jun/2023:11:31:40.975 +0300] "- - " 404 - "-" "-"
- 0:0:0:0:0:0:0:1 - - [12/Jun/2023:11:31:40.963 +0300] "GET /pizzashack/1.0.0/order/3 HTTP/1.1" - - "https://localhost:9443/" "Mozilla/5.0 (Windows NT 10.0; Win64; x64) AppleWebKit/537.36 (KHTML, like Gecko) Chrome/114.0.0.0 Safari/537.36 Edg/114.0.1823.41"
- 0:0:0:0:0:0:0:1  - [12/Jun/2023:11:31:40.963 +0300] "- - " 404 - "-" "-"
- 127.0.0.1 - - [12/Jun/2023:11:31:40.975 +0300] "GET /am/sample/pizzashack/v1/api/order/3 HTTP/1.1" - - "https://localhost:9443/" "Synapse-PT-HttpComponents-NIO"
- 0:0:0:0:0:0:0:1  - [12/Jun/2023:11:32:44.247 +0300] "- - " 200 - "-" "-"
- 0:0:0:0:0:0:0:1 - - [12/Jun/2023:11:32:44.247 +0300] "OPTIONS /users/1.0.0/ HTTP/1.1" - - "https://localhost:9443/" "Mozilla/5.0 (Windows NT 10.0; Win64; x64) AppleWebKit/537.36 (KHTML, like Gecko) Chrome/114.0.0.0 Safari/537.36 Edg/114.0.1823.41"
- 0:0:0:0:0:0:0:1 - - [12/Jun/2023:11:32:44.247 +0300] "GET /users/1.0.0/ HTTP/1.1" - - "https://localhost:9443/" "Mozilla/5.0 (Windows NT 10.0; Win64; x64) AppleWebKit/537.36 (KHTML, like Gecko) Chrome/114.0.0.0 Safari/537.36 Edg/114.0.1823.41"
- 0:0:0:0:0:0:0:1  - [12/Jun/2023:11:32:44.247 +0300] "- - " 500 - "-" "-"
- 0:0:0:0:0:0:0:1 - - [12/Jun/2023:11:32:46.424 +0300] "GET /users/1.0.0/ HTTP/1.1" - - "https://localhost:9443/" "Mozilla/5.0 (Windows NT 10.0; Win64; x64) AppleWebKit/537.36 (KHTML, like Gecko) Chrome/114.0.0.0 Safari/537.36 Edg/114.0.1823.41"
- 0:0:0:0:0:0:0:1  - [12/Jun/2023:11:32:46.424 +0300] "- - " 500 - "-" "-"
- 0:0:0:0:0:0:0:1 - - [12/Jun/2023:11:34:21.801 +0300] "OPTIONS /users/1.0.0/ HTTP/1.1" - - "https://localhost:9443/" "Mozilla/5.0 (Windows NT 10.0; Win64; x64) AppleWebKit/537.36 (KHTML, like Gecko) Chrome/114.0.0.0 Safari/537.36 Edg/114.0.1823.41"
- 0:0:0:0:0:0:0:1  - [12/Jun/2023:11:34:21.801 +0300] "- - " 200 - "-" "-"
- 0:0:0:0:0:0:0:1 - - [12/Jun/2023:11:34:21.801 +0300] "GET /users/1.0.0/ HTTP/1.1" - - "https://localhost:9443/" "Mozilla/5.0 (Windows NT 10.0; Win64; x64) AppleWebKit/537.36 (KHTML, like Gecko) Chrome/114.0.0.0 Safari/537.36 Edg/114.0.1823.41"
- 104.26.2.137 - - [12/Jun/2023:11:34:22.026 +0300] "GET /users/ HTTP/1.1" - - "https://localhost:9443/" "Synapse-PT-HttpComponents-NIO"
- 104.26.2.137  - [12/Jun/2023:11:34:22.026 +0300] "- - " 200 - "-" "-"
- 0:0:0:0:0:0:0:1  - [12/Jun/2023:11:34:21.801 +0300] "- - " 200 - "-" "-"
- 0:0:0:0:0:0:0:1 - - [12/Jun/2023:11:42:58.860 +0300] "OPTIONS /users/1.0.0/5 HTTP/1.1" - - "https://localhost:9443/" "Mozilla/5.0 (Windows NT 10.0; Win64; x64) AppleWebKit/537.36 (KHTML, like Gecko) Chrome/114.0.0.0 Safari/537.36 Edg/114.0.1823.41"
- 0:0:0:0:0:0:0:1  - [12/Jun/2023:11:42:58.860 +0300] "- - " 200 - "-" "-"
- 0:0:0:0:0:0:0:1 - - [12/Jun/2023:11:42:58.860 +0300] "GET /users/1.0.0/5 HTTP/1.1" - - "https://localhost:9443/" "Mozilla/5.0 (Windows NT 10.0; Win64; x64) AppleWebKit/537.36 (KHTML, like Gecko) Chrome/114.0.0.0 Safari/537.36 Edg/114.0.1823.41"
- 104.26.2.137 - - [12/Jun/2023:11:42:58.982 +0300] "GET /users/5 HTTP/1.1" - - "https://localhost:9443/" "Synapse-PT-HttpComponents-NIO"
- 104.26.2.137  - [12/Jun/2023:11:42:58.982 +0300] "- - " 200 - "-" "-"
- 0:0:0:0:0:0:0:1  - [12/Jun/2023:11:42:58.860 +0300] "- - " 200 - "-" "-"
- 0:0:0:0:0:0:0:1  - [12/Jun/2023:12:34:55.959 +0300] "- - " 200 - "-" "-"
- 0:0:0:0:0:0:0:1 - - [12/Jun/2023:12:34:55.959 +0300] "OPTIONS /posts/1.0/ HTTP/1.1" - - "https://localhost:9443/" "Mozilla/5.0 (Windows NT 10.0; Win64; x64) AppleWebKit/537.36 (KHTML, like Gecko) Chrome/114.0.0.0 Safari/537.36 Edg/114.0.1823.41"
- 0:0:0:0:0:0:0:1  - [12/Jun/2023:12:34:55.959 +0300] "- - " 500 - "-" "-"
- 0:0:0:0:0:0:0:1 - - [12/Jun/2023:12:34:55.959 +0300] "GET /posts/1.0/ HTTP/1.1" - - "https://localhost:9443/" "Mozilla/5.0 (Windows NT 10.0; Win64; x64) AppleWebKit/537.36 (KHTML, like Gecko) Chrome/114.0.0.0 Safari/537.36 Edg/114.0.1823.41"
- 0:0:0:0:0:0:0:1 - - [12/Jun/2023:12:37:19.810 +0300] "OPTIONS /posts/1.0/ HTTP/1.1" - - "https://localhost:9443/" "Mozilla/5.0 (Windows NT 10.0; Win64; x64) AppleWebKit/537.36 (KHTML, like Gecko) Chrome/114.0.0.0 Safari/537.36 Edg/114.0.1823.41"
- 0:0:0:0:0:0:0:1 - - [12/Jun/2023:12:37:19.810 +0300] "GET /posts/1.0/ HTTP/1.1" - - "https://localhost:9443/" "Mozilla/5.0 (Windows NT 10.0; Win64; x64) AppleWebKit/537.36 (KHTML, like Gecko) Chrome/114.0.0.0 Safari/537.36 Edg/114.0.1823.41"
- 0:0:0:0:0:0:0:1  - [12/Jun/2023:12:37:19.810 +0300] "- - " 200 - "-" "-"
- 0:0:0:0:0:0:0:1  - [12/Jun/2023:12:37:19.810 +0300] "- - " 500 - "-" "-"
- 0:0:0:0:0:0:0:1 - - [12/Jun/2023:12:37:40.494 +0300] "OPTIONS /posts/1.0/ HTTP/1.1" - - "https://localhost:9443/" "Mozilla/5.0 (Windows NT 10.0; Win64; x64) AppleWebKit/537.36 (KHTML, like Gecko) Chrome/114.0.0.0 Safari/537.36 Edg/114.0.1823.41"
- 0:0:0:0:0:0:0:1  - [12/Jun/2023:12:37:40.494 +0300] "- - " 200 - "-" "-"
- 0:0:0:0:0:0:0:1 - - [12/Jun/2023:12:37:40.494 +0300] "GET /posts/1.0/ HTTP/1.1" - - "https://localhost:9443/" "Mozilla/5.0 (Windows NT 10.0; Win64; x64) AppleWebKit/537.36 (KHTML, like Gecko) Chrome/114.0.0.0 Safari/537.36 Edg/114.0.1823.41"
- 0:0:0:0:0:0:0:1 - - [12/Jun/2023:12:37:58.726 +0300] "OPTIONS /posts/1.0/1 HTTP/1.1" - - "https://localhost:9443/" "Mozilla/5.0 (Windows NT 10.0; Win64; x64) AppleWebKit/537.36 (KHTML, like Gecko) Chrome/114.0.0.0 Safari/537.36 Edg/114.0.1823.41"
- 0:0:0:0:0:0:0:1 - - [12/Jun/2023:12:38:00.662 +0300] "OPTIONS /posts/1.0/1 HTTP/1.1" - - "https://localhost:9443/" "Mozilla/5.0 (Windows NT 10.0; Win64; x64) AppleWebKit/537.36 (KHTML, like Gecko) Chrome/114.0.0.0 Safari/537.36 Edg/114.0.1823.41"
- 0:0:0:0:0:0:0:1  - [12/Jun/2023:12:37:40.494 +0300] "- - " 500 - "-" "-"
- 0:0:0:0:0:0:0:1  - [12/Jun/2023:12:37:58.726 +0300] "- - " 404 - "-" "-"
- 0:0:0:0:0:0:0:1  - [12/Jun/2023:12:38:00.662 +0300] "- - " 404 - "-" "-"
- 0:0:0:0:0:0:0:1 - - [12/Jun/2023:12:38:58.275 +0300] "OPTIONS /pizzashack/1.0.0/menu HTTP/1.1" - - "https://localhost:9443/" "Mozilla/5.0 (Windows NT 10.0; Win64; x64) AppleWebKit/537.36 (KHTML, like Gecko) Chrome/114.0.0.0 Safari/537.36 Edg/114.0.1823.41"
- 0:0:0:0:0:0:0:1  - [12/Jun/2023:12:38:58.275 +0300] "- - " 200 - "-" "-"
- 0:0:0:0:0:0:0:1 - - [12/Jun/2023:12:38:58.275 +0300] "GET /pizzashack/1.0.0/menu HTTP/1.1" - - "https://localhost:9443/" "Mozilla/5.0 (Windows NT 10.0; Win64; x64) AppleWebKit/537.36 (KHTML, like Gecko) Chrome/114.0.0.0 Safari/537.36 Edg/114.0.1823.41"
- 127.0.0.1 - - [12/Jun/2023:12:38:58.311 +0300] "GET /am/sample/pizzashack/v1/api/menu HTTP/1.1" - - "https://localhost:9443/" "Synapse-PT-HttpComponents-NIO"
- 127.0.0.1  - [12/Jun/2023:12:38:58.311 +0300] "- - " 200 - "-" "-"
- 0:0:0:0:0:0:0:1  - [12/Jun/2023:12:38:58.275 +0300] "- - " 200 - "-" "-"
- 0:0:0:0:0:0:0:1 - - [12/Jun/2023:12:39:29.752 +0300] "OPTIONS /pizzashack/1.0.0/order/2 HTTP/1.1" - - "https://localhost:9443/" "Mozilla/5.0 (Windows NT 10.0; Win64; x64) AppleWebKit/537.36 (KHTML, like Gecko) Chrome/114.0.0.0 Safari/537.36 Edg/114.0.1823.41"
- 0:0:0:0:0:0:0:1  - [12/Jun/2023:12:39:29.752 +0300] "- - " 200 - "-" "-"
- 127.0.0.1  - [12/Jun/2023:12:39:29.766 +0300] "- - " 404 - "-" "-"
- 0:0:0:0:0:0:0:1  - [12/Jun/2023:12:39:29.752 +0300] "- - " 404 - "-" "-"
- 127.0.0.1  - [12/Jun/2023:12:39:31.809 +0300] "- - " 404 - "-" "-"
- 0:0:0:0:0:0:0:1  - [12/Jun/2023:12:39:31.725 +0300] "- - " 404 - "-" "-"
- 0:0:0:0:0:0:0:1 - - [12/Jun/2023:12:39:29.752 +0300] "GET /pizzashack/1.0.0/order/2 HTTP/1.1" - - "https://localhost:9443/" "Mozilla/5.0 (Windows NT 10.0; Win64; x64) AppleWebKit/537.36 (KHTML, like Gecko) Chrome/114.0.0.0 Safari/537.36 Edg/114.0.1823.41"
- 127.0.0.1 - - [12/Jun/2023:12:39:29.766 +0300] "GET /am/sample/pizzashack/v1/api/order/2 HTTP/1.1" - - "https://localhost:9443/" "Synapse-PT-HttpComponents-NIO"
- 0:0:0:0:0:0:0:1 - - [12/Jun/2023:12:39:31.725 +0300] "GET /pizzashack/1.0.0/order/2 HTTP/1.1" - - "https://localhost:9443/" "Mozilla/5.0 (Windows NT 10.0; Win64; x64) AppleWebKit/537.36 (KHTML, like Gecko) Chrome/114.0.0.0 Safari/537.36 Edg/114.0.1823.41"
- 127.0.0.1 - - [12/Jun/2023:12:39:31.809 +0300] "GET /am/sample/pizzashack/v1/api/order/2 HTTP/1.1" - - "https://localhost:9443/" "Synapse-PT-HttpComponents-NIO"
- 0:0:0:0:0:0:0:1 - - [12/Jun/2023:12:41:47.744 +0300] "OPTIONS /pizzashack/1.0.0/order HTTP/1.1" - - "https://localhost:9443/" "Mozilla/5.0 (Windows NT 10.0; Win64; x64) AppleWebKit/537.36 (KHTML, like Gecko) Chrome/114.0.0.0 Safari/537.36 Edg/114.0.1823.41"
- 0:0:0:0:0:0:0:1  - [12/Jun/2023:12:41:47.744 +0300] "- - " 200 - "-" "-"
- 0:0:0:0:0:0:0:1 - - [12/Jun/2023:12:41:47.744 +0300] "POST /pizzashack/1.0.0/order HTTP/1.1" - 177 "https://localhost:9443/" "Mozilla/5.0 (Windows NT 10.0; Win64; x64) AppleWebKit/537.36 (KHTML, like Gecko) Chrome/114.0.0.0 Safari/537.36 Edg/114.0.1823.41"
- 127.0.0.1  - [12/Jun/2023:12:41:47.769 +0300] "- - " 201 - "-" "-"
- 127.0.0.1 - - [12/Jun/2023:12:41:47.769 +0300] "POST /am/sample/pizzashack/v1/api/order HTTP/1.1" - - "https://localhost:9443/" "Synapse-PT-HttpComponents-NIO"
- 0:0:0:0:0:0:0:1  - [12/Jun/2023:12:41:47.744 +0300] "- - " 201 - "-" "-"
- 0:0:0:0:0:0:0:1 - - [12/Jun/2023:12:42:52.946 +0300] "OPTIONS /pizzashack/1.0.0/order/0bc59e95-70c5-4339-9b3f-7cdf7c7e301a HTTP/1.1" - - "https://localhost:9443/" "Mozilla/5.0 (Windows NT 10.0; Win64; x64) AppleWebKit/537.36 (KHTML, like Gecko) Chrome/114.0.0.0 Safari/537.36 Edg/114.0.1823.41"
- 0:0:0:0:0:0:0:1  - [12/Jun/2023:12:42:52.946 +0300] "- - " 200 - "-" "-"
- 0:0:0:0:0:0:0:1 - - [12/Jun/2023:12:42:52.946 +0300] "DELETE /pizzashack/1.0.0/order/0bc59e95-70c5-4339-9b3f-7cdf7c7e301a HTTP/1.1" - - "https://localhost:9443/" "Mozilla/5.0 (Windows NT 10.0; Win64; x64) AppleWebKit/537.36 (KHTML, like Gecko) Chrome/114.0.0.0 Safari/537.36 Edg/114.0.1823.41"
- 127.0.0.1 - - [12/Jun/2023:12:42:52.969 +0300] "DELETE /am/sample/pizzashack/v1/api/order/0bc59e95-70c5-4339-9b3f-7cdf7c7e301a HTTP/1.1" - - "https://localhost:9443/" "Synapse-PT-HttpComponents-NIO"
- 127.0.0.1  - [12/Jun/2023:12:42:52.969 +0300] "- - " 200 - "-" "-"
- 0:0:0:0:0:0:0:1  - [12/Jun/2023:12:42:52.946 +0300] "- - " 200 - "-" "-"
- 0:0:0:0:0:0:0:1 - - [12/Jun/2023:12:43:19.563 +0300] "OPTIONS /pizzashack/1.0.0/order/0bc59e95-70c5-4339-9b3f-7cdf7c7e301a HTTP/1.1" - - "https://localhost:9443/" "Mozilla/5.0 (Windows NT 10.0; Win64; x64) AppleWebKit/537.36 (KHTML, like Gecko) Chrome/114.0.0.0 Safari/537.36 Edg/114.0.1823.41"
- 0:0:0:0:0:0:0:1  - [12/Jun/2023:12:43:19.563 +0300] "- - " 200 - "-" "-"
- 0:0:0:0:0:0:0:1 - - [12/Jun/2023:12:43:19.563 +0300] "GET /pizzashack/1.0.0/order/0bc59e95-70c5-4339-9b3f-7cdf7c7e301a HTTP/1.1" - - "https://localhost:9443/" "Mozilla/5.0 (Windows NT 10.0; Win64; x64) AppleWebKit/537.36 (KHTML, like Gecko) Chrome/114.0.0.0 Safari/537.36 Edg/114.0.1823.41"
- 127.0.0.1 - - [12/Jun/2023:12:43:19.574 +0300] "GET /am/sample/pizzashack/v1/api/order/0bc59e95-70c5-4339-9b3f-7cdf7c7e301a HTTP/1.1" - - "https://localhost:9443/" "Synapse-PT-HttpComponents-NIO"
- 127.0.0.1  - [12/Jun/2023:12:43:19.574 +0300] "- - " 404 - "-" "-"
- 0:0:0:0:0:0:0:1  - [12/Jun/2023:12:43:19.563 +0300] "- - " 404 - "-" "-"
