0:0:0:0:0:0:0:1 - - [08/Jun/2023:15:49:35 +0300] GET /api/am/devportal/v3/tags HTTP/1.1 200 119 https://localhost:9443/devportal/apis Mozilla/5.0 (Windows NT 10.0; Win64; x64) AppleWebKit/537.36 (KHTML, like Gecko) Chrome/114.0.0.0 Safari/537.36 Edg/114.0.1823.37 0.086
0:0:0:0:0:0:0:1 - - [08/Jun/2023:15:49:35 +0300] GET /devportal/site/public/images/_favicon.ico HTTP/1.1 200 1150 https://localhost:9443/devportal/apis Mozilla/5.0 (Windows NT 10.0; Win64; x64) AppleWebKit/537.36 (KHTML, like Gecko) Chrome/114.0.0.0 Safari/537.36 Edg/114.0.1823.37 0.011
0:0:0:0:0:0:0:1 - - [08/Jun/2023:15:49:35 +0300] GET /api/am/devportal/v3/api-categories HTTP/1.1 200 21 https://localhost:9443/devportal/apis Mozilla/5.0 (Windows NT 10.0; Win64; x64) AppleWebKit/537.36 (KHTML, like Gecko) Chrome/114.0.0.0 Safari/537.36 Edg/114.0.1823.37 0.016
0:0:0:0:0:0:0:1 - - [08/Jun/2023:15:49:35 +0300] GET /api/am/devportal/v3/apis?limit=10&offset=0 HTTP/1.1 200 840 https://localhost:9443/devportal/apis Mozilla/5.0 (Windows NT 10.0; Win64; x64) AppleWebKit/537.36 (KHTML, like Gecko) Chrome/114.0.0.0 Safari/537.36 Edg/114.0.1823.37 0.120
0:0:0:0:0:0:0:1 - - [08/Jun/2023:15:49:36 +0300] GET /api/am/devportal/v3/apis/746c7962-0923-4c21-be0e-a84d3748b57b/ratings HTTP/1.1 200 125 https://localhost:9443/devportal/apis Mozilla/5.0 (Windows NT 10.0; Win64; x64) AppleWebKit/537.36 (KHTML, like Gecko) Chrome/114.0.0.0 Safari/537.36 Edg/114.0.1823.37 0.011
0:0:0:0:0:0:0:1 - - [08/Jun/2023:15:49:38 +0300] GET /devportal/site/public/images/_favicon.ico HTTP/1.1 200 1150 https://localhost:9443/devportal/applications Mozilla/5.0 (Windows NT 10.0; Win64; x64) AppleWebKit/537.36 (KHTML, like Gecko) Chrome/114.0.0.0 Safari/537.36 Edg/114.0.1823.37 0.002
0:0:0:0:0:0:0:1 - - [08/Jun/2023:15:49:38 +0300] GET /api/am/devportal/v3/swagger.yaml HTTP/1.1 200 26878 https://localhost:9443/devportal/applications Mozilla/5.0 (Windows NT 10.0; Win64; x64) AppleWebKit/537.36 (KHTML, like Gecko) Chrome/114.0.0.0 Safari/537.36 Edg/114.0.1823.37 0.078
0:0:0:0:0:0:0:1 - - [08/Jun/2023:15:49:38 +0300] GET /api/am/devportal/v3/applications?sortBy=name&sortOrder=asc&limit=10&offset=0 HTTP/1.1 200 374 https://localhost:9443/devportal/applications Mozilla/5.0 (Windows NT 10.0; Win64; x64) AppleWebKit/537.36 (KHTML, like Gecko) Chrome/114.0.0.0 Safari/537.36 Edg/114.0.1823.37 0.014
127.0.0.1 - - [08/Jun/2023:15:49:39 +0300] GET /keymanager-operations/dcr/register/MHFfRExjbVRFTmxsZmtqNk9JdjB2WDJ1Q0FJYQ%3D%3D HTTP/1.1 200 720 - Apache-HttpClient/4.5.13 (Java/20.0.1) 0.007
0:0:0:0:0:0:0:1 - - [08/Jun/2023:15:49:39 +0300] GET /api/am/devportal/v3/applications/d8414650-0dc6-4424-9310-830582be7bd1 HTTP/1.1 200 336 https://localhost:9443/devportal/applications/d8414650-0dc6-4424-9310-830582be7bd1 Mozilla/5.0 (Windows NT 10.0; Win64; x64) AppleWebKit/537.36 (KHTML, like Gecko) Chrome/114.0.0.0 Safari/537.36 Edg/114.0.1823.37 0.022
0:0:0:0:0:0:0:1 - - [08/Jun/2023:15:49:39 +0300] GET /api/am/devportal/v3/throttling-policies/application/20PerMin HTTP/1.1 200 493 https://localhost:9443/devportal/applications/d8414650-0dc6-4424-9310-830582be7bd1/overview Mozilla/5.0 (Windows NT 10.0; Win64; x64) AppleWebKit/537.36 (KHTML, like Gecko) Chrome/114.0.0.0 Safari/537.36 Edg/114.0.1823.37 0.008
0:0:0:0:0:0:0:1 - - [08/Jun/2023:15:49:39 +0300] GET /devportal/site/public/images/_favicon.ico HTTP/1.1 200 1150 https://localhost:9443/devportal/applications/d8414650-0dc6-4424-9310-830582be7bd1/overview Mozilla/5.0 (Windows NT 10.0; Win64; x64) AppleWebKit/537.36 (KHTML, like Gecko) Chrome/114.0.0.0 Safari/537.36 Edg/114.0.1823.37 0.003
0:0:0:0:0:0:0:1 - - [08/Jun/2023:15:49:39 +0300] GET /devportal/site/public/images/_favicon.ico HTTP/1.1 200 1150 https://localhost:9443/devportal/applications/d8414650-0dc6-4424-9310-830582be7bd1/overview Mozilla/5.0 (Windows NT 10.0; Win64; x64) AppleWebKit/537.36 (KHTML, like Gecko) Chrome/114.0.0.0 Safari/537.36 Edg/114.0.1823.37 0.004
127.0.0.1 - - [08/Jun/2023:15:49:39 +0300] GET /keymanager-operations/dcr/register/MHFfRExjbVRFTmxsZmtqNk9JdjB2WDJ1Q0FJYQ%3D%3D HTTP/1.1 200 720 - Apache-HttpClient/4.5.13 (Java/20.0.1) 0.010
0:0:0:0:0:0:0:1 - - [08/Jun/2023:15:49:39 +0300] GET /api/am/devportal/v3/applications/d8414650-0dc6-4424-9310-830582be7bd1 HTTP/1.1 200 336 https://localhost:9443/devportal/applications/d8414650-0dc6-4424-9310-830582be7bd1/overview Mozilla/5.0 (Windows NT 10.0; Win64; x64) AppleWebKit/537.36 (KHTML, like Gecko) Chrome/114.0.0.0 Safari/537.36 Edg/114.0.1823.37 0.028
0:0:0:0:0:0:0:1 - - [08/Jun/2023:15:49:39 +0300] GET /api/am/devportal/v3/throttling-policies/application/20PerMin HTTP/1.1 200 493 https://localhost:9443/devportal/applications/d8414650-0dc6-4424-9310-830582be7bd1/overview Mozilla/5.0 (Windows NT 10.0; Win64; x64) AppleWebKit/537.36 (KHTML, like Gecko) Chrome/114.0.0.0 Safari/537.36 Edg/114.0.1823.37 0.005
0:0:0:0:0:0:0:1 - - [08/Jun/2023:15:49:46 +0300] GET /devportal/site/public/images/_favicon.ico HTTP/1.1 200 1150 https://localhost:9443/devportal/applications/d8414650-0dc6-4424-9310-830582be7bd1/productionkeys/oauth Mozilla/5.0 (Windows NT 10.0; Win64; x64) AppleWebKit/537.36 (KHTML, like Gecko) Chrome/114.0.0.0 Safari/537.36 Edg/114.0.1823.37 0.006
0:0:0:0:0:0:0:1 - - [08/Jun/2023:15:49:46 +0300] GET /api/am/devportal/v3/swagger.yaml HTTP/1.1 200 26878 https://localhost:9443/devportal/applications/d8414650-0dc6-4424-9310-830582be7bd1/productionkeys/oauth Mozilla/5.0 (Windows NT 10.0; Win64; x64) AppleWebKit/537.36 (KHTML, like Gecko) Chrome/114.0.0.0 Safari/537.36 Edg/114.0.1823.37 0.026
127.0.0.1 - - [08/Jun/2023:15:49:46 +0300] GET /oauth2/token/.well-known/openid-configuration HTTP/1.1 200 2395 - Apache-HttpClient/4.5.13 (Java/20.0.1) 0.014
0:0:0:0:0:0:0:1 - - [08/Jun/2023:15:49:46 +0300] GET /api/am/devportal/v3/key-managers HTTP/1.1 200 763 https://localhost:9443/devportal/applications/d8414650-0dc6-4424-9310-830582be7bd1/productionkeys/oauth Mozilla/5.0 (Windows NT 10.0; Win64; x64) AppleWebKit/537.36 (KHTML, like Gecko) Chrome/114.0.0.0 Safari/537.36 Edg/114.0.1823.37 0.048
127.0.0.1 - - [08/Jun/2023:15:49:46 +0300] GET /keymanager-operations/dcr/register/MHFfRExjbVRFTmxsZmtqNk9JdjB2WDJ1Q0FJYQ%3D%3D HTTP/1.1 200 720 - Apache-HttpClient/4.5.13 (Java/20.0.1) 0.003
0:0:0:0:0:0:0:1 - - [08/Jun/2023:15:49:46 +0300] GET /api/am/devportal/v3/applications/d8414650-0dc6-4424-9310-830582be7bd1 HTTP/1.1 200 336 https://localhost:9443/devportal/applications/d8414650-0dc6-4424-9310-830582be7bd1/productionkeys/oauth Mozilla/5.0 (Windows NT 10.0; Win64; x64) AppleWebKit/537.36 (KHTML, like Gecko) Chrome/114.0.0.0 Safari/537.36 Edg/114.0.1823.37 0.012
127.0.0.1 - - [08/Jun/2023:15:49:46 +0300] GET /keymanager-operations/dcr/register/MHFfRExjbVRFTmxsZmtqNk9JdjB2WDJ1Q0FJYQ%3D%3D HTTP/1.1 200 720 - Apache-HttpClient/4.5.13 (Java/20.0.1) 0.006
0:0:0:0:0:0:0:1 - - [08/Jun/2023:15:49:46 +0300] GET /api/am/devportal/v3/applications/d8414650-0dc6-4424-9310-830582be7bd1/oauth-keys HTTP/1.1 200 868 https://localhost:9443/devportal/applications/d8414650-0dc6-4424-9310-830582be7bd1/productionkeys/oauth Mozilla/5.0 (Windows NT 10.0; Win64; x64) AppleWebKit/537.36 (KHTML, like Gecko) Chrome/114.0.0.0 Safari/537.36 Edg/114.0.1823.37 0.013
0:0:0:0:0:0:0:1 - - [08/Jun/2023:15:49:46 +0300] GET /api/am/devportal/v3/swagger.yaml HTTP/1.1 200 26878 https://localhost:9443/devportal/applications/d8414650-0dc6-4424-9310-830582be7bd1/productionkeys/oauth Mozilla/5.0 (Windows NT 10.0; Win64; x64) AppleWebKit/537.36 (KHTML, like Gecko) Chrome/114.0.0.0 Safari/537.36 Edg/114.0.1823.37 0.008
127.0.0.1 - - [08/Jun/2023:15:49:47 +0300] GET /keymanager-operations/dcr/register/MHFfRExjbVRFTmxsZmtqNk9JdjB2WDJ1Q0FJYQ%3D%3D HTTP/1.1 200 720 - Apache-HttpClient/4.5.13 (Java/20.0.1) 0.004
0:0:0:0:0:0:0:1 - - [08/Jun/2023:15:49:47 +0300] GET /api/am/devportal/v3/applications/d8414650-0dc6-4424-9310-830582be7bd1 HTTP/1.1 200 336 https://localhost:9443/devportal/applications/d8414650-0dc6-4424-9310-830582be7bd1/productionkeys/oauth Mozilla/5.0 (Windows NT 10.0; Win64; x64) AppleWebKit/537.36 (KHTML, like Gecko) Chrome/114.0.0.0 Safari/537.36 Edg/114.0.1823.37 0.060
127.0.0.1 - - [08/Jun/2023:15:49:47 +0300] GET /keymanager-operations/dcr/register/MHFfRExjbVRFTmxsZmtqNk9JdjB2WDJ1Q0FJYQ%3D%3D HTTP/1.1 200 720 - Apache-HttpClient/4.5.13 (Java/20.0.1) 0.005
0:0:0:0:0:0:0:1 - - [08/Jun/2023:15:49:47 +0300] GET /api/am/devportal/v3/applications/d8414650-0dc6-4424-9310-830582be7bd1/oauth-keys HTTP/1.1 200 868 https://localhost:9443/devportal/applications/d8414650-0dc6-4424-9310-830582be7bd1/productionkeys/oauth Mozilla/5.0 (Windows NT 10.0; Win64; x64) AppleWebKit/537.36 (KHTML, like Gecko) Chrome/114.0.0.0 Safari/537.36 Edg/114.0.1823.37 0.012
0:0:0:0:0:0:0:1 - - [08/Jun/2023:15:49:49 +0300] GET /api/am/devportal/v3/swagger.yaml HTTP/1.1 200 26878 https://localhost:9443/devportal/applications/d8414650-0dc6-4424-9310-830582be7bd1/productionkeys/oauth Mozilla/5.0 (Windows NT 10.0; Win64; x64) AppleWebKit/537.36 (KHTML, like Gecko) Chrome/114.0.0.0 Safari/537.36 Edg/114.0.1823.37 0.020
127.0.0.1 - - [08/Jun/2023:15:49:49 +0300] GET /oauth2/token/.well-known/openid-configuration HTTP/1.1 200 2395 - Apache-HttpClient/4.5.13 (Java/20.0.1) 0.009
0:0:0:0:0:0:0:1 - - [08/Jun/2023:15:49:49 +0300] GET /api/am/devportal/v3/key-managers HTTP/1.1 200 763 https://localhost:9443/devportal/applications/d8414650-0dc6-4424-9310-830582be7bd1/productionkeys/oauth Mozilla/5.0 (Windows NT 10.0; Win64; x64) AppleWebKit/537.36 (KHTML, like Gecko) Chrome/114.0.0.0 Safari/537.36 Edg/114.0.1823.37 0.055
127.0.0.1 - - [08/Jun/2023:15:49:49 +0300] GET /keymanager-operations/dcr/register/MHFfRExjbVRFTmxsZmtqNk9JdjB2WDJ1Q0FJYQ%3D%3D HTTP/1.1 200 720 - Apache-HttpClient/4.5.13 (Java/20.0.1) 0.003
0:0:0:0:0:0:0:1 - - [08/Jun/2023:15:49:49 +0300] GET /api/am/devportal/v3/applications/d8414650-0dc6-4424-9310-830582be7bd1 HTTP/1.1 200 336 https://localhost:9443/devportal/applications/d8414650-0dc6-4424-9310-830582be7bd1/productionkeys/oauth Mozilla/5.0 (Windows NT 10.0; Win64; x64) AppleWebKit/537.36 (KHTML, like Gecko) Chrome/114.0.0.0 Safari/537.36 Edg/114.0.1823.37 0.014
127.0.0.1 - - [08/Jun/2023:15:49:49 +0300] GET /keymanager-operations/dcr/register/MHFfRExjbVRFTmxsZmtqNk9JdjB2WDJ1Q0FJYQ%3D%3D HTTP/1.1 200 720 - Apache-HttpClient/4.5.13 (Java/20.0.1) 0.005
0:0:0:0:0:0:0:1 - - [08/Jun/2023:15:49:49 +0300] GET /api/am/devportal/v3/applications/d8414650-0dc6-4424-9310-830582be7bd1/oauth-keys HTTP/1.1 200 868 https://localhost:9443/devportal/applications/d8414650-0dc6-4424-9310-830582be7bd1/productionkeys/oauth Mozilla/5.0 (Windows NT 10.0; Win64; x64) AppleWebKit/537.36 (KHTML, like Gecko) Chrome/114.0.0.0 Safari/537.36 Edg/114.0.1823.37 0.013
0:0:0:0:0:0:0:1 - - [08/Jun/2023:15:49:49 +0300] GET /api/am/devportal/v3/swagger.yaml HTTP/1.1 200 26878 https://localhost:9443/devportal/applications/d8414650-0dc6-4424-9310-830582be7bd1/productionkeys/oauth Mozilla/5.0 (Windows NT 10.0; Win64; x64) AppleWebKit/537.36 (KHTML, like Gecko) Chrome/114.0.0.0 Safari/537.36 Edg/114.0.1823.37 0.036
127.0.0.1 - - [08/Jun/2023:15:49:49 +0300] GET /keymanager-operations/dcr/register/MHFfRExjbVRFTmxsZmtqNk9JdjB2WDJ1Q0FJYQ%3D%3D HTTP/1.1 200 720 - Apache-HttpClient/4.5.13 (Java/20.0.1) 0.006
0:0:0:0:0:0:0:1 - - [08/Jun/2023:15:49:49 +0300] GET /api/am/devportal/v3/applications/d8414650-0dc6-4424-9310-830582be7bd1 HTTP/1.1 200 336 https://localhost:9443/devportal/applications/d8414650-0dc6-4424-9310-830582be7bd1/productionkeys/oauth Mozilla/5.0 (Windows NT 10.0; Win64; x64) AppleWebKit/537.36 (KHTML, like Gecko) Chrome/114.0.0.0 Safari/537.36 Edg/114.0.1823.37 0.013
127.0.0.1 - - [08/Jun/2023:15:49:49 +0300] GET /keymanager-operations/dcr/register/MHFfRExjbVRFTmxsZmtqNk9JdjB2WDJ1Q0FJYQ%3D%3D HTTP/1.1 200 720 - Apache-HttpClient/4.5.13 (Java/20.0.1) 0.004
0:0:0:0:0:0:0:1 - - [08/Jun/2023:15:49:49 +0300] GET /api/am/devportal/v3/applications/d8414650-0dc6-4424-9310-830582be7bd1/oauth-keys HTTP/1.1 200 868 https://localhost:9443/devportal/applications/d8414650-0dc6-4424-9310-830582be7bd1/productionkeys/oauth Mozilla/5.0 (Windows NT 10.0; Win64; x64) AppleWebKit/537.36 (KHTML, like Gecko) Chrome/114.0.0.0 Safari/537.36 Edg/114.0.1823.37 0.011
0:0:0:0:0:0:0:1 - - [08/Jun/2023:15:49:52 +0300] GET /api/am/devportal/v3/swagger.yaml HTTP/1.1 200 26878 https://localhost:9443/devportal/applications/d8414650-0dc6-4424-9310-830582be7bd1/productionkeys/oauth Mozilla/5.0 (Windows NT 10.0; Win64; x64) AppleWebKit/537.36 (KHTML, like Gecko) Chrome/114.0.0.0 Safari/537.36 Edg/114.0.1823.37 0.020
127.0.0.1 - - [08/Jun/2023:15:49:52 +0300] GET /oauth2/token/.well-known/openid-configuration HTTP/1.1 200 2395 - Apache-HttpClient/4.5.13 (Java/20.0.1) 0.007
0:0:0:0:0:0:0:1 - - [08/Jun/2023:15:49:52 +0300] GET /api/am/devportal/v3/key-managers HTTP/1.1 200 763 https://localhost:9443/devportal/applications/d8414650-0dc6-4424-9310-830582be7bd1/productionkeys/oauth Mozilla/5.0 (Windows NT 10.0; Win64; x64) AppleWebKit/537.36 (KHTML, like Gecko) Chrome/114.0.0.0 Safari/537.36 Edg/114.0.1823.37 0.036
127.0.0.1 - - [08/Jun/2023:15:49:52 +0300] GET /keymanager-operations/dcr/register/MHFfRExjbVRFTmxsZmtqNk9JdjB2WDJ1Q0FJYQ%3D%3D HTTP/1.1 200 720 - Apache-HttpClient/4.5.13 (Java/20.0.1) 0.004
0:0:0:0:0:0:0:1 - - [08/Jun/2023:15:49:52 +0300] GET /api/am/devportal/v3/applications/d8414650-0dc6-4424-9310-830582be7bd1 HTTP/1.1 200 336 https://localhost:9443/devportal/applications/d8414650-0dc6-4424-9310-830582be7bd1/productionkeys/oauth Mozilla/5.0 (Windows NT 10.0; Win64; x64) AppleWebKit/537.36 (KHTML, like Gecko) Chrome/114.0.0.0 Safari/537.36 Edg/114.0.1823.37 0.012
127.0.0.1 - - [08/Jun/2023:15:49:52 +0300] GET /keymanager-operations/dcr/register/MHFfRExjbVRFTmxsZmtqNk9JdjB2WDJ1Q0FJYQ%3D%3D HTTP/1.1 200 720 - Apache-HttpClient/4.5.13 (Java/20.0.1) 0.005
0:0:0:0:0:0:0:1 - - [08/Jun/2023:15:49:52 +0300] GET /api/am/devportal/v3/applications/d8414650-0dc6-4424-9310-830582be7bd1/oauth-keys HTTP/1.1 200 868 https://localhost:9443/devportal/applications/d8414650-0dc6-4424-9310-830582be7bd1/productionkeys/oauth Mozilla/5.0 (Windows NT 10.0; Win64; x64) AppleWebKit/537.36 (KHTML, like Gecko) Chrome/114.0.0.0 Safari/537.36 Edg/114.0.1823.37 0.013
0:0:0:0:0:0:0:1 - - [08/Jun/2023:15:49:52 +0300] GET /api/am/devportal/v3/swagger.yaml HTTP/1.1 200 26878 https://localhost:9443/devportal/applications/d8414650-0dc6-4424-9310-830582be7bd1/productionkeys/oauth Mozilla/5.0 (Windows NT 10.0; Win64; x64) AppleWebKit/537.36 (KHTML, like Gecko) Chrome/114.0.0.0 Safari/537.36 Edg/114.0.1823.37 0.014
127.0.0.1 - - [08/Jun/2023:15:49:52 +0300] GET /keymanager-operations/dcr/register/MHFfRExjbVRFTmxsZmtqNk9JdjB2WDJ1Q0FJYQ%3D%3D HTTP/1.1 200 720 - Apache-HttpClient/4.5.13 (Java/20.0.1) 0.007
0:0:0:0:0:0:0:1 - - [08/Jun/2023:15:49:52 +0300] GET /api/am/devportal/v3/applications/d8414650-0dc6-4424-9310-830582be7bd1 HTTP/1.1 200 336 https://localhost:9443/devportal/applications/d8414650-0dc6-4424-9310-830582be7bd1/productionkeys/oauth Mozilla/5.0 (Windows NT 10.0; Win64; x64) AppleWebKit/537.36 (KHTML, like Gecko) Chrome/114.0.0.0 Safari/537.36 Edg/114.0.1823.37 0.016
127.0.0.1 - - [08/Jun/2023:15:49:52 +0300] GET /keymanager-operations/dcr/register/MHFfRExjbVRFTmxsZmtqNk9JdjB2WDJ1Q0FJYQ%3D%3D HTTP/1.1 200 720 - Apache-HttpClient/4.5.13 (Java/20.0.1) 0.004
0:0:0:0:0:0:0:1 - - [08/Jun/2023:15:49:52 +0300] GET /api/am/devportal/v3/applications/d8414650-0dc6-4424-9310-830582be7bd1/oauth-keys HTTP/1.1 200 868 https://localhost:9443/devportal/applications/d8414650-0dc6-4424-9310-830582be7bd1/productionkeys/oauth Mozilla/5.0 (Windows NT 10.0; Win64; x64) AppleWebKit/537.36 (KHTML, like Gecko) Chrome/114.0.0.0 Safari/537.36 Edg/114.0.1823.37 0.010
0:0:0:0:0:0:0:1 - - [08/Jun/2023:15:50:06 +0300] GET /devportal/site/public/images/_favicon.ico HTTP/1.1 200 1150 https://localhost:9443/devportal/applications/d8414650-0dc6-4424-9310-830582be7bd1/subscriptions Mozilla/5.0 (Windows NT 10.0; Win64; x64) AppleWebKit/537.36 (KHTML, like Gecko) Chrome/114.0.0.0 Safari/537.36 Edg/114.0.1823.37 0.009
127.0.0.1 - - [08/Jun/2023:15:50:06 +0300] GET /keymanager-operations/dcr/register/MHFfRExjbVRFTmxsZmtqNk9JdjB2WDJ1Q0FJYQ%3D%3D HTTP/1.1 200 720 - Apache-HttpClient/4.5.13 (Java/20.0.1) 0.008
0:0:0:0:0:0:0:1 - - [08/Jun/2023:15:50:06 +0300] GET /api/am/devportal/v3/subscriptions?applicationId=d8414650-0dc6-4424-9310-830582be7bd1&limit=1000 HTTP/1.1 200 782 https://localhost:9443/devportal/applications/d8414650-0dc6-4424-9310-830582be7bd1/subscriptions Mozilla/5.0 (Windows NT 10.0; Win64; x64) AppleWebKit/537.36 (KHTML, like Gecko) Chrome/114.0.0.0 Safari/537.36 Edg/114.0.1823.37 0.046
0:0:0:0:0:0:0:1 - - [08/Jun/2023:15:50:06 +0300] GET /api/am/devportal/v3/apis/746c7962-0923-4c21-be0e-a84d3748b57b HTTP/1.1 200 2479 https://localhost:9443/devportal/applications/d8414650-0dc6-4424-9310-830582be7bd1/subscriptions Mozilla/5.0 (Windows NT 10.0; Win64; x64) AppleWebKit/537.36 (KHTML, like Gecko) Chrome/114.0.0.0 Safari/537.36 Edg/114.0.1823.37 0.021
0:0:0:0:0:0:0:1 - - [08/Jun/2023:15:50:06 +0300] GET /api/am/devportal/v3/subscriptions/3b6065ed-b254-420c-bce4-dc8987aebaf6 HTTP/1.1 200 730 https://localhost:9443/devportal/applications/d8414650-0dc6-4424-9310-830582be7bd1/subscriptions Mozilla/5.0 (Windows NT 10.0; Win64; x64) AppleWebKit/537.36 (KHTML, like Gecko) Chrome/114.0.0.0 Safari/537.36 Edg/114.0.1823.37 0.023
0:0:0:0:0:0:0:1 - - [08/Jun/2023:15:50:06 +0300] GET /api/am/devportal/v3/throttling-policies/subscription/Unlimited HTTP/1.1 200 491 https://localhost:9443/devportal/applications/d8414650-0dc6-4424-9310-830582be7bd1/subscriptions Mozilla/5.0 (Windows NT 10.0; Win64; x64) AppleWebKit/537.36 (KHTML, like Gecko) Chrome/114.0.0.0 Safari/537.36 Edg/114.0.1823.37 0.003
0:0:0:0:0:0:0:1 - - [08/Jun/2023:15:50:06 +0300] GET /api/am/devportal/v3/apis/746c7962-0923-4c21-be0e-a84d3748b57b HTTP/1.1 200 2479 https://localhost:9443/devportal/applications/d8414650-0dc6-4424-9310-830582be7bd1/subscriptions Mozilla/5.0 (Windows NT 10.0; Win64; x64) AppleWebKit/537.36 (KHTML, like Gecko) Chrome/114.0.0.0 Safari/537.36 Edg/114.0.1823.37 0.025
0:0:0:0:0:0:0:1 - - [08/Jun/2023:15:50:10 +0300] GET /api/am/devportal/v3/applications?limit=5000 HTTP/1.1 200 376 https://localhost:9443/devportal/apis/746c7962-0923-4c21-be0e-a84d3748b57b Mozilla/5.0 (Windows NT 10.0; Win64; x64) AppleWebKit/537.36 (KHTML, like Gecko) Chrome/114.0.0.0 Safari/537.36 Edg/114.0.1823.37 0.014
0:0:0:0:0:0:0:1 - - [08/Jun/2023:15:50:10 +0300] GET /devportal/site/public/images/_favicon.ico HTTP/1.1 200 1150 https://localhost:9443/devportal/apis/746c7962-0923-4c21-be0e-a84d3748b57b Mozilla/5.0 (Windows NT 10.0; Win64; x64) AppleWebKit/537.36 (KHTML, like Gecko) Chrome/114.0.0.0 Safari/537.36 Edg/114.0.1823.37 0.002
127.0.0.1 - - [08/Jun/2023:15:50:10 +0300] GET /keymanager-operations/dcr/register/MHFfRExjbVRFTmxsZmtqNk9JdjB2WDJ1Q0FJYQ%3D%3D HTTP/1.1 200 720 - Apache-HttpClient/4.5.13 (Java/20.0.1) 0.003
0:0:0:0:0:0:0:1 - - [08/Jun/2023:15:50:10 +0300] - 400 - - - 0.000
0:0:0:0:0:0:0:1 - - [08/Jun/2023:15:50:10 +0300] GET /api/am/devportal/v3/apis/746c7962-0923-4c21-be0e-a84d3748b57b HTTP/1.1 200 2479 https://localhost:9443/devportal/apis/746c7962-0923-4c21-be0e-a84d3748b57b Mozilla/5.0 (Windows NT 10.0; Win64; x64) AppleWebKit/537.36 (KHTML, like Gecko) Chrome/114.0.0.0 Safari/537.36 Edg/114.0.1823.37 0.043
0:0:0:0:0:0:0:1 - - [08/Jun/2023:15:50:10 +0300] GET /api/am/devportal/v3/subscriptions?apiId=746c7962-0923-4c21-be0e-a84d3748b57b&limit=25 HTTP/1.1 200 781 https://localhost:9443/devportal/apis/746c7962-0923-4c21-be0e-a84d3748b57b Mozilla/5.0 (Windows NT 10.0; Win64; x64) AppleWebKit/537.36 (KHTML, like Gecko) Chrome/114.0.0.0 Safari/537.36 Edg/114.0.1823.37 0.050
127.0.0.1 - - [08/Jun/2023:15:50:10 +0300] GET /keymanager-operations/dcr/register/MHFfRExjbVRFTmxsZmtqNk9JdjB2WDJ1Q0FJYQ%3D%3D HTTP/1.1 200 720 - Apache-HttpClient/4.5.13 (Java/20.0.1) 0.014
0:0:0:0:0:0:0:1 - - [08/Jun/2023:15:50:10 +0300] GET /api/am/devportal/v3/subscriptions?apiId=746c7962-0923-4c21-be0e-a84d3748b57b&limit=5000 HTTP/1.1 200 782 https://localhost:9443/devportal/apis/746c7962-0923-4c21-be0e-a84d3748b57b Mozilla/5.0 (Windows NT 10.0; Win64; x64) AppleWebKit/537.36 (KHTML, like Gecko) Chrome/114.0.0.0 Safari/537.36 Edg/114.0.1823.37 0.088
0:0:0:0:0:0:0:1 - - [08/Jun/2023:15:50:10 +0300] GET /api/am/devportal/v3/throttling-policies/subscription HTTP/1.1 200 634 https://localhost:9443/devportal/apis/746c7962-0923-4c21-be0e-a84d3748b57b/overview Mozilla/5.0 (Windows NT 10.0; Win64; x64) AppleWebKit/537.36 (KHTML, like Gecko) Chrome/114.0.0.0 Safari/537.36 Edg/114.0.1823.37 0.009
0:0:0:0:0:0:0:1 - - [08/Jun/2023:15:50:10 +0300] GET /devportal/site/public/images/_favicon.ico HTTP/1.1 200 1150 https://localhost:9443/devportal/apis/746c7962-0923-4c21-be0e-a84d3748b57b/overview Mozilla/5.0 (Windows NT 10.0; Win64; x64) AppleWebKit/537.36 (KHTML, like Gecko) Chrome/114.0.0.0 Safari/537.36 Edg/114.0.1823.37 0.004
0:0:0:0:0:0:0:1 - - [08/Jun/2023:15:50:10 +0300] GET /api/am/devportal/v3/throttling-policies/subscription HTTP/1.1 200 634 https://localhost:9443/devportal/apis/746c7962-0923-4c21-be0e-a84d3748b57b/overview Mozilla/5.0 (Windows NT 10.0; Win64; x64) AppleWebKit/537.36 (KHTML, like Gecko) Chrome/114.0.0.0 Safari/537.36 Edg/114.0.1823.37 0.020
0:0:0:0:0:0:0:1 - - [08/Jun/2023:15:50:10 +0300] GET /api/am/devportal/v3/apis/746c7962-0923-4c21-be0e-a84d3748b57b/documents HTTP/1.1 200 92 https://localhost:9443/devportal/apis/746c7962-0923-4c21-be0e-a84d3748b57b/overview Mozilla/5.0 (Windows NT 10.0; Win64; x64) AppleWebKit/537.36 (KHTML, like Gecko) Chrome/114.0.0.0 Safari/537.36 Edg/114.0.1823.37 0.038
0:0:0:0:0:0:0:1 - - [08/Jun/2023:15:50:10 +0300] GET /api/am/devportal/v3/apis/746c7962-0923-4c21-be0e-a84d3748b57b/documents HTTP/1.1 200 92 https://localhost:9443/devportal/apis/746c7962-0923-4c21-be0e-a84d3748b57b/overview Mozilla/5.0 (Windows NT 10.0; Win64; x64) AppleWebKit/537.36 (KHTML, like Gecko) Chrome/114.0.0.0 Safari/537.36 Edg/114.0.1823.37 0.020
0:0:0:0:0:0:0:1 - - [08/Jun/2023:15:50:11 +0300] GET /api/am/devportal/v3/apis/746c7962-0923-4c21-be0e-a84d3748b57b/comments?limit=5&offset=0 HTTP/1.1 200 101 https://localhost:9443/devportal/apis/746c7962-0923-4c21-be0e-a84d3748b57b/overview Mozilla/5.0 (Windows NT 10.0; Win64; x64) AppleWebKit/537.36 (KHTML, like Gecko) Chrome/114.0.0.0 Safari/537.36 Edg/114.0.1823.37 0.013
0:0:0:0:0:0:0:1 - - [08/Jun/2023:15:50:11 +0300] GET /api/am/devportal/v3/apis/746c7962-0923-4c21-be0e-a84d3748b57b/ratings HTTP/1.1 200 125 https://localhost:9443/devportal/apis/746c7962-0923-4c21-be0e-a84d3748b57b/overview Mozilla/5.0 (Windows NT 10.0; Win64; x64) AppleWebKit/537.36 (KHTML, like Gecko) Chrome/114.0.0.0 Safari/537.36 Edg/114.0.1823.37 0.017
0:0:0:0:0:0:0:1 - - [08/Jun/2023:15:50:11 +0300] GET /api/am/devportal/v3/apis/746c7962-0923-4c21-be0e-a84d3748b57b/thumbnail HTTP/1.1 204 - https://localhost:9443/devportal/apis/746c7962-0923-4c21-be0e-a84d3748b57b/overview Mozilla/5.0 (Windows NT 10.0; Win64; x64) AppleWebKit/537.36 (KHTML, like Gecko) Chrome/114.0.0.0 Safari/537.36 Edg/114.0.1823.37 0.029
0:0:0:0:0:0:0:1 - - [08/Jun/2023:15:50:15 +0300] GET /devportal/site/public/images/_favicon.ico HTTP/1.1 200 1150 https://localhost:9443/devportal/apis/746c7962-0923-4c21-be0e-a84d3748b57b/credentials Mozilla/5.0 (Windows NT 10.0; Win64; x64) AppleWebKit/537.36 (KHTML, like Gecko) Chrome/114.0.0.0 Safari/537.36 Edg/114.0.1823.37 0.011
0:0:0:0:0:0:0:1 - - [08/Jun/2023:15:50:19 +0300] GET /api/am/devportal/v3/throttling-policies/subscription HTTP/1.1 200 634 https://localhost:9443/devportal/apis/746c7962-0923-4c21-be0e-a84d3748b57b/overview Mozilla/5.0 (Windows NT 10.0; Win64; x64) AppleWebKit/537.36 (KHTML, like Gecko) Chrome/114.0.0.0 Safari/537.36 Edg/114.0.1823.37 0.007
0:0:0:0:0:0:0:1 - - [08/Jun/2023:15:50:19 +0300] GET /api/am/devportal/v3/throttling-policies/subscription HTTP/1.1 200 634 https://localhost:9443/devportal/apis/746c7962-0923-4c21-be0e-a84d3748b57b/overview Mozilla/5.0 (Windows NT 10.0; Win64; x64) AppleWebKit/537.36 (KHTML, like Gecko) Chrome/114.0.0.0 Safari/537.36 Edg/114.0.1823.37 0.005
0:0:0:0:0:0:0:1 - - [08/Jun/2023:15:50:19 +0300] GET /api/am/devportal/v3/apis/746c7962-0923-4c21-be0e-a84d3748b57b/documents HTTP/1.1 200 92 https://localhost:9443/devportal/apis/746c7962-0923-4c21-be0e-a84d3748b57b/overview Mozilla/5.0 (Windows NT 10.0; Win64; x64) AppleWebKit/537.36 (KHTML, like Gecko) Chrome/114.0.0.0 Safari/537.36 Edg/114.0.1823.37 0.030
0:0:0:0:0:0:0:1 - - [08/Jun/2023:15:50:19 +0300] GET /devportal/site/public/images/_favicon.ico HTTP/1.1 200 1150 https://localhost:9443/devportal/apis/746c7962-0923-4c21-be0e-a84d3748b57b/overview Mozilla/5.0 (Windows NT 10.0; Win64; x64) AppleWebKit/537.36 (KHTML, like Gecko) Chrome/114.0.0.0 Safari/537.36 Edg/114.0.1823.37 0.001
0:0:0:0:0:0:0:1 - - [08/Jun/2023:15:50:19 +0300] GET /api/am/devportal/v3/apis/746c7962-0923-4c21-be0e-a84d3748b57b/documents HTTP/1.1 200 92 https://localhost:9443/devportal/apis/746c7962-0923-4c21-be0e-a84d3748b57b/overview Mozilla/5.0 (Windows NT 10.0; Win64; x64) AppleWebKit/537.36 (KHTML, like Gecko) Chrome/114.0.0.0 Safari/537.36 Edg/114.0.1823.37 0.037
0:0:0:0:0:0:0:1 - - [08/Jun/2023:15:50:19 +0300] GET /api/am/devportal/v3/apis/746c7962-0923-4c21-be0e-a84d3748b57b/comments?limit=5&offset=0 HTTP/1.1 200 101 https://localhost:9443/devportal/apis/746c7962-0923-4c21-be0e-a84d3748b57b/overview Mozilla/5.0 (Windows NT 10.0; Win64; x64) AppleWebKit/537.36 (KHTML, like Gecko) Chrome/114.0.0.0 Safari/537.36 Edg/114.0.1823.37 0.026
0:0:0:0:0:0:0:1 - - [08/Jun/2023:15:50:19 +0300] GET /api/am/devportal/v3/apis/746c7962-0923-4c21-be0e-a84d3748b57b/thumbnail HTTP/1.1 204 - https://localhost:9443/devportal/apis/746c7962-0923-4c21-be0e-a84d3748b57b/overview Mozilla/5.0 (Windows NT 10.0; Win64; x64) AppleWebKit/537.36 (KHTML, like Gecko) Chrome/114.0.0.0 Safari/537.36 Edg/114.0.1823.37 0.045
0:0:0:0:0:0:0:1 - - [08/Jun/2023:15:50:19 +0300] GET /api/am/devportal/v3/apis/746c7962-0923-4c21-be0e-a84d3748b57b/ratings HTTP/1.1 200 125 https://localhost:9443/devportal/apis/746c7962-0923-4c21-be0e-a84d3748b57b/overview Mozilla/5.0 (Windows NT 10.0; Win64; x64) AppleWebKit/537.36 (KHTML, like Gecko) Chrome/114.0.0.0 Safari/537.36 Edg/114.0.1823.37 0.033
0:0:0:0:0:0:0:1 - - [08/Jun/2023:15:50:21 +0300] GET /devportal/site/public/images/_favicon.ico HTTP/1.1 200 1150 https://localhost:9443/devportal/applications Mozilla/5.0 (Windows NT 10.0; Win64; x64) AppleWebKit/537.36 (KHTML, like Gecko) Chrome/114.0.0.0 Safari/537.36 Edg/114.0.1823.37 0.004
0:0:0:0:0:0:0:1 - - [08/Jun/2023:15:50:21 +0300] GET /api/am/devportal/v3/swagger.yaml HTTP/1.1 200 26878 https://localhost:9443/devportal/applications Mozilla/5.0 (Windows NT 10.0; Win64; x64) AppleWebKit/537.36 (KHTML, like Gecko) Chrome/114.0.0.0 Safari/537.36 Edg/114.0.1823.37 0.020
0:0:0:0:0:0:0:1 - - [08/Jun/2023:15:50:21 +0300] GET /api/am/devportal/v3/applications?sortBy=name&sortOrder=asc&limit=10&offset=0 HTTP/1.1 200 374 https://localhost:9443/devportal/applications Mozilla/5.0 (Windows NT 10.0; Win64; x64) AppleWebKit/537.36 (KHTML, like Gecko) Chrome/114.0.0.0 Safari/537.36 Edg/114.0.1823.37 0.005
127.0.0.1 - - [08/Jun/2023:15:50:23 +0300] GET /keymanager-operations/dcr/register/MHFfRExjbVRFTmxsZmtqNk9JdjB2WDJ1Q0FJYQ%3D%3D HTTP/1.1 200 720 - Apache-HttpClient/4.5.13 (Java/20.0.1) 0.005
0:0:0:0:0:0:0:1 - - [08/Jun/2023:15:50:23 +0300] GET /api/am/devportal/v3/applications/d8414650-0dc6-4424-9310-830582be7bd1 HTTP/1.1 200 336 https://localhost:9443/devportal/applications/d8414650-0dc6-4424-9310-830582be7bd1 Mozilla/5.0 (Windows NT 10.0; Win64; x64) AppleWebKit/537.36 (KHTML, like Gecko) Chrome/114.0.0.0 Safari/537.36 Edg/114.0.1823.37 0.019
0:0:0:0:0:0:0:1 - - [08/Jun/2023:15:50:23 +0300] GET /api/am/devportal/v3/throttling-policies/application/20PerMin HTTP/1.1 200 493 https://localhost:9443/devportal/applications/d8414650-0dc6-4424-9310-830582be7bd1/overview Mozilla/5.0 (Windows NT 10.0; Win64; x64) AppleWebKit/537.36 (KHTML, like Gecko) Chrome/114.0.0.0 Safari/537.36 Edg/114.0.1823.37 0.008
0:0:0:0:0:0:0:1 - - [08/Jun/2023:15:50:23 +0300] GET /devportal/site/public/images/_favicon.ico HTTP/1.1 200 1150 https://localhost:9443/devportal/applications/d8414650-0dc6-4424-9310-830582be7bd1/overview Mozilla/5.0 (Windows NT 10.0; Win64; x64) AppleWebKit/537.36 (KHTML, like Gecko) Chrome/114.0.0.0 Safari/537.36 Edg/114.0.1823.37 0.002
127.0.0.1 - - [08/Jun/2023:15:50:23 +0300] GET /keymanager-operations/dcr/register/MHFfRExjbVRFTmxsZmtqNk9JdjB2WDJ1Q0FJYQ%3D%3D HTTP/1.1 200 720 - Apache-HttpClient/4.5.13 (Java/20.0.1) 0.017
0:0:0:0:0:0:0:1 - - [08/Jun/2023:15:50:23 +0300] GET /api/am/devportal/v3/applications/d8414650-0dc6-4424-9310-830582be7bd1 HTTP/1.1 200 336 https://localhost:9443/devportal/applications/d8414650-0dc6-4424-9310-830582be7bd1/overview Mozilla/5.0 (Windows NT 10.0; Win64; x64) AppleWebKit/537.36 (KHTML, like Gecko) Chrome/114.0.0.0 Safari/537.36 Edg/114.0.1823.37 0.030
0:0:0:0:0:0:0:1 - - [08/Jun/2023:15:50:23 +0300] GET /devportal/site/public/images/_favicon.ico HTTP/1.1 200 1150 https://localhost:9443/devportal/applications/d8414650-0dc6-4424-9310-830582be7bd1/overview Mozilla/5.0 (Windows NT 10.0; Win64; x64) AppleWebKit/537.36 (KHTML, like Gecko) Chrome/114.0.0.0 Safari/537.36 Edg/114.0.1823.37 0.005
0:0:0:0:0:0:0:1 - - [08/Jun/2023:15:50:23 +0300] GET /api/am/devportal/v3/throttling-policies/application/20PerMin HTTP/1.1 200 493 https://localhost:9443/devportal/applications/d8414650-0dc6-4424-9310-830582be7bd1/overview Mozilla/5.0 (Windows NT 10.0; Win64; x64) AppleWebKit/537.36 (KHTML, like Gecko) Chrome/114.0.0.0 Safari/537.36 Edg/114.0.1823.37 0.004
0:0:0:0:0:0:0:1 - - [08/Jun/2023:15:51:42 +0300] - 400 - - - 0.000
0:0:0:0:0:0:0:1 - - [08/Jun/2023:15:51:42 +0300] - 400 - - - 0.000
0:0:0:0:0:0:0:1 - - [08/Jun/2023:15:51:42 +0300] - 400 - - - 0.000
0:0:0:0:0:0:0:1 - - [08/Jun/2023:15:51:42 +0300] GET /devportal/site/public/images/_favicon.ico HTTP/1.1 200 1150 https://localhost:9443/devportal/applications/d8414650-0dc6-4424-9310-830582be7bd1/productionkeys/oauth Mozilla/5.0 (Windows NT 10.0; Win64; x64) AppleWebKit/537.36 (KHTML, like Gecko) Chrome/114.0.0.0 Safari/537.36 Edg/114.0.1823.37 0.003
0:0:0:0:0:0:0:1 - - [08/Jun/2023:15:51:42 +0300] GET /api/am/devportal/v3/swagger.yaml HTTP/1.1 200 26878 https://localhost:9443/devportal/applications/d8414650-0dc6-4424-9310-830582be7bd1/productionkeys/oauth Mozilla/5.0 (Windows NT 10.0; Win64; x64) AppleWebKit/537.36 (KHTML, like Gecko) Chrome/114.0.0.0 Safari/537.36 Edg/114.0.1823.37 0.026
127.0.0.1 - - [08/Jun/2023:15:51:42 +0300] GET /oauth2/token/.well-known/openid-configuration HTTP/1.1 200 2395 - Apache-HttpClient/4.5.13 (Java/20.0.1) 0.005
0:0:0:0:0:0:0:1 - - [08/Jun/2023:15:51:42 +0300] GET /api/am/devportal/v3/key-managers HTTP/1.1 200 763 https://localhost:9443/devportal/applications/d8414650-0dc6-4424-9310-830582be7bd1/productionkeys/oauth Mozilla/5.0 (Windows NT 10.0; Win64; x64) AppleWebKit/537.36 (KHTML, like Gecko) Chrome/114.0.0.0 Safari/537.36 Edg/114.0.1823.37 0.383
127.0.0.1 - - [08/Jun/2023:15:51:42 +0300] GET /keymanager-operations/dcr/register/MHFfRExjbVRFTmxsZmtqNk9JdjB2WDJ1Q0FJYQ%3D%3D HTTP/1.1 200 720 - Apache-HttpClient/4.5.13 (Java/20.0.1) 0.007
0:0:0:0:0:0:0:1 - - [08/Jun/2023:15:51:42 +0300] GET /api/am/devportal/v3/applications/d8414650-0dc6-4424-9310-830582be7bd1 HTTP/1.1 200 336 https://localhost:9443/devportal/applications/d8414650-0dc6-4424-9310-830582be7bd1/productionkeys/oauth Mozilla/5.0 (Windows NT 10.0; Win64; x64) AppleWebKit/537.36 (KHTML, like Gecko) Chrome/114.0.0.0 Safari/537.36 Edg/114.0.1823.37 0.023
127.0.0.1 - - [08/Jun/2023:15:51:42 +0300] GET /keymanager-operations/dcr/register/MHFfRExjbVRFTmxsZmtqNk9JdjB2WDJ1Q0FJYQ%3D%3D HTTP/1.1 200 720 - Apache-HttpClient/4.5.13 (Java/20.0.1) 0.006
0:0:0:0:0:0:0:1 - - [08/Jun/2023:15:51:42 +0300] GET /api/am/devportal/v3/applications/d8414650-0dc6-4424-9310-830582be7bd1/oauth-keys HTTP/1.1 200 868 https://localhost:9443/devportal/applications/d8414650-0dc6-4424-9310-830582be7bd1/productionkeys/oauth Mozilla/5.0 (Windows NT 10.0; Win64; x64) AppleWebKit/537.36 (KHTML, like Gecko) Chrome/114.0.0.0 Safari/537.36 Edg/114.0.1823.37 0.014
0:0:0:0:0:0:0:1 - - [08/Jun/2023:15:51:42 +0300] GET /api/am/devportal/v3/swagger.yaml HTTP/1.1 200 26878 https://localhost:9443/devportal/applications/d8414650-0dc6-4424-9310-830582be7bd1/productionkeys/oauth Mozilla/5.0 (Windows NT 10.0; Win64; x64) AppleWebKit/537.36 (KHTML, like Gecko) Chrome/114.0.0.0 Safari/537.36 Edg/114.0.1823.37 0.010
127.0.0.1 - - [08/Jun/2023:15:51:42 +0300] GET /keymanager-operations/dcr/register/MHFfRExjbVRFTmxsZmtqNk9JdjB2WDJ1Q0FJYQ%3D%3D HTTP/1.1 200 720 - Apache-HttpClient/4.5.13 (Java/20.0.1) 0.003
0:0:0:0:0:0:0:1 - - [08/Jun/2023:15:51:42 +0300] GET /api/am/devportal/v3/applications/d8414650-0dc6-4424-9310-830582be7bd1 HTTP/1.1 200 336 https://localhost:9443/devportal/applications/d8414650-0dc6-4424-9310-830582be7bd1/productionkeys/oauth Mozilla/5.0 (Windows NT 10.0; Win64; x64) AppleWebKit/537.36 (KHTML, like Gecko) Chrome/114.0.0.0 Safari/537.36 Edg/114.0.1823.37 0.091
127.0.0.1 - - [08/Jun/2023:15:51:42 +0300] GET /keymanager-operations/dcr/register/MHFfRExjbVRFTmxsZmtqNk9JdjB2WDJ1Q0FJYQ%3D%3D HTTP/1.1 200 720 - Apache-HttpClient/4.5.13 (Java/20.0.1) 0.003
0:0:0:0:0:0:0:1 - - [08/Jun/2023:15:51:42 +0300] GET /api/am/devportal/v3/applications/d8414650-0dc6-4424-9310-830582be7bd1/oauth-keys HTTP/1.1 200 868 https://localhost:9443/devportal/applications/d8414650-0dc6-4424-9310-830582be7bd1/productionkeys/oauth Mozilla/5.0 (Windows NT 10.0; Win64; x64) AppleWebKit/537.36 (KHTML, like Gecko) Chrome/114.0.0.0 Safari/537.36 Edg/114.0.1823.37 0.010
0:0:0:0:0:0:0:1 - - [08/Jun/2023:15:51:56 +0300] GET /api/am/devportal/v3/swagger.yaml HTTP/1.1 200 26878 https://localhost:9443/devportal/applications Mozilla/5.0 (Windows NT 10.0; Win64; x64) AppleWebKit/537.36 (KHTML, like Gecko) Chrome/114.0.0.0 Safari/537.36 Edg/114.0.1823.37 0.025
0:0:0:0:0:0:0:1 - - [08/Jun/2023:15:51:56 +0300] GET /devportal/site/public/images/_favicon.ico HTTP/1.1 200 1150 https://localhost:9443/devportal/applications Mozilla/5.0 (Windows NT 10.0; Win64; x64) AppleWebKit/537.36 (KHTML, like Gecko) Chrome/114.0.0.0 Safari/537.36 Edg/114.0.1823.37 0.018
0:0:0:0:0:0:0:1 - - [08/Jun/2023:15:51:56 +0300] GET /api/am/devportal/v3/applications?sortBy=name&sortOrder=asc&limit=10&offset=0 HTTP/1.1 200 374 https://localhost:9443/devportal/applications Mozilla/5.0 (Windows NT 10.0; Win64; x64) AppleWebKit/537.36 (KHTML, like Gecko) Chrome/114.0.0.0 Safari/537.36 Edg/114.0.1823.37 0.006
127.0.0.1 - - [08/Jun/2023:15:52:01 +0300] GET /keymanager-operations/dcr/register/MHFfRExjbVRFTmxsZmtqNk9JdjB2WDJ1Q0FJYQ%3D%3D HTTP/1.1 200 720 - Apache-HttpClient/4.5.13 (Java/20.0.1) 0.003
0:0:0:0:0:0:0:1 - - [08/Jun/2023:15:52:01 +0300] GET /api/am/devportal/v3/applications/d8414650-0dc6-4424-9310-830582be7bd1 HTTP/1.1 200 336 https://localhost:9443/devportal/applications/d8414650-0dc6-4424-9310-830582be7bd1 Mozilla/5.0 (Windows NT 10.0; Win64; x64) AppleWebKit/537.36 (KHTML, like Gecko) Chrome/114.0.0.0 Safari/537.36 Edg/114.0.1823.37 0.016
0:0:0:0:0:0:0:1 - - [08/Jun/2023:15:52:01 +0300] GET /devportal/site/public/images/_favicon.ico HTTP/1.1 200 1150 https://localhost:9443/devportal/applications/d8414650-0dc6-4424-9310-830582be7bd1/overview Mozilla/5.0 (Windows NT 10.0; Win64; x64) AppleWebKit/537.36 (KHTML, like Gecko) Chrome/114.0.0.0 Safari/537.36 Edg/114.0.1823.37 0.013
0:0:0:0:0:0:0:1 - - [08/Jun/2023:15:52:01 +0300] GET /devportal/site/public/images/_favicon.ico HTTP/1.1 200 1150 https://localhost:9443/devportal/applications/d8414650-0dc6-4424-9310-830582be7bd1/overview Mozilla/5.0 (Windows NT 10.0; Win64; x64) AppleWebKit/537.36 (KHTML, like Gecko) Chrome/114.0.0.0 Safari/537.36 Edg/114.0.1823.37 0.002
0:0:0:0:0:0:0:1 - - [08/Jun/2023:15:52:01 +0300] GET /api/am/devportal/v3/throttling-policies/application/20PerMin HTTP/1.1 200 493 https://localhost:9443/devportal/applications/d8414650-0dc6-4424-9310-830582be7bd1/overview Mozilla/5.0 (Windows NT 10.0; Win64; x64) AppleWebKit/537.36 (KHTML, like Gecko) Chrome/114.0.0.0 Safari/537.36 Edg/114.0.1823.37 0.011
127.0.0.1 - - [08/Jun/2023:15:52:01 +0300] GET /keymanager-operations/dcr/register/MHFfRExjbVRFTmxsZmtqNk9JdjB2WDJ1Q0FJYQ%3D%3D HTTP/1.1 200 720 - Apache-HttpClient/4.5.13 (Java/20.0.1) 0.004
0:0:0:0:0:0:0:1 - - [08/Jun/2023:15:52:01 +0300] GET /api/am/devportal/v3/applications/d8414650-0dc6-4424-9310-830582be7bd1 HTTP/1.1 200 336 https://localhost:9443/devportal/applications/d8414650-0dc6-4424-9310-830582be7bd1/overview Mozilla/5.0 (Windows NT 10.0; Win64; x64) AppleWebKit/537.36 (KHTML, like Gecko) Chrome/114.0.0.0 Safari/537.36 Edg/114.0.1823.37 0.018
0:0:0:0:0:0:0:1 - - [08/Jun/2023:15:52:01 +0300] GET /api/am/devportal/v3/throttling-policies/application/20PerMin HTTP/1.1 200 493 https://localhost:9443/devportal/applications/d8414650-0dc6-4424-9310-830582be7bd1/overview Mozilla/5.0 (Windows NT 10.0; Win64; x64) AppleWebKit/537.36 (KHTML, like Gecko) Chrome/114.0.0.0 Safari/537.36 Edg/114.0.1823.37 0.003
0:0:0:0:0:0:0:1 - - [08/Jun/2023:15:52:04 +0300] GET /api/am/devportal/v3/api-categories HTTP/1.1 200 21 https://localhost:9443/devportal/apis Mozilla/5.0 (Windows NT 10.0; Win64; x64) AppleWebKit/537.36 (KHTML, like Gecko) Chrome/114.0.0.0 Safari/537.36 Edg/114.0.1823.37 0.016
0:0:0:0:0:0:0:1 - - [08/Jun/2023:15:52:04 +0300] GET /devportal/site/public/images/_favicon.ico HTTP/1.1 200 1150 https://localhost:9443/devportal/apis Mozilla/5.0 (Windows NT 10.0; Win64; x64) AppleWebKit/537.36 (KHTML, like Gecko) Chrome/114.0.0.0 Safari/537.36 Edg/114.0.1823.37 0.004
0:0:0:0:0:0:0:1 - - [08/Jun/2023:15:52:04 +0300] - 400 - - - 0.000
0:0:0:0:0:0:0:1 - - [08/Jun/2023:15:52:04 +0300] GET /api/am/devportal/v3/tags HTTP/1.1 200 119 https://localhost:9443/devportal/apis Mozilla/5.0 (Windows NT 10.0; Win64; x64) AppleWebKit/537.36 (KHTML, like Gecko) Chrome/114.0.0.0 Safari/537.36 Edg/114.0.1823.37 0.038
0:0:0:0:0:0:0:1 - - [08/Jun/2023:15:52:04 +0300] GET /api/am/devportal/v3/apis?limit=10&offset=0 HTTP/1.1 200 840 https://localhost:9443/devportal/apis Mozilla/5.0 (Windows NT 10.0; Win64; x64) AppleWebKit/537.36 (KHTML, like Gecko) Chrome/114.0.0.0 Safari/537.36 Edg/114.0.1823.37 0.056
0:0:0:0:0:0:0:1 - - [08/Jun/2023:15:52:04 +0300] GET /api/am/devportal/v3/apis/746c7962-0923-4c21-be0e-a84d3748b57b/ratings HTTP/1.1 200 125 https://localhost:9443/devportal/apis Mozilla/5.0 (Windows NT 10.0; Win64; x64) AppleWebKit/537.36 (KHTML, like Gecko) Chrome/114.0.0.0 Safari/537.36 Edg/114.0.1823.37 0.009
0:0:0:0:0:0:0:1 - - [08/Jun/2023:15:52:06 +0300] - 400 - - - 0.000
0:0:0:0:0:0:0:1 - - [08/Jun/2023:15:52:06 +0300] - 400 - - - 0.000
0:0:0:0:0:0:0:1 - - [08/Jun/2023:15:52:06 +0300] GET /api/am/devportal/v3/applications?limit=5000 HTTP/1.1 200 376 https://localhost:9443/devportal/apis/746c7962-0923-4c21-be0e-a84d3748b57b/overview Mozilla/5.0 (Windows NT 10.0; Win64; x64) AppleWebKit/537.36 (KHTML, like Gecko) Chrome/114.0.0.0 Safari/537.36 Edg/114.0.1823.37 0.008
0:0:0:0:0:0:0:1 - - [08/Jun/2023:15:52:06 +0300] GET /devportal/site/public/images/_favicon.ico HTTP/1.1 200 1150 https://localhost:9443/devportal/apis/746c7962-0923-4c21-be0e-a84d3748b57b/overview Mozilla/5.0 (Windows NT 10.0; Win64; x64) AppleWebKit/537.36 (KHTML, like Gecko) Chrome/114.0.0.0 Safari/537.36 Edg/114.0.1823.37 0.002
0:0:0:0:0:0:0:1 - - [08/Jun/2023:15:52:06 +0300] GET /api/am/devportal/v3/apis/746c7962-0923-4c21-be0e-a84d3748b57b HTTP/1.1 200 2479 https://localhost:9443/devportal/apis/746c7962-0923-4c21-be0e-a84d3748b57b/overview Mozilla/5.0 (Windows NT 10.0; Win64; x64) AppleWebKit/537.36 (KHTML, like Gecko) Chrome/114.0.0.0 Safari/537.36 Edg/114.0.1823.37 0.051
127.0.0.1 - - [08/Jun/2023:15:52:06 +0300] GET /keymanager-operations/dcr/register/MHFfRExjbVRFTmxsZmtqNk9JdjB2WDJ1Q0FJYQ%3D%3D HTTP/1.1 200 720 - Apache-HttpClient/4.5.13 (Java/20.0.1) 0.014
127.0.0.1 - - [08/Jun/2023:15:52:06 +0300] GET /keymanager-operations/dcr/register/MHFfRExjbVRFTmxsZmtqNk9JdjB2WDJ1Q0FJYQ%3D%3D HTTP/1.1 200 720 - Apache-HttpClient/4.5.13 (Java/20.0.1) 0.010
0:0:0:0:0:0:0:1 - - [08/Jun/2023:15:52:06 +0300] GET /api/am/devportal/v3/subscriptions?apiId=746c7962-0923-4c21-be0e-a84d3748b57b&limit=25 HTTP/1.1 200 781 https://localhost:9443/devportal/apis/746c7962-0923-4c21-be0e-a84d3748b57b/overview Mozilla/5.0 (Windows NT 10.0; Win64; x64) AppleWebKit/537.36 (KHTML, like Gecko) Chrome/114.0.0.0 Safari/537.36 Edg/114.0.1823.37 0.068
0:0:0:0:0:0:0:1 - - [08/Jun/2023:15:52:06 +0300] GET /api/am/devportal/v3/subscriptions?apiId=746c7962-0923-4c21-be0e-a84d3748b57b&limit=5000 HTTP/1.1 200 782 https://localhost:9443/devportal/apis/746c7962-0923-4c21-be0e-a84d3748b57b/overview Mozilla/5.0 (Windows NT 10.0; Win64; x64) AppleWebKit/537.36 (KHTML, like Gecko) Chrome/114.0.0.0 Safari/537.36 Edg/114.0.1823.37 0.071
0:0:0:0:0:0:0:1 - - [08/Jun/2023:15:52:06 +0300] GET /api/am/devportal/v3/throttling-policies/subscription HTTP/1.1 200 634 https://localhost:9443/devportal/apis/746c7962-0923-4c21-be0e-a84d3748b57b/overview Mozilla/5.0 (Windows NT 10.0; Win64; x64) AppleWebKit/537.36 (KHTML, like Gecko) Chrome/114.0.0.0 Safari/537.36 Edg/114.0.1823.37 0.004
0:0:0:0:0:0:0:1 - - [08/Jun/2023:15:52:06 +0300] GET /api/am/devportal/v3/throttling-policies/subscription HTTP/1.1 200 634 https://localhost:9443/devportal/apis/746c7962-0923-4c21-be0e-a84d3748b57b/overview Mozilla/5.0 (Windows NT 10.0; Win64; x64) AppleWebKit/537.36 (KHTML, like Gecko) Chrome/114.0.0.0 Safari/537.36 Edg/114.0.1823.37 0.014
0:0:0:0:0:0:0:1 - - [08/Jun/2023:15:52:06 +0300] GET /api/am/devportal/v3/apis/746c7962-0923-4c21-be0e-a84d3748b57b/documents HTTP/1.1 200 92 https://localhost:9443/devportal/apis/746c7962-0923-4c21-be0e-a84d3748b57b/overview Mozilla/5.0 (Windows NT 10.0; Win64; x64) AppleWebKit/537.36 (KHTML, like Gecko) Chrome/114.0.0.0 Safari/537.36 Edg/114.0.1823.37 0.026
0:0:0:0:0:0:0:1 - - [08/Jun/2023:15:52:06 +0300] GET /api/am/devportal/v3/apis/746c7962-0923-4c21-be0e-a84d3748b57b/documents HTTP/1.1 200 92 https://localhost:9443/devportal/apis/746c7962-0923-4c21-be0e-a84d3748b57b/overview Mozilla/5.0 (Windows NT 10.0; Win64; x64) AppleWebKit/537.36 (KHTML, like Gecko) Chrome/114.0.0.0 Safari/537.36 Edg/114.0.1823.37 0.104
0:0:0:0:0:0:0:1 - - [08/Jun/2023:15:52:06 +0300] GET /api/am/devportal/v3/apis/746c7962-0923-4c21-be0e-a84d3748b57b/comments?limit=5&offset=0 HTTP/1.1 200 101 https://localhost:9443/devportal/apis/746c7962-0923-4c21-be0e-a84d3748b57b/overview Mozilla/5.0 (Windows NT 10.0; Win64; x64) AppleWebKit/537.36 (KHTML, like Gecko) Chrome/114.0.0.0 Safari/537.36 Edg/114.0.1823.37 0.012
0:0:0:0:0:0:0:1 - - [08/Jun/2023:15:52:06 +0300] GET /api/am/devportal/v3/apis/746c7962-0923-4c21-be0e-a84d3748b57b/thumbnail HTTP/1.1 204 - https://localhost:9443/devportal/apis/746c7962-0923-4c21-be0e-a84d3748b57b/overview Mozilla/5.0 (Windows NT 10.0; Win64; x64) AppleWebKit/537.36 (KHTML, like Gecko) Chrome/114.0.0.0 Safari/537.36 Edg/114.0.1823.37 0.024
0:0:0:0:0:0:0:1 - - [08/Jun/2023:15:52:06 +0300] GET /api/am/devportal/v3/apis/746c7962-0923-4c21-be0e-a84d3748b57b/ratings HTTP/1.1 200 125 https://localhost:9443/devportal/apis/746c7962-0923-4c21-be0e-a84d3748b57b/overview Mozilla/5.0 (Windows NT 10.0; Win64; x64) AppleWebKit/537.36 (KHTML, like Gecko) Chrome/114.0.0.0 Safari/537.36 Edg/114.0.1823.37 0.032
0:0:0:0:0:0:0:1 - - [08/Jun/2023:15:52:09 +0300] GET /devportal/site/public/images/_favicon.ico HTTP/1.1 200 1150 https://localhost:9443/devportal/applications Mozilla/5.0 (Windows NT 10.0; Win64; x64) AppleWebKit/537.36 (KHTML, like Gecko) Chrome/114.0.0.0 Safari/537.36 Edg/114.0.1823.37 0.004
0:0:0:0:0:0:0:1 - - [08/Jun/2023:15:52:09 +0300] GET /api/am/devportal/v3/swagger.yaml HTTP/1.1 200 26878 https://localhost:9443/devportal/applications Mozilla/5.0 (Windows NT 10.0; Win64; x64) AppleWebKit/537.36 (KHTML, like Gecko) Chrome/114.0.0.0 Safari/537.36 Edg/114.0.1823.37 0.019
0:0:0:0:0:0:0:1 - - [08/Jun/2023:15:52:09 +0300] GET /api/am/devportal/v3/applications?sortBy=name&sortOrder=asc&limit=10&offset=0 HTTP/1.1 200 374 https://localhost:9443/devportal/applications Mozilla/5.0 (Windows NT 10.0; Win64; x64) AppleWebKit/537.36 (KHTML, like Gecko) Chrome/114.0.0.0 Safari/537.36 Edg/114.0.1823.37 0.005
127.0.0.1 - - [08/Jun/2023:15:52:11 +0300] GET /keymanager-operations/dcr/register/MHFfRExjbVRFTmxsZmtqNk9JdjB2WDJ1Q0FJYQ%3D%3D HTTP/1.1 200 720 - Apache-HttpClient/4.5.13 (Java/20.0.1) 0.003
0:0:0:0:0:0:0:1 - - [08/Jun/2023:15:52:11 +0300] GET /api/am/devportal/v3/applications/d8414650-0dc6-4424-9310-830582be7bd1 HTTP/1.1 200 336 https://localhost:9443/devportal/applications/d8414650-0dc6-4424-9310-830582be7bd1 Mozilla/5.0 (Windows NT 10.0; Win64; x64) AppleWebKit/537.36 (KHTML, like Gecko) Chrome/114.0.0.0 Safari/537.36 Edg/114.0.1823.37 0.014
0:0:0:0:0:0:0:1 - - [08/Jun/2023:15:52:11 +0300] GET /devportal/site/public/images/_favicon.ico HTTP/1.1 200 1150 https://localhost:9443/devportal/applications/d8414650-0dc6-4424-9310-830582be7bd1/overview Mozilla/5.0 (Windows NT 10.0; Win64; x64) AppleWebKit/537.36 (KHTML, like Gecko) Chrome/114.0.0.0 Safari/537.36 Edg/114.0.1823.37 0.003
0:0:0:0:0:0:0:1 - - [08/Jun/2023:15:52:11 +0300] GET /devportal/site/public/images/_favicon.ico HTTP/1.1 200 1150 https://localhost:9443/devportal/applications/d8414650-0dc6-4424-9310-830582be7bd1/overview Mozilla/5.0 (Windows NT 10.0; Win64; x64) AppleWebKit/537.36 (KHTML, like Gecko) Chrome/114.0.0.0 Safari/537.36 Edg/114.0.1823.37 0.002
0:0:0:0:0:0:0:1 - - [08/Jun/2023:15:52:11 +0300] GET /api/am/devportal/v3/throttling-policies/application/20PerMin HTTP/1.1 200 493 https://localhost:9443/devportal/applications/d8414650-0dc6-4424-9310-830582be7bd1/overview Mozilla/5.0 (Windows NT 10.0; Win64; x64) AppleWebKit/537.36 (KHTML, like Gecko) Chrome/114.0.0.0 Safari/537.36 Edg/114.0.1823.37 0.009
127.0.0.1 - - [08/Jun/2023:15:52:11 +0300] GET /keymanager-operations/dcr/register/MHFfRExjbVRFTmxsZmtqNk9JdjB2WDJ1Q0FJYQ%3D%3D HTTP/1.1 200 720 - Apache-HttpClient/4.5.13 (Java/20.0.1) 0.004
0:0:0:0:0:0:0:1 - - [08/Jun/2023:15:52:11 +0300] GET /api/am/devportal/v3/applications/d8414650-0dc6-4424-9310-830582be7bd1 HTTP/1.1 200 336 https://localhost:9443/devportal/applications/d8414650-0dc6-4424-9310-830582be7bd1/overview Mozilla/5.0 (Windows NT 10.0; Win64; x64) AppleWebKit/537.36 (KHTML, like Gecko) Chrome/114.0.0.0 Safari/537.36 Edg/114.0.1823.37 0.028
0:0:0:0:0:0:0:1 - - [08/Jun/2023:15:52:11 +0300] GET /api/am/devportal/v3/throttling-policies/application/20PerMin HTTP/1.1 200 493 https://localhost:9443/devportal/applications/d8414650-0dc6-4424-9310-830582be7bd1/overview Mozilla/5.0 (Windows NT 10.0; Win64; x64) AppleWebKit/537.36 (KHTML, like Gecko) Chrome/114.0.0.0 Safari/537.36 Edg/114.0.1823.37 0.004
0:0:0:0:0:0:0:1 - - [08/Jun/2023:15:52:13 +0300] GET /api/am/devportal/v3/swagger.yaml HTTP/1.1 200 26878 https://localhost:9443/devportal/applications/d8414650-0dc6-4424-9310-830582be7bd1/productionkeys/oauth Mozilla/5.0 (Windows NT 10.0; Win64; x64) AppleWebKit/537.36 (KHTML, like Gecko) Chrome/114.0.0.0 Safari/537.36 Edg/114.0.1823.37 0.030
0:0:0:0:0:0:0:1 - - [08/Jun/2023:15:52:14 +0300] GET /devportal/site/public/images/_favicon.ico HTTP/1.1 200 1150 https://localhost:9443/devportal/applications/d8414650-0dc6-4424-9310-830582be7bd1/productionkeys/oauth Mozilla/5.0 (Windows NT 10.0; Win64; x64) AppleWebKit/537.36 (KHTML, like Gecko) Chrome/114.0.0.0 Safari/537.36 Edg/114.0.1823.37 0.023
127.0.0.1 - - [08/Jun/2023:15:52:14 +0300] GET /oauth2/token/.well-known/openid-configuration HTTP/1.1 200 2395 - Apache-HttpClient/4.5.13 (Java/20.0.1) 0.005
0:0:0:0:0:0:0:1 - - [08/Jun/2023:15:52:14 +0300] GET /api/am/devportal/v3/key-managers HTTP/1.1 200 763 https://localhost:9443/devportal/applications/d8414650-0dc6-4424-9310-830582be7bd1/productionkeys/oauth Mozilla/5.0 (Windows NT 10.0; Win64; x64) AppleWebKit/537.36 (KHTML, like Gecko) Chrome/114.0.0.0 Safari/537.36 Edg/114.0.1823.37 0.096
127.0.0.1 - - [08/Jun/2023:15:52:14 +0300] GET /keymanager-operations/dcr/register/MHFfRExjbVRFTmxsZmtqNk9JdjB2WDJ1Q0FJYQ%3D%3D HTTP/1.1 200 720 - Apache-HttpClient/4.5.13 (Java/20.0.1) 0.005
0:0:0:0:0:0:0:1 - - [08/Jun/2023:15:52:14 +0300] GET /api/am/devportal/v3/applications/d8414650-0dc6-4424-9310-830582be7bd1 HTTP/1.1 200 336 https://localhost:9443/devportal/applications/d8414650-0dc6-4424-9310-830582be7bd1/productionkeys/oauth Mozilla/5.0 (Windows NT 10.0; Win64; x64) AppleWebKit/537.36 (KHTML, like Gecko) Chrome/114.0.0.0 Safari/537.36 Edg/114.0.1823.37 0.082
127.0.0.1 - - [08/Jun/2023:15:52:14 +0300] GET /keymanager-operations/dcr/register/MHFfRExjbVRFTmxsZmtqNk9JdjB2WDJ1Q0FJYQ%3D%3D HTTP/1.1 200 720 - Apache-HttpClient/4.5.13 (Java/20.0.1) 0.004
0:0:0:0:0:0:0:1 - - [08/Jun/2023:15:52:14 +0300] GET /api/am/devportal/v3/applications/d8414650-0dc6-4424-9310-830582be7bd1/oauth-keys HTTP/1.1 200 868 https://localhost:9443/devportal/applications/d8414650-0dc6-4424-9310-830582be7bd1/productionkeys/oauth Mozilla/5.0 (Windows NT 10.0; Win64; x64) AppleWebKit/537.36 (KHTML, like Gecko) Chrome/114.0.0.0 Safari/537.36 Edg/114.0.1823.37 0.013
0:0:0:0:0:0:0:1 - - [08/Jun/2023:15:52:14 +0300] GET /api/am/devportal/v3/swagger.yaml HTTP/1.1 200 26878 https://localhost:9443/devportal/applications/d8414650-0dc6-4424-9310-830582be7bd1/productionkeys/oauth Mozilla/5.0 (Windows NT 10.0; Win64; x64) AppleWebKit/537.36 (KHTML, like Gecko) Chrome/114.0.0.0 Safari/537.36 Edg/114.0.1823.37 0.015
127.0.0.1 - - [08/Jun/2023:15:52:14 +0300] GET /keymanager-operations/dcr/register/MHFfRExjbVRFTmxsZmtqNk9JdjB2WDJ1Q0FJYQ%3D%3D HTTP/1.1 200 720 - Apache-HttpClient/4.5.13 (Java/20.0.1) 0.005
