127.0.0.1 - - [09/Jun/2023:09:28:05 +0300] GET /keymanager-operations/dcr/register/MHFfRExjbVRFTmxsZmtqNk9JdjB2WDJ1Q0FJYQ%3D%3D HTTP/1.1 200 720 - Apache-HttpClient/4.5.13 (Java/20.0.1) 0.006
0:0:0:0:0:0:0:1 - - [09/Jun/2023:09:28:05 +0300] GET /api/am/devportal/v3/applications/d8414650-0dc6-4424-9310-830582be7bd1/oauth-keys HTTP/1.1 200 868 https://localhost:9443/devportal/apis/b708e07c-f833-4577-9072-b66243c058b3/test Mozilla/5.0 (Windows NT 10.0; Win64; x64) AppleWebKit/537.36 (KHTML, like Gecko) Chrome/114.0.0.0 Safari/537.36 Edg/114.0.1823.37 0.015
127.0.0.1 - - [09/Jun/2023:09:28:05 +0300] GET /keymanager-operations/dcr/register/MHFfRExjbVRFTmxsZmtqNk9JdjB2WDJ1Q0FJYQ%3D%3D HTTP/1.1 200 720 - Apache-HttpClient/4.5.13 (Java/20.0.1) 0.006
0:0:0:0:0:0:0:1 - - [09/Jun/2023:09:28:05 +0300] GET /api/am/devportal/v3/applications/d8414650-0dc6-4424-9310-830582be7bd1/oauth-keys HTTP/1.1 200 868 https://localhost:9443/devportal/apis/b708e07c-f833-4577-9072-b66243c058b3/test Mozilla/5.0 (Windows NT 10.0; Win64; x64) AppleWebKit/537.36 (KHTML, like Gecko) Chrome/114.0.0.0 Safari/537.36 Edg/114.0.1823.37 0.012
0:0:0:0:0:0:0:1 - - [09/Jun/2023:09:28:11 +0300] GET /api/am/devportal/v3/swagger.yaml HTTP/1.1 200 26878 https://localhost:9443/devportal/apis/b708e07c-f833-4577-9072-b66243c058b3/test Mozilla/5.0 (Windows NT 10.0; Win64; x64) AppleWebKit/537.36 (KHTML, like Gecko) Chrome/114.0.0.0 Safari/537.36 Edg/114.0.1823.37 0.022
127.0.0.1 - - [09/Jun/2023:09:28:11 +0300] GET /keymanager-operations/dcr/register/MHFfRExjbVRFTmxsZmtqNk9JdjB2WDJ1Q0FJYQ%3D%3D HTTP/1.1 200 720 - Apache-HttpClient/4.5.13 (Java/20.0.1) 0.004
0:0:0:0:0:0:0:1 - - [09/Jun/2023:09:28:11 +0300] GET /api/am/devportal/v3/applications/d8414650-0dc6-4424-9310-830582be7bd1 HTTP/1.1 200 336 https://localhost:9443/devportal/apis/b708e07c-f833-4577-9072-b66243c058b3/test Mozilla/5.0 (Windows NT 10.0; Win64; x64) AppleWebKit/537.36 (KHTML, like Gecko) Chrome/114.0.0.0 Safari/537.36 Edg/114.0.1823.37 0.019
127.0.0.1 - - [09/Jun/2023:09:28:11 +0300] GET /keymanager-operations/dcr/register/MHFfRExjbVRFTmxsZmtqNk9JdjB2WDJ1Q0FJYQ%3D%3D HTTP/1.1 200 720 - Apache-HttpClient/4.5.13 (Java/20.0.1) 0.003
0:0:0:0:0:0:0:1 - - [09/Jun/2023:09:28:11 +0300] GET /api/am/devportal/v3/applications/d8414650-0dc6-4424-9310-830582be7bd1/oauth-keys HTTP/1.1 200 868 https://localhost:9443/devportal/apis/b708e07c-f833-4577-9072-b66243c058b3/test Mozilla/5.0 (Windows NT 10.0; Win64; x64) AppleWebKit/537.36 (KHTML, like Gecko) Chrome/114.0.0.0 Safari/537.36 Edg/114.0.1823.37 0.015
0:0:0:0:0:0:0:1 - - [09/Jun/2023:09:28:34 +0300] GET /api/am/devportal/v3/swagger.yaml HTTP/1.1 200 26878 https://localhost:9443/devportal/apis/b708e07c-f833-4577-9072-b66243c058b3/test Mozilla/5.0 (Windows NT 10.0; Win64; x64) AppleWebKit/537.36 (KHTML, like Gecko) Chrome/114.0.0.0 Safari/537.36 Edg/114.0.1823.37 0.030
127.0.0.1 - - [09/Jun/2023:09:28:35 +0300] GET /keymanager-operations/dcr/register/V3B0cWtoX05ORTdyak1weXM0Y3VIc0FNallNYQ%3D%3D HTTP/1.1 200 720 - Apache-HttpClient/4.5.13 (Java/20.0.1) 0.005
0:0:0:0:0:0:0:1 - - [09/Jun/2023:09:28:35 +0300] GET /api/am/devportal/v3/applications/a2385395-c1a6-420a-a994-b4d9358fd5ff HTTP/1.1 200 335 https://localhost:9443/devportal/apis/b708e07c-f833-4577-9072-b66243c058b3/test Mozilla/5.0 (Windows NT 10.0; Win64; x64) AppleWebKit/537.36 (KHTML, like Gecko) Chrome/114.0.0.0 Safari/537.36 Edg/114.0.1823.37 0.017
127.0.0.1 - - [09/Jun/2023:09:28:35 +0300] GET /keymanager-operations/dcr/register/V3B0cWtoX05ORTdyak1weXM0Y3VIc0FNallNYQ%3D%3D HTTP/1.1 200 720 - Apache-HttpClient/4.5.13 (Java/20.0.1) 0.005
0:0:0:0:0:0:0:1 - - [09/Jun/2023:09:28:35 +0300] GET /api/am/devportal/v3/applications/a2385395-c1a6-420a-a994-b4d9358fd5ff/oauth-keys HTTP/1.1 200 868 https://localhost:9443/devportal/apis/b708e07c-f833-4577-9072-b66243c058b3/test Mozilla/5.0 (Windows NT 10.0; Win64; x64) AppleWebKit/537.36 (KHTML, like Gecko) Chrome/114.0.0.0 Safari/537.36 Edg/114.0.1823.37 0.013
0:0:0:0:0:0:0:1 - - [09/Jun/2023:10:01:20 +0300] - 400 - - - 0.000
0:0:0:0:0:0:0:1 - - [09/Jun/2023:10:01:26 +0300] GET /api/am/publisher/v4/apis?limit=10&offset=0 HTTP/1.1 200 571 https://localhost:9443/publisher/apis Mozilla/5.0 (Windows NT 10.0; Win64; x64) AppleWebKit/537.36 (KHTML, like Gecko) Chrome/114.0.0.0 Safari/537.36 Edg/114.0.1823.37 6.034
0:0:0:0:0:0:0:1 - - [09/Jun/2023:10:02:15 +0300] - 400 - - - 0.000
0:0:0:0:0:0:0:1 - - [09/Jun/2023:10:02:15 +0300] GET /api/am/publisher/v4/tenants?state=active HTTP/1.1 200 96 https://localhost:9443/publisher/apis/8485612f-b238-4e6d-9c05-e116e15f9121/overview Mozilla/5.0 (Windows NT 10.0; Win64; x64) AppleWebKit/537.36 (KHTML, like Gecko) Chrome/114.0.0.0 Safari/537.36 Edg/114.0.1823.37 0.028
0:0:0:0:0:0:0:1 - - [09/Jun/2023:10:02:15 +0300] GET /api/am/publisher/v4/apis/8485612f-b238-4e6d-9c05-e116e15f9121 HTTP/1.1 200 1196 https://localhost:9443/publisher/apis/8485612f-b238-4e6d-9c05-e116e15f9121/overview Mozilla/5.0 (Windows NT 10.0; Win64; x64) AppleWebKit/537.36 (KHTML, like Gecko) Chrome/114.0.0.0 Safari/537.36 Edg/114.0.1823.37 0.143
0:0:0:0:0:0:0:1 - - [09/Jun/2023:10:02:16 +0300] - 400 - - - 0.000
0:0:0:0:0:0:0:1 - - [09/Jun/2023:10:02:16 +0300] GET /api/am/publisher/v4/apis/8485612f-b238-4e6d-9c05-e116e15f9121/revisions HTTP/1.1 200 404 https://localhost:9443/publisher/apis/8485612f-b238-4e6d-9c05-e116e15f9121/overview Mozilla/5.0 (Windows NT 10.0; Win64; x64) AppleWebKit/537.36 (KHTML, like Gecko) Chrome/114.0.0.0 Safari/537.36 Edg/114.0.1823.37 0.014
0:0:0:0:0:0:0:1 - - [09/Jun/2023:10:02:16 +0300] GET /api/am/publisher/v4/apis/8485612f-b238-4e6d-9c05-e116e15f9121/revisions?query=deployed%3Atrue HTTP/1.1 200 404 https://localhost:9443/publisher/apis/8485612f-b238-4e6d-9c05-e116e15f9121/overview Mozilla/5.0 (Windows NT 10.0; Win64; x64) AppleWebKit/537.36 (KHTML, like Gecko) Chrome/114.0.0.0 Safari/537.36 Edg/114.0.1823.37 0.188
0:0:0:0:0:0:0:1 - - [09/Jun/2023:10:02:16 +0300] GET /api/am/publisher/v4/apis/8485612f-b238-4e6d-9c05-e116e15f9121/swagger HTTP/1.1 200 760 https://localhost:9443/publisher/apis/8485612f-b238-4e6d-9c05-e116e15f9121/overview Mozilla/5.0 (Windows NT 10.0; Win64; x64) AppleWebKit/537.36 (KHTML, like Gecko) Chrome/114.0.0.0 Safari/537.36 Edg/114.0.1823.37 0.194
0:0:0:0:0:0:0:1 - - [09/Jun/2023:10:02:16 +0300] GET /api/am/publisher/v4/apis/8485612f-b238-4e6d-9c05-e116e15f9121/revisions?query=deployed%3Atrue HTTP/1.1 200 404 https://localhost:9443/publisher/apis/8485612f-b238-4e6d-9c05-e116e15f9121/overview Mozilla/5.0 (Windows NT 10.0; Win64; x64) AppleWebKit/537.36 (KHTML, like Gecko) Chrome/114.0.0.0 Safari/537.36 Edg/114.0.1823.37 0.010
0:0:0:0:0:0:0:1 - - [09/Jun/2023:10:02:16 +0300] GET /api/am/publisher/v4/apis/8485612f-b238-4e6d-9c05-e116e15f9121/revisions?query=deployed%3Atrue HTTP/1.1 200 404 https://localhost:9443/publisher/apis/8485612f-b238-4e6d-9c05-e116e15f9121/overview Mozilla/5.0 (Windows NT 10.0; Win64; x64) AppleWebKit/537.36 (KHTML, like Gecko) Chrome/114.0.0.0 Safari/537.36 Edg/114.0.1823.37 0.011
0:0:0:0:0:0:0:1 - - [09/Jun/2023:10:02:16 +0300] GET /api/am/publisher/v4/apis/8485612f-b238-4e6d-9c05-e116e15f9121/swagger HTTP/1.1 200 760 https://localhost:9443/publisher/apis/8485612f-b238-4e6d-9c05-e116e15f9121/overview Mozilla/5.0 (Windows NT 10.0; Win64; x64) AppleWebKit/537.36 (KHTML, like Gecko) Chrome/114.0.0.0 Safari/537.36 Edg/114.0.1823.37 0.037
0:0:0:0:0:0:0:1 - - [09/Jun/2023:10:02:16 +0300] GET /api/am/publisher/v4/apis/8485612f-b238-4e6d-9c05-e116e15f9121/revisions?query=deployed%3Atrue HTTP/1.1 200 404 https://localhost:9443/publisher/apis/8485612f-b238-4e6d-9c05-e116e15f9121/overview Mozilla/5.0 (Windows NT 10.0; Win64; x64) AppleWebKit/537.36 (KHTML, like Gecko) Chrome/114.0.0.0 Safari/537.36 Edg/114.0.1823.37 0.010
0:0:0:0:0:0:0:1 - - [09/Jun/2023:10:02:16 +0300] GET /api/am/publisher/v4/apis/8485612f-b238-4e6d-9c05-e116e15f9121/swagger HTTP/1.1 200 760 https://localhost:9443/publisher/apis/8485612f-b238-4e6d-9c05-e116e15f9121/overview Mozilla/5.0 (Windows NT 10.0; Win64; x64) AppleWebKit/537.36 (KHTML, like Gecko) Chrome/114.0.0.0 Safari/537.36 Edg/114.0.1823.37 0.073
0:0:0:0:0:0:0:1 - - [09/Jun/2023:10:02:31 +0300] - 400 - - - 0.000
0:0:0:0:0:0:0:1 - - [09/Jun/2023:10:02:31 +0300] GET /api/am/devportal/v3/api-categories HTTP/1.1 200 21 https://localhost:9443/devportal/apis Mozilla/5.0 (Windows NT 10.0; Win64; x64) AppleWebKit/537.36 (KHTML, like Gecko) Chrome/114.0.0.0 Safari/537.36 Edg/114.0.1823.37 0.069
0:0:0:0:0:0:0:1 - - [09/Jun/2023:10:02:31 +0300] GET /api/am/devportal/v3/tags HTTP/1.1 200 119 https://localhost:9443/devportal/apis Mozilla/5.0 (Windows NT 10.0; Win64; x64) AppleWebKit/537.36 (KHTML, like Gecko) Chrome/114.0.0.0 Safari/537.36 Edg/114.0.1823.37 0.082
0:0:0:0:0:0:0:1 - - [09/Jun/2023:10:02:31 +0300] GET /devportal/site/public/images/_favicon.ico HTTP/1.1 200 1150 https://localhost:9443/devportal/apis Mozilla/5.0 (Windows NT 10.0; Win64; x64) AppleWebKit/537.36 (KHTML, like Gecko) Chrome/114.0.0.0 Safari/537.36 Edg/114.0.1823.37 0.071
0:0:0:0:0:0:0:1 - - [09/Jun/2023:10:02:31 +0300] GET /api/am/devportal/v3/apis?limit=10&offset=0 HTTP/1.1 200 658 https://localhost:9443/devportal/apis Mozilla/5.0 (Windows NT 10.0; Win64; x64) AppleWebKit/537.36 (KHTML, like Gecko) Chrome/114.0.0.0 Safari/537.36 Edg/114.0.1823.37 0.244
0:0:0:0:0:0:0:1 - - [09/Jun/2023:10:02:32 +0300] GET /api/am/devportal/v3/apis/b708e07c-f833-4577-9072-b66243c058b3/ratings HTTP/1.1 200 125 https://localhost:9443/devportal/apis Mozilla/5.0 (Windows NT 10.0; Win64; x64) AppleWebKit/537.36 (KHTML, like Gecko) Chrome/114.0.0.0 Safari/537.36 Edg/114.0.1823.37 0.078
0:0:0:0:0:0:0:1 - - [09/Jun/2023:10:02:32 +0300] GET /api/am/devportal/v3/apis/746c7962-0923-4c21-be0e-a84d3748b57b/ratings HTTP/1.1 200 125 https://localhost:9443/devportal/apis Mozilla/5.0 (Windows NT 10.0; Win64; x64) AppleWebKit/537.36 (KHTML, like Gecko) Chrome/114.0.0.0 Safari/537.36 Edg/114.0.1823.37 0.079
0:0:0:0:0:0:0:1 - - [09/Jun/2023:10:02:32 +0300] GET /api/am/devportal/v3/apis/8485612f-b238-4e6d-9c05-e116e15f9121/ratings HTTP/1.1 200 125 https://localhost:9443/devportal/apis Mozilla/5.0 (Windows NT 10.0; Win64; x64) AppleWebKit/537.36 (KHTML, like Gecko) Chrome/114.0.0.0 Safari/537.36 Edg/114.0.1823.37 0.145
0:0:0:0:0:0:0:1 - - [09/Jun/2023:10:02:34 +0300] - 400 - - - 0.000
0:0:0:0:0:0:0:1 - - [09/Jun/2023:10:02:35 +0300] GET /api/am/devportal/v3/apis/8485612f-b238-4e6d-9c05-e116e15f9121 HTTP/1.1 200 1102 https://localhost:9443/devportal/apis/8485612f-b238-4e6d-9c05-e116e15f9121/overview Mozilla/5.0 (Windows NT 10.0; Win64; x64) AppleWebKit/537.36 (KHTML, like Gecko) Chrome/114.0.0.0 Safari/537.36 Edg/114.0.1823.37 0.046
0:0:0:0:0:0:0:1 - - [09/Jun/2023:10:02:35 +0300] GET /api/am/devportal/v3/applications?limit=5000 HTTP/1.1 200 943 https://localhost:9443/devportal/apis/8485612f-b238-4e6d-9c05-e116e15f9121/overview Mozilla/5.0 (Windows NT 10.0; Win64; x64) AppleWebKit/537.36 (KHTML, like Gecko) Chrome/114.0.0.0 Safari/537.36 Edg/114.0.1823.37 0.067
0:0:0:0:0:0:0:1 - - [09/Jun/2023:10:02:35 +0300] GET /devportal/site/public/images/_favicon.ico HTTP/1.1 200 1150 https://localhost:9443/devportal/apis/8485612f-b238-4e6d-9c05-e116e15f9121/overview Mozilla/5.0 (Windows NT 10.0; Win64; x64) AppleWebKit/537.36 (KHTML, like Gecko) Chrome/114.0.0.0 Safari/537.36 Edg/114.0.1823.37 0.067
0:0:0:0:0:0:0:1 - - [09/Jun/2023:10:02:35 +0300] GET /api/am/devportal/v3/throttling-policies/subscription HTTP/1.1 200 634 https://localhost:9443/devportal/apis/8485612f-b238-4e6d-9c05-e116e15f9121/overview Mozilla/5.0 (Windows NT 10.0; Win64; x64) AppleWebKit/537.36 (KHTML, like Gecko) Chrome/114.0.0.0 Safari/537.36 Edg/114.0.1823.37 0.058
0:0:0:0:0:0:0:1 - - [09/Jun/2023:10:02:35 +0300] GET /api/am/devportal/v3/throttling-policies/subscription HTTP/1.1 200 634 https://localhost:9443/devportal/apis/8485612f-b238-4e6d-9c05-e116e15f9121/overview Mozilla/5.0 (Windows NT 10.0; Win64; x64) AppleWebKit/537.36 (KHTML, like Gecko) Chrome/114.0.0.0 Safari/537.36 Edg/114.0.1823.37 0.011
0:0:0:0:0:0:0:1 - - [09/Jun/2023:10:02:35 +0300] GET /api/am/devportal/v3/apis/8485612f-b238-4e6d-9c05-e116e15f9121/documents HTTP/1.1 200 92 https://localhost:9443/devportal/apis/8485612f-b238-4e6d-9c05-e116e15f9121/overview Mozilla/5.0 (Windows NT 10.0; Win64; x64) AppleWebKit/537.36 (KHTML, like Gecko) Chrome/114.0.0.0 Safari/537.36 Edg/114.0.1823.37 0.111
127.0.0.1 - - [09/Jun/2023:10:02:35 +0300] GET /keymanager-operations/dcr/register/U1FCTzNQdGxqaEVrN0lldGRsUVR6SlRpaDhFYQ%3D%3D HTTP/1.1 200 720 - Apache-HttpClient/4.5.13 (Java/20.0.1) 0.303
0:0:0:0:0:0:0:1 - - [09/Jun/2023:10:02:35 +0300] - 400 - - - 0.000
127.0.0.1 - - [09/Jun/2023:10:02:35 +0300] GET /keymanager-operations/dcr/register/MHFfRExjbVRFTmxsZmtqNk9JdjB2WDJ1Q0FJYQ%3D%3D HTTP/1.1 200 720 - Apache-HttpClient/4.5.13 (Java/20.0.1) 0.031
0:0:0:0:0:0:0:1 - - [09/Jun/2023:10:02:35 +0300] GET /api/am/devportal/v3/apis/8485612f-b238-4e6d-9c05-e116e15f9121/thumbnail HTTP/1.1 204 - https://localhost:9443/devportal/apis/8485612f-b238-4e6d-9c05-e116e15f9121/overview Mozilla/5.0 (Windows NT 10.0; Win64; x64) AppleWebKit/537.36 (KHTML, like Gecko) Chrome/114.0.0.0 Safari/537.36 Edg/114.0.1823.37 0.064
0:0:0:0:0:0:0:1 - - [09/Jun/2023:10:02:35 +0300] GET /api/am/devportal/v3/subscriptions?apiId=8485612f-b238-4e6d-9c05-e116e15f9121&limit=5000 HTTP/1.1 200 798 https://localhost:9443/devportal/apis/8485612f-b238-4e6d-9c05-e116e15f9121/overview Mozilla/5.0 (Windows NT 10.0; Win64; x64) AppleWebKit/537.36 (KHTML, like Gecko) Chrome/114.0.0.0 Safari/537.36 Edg/114.0.1823.37 0.509
0:0:0:0:0:0:0:1 - - [09/Jun/2023:10:02:35 +0300] GET /api/am/devportal/v3/apis/8485612f-b238-4e6d-9c05-e116e15f9121/ratings HTTP/1.1 200 125 https://localhost:9443/devportal/apis/8485612f-b238-4e6d-9c05-e116e15f9121/overview Mozilla/5.0 (Windows NT 10.0; Win64; x64) AppleWebKit/537.36 (KHTML, like Gecko) Chrome/114.0.0.0 Safari/537.36 Edg/114.0.1823.37 0.135
0:0:0:0:0:0:0:1 - - [09/Jun/2023:10:02:35 +0300] GET /api/am/devportal/v3/apis/8485612f-b238-4e6d-9c05-e116e15f9121/comments?limit=5&offset=0 HTTP/1.1 200 101 https://localhost:9443/devportal/apis/8485612f-b238-4e6d-9c05-e116e15f9121/overview Mozilla/5.0 (Windows NT 10.0; Win64; x64) AppleWebKit/537.36 (KHTML, like Gecko) Chrome/114.0.0.0 Safari/537.36 Edg/114.0.1823.37 0.178
0:0:0:0:0:0:0:1 - - [09/Jun/2023:10:02:35 +0300] GET /api/am/devportal/v3/apis/8485612f-b238-4e6d-9c05-e116e15f9121/documents HTTP/1.1 200 92 https://localhost:9443/devportal/apis/8485612f-b238-4e6d-9c05-e116e15f9121/overview Mozilla/5.0 (Windows NT 10.0; Win64; x64) AppleWebKit/537.36 (KHTML, like Gecko) Chrome/114.0.0.0 Safari/537.36 Edg/114.0.1823.37 0.418
127.0.0.1 - - [09/Jun/2023:10:02:35 +0300] GET /keymanager-operations/dcr/register/MHFfRExjbVRFTmxsZmtqNk9JdjB2WDJ1Q0FJYQ%3D%3D HTTP/1.1 200 720 - Apache-HttpClient/4.5.13 (Java/20.0.1) 0.037
127.0.0.1 - - [09/Jun/2023:10:02:35 +0300] GET /keymanager-operations/dcr/register/U1FCTzNQdGxqaEVrN0lldGRsUVR6SlRpaDhFYQ%3D%3D HTTP/1.1 200 720 - Apache-HttpClient/4.5.13 (Java/20.0.1) 0.007
0:0:0:0:0:0:0:1 - - [09/Jun/2023:10:02:35 +0300] GET /api/am/devportal/v3/subscriptions?apiId=8485612f-b238-4e6d-9c05-e116e15f9121&limit=25 HTTP/1.1 200 800 https://localhost:9443/devportal/apis/8485612f-b238-4e6d-9c05-e116e15f9121/overview Mozilla/5.0 (Windows NT 10.0; Win64; x64) AppleWebKit/537.36 (KHTML, like Gecko) Chrome/114.0.0.0 Safari/537.36 Edg/114.0.1823.37 0.716
0:0:0:0:0:0:0:1 - - [09/Jun/2023:10:02:50 +0300] GET /api/am/devportal/v3/api-categories HTTP/1.1 200 21 https://localhost:9443/devportal/apis Mozilla/5.0 (Windows NT 10.0; Win64; x64) AppleWebKit/537.36 (KHTML, like Gecko) Chrome/114.0.0.0 Safari/537.36 Edg/114.0.1823.37 0.020
0:0:0:0:0:0:0:1 - - [09/Jun/2023:10:02:50 +0300] GET /devportal/site/public/images/_favicon.ico HTTP/1.1 200 1150 https://localhost:9443/devportal/apis Mozilla/5.0 (Windows NT 10.0; Win64; x64) AppleWebKit/537.36 (KHTML, like Gecko) Chrome/114.0.0.0 Safari/537.36 Edg/114.0.1823.37 0.012
0:0:0:0:0:0:0:1 - - [09/Jun/2023:10:02:50 +0300] GET /api/am/devportal/v3/tags HTTP/1.1 200 119 https://localhost:9443/devportal/apis Mozilla/5.0 (Windows NT 10.0; Win64; x64) AppleWebKit/537.36 (KHTML, like Gecko) Chrome/114.0.0.0 Safari/537.36 Edg/114.0.1823.37 0.098
0:0:0:0:0:0:0:1 - - [09/Jun/2023:10:02:50 +0300] GET /api/am/devportal/v3/apis?limit=10&offset=0 HTTP/1.1 200 658 https://localhost:9443/devportal/apis Mozilla/5.0 (Windows NT 10.0; Win64; x64) AppleWebKit/537.36 (KHTML, like Gecko) Chrome/114.0.0.0 Safari/537.36 Edg/114.0.1823.37 0.119
0:0:0:0:0:0:0:1 - - [09/Jun/2023:10:02:51 +0300] GET /api/am/devportal/v3/apis/746c7962-0923-4c21-be0e-a84d3748b57b/ratings HTTP/1.1 200 125 https://localhost:9443/devportal/apis Mozilla/5.0 (Windows NT 10.0; Win64; x64) AppleWebKit/537.36 (KHTML, like Gecko) Chrome/114.0.0.0 Safari/537.36 Edg/114.0.1823.37 0.015
0:0:0:0:0:0:0:1 - - [09/Jun/2023:10:02:51 +0300] GET /api/am/devportal/v3/apis/b708e07c-f833-4577-9072-b66243c058b3/ratings HTTP/1.1 200 125 https://localhost:9443/devportal/apis Mozilla/5.0 (Windows NT 10.0; Win64; x64) AppleWebKit/537.36 (KHTML, like Gecko) Chrome/114.0.0.0 Safari/537.36 Edg/114.0.1823.37 0.019
0:0:0:0:0:0:0:1 - - [09/Jun/2023:10:02:51 +0300] GET /api/am/devportal/v3/apis/8485612f-b238-4e6d-9c05-e116e15f9121/ratings HTTP/1.1 200 125 https://localhost:9443/devportal/apis Mozilla/5.0 (Windows NT 10.0; Win64; x64) AppleWebKit/537.36 (KHTML, like Gecko) Chrome/114.0.0.0 Safari/537.36 Edg/114.0.1823.37 0.023
