0:0:0:0:0:0:0:1 - - [15/Jun/2023:16:09:31 +0300] GET /api/am/devportal/v3/apis/e4370ba6-92b7-4702-a4ef-88bd6e943f97/swagger?environmentName=Default HTTP/1.1 200 378 https://localhost:9443/devportal/apis/e4370ba6-92b7-4702-a4ef-88bd6e943f97/test Mozilla/5.0 (Windows NT 10.0; Win64; x64) AppleWebKit/537.36 (KHTML, like Gecko) Chrome/114.0.0.0 Safari/537.36 Edg/114.0.1823.43 0.022
0:0:0:0:0:0:0:1 - - [15/Jun/2023:16:09:31 +0300] GET /api/am/devportal/v3/swagger.yaml HTTP/1.1 200 26878 https://localhost:9443/devportal/apis/e4370ba6-92b7-4702-a4ef-88bd6e943f97/test Mozilla/5.0 (Windows NT 10.0; Win64; x64) AppleWebKit/537.36 (KHTML, like Gecko) Chrome/114.0.0.0 Safari/537.36 Edg/114.0.1823.43 0.026
0:0:0:0:0:0:0:1 - - [15/Jun/2023:16:09:31 +0300] GET /api/am/devportal/v3/subscriptions?apiId=e4370ba6-92b7-4702-a4ef-88bd6e943f97&limit=25 HTTP/1.1 200 92 https://localhost:9443/devportal/apis/e4370ba6-92b7-4702-a4ef-88bd6e943f97/test Mozilla/5.0 (Windows NT 10.0; Win64; x64) AppleWebKit/537.36 (KHTML, like Gecko) Chrome/114.0.0.0 Safari/537.36 Edg/114.0.1823.43 0.028
0:0:0:0:0:0:0:1 - - [15/Jun/2023:16:09:31 +0300] GET /api/am/devportal/v3/subscriptions?apiId=e4370ba6-92b7-4702-a4ef-88bd6e943f97&limit=25 HTTP/1.1 200 92 https://localhost:9443/devportal/apis/e4370ba6-92b7-4702-a4ef-88bd6e943f97/test Mozilla/5.0 (Windows NT 10.0; Win64; x64) AppleWebKit/537.36 (KHTML, like Gecko) Chrome/114.0.0.0 Safari/537.36 Edg/114.0.1823.43 0.021
127.0.0.1 - - [15/Jun/2023:16:09:31 +0300] GET /oauth2/token/.well-known/openid-configuration HTTP/1.1 200 2395 - Apache-HttpClient/4.5.13 (Java/20.0.1) 0.011
0:0:0:0:0:0:0:1 - - [15/Jun/2023:16:09:31 +0300] GET /api/am/devportal/v3/key-managers HTTP/1.1 200 763 https://localhost:9443/devportal/apis/e4370ba6-92b7-4702-a4ef-88bd6e943f97/test Mozilla/5.0 (Windows NT 10.0; Win64; x64) AppleWebKit/537.36 (KHTML, like Gecko) Chrome/114.0.0.0 Safari/537.36 Edg/114.0.1823.43 0.099
0:0:0:0:0:0:0:1 - - [15/Jun/2023:16:09:31 +0300] GET /api/am/devportal/v3/applications/ HTTP/1.1 200 577 https://localhost:9443/devportal/apis/e4370ba6-92b7-4702-a4ef-88bd6e943f97/test Mozilla/5.0 (Windows NT 10.0; Win64; x64) AppleWebKit/537.36 (KHTML, like Gecko) Chrome/114.0.0.0 Safari/537.36 Edg/114.0.1823.43 0.020
0:0:0:0:0:0:0:1 - - [15/Jun/2023:16:09:31 +0300] GET /api/am/devportal/v3/swagger.yaml HTTP/1.1 200 26878 https://localhost:9443/devportal/apis/e4370ba6-92b7-4702-a4ef-88bd6e943f97/test Mozilla/5.0 (Windows NT 10.0; Win64; x64) AppleWebKit/537.36 (KHTML, like Gecko) Chrome/114.0.0.0 Safari/537.36 Edg/114.0.1823.43 0.017
0:0:0:0:0:0:0:1 - - [15/Jun/2023:16:09:33 +0300] GET /api/am/devportal/v3/throttling-policies/subscription HTTP/1.1 200 634 https://localhost:9443/devportal/apis/e4370ba6-92b7-4702-a4ef-88bd6e943f97/overview Mozilla/5.0 (Windows NT 10.0; Win64; x64) AppleWebKit/537.36 (KHTML, like Gecko) Chrome/114.0.0.0 Safari/537.36 Edg/114.0.1823.43 0.013
0:0:0:0:0:0:0:1 - - [15/Jun/2023:16:09:33 +0300] GET /devportal/site/public/images/_favicon.ico HTTP/1.1 200 1150 https://localhost:9443/devportal/apis/e4370ba6-92b7-4702-a4ef-88bd6e943f97/overview Mozilla/5.0 (Windows NT 10.0; Win64; x64) AppleWebKit/537.36 (KHTML, like Gecko) Chrome/114.0.0.0 Safari/537.36 Edg/114.0.1823.43 0.006
0:0:0:0:0:0:0:1 - - [15/Jun/2023:16:09:33 +0300] GET /api/am/devportal/v3/apis/e4370ba6-92b7-4702-a4ef-88bd6e943f97/documents HTTP/1.1 200 92 https://localhost:9443/devportal/apis/e4370ba6-92b7-4702-a4ef-88bd6e943f97/overview Mozilla/5.0 (Windows NT 10.0; Win64; x64) AppleWebKit/537.36 (KHTML, like Gecko) Chrome/114.0.0.0 Safari/537.36 Edg/114.0.1823.43 0.033
0:0:0:0:0:0:0:1 - - [15/Jun/2023:16:09:33 +0300] GET /api/am/devportal/v3/throttling-policies/subscription HTTP/1.1 200 634 https://localhost:9443/devportal/apis/e4370ba6-92b7-4702-a4ef-88bd6e943f97/overview Mozilla/5.0 (Windows NT 10.0; Win64; x64) AppleWebKit/537.36 (KHTML, like Gecko) Chrome/114.0.0.0 Safari/537.36 Edg/114.0.1823.43 0.040
0:0:0:0:0:0:0:1 - - [15/Jun/2023:16:09:33 +0300] GET /api/am/devportal/v3/apis/e4370ba6-92b7-4702-a4ef-88bd6e943f97/documents HTTP/1.1 200 92 https://localhost:9443/devportal/apis/e4370ba6-92b7-4702-a4ef-88bd6e943f97/overview Mozilla/5.0 (Windows NT 10.0; Win64; x64) AppleWebKit/537.36 (KHTML, like Gecko) Chrome/114.0.0.0 Safari/537.36 Edg/114.0.1823.43 0.058
0:0:0:0:0:0:0:1 - - [15/Jun/2023:16:09:33 +0300] GET /api/am/devportal/v3/apis/e4370ba6-92b7-4702-a4ef-88bd6e943f97/thumbnail HTTP/1.1 204 - https://localhost:9443/devportal/apis/e4370ba6-92b7-4702-a4ef-88bd6e943f97/overview Mozilla/5.0 (Windows NT 10.0; Win64; x64) AppleWebKit/537.36 (KHTML, like Gecko) Chrome/114.0.0.0 Safari/537.36 Edg/114.0.1823.43 0.035
0:0:0:0:0:0:0:1 - - [15/Jun/2023:16:09:33 +0300] GET /api/am/devportal/v3/apis/e4370ba6-92b7-4702-a4ef-88bd6e943f97/ratings HTTP/1.1 200 125 https://localhost:9443/devportal/apis/e4370ba6-92b7-4702-a4ef-88bd6e943f97/overview Mozilla/5.0 (Windows NT 10.0; Win64; x64) AppleWebKit/537.36 (KHTML, like Gecko) Chrome/114.0.0.0 Safari/537.36 Edg/114.0.1823.43 0.035
0:0:0:0:0:0:0:1 - - [15/Jun/2023:16:09:33 +0300] GET /api/am/devportal/v3/apis/e4370ba6-92b7-4702-a4ef-88bd6e943f97/comments?limit=5&offset=0 HTTP/1.1 200 101 https://localhost:9443/devportal/apis/e4370ba6-92b7-4702-a4ef-88bd6e943f97/overview Mozilla/5.0 (Windows NT 10.0; Win64; x64) AppleWebKit/537.36 (KHTML, like Gecko) Chrome/114.0.0.0 Safari/537.36 Edg/114.0.1823.43 0.051
0:0:0:0:0:0:0:1 - - [15/Jun/2023:16:09:38 +0300] GET /api/am/devportal/v3/applications?limit=5000 HTTP/1.1 200 578 https://localhost:9443/devportal/apis/e4370ba6-92b7-4702-a4ef-88bd6e943f97/test Mozilla/5.0 (Windows NT 10.0; Win64; x64) AppleWebKit/537.36 (KHTML, like Gecko) Chrome/114.0.0.0 Safari/537.36 Edg/114.0.1823.43 0.024
0:0:0:0:0:0:0:1 - - [15/Jun/2023:16:09:38 +0300] GET /api/am/devportal/v3/subscriptions?apiId=e4370ba6-92b7-4702-a4ef-88bd6e943f97&limit=25 HTTP/1.1 200 92 https://localhost:9443/devportal/apis/e4370ba6-92b7-4702-a4ef-88bd6e943f97/test Mozilla/5.0 (Windows NT 10.0; Win64; x64) AppleWebKit/537.36 (KHTML, like Gecko) Chrome/114.0.0.0 Safari/537.36 Edg/114.0.1823.43 0.031
0:0:0:0:0:0:0:1 - - [15/Jun/2023:16:09:38 +0300] GET /api/am/devportal/v3/subscriptions?apiId=e4370ba6-92b7-4702-a4ef-88bd6e943f97&limit=5000 HTTP/1.1 200 94 https://localhost:9443/devportal/apis/e4370ba6-92b7-4702-a4ef-88bd6e943f97/test Mozilla/5.0 (Windows NT 10.0; Win64; x64) AppleWebKit/537.36 (KHTML, like Gecko) Chrome/114.0.0.0 Safari/537.36 Edg/114.0.1823.43 0.034
0:0:0:0:0:0:0:1 - - [15/Jun/2023:16:09:38 +0300] GET /devportal/site/public/images/_favicon.ico HTTP/1.1 200 1150 https://localhost:9443/devportal/apis/e4370ba6-92b7-4702-a4ef-88bd6e943f97/test Mozilla/5.0 (Windows NT 10.0; Win64; x64) AppleWebKit/537.36 (KHTML, like Gecko) Chrome/114.0.0.0 Safari/537.36 Edg/114.0.1823.43 0.018
0:0:0:0:0:0:0:1 - - [15/Jun/2023:16:09:38 +0300] GET /api/am/devportal/v3/apis/e4370ba6-92b7-4702-a4ef-88bd6e943f97 HTTP/1.1 200 1033 https://localhost:9443/devportal/apis/e4370ba6-92b7-4702-a4ef-88bd6e943f97/test Mozilla/5.0 (Windows NT 10.0; Win64; x64) AppleWebKit/537.36 (KHTML, like Gecko) Chrome/114.0.0.0 Safari/537.36 Edg/114.0.1823.43 0.049
0:0:0:0:0:0:0:1 - - [15/Jun/2023:16:09:38 +0300] GET /api/am/devportal/v3/apis/e4370ba6-92b7-4702-a4ef-88bd6e943f97 HTTP/1.1 200 1033 https://localhost:9443/devportal/apis/e4370ba6-92b7-4702-a4ef-88bd6e943f97/test Mozilla/5.0 (Windows NT 10.0; Win64; x64) AppleWebKit/537.36 (KHTML, like Gecko) Chrome/114.0.0.0 Safari/537.36 Edg/114.0.1823.43 0.024
0:0:0:0:0:0:0:1 - - [15/Jun/2023:16:09:38 +0300] GET /api/am/devportal/v3/apis/e4370ba6-92b7-4702-a4ef-88bd6e943f97/swagger?environmentName=Default HTTP/1.1 200 378 https://localhost:9443/devportal/apis/e4370ba6-92b7-4702-a4ef-88bd6e943f97/test Mozilla/5.0 (Windows NT 10.0; Win64; x64) AppleWebKit/537.36 (KHTML, like Gecko) Chrome/114.0.0.0 Safari/537.36 Edg/114.0.1823.43 0.015
0:0:0:0:0:0:0:1 - - [15/Jun/2023:16:09:38 +0300] GET /api/am/devportal/v3/swagger.yaml HTTP/1.1 200 26878 https://localhost:9443/devportal/apis/e4370ba6-92b7-4702-a4ef-88bd6e943f97/test Mozilla/5.0 (Windows NT 10.0; Win64; x64) AppleWebKit/537.36 (KHTML, like Gecko) Chrome/114.0.0.0 Safari/537.36 Edg/114.0.1823.43 0.012
0:0:0:0:0:0:0:1 - - [15/Jun/2023:16:09:38 +0300] GET /api/am/devportal/v3/subscriptions?apiId=e4370ba6-92b7-4702-a4ef-88bd6e943f97&limit=25 HTTP/1.1 200 92 https://localhost:9443/devportal/apis/e4370ba6-92b7-4702-a4ef-88bd6e943f97/test Mozilla/5.0 (Windows NT 10.0; Win64; x64) AppleWebKit/537.36 (KHTML, like Gecko) Chrome/114.0.0.0 Safari/537.36 Edg/114.0.1823.43 0.031
127.0.0.1 - - [15/Jun/2023:16:09:38 +0300] GET /oauth2/token/.well-known/openid-configuration HTTP/1.1 200 2395 - Apache-HttpClient/4.5.13 (Java/20.0.1) 0.009
0:0:0:0:0:0:0:1 - - [15/Jun/2023:16:09:38 +0300] GET /api/am/devportal/v3/key-managers HTTP/1.1 200 763 https://localhost:9443/devportal/apis/e4370ba6-92b7-4702-a4ef-88bd6e943f97/test Mozilla/5.0 (Windows NT 10.0; Win64; x64) AppleWebKit/537.36 (KHTML, like Gecko) Chrome/114.0.0.0 Safari/537.36 Edg/114.0.1823.43 0.041
0:0:0:0:0:0:0:1 - - [15/Jun/2023:16:09:38 +0300] GET /api/am/devportal/v3/subscriptions?apiId=e4370ba6-92b7-4702-a4ef-88bd6e943f97&limit=25 HTTP/1.1 200 92 https://localhost:9443/devportal/apis/e4370ba6-92b7-4702-a4ef-88bd6e943f97/test Mozilla/5.0 (Windows NT 10.0; Win64; x64) AppleWebKit/537.36 (KHTML, like Gecko) Chrome/114.0.0.0 Safari/537.36 Edg/114.0.1823.43 0.020
0:0:0:0:0:0:0:1 - - [15/Jun/2023:16:09:39 +0300] GET /api/am/devportal/v3/applications/ HTTP/1.1 200 577 https://localhost:9443/devportal/apis/e4370ba6-92b7-4702-a4ef-88bd6e943f97/test Mozilla/5.0 (Windows NT 10.0; Win64; x64) AppleWebKit/537.36 (KHTML, like Gecko) Chrome/114.0.0.0 Safari/537.36 Edg/114.0.1823.43 0.010
0:0:0:0:0:0:0:1 - - [15/Jun/2023:16:09:39 +0300] GET /api/am/devportal/v3/swagger.yaml HTTP/1.1 200 26878 https://localhost:9443/devportal/apis/e4370ba6-92b7-4702-a4ef-88bd6e943f97/test Mozilla/5.0 (Windows NT 10.0; Win64; x64) AppleWebKit/537.36 (KHTML, like Gecko) Chrome/114.0.0.0 Safari/537.36 Edg/114.0.1823.43 0.024
0:0:0:0:0:0:0:1 - - [15/Jun/2023:16:09:47 +0300] GET /devportal/site/public/images/_favicon.ico HTTP/1.1 200 1150 https://localhost:9443/devportal/applications Mozilla/5.0 (Windows NT 10.0; Win64; x64) AppleWebKit/537.36 (KHTML, like Gecko) Chrome/114.0.0.0 Safari/537.36 Edg/114.0.1823.43 0.003
0:0:0:0:0:0:0:1 - - [15/Jun/2023:16:09:48 +0300] GET /devportal/site/public/dist/ApiListing.124eade6a6be03879d65.bundle.js HTTP/1.1 200 8080 https://localhost:9443/devportal/applications Mozilla/5.0 (Windows NT 10.0; Win64; x64) AppleWebKit/537.36 (KHTML, like Gecko) Chrome/114.0.0.0 Safari/537.36 Edg/114.0.1823.43 0.205
0:0:0:0:0:0:0:1 - - [15/Jun/2023:16:09:48 +0300] GET /api/am/devportal/v3/swagger.yaml HTTP/1.1 200 26878 https://localhost:9443/devportal/applications Mozilla/5.0 (Windows NT 10.0; Win64; x64) AppleWebKit/537.36 (KHTML, like Gecko) Chrome/114.0.0.0 Safari/537.36 Edg/114.0.1823.43 0.014
0:0:0:0:0:0:0:1 - - [15/Jun/2023:16:09:48 +0300] GET /api/am/devportal/v3/applications?sortBy=name&sortOrder=asc&limit=10&offset=0 HTTP/1.1 200 577 https://localhost:9443/devportal/applications Mozilla/5.0 (Windows NT 10.0; Win64; x64) AppleWebKit/537.36 (KHTML, like Gecko) Chrome/114.0.0.0 Safari/537.36 Edg/114.0.1823.43 0.005
0:0:0:0:0:0:0:1 - - [15/Jun/2023:16:09:54 +0300] GET /devportal/site/public/images/_favicon.ico HTTP/1.1 200 1150 https://localhost:9443/devportal/applications/d8414650-0dc6-4424-9310-830582be7bd1 Mozilla/5.0 (Windows NT 10.0; Win64; x64) AppleWebKit/537.36 (KHTML, like Gecko) Chrome/114.0.0.0 Safari/537.36 Edg/114.0.1823.43 0.009
0:0:0:0:0:0:0:1 - - [15/Jun/2023:16:09:54 +0300] GET /devportal/site/public/dist/ApplicationDetails.84676b0e418ac76ec3ec.bundle.js HTTP/1.1 200 118257 https://localhost:9443/devportal/applications/d8414650-0dc6-4424-9310-830582be7bd1 Mozilla/5.0 (Windows NT 10.0; Win64; x64) AppleWebKit/537.36 (KHTML, like Gecko) Chrome/114.0.0.0 Safari/537.36 Edg/114.0.1823.43 0.293
127.0.0.1 - - [15/Jun/2023:16:09:55 +0300] GET /keymanager-operations/dcr/register/MHFfRExjbVRFTmxsZmtqNk9JdjB2WDJ1Q0FJYQ%3D%3D HTTP/1.1 200 720 - Apache-HttpClient/4.5.13 (Java/20.0.1) 1.095
0:0:0:0:0:0:0:1 - - [15/Jun/2023:16:09:55 +0300] GET /api/am/devportal/v3/applications/d8414650-0dc6-4424-9310-830582be7bd1 HTTP/1.1 200 336 https://localhost:9443/devportal/applications/d8414650-0dc6-4424-9310-830582be7bd1 Mozilla/5.0 (Windows NT 10.0; Win64; x64) AppleWebKit/537.36 (KHTML, like Gecko) Chrome/114.0.0.0 Safari/537.36 Edg/114.0.1823.43 1.138
0:0:0:0:0:0:0:1 - - [15/Jun/2023:16:09:55 +0300] GET /devportal/site/public/images/_favicon.ico HTTP/1.1 200 1150 https://localhost:9443/devportal/applications/d8414650-0dc6-4424-9310-830582be7bd1/overview Mozilla/5.0 (Windows NT 10.0; Win64; x64) AppleWebKit/537.36 (KHTML, like Gecko) Chrome/114.0.0.0 Safari/537.36 Edg/114.0.1823.43 0.003
0:0:0:0:0:0:0:1 - - [15/Jun/2023:16:09:55 +0300] GET /api/am/devportal/v3/throttling-policies/application/20PerMin HTTP/1.1 200 493 https://localhost:9443/devportal/applications/d8414650-0dc6-4424-9310-830582be7bd1/overview Mozilla/5.0 (Windows NT 10.0; Win64; x64) AppleWebKit/537.36 (KHTML, like Gecko) Chrome/114.0.0.0 Safari/537.36 Edg/114.0.1823.43 0.021
127.0.0.1 - - [15/Jun/2023:16:09:55 +0300] GET /keymanager-operations/dcr/register/MHFfRExjbVRFTmxsZmtqNk9JdjB2WDJ1Q0FJYQ%3D%3D HTTP/1.1 200 720 - Apache-HttpClient/4.5.13 (Java/20.0.1) 0.010
0:0:0:0:0:0:0:1 - - [15/Jun/2023:16:09:55 +0300] GET /api/am/devportal/v3/applications/d8414650-0dc6-4424-9310-830582be7bd1 HTTP/1.1 200 336 https://localhost:9443/devportal/applications/d8414650-0dc6-4424-9310-830582be7bd1/overview Mozilla/5.0 (Windows NT 10.0; Win64; x64) AppleWebKit/537.36 (KHTML, like Gecko) Chrome/114.0.0.0 Safari/537.36 Edg/114.0.1823.43 0.034
0:0:0:0:0:0:0:1 - - [15/Jun/2023:16:09:55 +0300] GET /api/am/devportal/v3/throttling-policies/application/20PerMin HTTP/1.1 200 493 https://localhost:9443/devportal/applications/d8414650-0dc6-4424-9310-830582be7bd1/overview Mozilla/5.0 (Windows NT 10.0; Win64; x64) AppleWebKit/537.36 (KHTML, like Gecko) Chrome/114.0.0.0 Safari/537.36 Edg/114.0.1823.43 0.005
0:0:0:0:0:0:0:1 - - [15/Jun/2023:16:09:58 +0300] GET /api/am/devportal/v3/swagger.yaml HTTP/1.1 200 26878 https://localhost:9443/devportal/applications/d8414650-0dc6-4424-9310-830582be7bd1/productionkeys/oauth Mozilla/5.0 (Windows NT 10.0; Win64; x64) AppleWebKit/537.36 (KHTML, like Gecko) Chrome/114.0.0.0 Safari/537.36 Edg/114.0.1823.43 0.026
0:0:0:0:0:0:0:1 - - [15/Jun/2023:16:09:58 +0300] GET /devportal/site/public/images/_favicon.ico HTTP/1.1 200 1150 https://localhost:9443/devportal/applications/d8414650-0dc6-4424-9310-830582be7bd1/productionkeys/oauth Mozilla/5.0 (Windows NT 10.0; Win64; x64) AppleWebKit/537.36 (KHTML, like Gecko) Chrome/114.0.0.0 Safari/537.36 Edg/114.0.1823.43 0.011
127.0.0.1 - - [15/Jun/2023:16:09:58 +0300] GET /oauth2/token/.well-known/openid-configuration HTTP/1.1 200 2395 - Apache-HttpClient/4.5.13 (Java/20.0.1) 0.004
0:0:0:0:0:0:0:1 - - [15/Jun/2023:16:09:58 +0300] GET /api/am/devportal/v3/key-managers HTTP/1.1 200 763 https://localhost:9443/devportal/applications/d8414650-0dc6-4424-9310-830582be7bd1/productionkeys/oauth Mozilla/5.0 (Windows NT 10.0; Win64; x64) AppleWebKit/537.36 (KHTML, like Gecko) Chrome/114.0.0.0 Safari/537.36 Edg/114.0.1823.43 0.045
127.0.0.1 - - [15/Jun/2023:16:09:58 +0300] GET /keymanager-operations/dcr/register/MHFfRExjbVRFTmxsZmtqNk9JdjB2WDJ1Q0FJYQ%3D%3D HTTP/1.1 200 720 - Apache-HttpClient/4.5.13 (Java/20.0.1) 0.008
0:0:0:0:0:0:0:1 - - [15/Jun/2023:16:09:58 +0300] GET /api/am/devportal/v3/applications/d8414650-0dc6-4424-9310-830582be7bd1 HTTP/1.1 200 336 https://localhost:9443/devportal/applications/d8414650-0dc6-4424-9310-830582be7bd1/productionkeys/oauth Mozilla/5.0 (Windows NT 10.0; Win64; x64) AppleWebKit/537.36 (KHTML, like Gecko) Chrome/114.0.0.0 Safari/537.36 Edg/114.0.1823.43 0.022
127.0.0.1 - - [15/Jun/2023:16:09:58 +0300] GET /keymanager-operations/dcr/register/MHFfRExjbVRFTmxsZmtqNk9JdjB2WDJ1Q0FJYQ%3D%3D HTTP/1.1 200 720 - Apache-HttpClient/4.5.13 (Java/20.0.1) 0.004
0:0:0:0:0:0:0:1 - - [15/Jun/2023:16:09:58 +0300] GET /api/am/devportal/v3/applications/d8414650-0dc6-4424-9310-830582be7bd1/oauth-keys HTTP/1.1 200 868 https://localhost:9443/devportal/applications/d8414650-0dc6-4424-9310-830582be7bd1/productionkeys/oauth Mozilla/5.0 (Windows NT 10.0; Win64; x64) AppleWebKit/537.36 (KHTML, like Gecko) Chrome/114.0.0.0 Safari/537.36 Edg/114.0.1823.43 0.036
0:0:0:0:0:0:0:1 - - [15/Jun/2023:16:09:58 +0300] GET /api/am/devportal/v3/swagger.yaml HTTP/1.1 200 26878 https://localhost:9443/devportal/applications/d8414650-0dc6-4424-9310-830582be7bd1/productionkeys/oauth Mozilla/5.0 (Windows NT 10.0; Win64; x64) AppleWebKit/537.36 (KHTML, like Gecko) Chrome/114.0.0.0 Safari/537.36 Edg/114.0.1823.43 0.025
127.0.0.1 - - [15/Jun/2023:16:09:58 +0300] GET /keymanager-operations/dcr/register/MHFfRExjbVRFTmxsZmtqNk9JdjB2WDJ1Q0FJYQ%3D%3D HTTP/1.1 200 720 - Apache-HttpClient/4.5.13 (Java/20.0.1) 0.008
0:0:0:0:0:0:0:1 - - [15/Jun/2023:16:09:58 +0300] GET /api/am/devportal/v3/applications/d8414650-0dc6-4424-9310-830582be7bd1 HTTP/1.1 200 336 https://localhost:9443/devportal/applications/d8414650-0dc6-4424-9310-830582be7bd1/productionkeys/oauth Mozilla/5.0 (Windows NT 10.0; Win64; x64) AppleWebKit/537.36 (KHTML, like Gecko) Chrome/114.0.0.0 Safari/537.36 Edg/114.0.1823.43 0.030
127.0.0.1 - - [15/Jun/2023:16:09:58 +0300] GET /keymanager-operations/dcr/register/MHFfRExjbVRFTmxsZmtqNk9JdjB2WDJ1Q0FJYQ%3D%3D HTTP/1.1 200 720 - Apache-HttpClient/4.5.13 (Java/20.0.1) 0.004
0:0:0:0:0:0:0:1 - - [15/Jun/2023:16:09:58 +0300] GET /api/am/devportal/v3/applications/d8414650-0dc6-4424-9310-830582be7bd1/oauth-keys HTTP/1.1 200 868 https://localhost:9443/devportal/applications/d8414650-0dc6-4424-9310-830582be7bd1/productionkeys/oauth Mozilla/5.0 (Windows NT 10.0; Win64; x64) AppleWebKit/537.36 (KHTML, like Gecko) Chrome/114.0.0.0 Safari/537.36 Edg/114.0.1823.43 0.012
0:0:0:0:0:0:0:1 - - [15/Jun/2023:16:10:01 +0300] GET /api/am/devportal/v3/swagger.yaml HTTP/1.1 200 26878 https://localhost:9443/devportal/applications/d8414650-0dc6-4424-9310-830582be7bd1/sandboxkeys/oauth Mozilla/5.0 (Windows NT 10.0; Win64; x64) AppleWebKit/537.36 (KHTML, like Gecko) Chrome/114.0.0.0 Safari/537.36 Edg/114.0.1823.43 0.016
0:0:0:0:0:0:0:1 - - [15/Jun/2023:16:10:01 +0300] GET /devportal/site/public/images/_favicon.ico HTTP/1.1 200 1150 https://localhost:9443/devportal/applications/d8414650-0dc6-4424-9310-830582be7bd1/sandboxkeys/oauth Mozilla/5.0 (Windows NT 10.0; Win64; x64) AppleWebKit/537.36 (KHTML, like Gecko) Chrome/114.0.0.0 Safari/537.36 Edg/114.0.1823.43 0.009
127.0.0.1 - - [15/Jun/2023:16:10:01 +0300] GET /oauth2/token/.well-known/openid-configuration HTTP/1.1 200 2395 - Apache-HttpClient/4.5.13 (Java/20.0.1) 0.005
0:0:0:0:0:0:0:1 - - [15/Jun/2023:16:10:01 +0300] GET /api/am/devportal/v3/key-managers HTTP/1.1 200 763 https://localhost:9443/devportal/applications/d8414650-0dc6-4424-9310-830582be7bd1/sandboxkeys/oauth Mozilla/5.0 (Windows NT 10.0; Win64; x64) AppleWebKit/537.36 (KHTML, like Gecko) Chrome/114.0.0.0 Safari/537.36 Edg/114.0.1823.43 0.032
127.0.0.1 - - [15/Jun/2023:16:10:01 +0300] GET /keymanager-operations/dcr/register/MHFfRExjbVRFTmxsZmtqNk9JdjB2WDJ1Q0FJYQ%3D%3D HTTP/1.1 200 720 - Apache-HttpClient/4.5.13 (Java/20.0.1) 0.005
0:0:0:0:0:0:0:1 - - [15/Jun/2023:16:10:01 +0300] GET /api/am/devportal/v3/applications/d8414650-0dc6-4424-9310-830582be7bd1 HTTP/1.1 200 336 https://localhost:9443/devportal/applications/d8414650-0dc6-4424-9310-830582be7bd1/sandboxkeys/oauth Mozilla/5.0 (Windows NT 10.0; Win64; x64) AppleWebKit/537.36 (KHTML, like Gecko) Chrome/114.0.0.0 Safari/537.36 Edg/114.0.1823.43 0.016
127.0.0.1 - - [15/Jun/2023:16:10:01 +0300] GET /keymanager-operations/dcr/register/MHFfRExjbVRFTmxsZmtqNk9JdjB2WDJ1Q0FJYQ%3D%3D HTTP/1.1 200 720 - Apache-HttpClient/4.5.13 (Java/20.0.1) 0.004
0:0:0:0:0:0:0:1 - - [15/Jun/2023:16:10:01 +0300] GET /api/am/devportal/v3/applications/d8414650-0dc6-4424-9310-830582be7bd1/oauth-keys HTTP/1.1 200 868 https://localhost:9443/devportal/applications/d8414650-0dc6-4424-9310-830582be7bd1/sandboxkeys/oauth Mozilla/5.0 (Windows NT 10.0; Win64; x64) AppleWebKit/537.36 (KHTML, like Gecko) Chrome/114.0.0.0 Safari/537.36 Edg/114.0.1823.43 0.013
0:0:0:0:0:0:0:1 - - [15/Jun/2023:16:10:01 +0300] GET /api/am/devportal/v3/swagger.yaml HTTP/1.1 200 26878 https://localhost:9443/devportal/applications/d8414650-0dc6-4424-9310-830582be7bd1/sandboxkeys/oauth Mozilla/5.0 (Windows NT 10.0; Win64; x64) AppleWebKit/537.36 (KHTML, like Gecko) Chrome/114.0.0.0 Safari/537.36 Edg/114.0.1823.43 0.011
127.0.0.1 - - [15/Jun/2023:16:10:01 +0300] GET /keymanager-operations/dcr/register/MHFfRExjbVRFTmxsZmtqNk9JdjB2WDJ1Q0FJYQ%3D%3D HTTP/1.1 200 720 - Apache-HttpClient/4.5.13 (Java/20.0.1) 0.015
0:0:0:0:0:0:0:1 - - [15/Jun/2023:16:10:01 +0300] GET /api/am/devportal/v3/applications/d8414650-0dc6-4424-9310-830582be7bd1 HTTP/1.1 200 336 https://localhost:9443/devportal/applications/d8414650-0dc6-4424-9310-830582be7bd1/sandboxkeys/oauth Mozilla/5.0 (Windows NT 10.0; Win64; x64) AppleWebKit/537.36 (KHTML, like Gecko) Chrome/114.0.0.0 Safari/537.36 Edg/114.0.1823.43 0.067
127.0.0.1 - - [15/Jun/2023:16:10:01 +0300] GET /keymanager-operations/dcr/register/MHFfRExjbVRFTmxsZmtqNk9JdjB2WDJ1Q0FJYQ%3D%3D HTTP/1.1 200 720 - Apache-HttpClient/4.5.13 (Java/20.0.1) 0.004
0:0:0:0:0:0:0:1 - - [15/Jun/2023:16:10:01 +0300] GET /api/am/devportal/v3/applications/d8414650-0dc6-4424-9310-830582be7bd1/oauth-keys HTTP/1.1 200 868 https://localhost:9443/devportal/applications/d8414650-0dc6-4424-9310-830582be7bd1/sandboxkeys/oauth Mozilla/5.0 (Windows NT 10.0; Win64; x64) AppleWebKit/537.36 (KHTML, like Gecko) Chrome/114.0.0.0 Safari/537.36 Edg/114.0.1823.43 0.020
127.0.0.1 - - [15/Jun/2023:16:10:08 +0300] GET /keymanager-operations/dcr/register/MHFfRExjbVRFTmxsZmtqNk9JdjB2WDJ1Q0FJYQ%3D%3D HTTP/1.1 200 720 - Apache-HttpClient/4.5.13 (Java/20.0.1) 0.004
0:0:0:0:0:0:0:1 - - [15/Jun/2023:16:10:08 +0300] GET /api/am/devportal/v3/applications/d8414650-0dc6-4424-9310-830582be7bd1/oauth-keys HTTP/1.1 200 868 https://localhost:9443/devportal/applications/d8414650-0dc6-4424-9310-830582be7bd1/sandboxkeys/oauth Mozilla/5.0 (Windows NT 10.0; Win64; x64) AppleWebKit/537.36 (KHTML, like Gecko) Chrome/114.0.0.0 Safari/537.36 Edg/114.0.1823.43 0.015
127.0.0.1 - - [15/Jun/2023:16:10:09 +0300] GET /keymanager-operations/dcr/register/MHFfRExjbVRFTmxsZmtqNk9JdjB2WDJ1Q0FJYQ%3D%3D HTTP/1.1 200 720 - Apache-HttpClient/4.5.13 (Java/20.0.1) 0.007
127.0.0.1 - - [15/Jun/2023:16:10:09 +0300] GET /keymanager-operations/dcr/register/MHFfRExjbVRFTmxsZmtqNk9JdjB2WDJ1Q0FJYQ%3D%3D HTTP/1.1 200 720 - Apache-HttpClient/4.5.13 (Java/20.0.1) 0.004
127.0.0.1 - - [15/Jun/2023:16:10:09 +0300] POST /oauth2/token HTTP/1.1 200 1183 - Apache-HttpClient/4.5.13 (Java/20.0.1) 0.096
0:0:0:0:0:0:0:1 - - [15/Jun/2023:16:10:09 +0300] POST /api/am/devportal/v3/applications/d8414650-0dc6-4424-9310-830582be7bd1/oauth-keys/15e53310-e0a3-4f4c-bba4-05809bd5486b/generate-token HTTP/1.1 200 896 https://localhost:9443/devportal/applications/d8414650-0dc6-4424-9310-830582be7bd1/sandboxkeys/oauth Mozilla/5.0 (Windows NT 10.0; Win64; x64) AppleWebKit/537.36 (KHTML, like Gecko) Chrome/114.0.0.0 Safari/537.36 Edg/114.0.1823.43 0.482
127.0.0.1 - - [15/Jun/2023:16:10:09 +0300] POST /internal/data/v1/notify HTTP/1.1 200 - - Apache-HttpClient/4.5.13 (Java/20.0.1) 0.078
0:0:0:0:0:0:0:1 - - [15/Jun/2023:16:10:22 +0300] GET /api/am/devportal/v3/api-categories HTTP/1.1 200 21 https://localhost:9443/devportal/apis Mozilla/5.0 (Windows NT 10.0; Win64; x64) AppleWebKit/537.36 (KHTML, like Gecko) Chrome/114.0.0.0 Safari/537.36 Edg/114.0.1823.43 0.009
0:0:0:0:0:0:0:1 - - [15/Jun/2023:16:10:22 +0300] GET /devportal/site/public/images/_favicon.ico HTTP/1.1 200 1150 https://localhost:9443/devportal/apis Mozilla/5.0 (Windows NT 10.0; Win64; x64) AppleWebKit/537.36 (KHTML, like Gecko) Chrome/114.0.0.0 Safari/537.36 Edg/114.0.1823.43 0.010
0:0:0:0:0:0:0:1 - - [15/Jun/2023:16:10:22 +0300] GET /api/am/devportal/v3/tags HTTP/1.1 200 147 https://localhost:9443/devportal/apis Mozilla/5.0 (Windows NT 10.0; Win64; x64) AppleWebKit/537.36 (KHTML, like Gecko) Chrome/114.0.0.0 Safari/537.36 Edg/114.0.1823.43 0.049
0:0:0:0:0:0:0:1 - - [15/Jun/2023:16:10:22 +0300] GET /api/am/devportal/v3/apis?limit=10&offset=0 HTTP/1.1 200 749 https://localhost:9443/devportal/apis Mozilla/5.0 (Windows NT 10.0; Win64; x64) AppleWebKit/537.36 (KHTML, like Gecko) Chrome/114.0.0.0 Safari/537.36 Edg/114.0.1823.43 0.079
0:0:0:0:0:0:0:1 - - [15/Jun/2023:16:10:22 +0300] - 400 - - - 0.000
0:0:0:0:0:0:0:1 - - [15/Jun/2023:16:10:22 +0300] GET /api/am/devportal/v3/apis/e4370ba6-92b7-4702-a4ef-88bd6e943f97/ratings HTTP/1.1 200 125 https://localhost:9443/devportal/apis Mozilla/5.0 (Windows NT 10.0; Win64; x64) AppleWebKit/537.36 (KHTML, like Gecko) Chrome/114.0.0.0 Safari/537.36 Edg/114.0.1823.43 0.016
0:0:0:0:0:0:0:1 - - [15/Jun/2023:16:10:22 +0300] - 400 - - - 0.000
0:0:0:0:0:0:0:1 - - [15/Jun/2023:16:10:22 +0300] - 400 - - - 0.000
0:0:0:0:0:0:0:1 - - [15/Jun/2023:16:10:22 +0300] - 400 - - - 0.000
0:0:0:0:0:0:0:1 - - [15/Jun/2023:16:10:22 +0300] GET /api/am/devportal/v3/apis/e4370ba6-92b7-4702-a4ef-88bd6e943f97/thumbnail HTTP/1.1 204 - https://localhost:9443/devportal/apis Mozilla/5.0 (Windows NT 10.0; Win64; x64) AppleWebKit/537.36 (KHTML, like Gecko) Chrome/114.0.0.0 Safari/537.36 Edg/114.0.1823.43 0.021
0:0:0:0:0:0:0:1 - - [15/Jun/2023:16:10:22 +0300] GET /api/am/devportal/v3/apis/bd412728-6963-4947-ba67-61fa1e164022/ratings HTTP/1.1 200 125 https://localhost:9443/devportal/apis Mozilla/5.0 (Windows NT 10.0; Win64; x64) AppleWebKit/537.36 (KHTML, like Gecko) Chrome/114.0.0.0 Safari/537.36 Edg/114.0.1823.43 0.022
0:0:0:0:0:0:0:1 - - [15/Jun/2023:16:10:22 +0300] GET /api/am/devportal/v3/apis/b708e07c-f833-4577-9072-b66243c058b3/ratings HTTP/1.1 200 125 https://localhost:9443/devportal/apis Mozilla/5.0 (Windows NT 10.0; Win64; x64) AppleWebKit/537.36 (KHTML, like Gecko) Chrome/114.0.0.0 Safari/537.36 Edg/114.0.1823.43 0.029
0:0:0:0:0:0:0:1 - - [15/Jun/2023:16:10:22 +0300] GET /api/am/devportal/v3/apis/bd412728-6963-4947-ba67-61fa1e164022/thumbnail HTTP/1.1 204 - https://localhost:9443/devportal/apis Mozilla/5.0 (Windows NT 10.0; Win64; x64) AppleWebKit/537.36 (KHTML, like Gecko) Chrome/114.0.0.0 Safari/537.36 Edg/114.0.1823.43 0.040
0:0:0:0:0:0:0:1 - - [15/Jun/2023:16:10:22 +0300] GET /api/am/devportal/v3/apis/746c7962-0923-4c21-be0e-a84d3748b57b/ratings HTTP/1.1 200 125 https://localhost:9443/devportal/apis Mozilla/5.0 (Windows NT 10.0; Win64; x64) AppleWebKit/537.36 (KHTML, like Gecko) Chrome/114.0.0.0 Safari/537.36 Edg/114.0.1823.43 0.056
0:0:0:0:0:0:0:1 - - [15/Jun/2023:16:10:22 +0300] GET /api/am/devportal/v3/apis/746c7962-0923-4c21-be0e-a84d3748b57b/thumbnail HTTP/1.1 204 - https://localhost:9443/devportal/apis Mozilla/5.0 (Windows NT 10.0; Win64; x64) AppleWebKit/537.36 (KHTML, like Gecko) Chrome/114.0.0.0 Safari/537.36 Edg/114.0.1823.43 0.052
0:0:0:0:0:0:0:1 - - [15/Jun/2023:16:10:22 +0300] GET /api/am/devportal/v3/apis/b708e07c-f833-4577-9072-b66243c058b3/thumbnail HTTP/1.1 204 - https://localhost:9443/devportal/apis Mozilla/5.0 (Windows NT 10.0; Win64; x64) AppleWebKit/537.36 (KHTML, like Gecko) Chrome/114.0.0.0 Safari/537.36 Edg/114.0.1823.43 0.065
0:0:0:0:0:0:0:1 - - [15/Jun/2023:16:10:22 +0300] GET /api/am/devportal/v3/apis/8485612f-b238-4e6d-9c05-e116e15f9121/thumbnail HTTP/1.1 204 - https://localhost:9443/devportal/apis Mozilla/5.0 (Windows NT 10.0; Win64; x64) AppleWebKit/537.36 (KHTML, like Gecko) Chrome/114.0.0.0 Safari/537.36 Edg/114.0.1823.43 0.079
0:0:0:0:0:0:0:1 - - [15/Jun/2023:16:10:22 +0300] GET /api/am/devportal/v3/apis/8485612f-b238-4e6d-9c05-e116e15f9121/ratings HTTP/1.1 200 125 https://localhost:9443/devportal/apis Mozilla/5.0 (Windows NT 10.0; Win64; x64) AppleWebKit/537.36 (KHTML, like Gecko) Chrome/114.0.0.0 Safari/537.36 Edg/114.0.1823.43 0.100
0:0:0:0:0:0:0:1 - - [15/Jun/2023:16:10:24 +0300] GET /devportal/site/public/images/_favicon.ico HTTP/1.1 200 1150 https://localhost:9443/devportal/apis/e4370ba6-92b7-4702-a4ef-88bd6e943f97 Mozilla/5.0 (Windows NT 10.0; Win64; x64) AppleWebKit/537.36 (KHTML, like Gecko) Chrome/114.0.0.0 Safari/537.36 Edg/114.0.1823.43 0.002
0:0:0:0:0:0:0:1 - - [15/Jun/2023:16:10:24 +0300] GET /api/am/devportal/v3/applications?limit=5000 HTTP/1.1 200 578 https://localhost:9443/devportal/apis/e4370ba6-92b7-4702-a4ef-88bd6e943f97 Mozilla/5.0 (Windows NT 10.0; Win64; x64) AppleWebKit/537.36 (KHTML, like Gecko) Chrome/114.0.0.0 Safari/537.36 Edg/114.0.1823.43 0.030
0:0:0:0:0:0:0:1 - - [15/Jun/2023:16:10:24 +0300] GET /api/am/devportal/v3/subscriptions?apiId=e4370ba6-92b7-4702-a4ef-88bd6e943f97&limit=25 HTTP/1.1 200 92 https://localhost:9443/devportal/apis/e4370ba6-92b7-4702-a4ef-88bd6e943f97 Mozilla/5.0 (Windows NT 10.0; Win64; x64) AppleWebKit/537.36 (KHTML, like Gecko) Chrome/114.0.0.0 Safari/537.36 Edg/114.0.1823.43 0.038
0:0:0:0:0:0:0:1 - - [15/Jun/2023:16:10:24 +0300] GET /api/am/devportal/v3/subscriptions?apiId=e4370ba6-92b7-4702-a4ef-88bd6e943f97&limit=5000 HTTP/1.1 200 94 https://localhost:9443/devportal/apis/e4370ba6-92b7-4702-a4ef-88bd6e943f97 Mozilla/5.0 (Windows NT 10.0; Win64; x64) AppleWebKit/537.36 (KHTML, like Gecko) Chrome/114.0.0.0 Safari/537.36 Edg/114.0.1823.43 0.039
0:0:0:0:0:0:0:1 - - [15/Jun/2023:16:10:24 +0300] GET /api/am/devportal/v3/apis/e4370ba6-92b7-4702-a4ef-88bd6e943f97 HTTP/1.1 200 1033 https://localhost:9443/devportal/apis/e4370ba6-92b7-4702-a4ef-88bd6e943f97 Mozilla/5.0 (Windows NT 10.0; Win64; x64) AppleWebKit/537.36 (KHTML, like Gecko) Chrome/114.0.0.0 Safari/537.36 Edg/114.0.1823.43 0.047
0:0:0:0:0:0:0:1 - - [15/Jun/2023:16:10:25 +0300] GET /devportal/site/public/images/_favicon.ico HTTP/1.1 200 1150 https://localhost:9443/devportal/apis/e4370ba6-92b7-4702-a4ef-88bd6e943f97/overview Mozilla/5.0 (Windows NT 10.0; Win64; x64) AppleWebKit/537.36 (KHTML, like Gecko) Chrome/114.0.0.0 Safari/537.36 Edg/114.0.1823.43 0.003
0:0:0:0:0:0:0:1 - - [15/Jun/2023:16:10:25 +0300] GET /api/am/devportal/v3/throttling-policies/subscription HTTP/1.1 200 634 https://localhost:9443/devportal/apis/e4370ba6-92b7-4702-a4ef-88bd6e943f97/overview Mozilla/5.0 (Windows NT 10.0; Win64; x64) AppleWebKit/537.36 (KHTML, like Gecko) Chrome/114.0.0.0 Safari/537.36 Edg/114.0.1823.43 0.021
0:0:0:0:0:0:0:1 - - [15/Jun/2023:16:10:25 +0300] GET /api/am/devportal/v3/throttling-policies/subscription HTTP/1.1 200 634 https://localhost:9443/devportal/apis/e4370ba6-92b7-4702-a4ef-88bd6e943f97/overview Mozilla/5.0 (Windows NT 10.0; Win64; x64) AppleWebKit/537.36 (KHTML, like Gecko) Chrome/114.0.0.0 Safari/537.36 Edg/114.0.1823.43 0.007
0:0:0:0:0:0:0:1 - - [15/Jun/2023:16:10:25 +0300] GET /api/am/devportal/v3/apis/e4370ba6-92b7-4702-a4ef-88bd6e943f97/documents HTTP/1.1 200 92 https://localhost:9443/devportal/apis/e4370ba6-92b7-4702-a4ef-88bd6e943f97/overview Mozilla/5.0 (Windows NT 10.0; Win64; x64) AppleWebKit/537.36 (KHTML, like Gecko) Chrome/114.0.0.0 Safari/537.36 Edg/114.0.1823.43 0.042
0:0:0:0:0:0:0:1 - - [15/Jun/2023:16:10:25 +0300] GET /api/am/devportal/v3/apis/e4370ba6-92b7-4702-a4ef-88bd6e943f97/documents HTTP/1.1 200 92 https://localhost:9443/devportal/apis/e4370ba6-92b7-4702-a4ef-88bd6e943f97/overview Mozilla/5.0 (Windows NT 10.0; Win64; x64) AppleWebKit/537.36 (KHTML, like Gecko) Chrome/114.0.0.0 Safari/537.36 Edg/114.0.1823.43 0.066
0:0:0:0:0:0:0:1 - - [15/Jun/2023:16:10:25 +0300] GET /api/am/devportal/v3/apis/e4370ba6-92b7-4702-a4ef-88bd6e943f97/ratings HTTP/1.1 200 125 https://localhost:9443/devportal/apis/e4370ba6-92b7-4702-a4ef-88bd6e943f97/overview Mozilla/5.0 (Windows NT 10.0; Win64; x64) AppleWebKit/537.36 (KHTML, like Gecko) Chrome/114.0.0.0 Safari/537.36 Edg/114.0.1823.43 0.073
0:0:0:0:0:0:0:1 - - [15/Jun/2023:16:10:25 +0300] GET /api/am/devportal/v3/apis/e4370ba6-92b7-4702-a4ef-88bd6e943f97/comments?limit=5&offset=0 HTTP/1.1 200 101 https://localhost:9443/devportal/apis/e4370ba6-92b7-4702-a4ef-88bd6e943f97/overview Mozilla/5.0 (Windows NT 10.0; Win64; x64) AppleWebKit/537.36 (KHTML, like Gecko) Chrome/114.0.0.0 Safari/537.36 Edg/114.0.1823.43 0.080
0:0:0:0:0:0:0:1 - - [15/Jun/2023:16:10:25 +0300] GET /api/am/devportal/v3/apis/e4370ba6-92b7-4702-a4ef-88bd6e943f97/thumbnail HTTP/1.1 204 - https://localhost:9443/devportal/apis/e4370ba6-92b7-4702-a4ef-88bd6e943f97/overview Mozilla/5.0 (Windows NT 10.0; Win64; x64) AppleWebKit/537.36 (KHTML, like Gecko) Chrome/114.0.0.0 Safari/537.36 Edg/114.0.1823.43 0.084
0:0:0:0:0:0:0:1 - - [15/Jun/2023:16:10:28 +0300] GET /devportal/site/public/images/_favicon.ico HTTP/1.1 200 1150 https://localhost:9443/devportal/apis/e4370ba6-92b7-4702-a4ef-88bd6e943f97/test Mozilla/5.0 (Windows NT 10.0; Win64; x64) AppleWebKit/537.36 (KHTML, like Gecko) Chrome/114.0.0.0 Safari/537.36 Edg/114.0.1823.43 0.003
0:0:0:0:0:0:0:1 - - [15/Jun/2023:16:10:28 +0300] GET /api/am/devportal/v3/applications?limit=5000 HTTP/1.1 200 578 https://localhost:9443/devportal/apis/e4370ba6-92b7-4702-a4ef-88bd6e943f97/test Mozilla/5.0 (Windows NT 10.0; Win64; x64) AppleWebKit/537.36 (KHTML, like Gecko) Chrome/114.0.0.0 Safari/537.36 Edg/114.0.1823.43 0.014
0:0:0:0:0:0:0:1 - - [15/Jun/2023:16:10:28 +0300] GET /api/am/devportal/v3/subscriptions?apiId=e4370ba6-92b7-4702-a4ef-88bd6e943f97&limit=25 HTTP/1.1 200 92 https://localhost:9443/devportal/apis/e4370ba6-92b7-4702-a4ef-88bd6e943f97/test Mozilla/5.0 (Windows NT 10.0; Win64; x64) AppleWebKit/537.36 (KHTML, like Gecko) Chrome/114.0.0.0 Safari/537.36 Edg/114.0.1823.43 0.030
0:0:0:0:0:0:0:1 - - [15/Jun/2023:16:10:28 +0300] GET /api/am/devportal/v3/subscriptions?apiId=e4370ba6-92b7-4702-a4ef-88bd6e943f97&limit=5000 HTTP/1.1 200 94 https://localhost:9443/devportal/apis/e4370ba6-92b7-4702-a4ef-88bd6e943f97/test Mozilla/5.0 (Windows NT 10.0; Win64; x64) AppleWebKit/537.36 (KHTML, like Gecko) Chrome/114.0.0.0 Safari/537.36 Edg/114.0.1823.43 0.029
0:0:0:0:0:0:0:1 - - [15/Jun/2023:16:10:28 +0300] GET /api/am/devportal/v3/apis/e4370ba6-92b7-4702-a4ef-88bd6e943f97 HTTP/1.1 200 1033 https://localhost:9443/devportal/apis/e4370ba6-92b7-4702-a4ef-88bd6e943f97/test Mozilla/5.0 (Windows NT 10.0; Win64; x64) AppleWebKit/537.36 (KHTML, like Gecko) Chrome/114.0.0.0 Safari/537.36 Edg/114.0.1823.43 0.052
0:0:0:0:0:0:0:1 - - [15/Jun/2023:16:10:28 +0300] GET /api/am/devportal/v3/apis/e4370ba6-92b7-4702-a4ef-88bd6e943f97 HTTP/1.1 200 1033 https://localhost:9443/devportal/apis/e4370ba6-92b7-4702-a4ef-88bd6e943f97/test Mozilla/5.0 (Windows NT 10.0; Win64; x64) AppleWebKit/537.36 (KHTML, like Gecko) Chrome/114.0.0.0 Safari/537.36 Edg/114.0.1823.43 0.020
0:0:0:0:0:0:0:1 - - [15/Jun/2023:16:10:28 +0300] GET /api/am/devportal/v3/apis/e4370ba6-92b7-4702-a4ef-88bd6e943f97/swagger?environmentName=Default HTTP/1.1 200 378 https://localhost:9443/devportal/apis/e4370ba6-92b7-4702-a4ef-88bd6e943f97/test Mozilla/5.0 (Windows NT 10.0; Win64; x64) AppleWebKit/537.36 (KHTML, like Gecko) Chrome/114.0.0.0 Safari/537.36 Edg/114.0.1823.43 0.019
0:0:0:0:0:0:0:1 - - [15/Jun/2023:16:10:28 +0300] GET /api/am/devportal/v3/subscriptions?apiId=e4370ba6-92b7-4702-a4ef-88bd6e943f97&limit=25 HTTP/1.1 200 92 https://localhost:9443/devportal/apis/e4370ba6-92b7-4702-a4ef-88bd6e943f97/test Mozilla/5.0 (Windows NT 10.0; Win64; x64) AppleWebKit/537.36 (KHTML, like Gecko) Chrome/114.0.0.0 Safari/537.36 Edg/114.0.1823.43 0.026
0:0:0:0:0:0:0:1 - - [15/Jun/2023:16:10:28 +0300] GET /api/am/devportal/v3/swagger.yaml HTTP/1.1 200 26878 https://localhost:9443/devportal/apis/e4370ba6-92b7-4702-a4ef-88bd6e943f97/test Mozilla/5.0 (Windows NT 10.0; Win64; x64) AppleWebKit/537.36 (KHTML, like Gecko) Chrome/114.0.0.0 Safari/537.36 Edg/114.0.1823.43 0.045
0:0:0:0:0:0:0:1 - - [15/Jun/2023:16:10:28 +0300] GET /api/am/devportal/v3/subscriptions?apiId=e4370ba6-92b7-4702-a4ef-88bd6e943f97&limit=25 HTTP/1.1 200 92 https://localhost:9443/devportal/apis/e4370ba6-92b7-4702-a4ef-88bd6e943f97/test Mozilla/5.0 (Windows NT 10.0; Win64; x64) AppleWebKit/537.36 (KHTML, like Gecko) Chrome/114.0.0.0 Safari/537.36 Edg/114.0.1823.43 0.022
127.0.0.1 - - [15/Jun/2023:16:10:28 +0300] GET /oauth2/token/.well-known/openid-configuration HTTP/1.1 200 2395 - Apache-HttpClient/4.5.13 (Java/20.0.1) 0.009
0:0:0:0:0:0:0:1 - - [15/Jun/2023:16:10:28 +0300] GET /api/am/devportal/v3/key-managers HTTP/1.1 200 763 https://localhost:9443/devportal/apis/e4370ba6-92b7-4702-a4ef-88bd6e943f97/test Mozilla/5.0 (Windows NT 10.0; Win64; x64) AppleWebKit/537.36 (KHTML, like Gecko) Chrome/114.0.0.0 Safari/537.36 Edg/114.0.1823.43 0.065
0:0:0:0:0:0:0:1 - - [15/Jun/2023:16:10:28 +0300] GET /api/am/devportal/v3/swagger.yaml HTTP/1.1 200 26878 https://localhost:9443/devportal/apis/e4370ba6-92b7-4702-a4ef-88bd6e943f97/test Mozilla/5.0 (Windows NT 10.0; Win64; x64) AppleWebKit/537.36 (KHTML, like Gecko) Chrome/114.0.0.0 Safari/537.36 Edg/114.0.1823.43 0.080
0:0:0:0:0:0:0:1 - - [15/Jun/2023:16:10:28 +0300] GET /api/am/devportal/v3/applications/ HTTP/1.1 200 577 https://localhost:9443/devportal/apis/e4370ba6-92b7-4702-a4ef-88bd6e943f97/test Mozilla/5.0 (Windows NT 10.0; Win64; x64) AppleWebKit/537.36 (KHTML, like Gecko) Chrome/114.0.0.0 Safari/537.36 Edg/114.0.1823.43 0.052
0:0:0:0:0:0:0:1 - - [15/Jun/2023:16:10:38 +0300] GET /devportal/site/public/images/_favicon.ico HTTP/1.1 200 1150 https://localhost:9443/devportal/apis/e4370ba6-92b7-4702-a4ef-88bd6e943f97/credentials Mozilla/5.0 (Windows NT 10.0; Win64; x64) AppleWebKit/537.36 (KHTML, like Gecko) Chrome/114.0.0.0 Safari/537.36 Edg/114.0.1823.43 0.008
127.0.0.1 - - [15/Jun/2023:16:10:42 +0300] GET /keymanager-operations/dcr/register/cHJ0RTNoTWZwd0ZRSWlxZkJHQzc5cVpad2ZJYQ%3D%3D HTTP/1.1 200 720 - Apache-HttpClient/4.5.13 (Java/20.0.1) 0.008
0:0:0:0:0:0:0:1 - - [15/Jun/2023:16:10:42 +0300] POST /api/am/devportal/v3/subscriptions HTTP/1.1 201 647 https://localhost:9443/devportal/apis/e4370ba6-92b7-4702-a4ef-88bd6e943f97/credentials Mozilla/5.0 (Windows NT 10.0; Win64; x64) AppleWebKit/537.36 (KHTML, like Gecko) Chrome/114.0.0.0 Safari/537.36 Edg/114.0.1823.43 0.171
0:0:0:0:0:0:0:1 - - [15/Jun/2023:16:10:42 +0300] GET /api/am/devportal/v3/applications?limit=5000 HTTP/1.1 200 579 https://localhost:9443/devportal/apis/e4370ba6-92b7-4702-a4ef-88bd6e943f97/credentials Mozilla/5.0 (Windows NT 10.0; Win64; x64) AppleWebKit/537.36 (KHTML, like Gecko) Chrome/114.0.0.0 Safari/537.36 Edg/114.0.1823.43 0.015
127.0.0.1 - - [15/Jun/2023:16:10:42 +0300] GET /keymanager-operations/dcr/register/cHJ0RTNoTWZwd0ZRSWlxZkJHQzc5cVpad2ZJYQ%3D%3D HTTP/1.1 200 720 - Apache-HttpClient/4.5.13 (Java/20.0.1) 0.014
0:0:0:0:0:0:0:1 - - [15/Jun/2023:16:10:42 +0300] GET /api/am/devportal/v3/apis/e4370ba6-92b7-4702-a4ef-88bd6e943f97 HTTP/1.1 200 1033 https://localhost:9443/devportal/apis/e4370ba6-92b7-4702-a4ef-88bd6e943f97/credentials Mozilla/5.0 (Windows NT 10.0; Win64; x64) AppleWebKit/537.36 (KHTML, like Gecko) Chrome/114.0.0.0 Safari/537.36 Edg/114.0.1823.43 0.026
0:0:0:0:0:0:0:1 - - [15/Jun/2023:16:10:42 +0300] GET /api/am/devportal/v3/subscriptions?apiId=e4370ba6-92b7-4702-a4ef-88bd6e943f97&limit=25 HTTP/1.1 200 697 https://localhost:9443/devportal/apis/e4370ba6-92b7-4702-a4ef-88bd6e943f97/credentials Mozilla/5.0 (Windows NT 10.0; Win64; x64) AppleWebKit/537.36 (KHTML, like Gecko) Chrome/114.0.0.0 Safari/537.36 Edg/114.0.1823.43 0.054
127.0.0.1 - - [15/Jun/2023:16:10:42 +0300] GET /keymanager-operations/dcr/register/cHJ0RTNoTWZwd0ZRSWlxZkJHQzc5cVpad2ZJYQ%3D%3D HTTP/1.1 200 720 - Apache-HttpClient/4.5.13 (Java/20.0.1) 0.011
0:0:0:0:0:0:0:1 - - [15/Jun/2023:16:10:42 +0300] GET /api/am/devportal/v3/subscriptions?apiId=e4370ba6-92b7-4702-a4ef-88bd6e943f97&limit=5000 HTTP/1.1 200 699 https://localhost:9443/devportal/apis/e4370ba6-92b7-4702-a4ef-88bd6e943f97/credentials Mozilla/5.0 (Windows NT 10.0; Win64; x64) AppleWebKit/537.36 (KHTML, like Gecko) Chrome/114.0.0.0 Safari/537.36 Edg/114.0.1823.43 0.064
0:0:0:0:0:0:0:1 - - [15/Jun/2023:16:10:49 +0300] GET /api/am/devportal/v3/throttling-policies/application HTTP/1.1 200 473 https://localhost:9443/devportal/apis/e4370ba6-92b7-4702-a4ef-88bd6e943f97/credentials/wizard Mozilla/5.0 (Windows NT 10.0; Win64; x64) AppleWebKit/537.36 (KHTML, like Gecko) Chrome/114.0.0.0 Safari/537.36 Edg/114.0.1823.43 0.021
0:0:0:0:0:0:0:1 - - [15/Jun/2023:16:10:49 +0300] GET /devportal/site/public/images/_favicon.ico HTTP/1.1 200 1150 https://localhost:9443/devportal/apis/e4370ba6-92b7-4702-a4ef-88bd6e943f97/credentials/wizard Mozilla/5.0 (Windows NT 10.0; Win64; x64) AppleWebKit/537.36 (KHTML, like Gecko) Chrome/114.0.0.0 Safari/537.36 Edg/114.0.1823.43 0.006
0:0:0:0:0:0:0:1 - - [15/Jun/2023:16:10:49 +0300] GET /api/am/devportal/v3/settings/application-attributes HTTP/1.1 200 21 https://localhost:9443/devportal/apis/e4370ba6-92b7-4702-a4ef-88bd6e943f97/credentials/wizard Mozilla/5.0 (Windows NT 10.0; Win64; x64) AppleWebKit/537.36 (KHTML, like Gecko) Chrome/114.0.0.0 Safari/537.36 Edg/114.0.1823.43 0.034
127.0.0.1 - - [15/Jun/2023:16:10:49 +0300] GET /oauth2/token/.well-known/openid-configuration HTTP/1.1 200 2395 - Apache-HttpClient/4.5.13 (Java/20.0.1) 0.007
0:0:0:0:0:0:0:1 - - [15/Jun/2023:16:10:49 +0300] GET /api/am/devportal/v3/key-managers HTTP/1.1 200 763 https://localhost:9443/devportal/apis/e4370ba6-92b7-4702-a4ef-88bd6e943f97/credentials/wizard Mozilla/5.0 (Windows NT 10.0; Win64; x64) AppleWebKit/537.36 (KHTML, like Gecko) Chrome/114.0.0.0 Safari/537.36 Edg/114.0.1823.43 0.043
0:0:0:0:0:0:0:1 - - [15/Jun/2023:16:10:58 +0300] GET /api/am/devportal/v3/api-categories HTTP/1.1 200 21 https://localhost:9443/devportal/apis Mozilla/5.0 (Windows NT 10.0; Win64; x64) AppleWebKit/537.36 (KHTML, like Gecko) Chrome/114.0.0.0 Safari/537.36 Edg/114.0.1823.43 0.015
0:0:0:0:0:0:0:1 - - [15/Jun/2023:16:10:58 +0300] GET /devportal/site/public/images/_favicon.ico HTTP/1.1 200 1150 https://localhost:9443/devportal/apis Mozilla/5.0 (Windows NT 10.0; Win64; x64) AppleWebKit/537.36 (KHTML, like Gecko) Chrome/114.0.0.0 Safari/537.36 Edg/114.0.1823.43 0.013
0:0:0:0:0:0:0:1 - - [15/Jun/2023:16:10:58 +0300] GET /api/am/devportal/v3/tags HTTP/1.1 200 147 https://localhost:9443/devportal/apis Mozilla/5.0 (Windows NT 10.0; Win64; x64) AppleWebKit/537.36 (KHTML, like Gecko) Chrome/114.0.0.0 Safari/537.36 Edg/114.0.1823.43 0.032
0:0:0:0:0:0:0:1 - - [15/Jun/2023:16:10:58 +0300] GET /api/am/devportal/v3/apis?limit=10&offset=0 HTTP/1.1 200 749 https://localhost:9443/devportal/apis Mozilla/5.0 (Windows NT 10.0; Win64; x64) AppleWebKit/537.36 (KHTML, like Gecko) Chrome/114.0.0.0 Safari/537.36 Edg/114.0.1823.43 0.054
0:0:0:0:0:0:0:1 - - [15/Jun/2023:16:10:58 +0300] GET /api/am/devportal/v3/apis/bd412728-6963-4947-ba67-61fa1e164022/ratings HTTP/1.1 200 125 https://localhost:9443/devportal/apis Mozilla/5.0 (Windows NT 10.0; Win64; x64) AppleWebKit/537.36 (KHTML, like Gecko) Chrome/114.0.0.0 Safari/537.36 Edg/114.0.1823.43 0.016
0:0:0:0:0:0:0:1 - - [15/Jun/2023:16:10:58 +0300] GET /api/am/devportal/v3/apis/e4370ba6-92b7-4702-a4ef-88bd6e943f97/thumbnail HTTP/1.1 204 - https://localhost:9443/devportal/apis Mozilla/5.0 (Windows NT 10.0; Win64; x64) AppleWebKit/537.36 (KHTML, like Gecko) Chrome/114.0.0.0 Safari/537.36 Edg/114.0.1823.43 0.031
0:0:0:0:0:0:0:1 - - [15/Jun/2023:16:10:58 +0300] GET /api/am/devportal/v3/apis/746c7962-0923-4c21-be0e-a84d3748b57b/ratings HTTP/1.1 200 125 https://localhost:9443/devportal/apis Mozilla/5.0 (Windows NT 10.0; Win64; x64) AppleWebKit/537.36 (KHTML, like Gecko) Chrome/114.0.0.0 Safari/537.36 Edg/114.0.1823.43 0.014
0:0:0:0:0:0:0:1 - - [15/Jun/2023:16:10:58 +0300] GET /api/am/devportal/v3/apis/746c7962-0923-4c21-be0e-a84d3748b57b/thumbnail HTTP/1.1 204 - https://localhost:9443/devportal/apis Mozilla/5.0 (Windows NT 10.0; Win64; x64) AppleWebKit/537.36 (KHTML, like Gecko) Chrome/114.0.0.0 Safari/537.36 Edg/114.0.1823.43 0.036
0:0:0:0:0:0:0:1 - - [15/Jun/2023:16:10:58 +0300] GET /api/am/devportal/v3/apis/b708e07c-f833-4577-9072-b66243c058b3/ratings HTTP/1.1 200 125 https://localhost:9443/devportal/apis Mozilla/5.0 (Windows NT 10.0; Win64; x64) AppleWebKit/537.36 (KHTML, like Gecko) Chrome/114.0.0.0 Safari/537.36 Edg/114.0.1823.43 0.034
0:0:0:0:0:0:0:1 - - [15/Jun/2023:16:10:58 +0300] GET /api/am/devportal/v3/apis/bd412728-6963-4947-ba67-61fa1e164022/thumbnail HTTP/1.1 204 - https://localhost:9443/devportal/apis Mozilla/5.0 (Windows NT 10.0; Win64; x64) AppleWebKit/537.36 (KHTML, like Gecko) Chrome/114.0.0.0 Safari/537.36 Edg/114.0.1823.43 0.064
0:0:0:0:0:0:0:1 - - [15/Jun/2023:16:10:58 +0300] GET /api/am/devportal/v3/apis/e4370ba6-92b7-4702-a4ef-88bd6e943f97/ratings HTTP/1.1 200 125 https://localhost:9443/devportal/apis Mozilla/5.0 (Windows NT 10.0; Win64; x64) AppleWebKit/537.36 (KHTML, like Gecko) Chrome/114.0.0.0 Safari/537.36 Edg/114.0.1823.43 0.084
0:0:0:0:0:0:0:1 - - [15/Jun/2023:16:10:58 +0300] GET /api/am/devportal/v3/apis/b708e07c-f833-4577-9072-b66243c058b3/thumbnail HTTP/1.1 204 - https://localhost:9443/devportal/apis Mozilla/5.0 (Windows NT 10.0; Win64; x64) AppleWebKit/537.36 (KHTML, like Gecko) Chrome/114.0.0.0 Safari/537.36 Edg/114.0.1823.43 0.061
0:0:0:0:0:0:0:1 - - [15/Jun/2023:16:10:58 +0300] GET /api/am/devportal/v3/apis/8485612f-b238-4e6d-9c05-e116e15f9121/thumbnail HTTP/1.1 204 - https://localhost:9443/devportal/apis Mozilla/5.0 (Windows NT 10.0; Win64; x64) AppleWebKit/537.36 (KHTML, like Gecko) Chrome/114.0.0.0 Safari/537.36 Edg/114.0.1823.43 0.069
0:0:0:0:0:0:0:1 - - [15/Jun/2023:16:10:58 +0300] GET /api/am/devportal/v3/apis/8485612f-b238-4e6d-9c05-e116e15f9121/ratings HTTP/1.1 200 125 https://localhost:9443/devportal/apis Mozilla/5.0 (Windows NT 10.0; Win64; x64) AppleWebKit/537.36 (KHTML, like Gecko) Chrome/114.0.0.0 Safari/537.36 Edg/114.0.1823.43 0.078
0:0:0:0:0:0:0:1 - - [15/Jun/2023:16:11:00 +0300] GET /devportal/site/public/images/_favicon.ico HTTP/1.1 200 1150 https://localhost:9443/devportal/apis/e4370ba6-92b7-4702-a4ef-88bd6e943f97 Mozilla/5.0 (Windows NT 10.0; Win64; x64) AppleWebKit/537.36 (KHTML, like Gecko) Chrome/114.0.0.0 Safari/537.36 Edg/114.0.1823.43 0.003
0:0:0:0:0:0:0:1 - - [15/Jun/2023:16:11:00 +0300] GET /api/am/devportal/v3/applications?limit=5000 HTTP/1.1 200 579 https://localhost:9443/devportal/apis/e4370ba6-92b7-4702-a4ef-88bd6e943f97 Mozilla/5.0 (Windows NT 10.0; Win64; x64) AppleWebKit/537.36 (KHTML, like Gecko) Chrome/114.0.0.0 Safari/537.36 Edg/114.0.1823.43 0.021
0:0:0:0:0:0:0:1 - - [15/Jun/2023:16:11:00 +0300] GET /api/am/devportal/v3/apis/e4370ba6-92b7-4702-a4ef-88bd6e943f97 HTTP/1.1 200 1033 https://localhost:9443/devportal/apis/e4370ba6-92b7-4702-a4ef-88bd6e943f97 Mozilla/5.0 (Windows NT 10.0; Win64; x64) AppleWebKit/537.36 (KHTML, like Gecko) Chrome/114.0.0.0 Safari/537.36 Edg/114.0.1823.43 0.034
127.0.0.1 - - [15/Jun/2023:16:11:00 +0300] GET /keymanager-operations/dcr/register/cHJ0RTNoTWZwd0ZRSWlxZkJHQzc5cVpad2ZJYQ%3D%3D HTTP/1.1 200 720 - Apache-HttpClient/4.5.13 (Java/20.0.1) 0.009
0:0:0:0:0:0:0:1 - - [15/Jun/2023:16:11:00 +0300] GET /api/am/devportal/v3/subscriptions?apiId=e4370ba6-92b7-4702-a4ef-88bd6e943f97&limit=25 HTTP/1.1 200 697 https://localhost:9443/devportal/apis/e4370ba6-92b7-4702-a4ef-88bd6e943f97 Mozilla/5.0 (Windows NT 10.0; Win64; x64) AppleWebKit/537.36 (KHTML, like Gecko) Chrome/114.0.0.0 Safari/537.36 Edg/114.0.1823.43 0.059
0:0:0:0:0:0:0:1 - - [15/Jun/2023:16:11:00 +0300] GET /api/am/devportal/v3/subscriptions?apiId=e4370ba6-92b7-4702-a4ef-88bd6e943f97&limit=5000 HTTP/1.1 200 699 https://localhost:9443/devportal/apis/e4370ba6-92b7-4702-a4ef-88bd6e943f97 Mozilla/5.0 (Windows NT 10.0; Win64; x64) AppleWebKit/537.36 (KHTML, like Gecko) Chrome/114.0.0.0 Safari/537.36 Edg/114.0.1823.43 0.062
127.0.0.1 - - [15/Jun/2023:16:11:00 +0300] GET /keymanager-operations/dcr/register/cHJ0RTNoTWZwd0ZRSWlxZkJHQzc5cVpad2ZJYQ%3D%3D HTTP/1.1 200 720 - Apache-HttpClient/4.5.13 (Java/20.0.1) 0.028
0:0:0:0:0:0:0:1 - - [15/Jun/2023:16:11:00 +0300] GET /api/am/devportal/v3/throttling-policies/subscription HTTP/1.1 200 634 https://localhost:9443/devportal/apis/e4370ba6-92b7-4702-a4ef-88bd6e943f97/overview Mozilla/5.0 (Windows NT 10.0; Win64; x64) AppleWebKit/537.36 (KHTML, like Gecko) Chrome/114.0.0.0 Safari/537.36 Edg/114.0.1823.43 0.031
0:0:0:0:0:0:0:1 - - [15/Jun/2023:16:11:00 +0300] GET /devportal/site/public/images/_favicon.ico HTTP/1.1 200 1150 https://localhost:9443/devportal/apis/e4370ba6-92b7-4702-a4ef-88bd6e943f97/overview Mozilla/5.0 (Windows NT 10.0; Win64; x64) AppleWebKit/537.36 (KHTML, like Gecko) Chrome/114.0.0.0 Safari/537.36 Edg/114.0.1823.43 0.002
0:0:0:0:0:0:0:1 - - [15/Jun/2023:16:11:00 +0300] GET /api/am/devportal/v3/throttling-policies/subscription HTTP/1.1 200 634 https://localhost:9443/devportal/apis/e4370ba6-92b7-4702-a4ef-88bd6e943f97/overview Mozilla/5.0 (Windows NT 10.0; Win64; x64) AppleWebKit/537.36 (KHTML, like Gecko) Chrome/114.0.0.0 Safari/537.36 Edg/114.0.1823.43 0.010
0:0:0:0:0:0:0:1 - - [15/Jun/2023:16:11:00 +0300] GET /api/am/devportal/v3/apis/e4370ba6-92b7-4702-a4ef-88bd6e943f97/documents HTTP/1.1 200 92 https://localhost:9443/devportal/apis/e4370ba6-92b7-4702-a4ef-88bd6e943f97/overview Mozilla/5.0 (Windows NT 10.0; Win64; x64) AppleWebKit/537.36 (KHTML, like Gecko) Chrome/114.0.0.0 Safari/537.36 Edg/114.0.1823.43 0.047
0:0:0:0:0:0:0:1 - - [15/Jun/2023:16:11:00 +0300] GET /api/am/devportal/v3/apis/e4370ba6-92b7-4702-a4ef-88bd6e943f97/documents HTTP/1.1 200 92 https://localhost:9443/devportal/apis/e4370ba6-92b7-4702-a4ef-88bd6e943f97/overview Mozilla/5.0 (Windows NT 10.0; Win64; x64) AppleWebKit/537.36 (KHTML, like Gecko) Chrome/114.0.0.0 Safari/537.36 Edg/114.0.1823.43 0.025
