0:0:0:0:0:0:0:1 - - [18/Jun/2023:18:41:03 +0300] GET /devportal/services/settings/settings.js HTTP/1.1 200 1474 https://localhost:9443/devportal/apis/322d0fa8-4241-4e9e-a381-26b8d42c1467/overview Mozilla/5.0 (Windows NT 10.0; Win64; x64) AppleWebKit/537.36 (KHTML, like Gecko) Chrome/114.0.0.0 Safari/537.36 Edg/114.0.1823.43 0.011
0:0:0:0:0:0:0:1 - - [18/Jun/2023:18:41:03 +0300] GET /devportal/site/public/fonts/iconfont/material-icons.css HTTP/1.1 200 970 https://localhost:9443/devportal/apis/322d0fa8-4241-4e9e-a381-26b8d42c1467/overview Mozilla/5.0 (Windows NT 10.0; Win64; x64) AppleWebKit/537.36 (KHTML, like Gecko) Chrome/114.0.0.0 Safari/537.36 Edg/114.0.1823.43 0.005
0:0:0:0:0:0:0:1 - - [18/Jun/2023:18:41:03 +0300] GET /devportal/site/public/css/overrides.css HTTP/1.1 200 - https://localhost:9443/devportal/apis/322d0fa8-4241-4e9e-a381-26b8d42c1467/overview Mozilla/5.0 (Windows NT 10.0; Win64; x64) AppleWebKit/537.36 (KHTML, like Gecko) Chrome/114.0.0.0 Safari/537.36 Edg/114.0.1823.43 0.006
0:0:0:0:0:0:0:1 - - [18/Jun/2023:18:41:03 +0300] GET /devportal/site/public/locales/en.json HTTP/1.1 200 57092 https://localhost:9443/devportal/apis/322d0fa8-4241-4e9e-a381-26b8d42c1467/overview Mozilla/5.0 (Windows NT 10.0; Win64; x64) AppleWebKit/537.36 (KHTML, like Gecko) Chrome/114.0.0.0 Safari/537.36 Edg/114.0.1823.43 0.006
0:0:0:0:0:0:0:1 - - [18/Jun/2023:18:41:03 +0300] GET /api/am/devportal/v3/swagger.yaml HTTP/1.1 200 26878 https://localhost:9443/devportal/apis/322d0fa8-4241-4e9e-a381-26b8d42c1467/overview Mozilla/5.0 (Windows NT 10.0; Win64; x64) AppleWebKit/537.36 (KHTML, like Gecko) Chrome/114.0.0.0 Safari/537.36 Edg/114.0.1823.43 0.022
0:0:0:0:0:0:0:1 - - [18/Jun/2023:18:41:03 +0300] GET /devportal/site/public/images/_favicon.ico HTTP/1.1 200 1150 https://localhost:9443/devportal/apis/322d0fa8-4241-4e9e-a381-26b8d42c1467/overview Mozilla/5.0 (Windows NT 10.0; Win64; x64) AppleWebKit/537.36 (KHTML, like Gecko) Chrome/114.0.0.0 Safari/537.36 Edg/114.0.1823.43 0.010
0:0:0:0:0:0:0:1 - - [18/Jun/2023:18:41:06 +0300] GET /api/am/devportal/v3/settings HTTP/1.1 200 592 https://localhost:9443/devportal/apis/322d0fa8-4241-4e9e-a381-26b8d42c1467/overview Mozilla/5.0 (Windows NT 10.0; Win64; x64) AppleWebKit/537.36 (KHTML, like Gecko) Chrome/114.0.0.0 Safari/537.36 Edg/114.0.1823.43 1.140
0:0:0:0:0:0:0:1 - - [18/Jun/2023:18:41:07 +0300] GET /devportal/site/public/theme/temporary_environments_config.json HTTP/1.1 200 - https://localhost:9443/devportal/apis/322d0fa8-4241-4e9e-a381-26b8d42c1467/overview Mozilla/5.0 (Windows NT 10.0; Win64; x64) AppleWebKit/537.36 (KHTML, like Gecko) Chrome/114.0.0.0 Safari/537.36 Edg/114.0.1823.43 0.006
0:0:0:0:0:0:0:1 - - [18/Jun/2023:18:41:07 +0300] GET /devportal/site/public/theme/temporary_features_config.json HTTP/1.1 200 - https://localhost:9443/devportal/apis/322d0fa8-4241-4e9e-a381-26b8d42c1467/overview Mozilla/5.0 (Windows NT 10.0; Win64; x64) AppleWebKit/537.36 (KHTML, like Gecko) Chrome/114.0.0.0 Safari/537.36 Edg/114.0.1823.43 0.007
0:0:0:0:0:0:0:1 - - [18/Jun/2023:18:41:07 +0300] GET /api/am/devportal/v3/tenants?state=active HTTP/1.1 200 96 https://localhost:9443/devportal/apis/322d0fa8-4241-4e9e-a381-26b8d42c1467/overview Mozilla/5.0 (Windows NT 10.0; Win64; x64) AppleWebKit/537.36 (KHTML, like Gecko) Chrome/114.0.0.0 Safari/537.36 Edg/114.0.1823.43 0.438
127.0.0.1 - - [18/Jun/2023:18:41:07 +0300] GET /oauth2/userinfo HTTP/1.1 200 15 - Java-http-client/20.0.1 0.262
127.0.0.1 - - [18/Jun/2023:18:41:07 +0300] POST /oauth2/introspect HTTP/1.1 200 341 - Java-http-client/20.0.1 0.112
0:0:0:0:0:0:0:1 - - [18/Jun/2023:18:41:07 +0300] GET /devportal/services/auth/introspect HTTP/1.1 200 376 https://localhost:9443/devportal/apis/322d0fa8-4241-4e9e-a381-26b8d42c1467/overview Mozilla/5.0 (Windows NT 10.0; Win64; x64) AppleWebKit/537.36 (KHTML, like Gecko) Chrome/114.0.0.0 Safari/537.36 Edg/114.0.1823.43 0.881
0:0:0:0:0:0:0:1 - - [18/Jun/2023:18:41:08 +0300] GET /oidc/checksession?client_id=PWfgQzPGHoxzOjpmoCalMGNtF2Ia&redirect_uri=https://localhost:9443/devportal/services/auth/callback/login HTTP/1.1 200 3134 https://localhost:9443/devportal/apis/322d0fa8-4241-4e9e-a381-26b8d42c1467/overview Mozilla/5.0 (Windows NT 10.0; Win64; x64) AppleWebKit/537.36 (KHTML, like Gecko) Chrome/114.0.0.0 Safari/537.36 Edg/114.0.1823.43 0.008
0:0:0:0:0:0:0:1 - - [18/Jun/2023:18:41:08 +0300] GET /devportal/site/public/dist/vendors~ApiListing~Apis~ApplicationDetails.720bc2e40480316deaca.bundle.js HTTP/1.1 200 3839 https://localhost:9443/devportal/apis/322d0fa8-4241-4e9e-a381-26b8d42c1467/overview Mozilla/5.0 (Windows NT 10.0; Win64; x64) AppleWebKit/537.36 (KHTML, like Gecko) Chrome/114.0.0.0 Safari/537.36 Edg/114.0.1823.43 0.282
0:0:0:0:0:0:0:1 - - [18/Jun/2023:18:41:08 +0300] GET /devportal/site/public/images/logo.svg HTTP/1.1 200 74991 https://localhost:9443/devportal/apis/322d0fa8-4241-4e9e-a381-26b8d42c1467/overview Mozilla/5.0 (Windows NT 10.0; Win64; x64) AppleWebKit/537.36 (KHTML, like Gecko) Chrome/114.0.0.0 Safari/537.36 Edg/114.0.1823.43 0.265
0:0:0:0:0:0:0:1 - - [18/Jun/2023:18:41:08 +0300] GET /devportal/site/public/dist/Apis.800351a0eb878c789ea9.bundle.js HTTP/1.1 200 25570 https://localhost:9443/devportal/apis/322d0fa8-4241-4e9e-a381-26b8d42c1467/overview Mozilla/5.0 (Windows NT 10.0; Win64; x64) AppleWebKit/537.36 (KHTML, like Gecko) Chrome/114.0.0.0 Safari/537.36 Edg/114.0.1823.43 0.292
0:0:0:0:0:0:0:1 - - [18/Jun/2023:18:41:08 +0300] GET /devportal HTTP/1.1 302 - https://localhost:9443/devportal/apis/322d0fa8-4241-4e9e-a381-26b8d42c1467/overview Mozilla/5.0 (Windows NT 10.0; Win64; x64) AppleWebKit/537.36 (KHTML, like Gecko) Chrome/114.0.0.0 Safari/537.36 Edg/114.0.1823.43 0.000
0:0:0:0:0:0:0:1 - - [18/Jun/2023:18:41:08 +0300] GET /devportal/site/public/dist/Apis~Landing.44f03df4105c342867a1.bundle.js HTTP/1.1 200 6722 https://localhost:9443/devportal/apis/322d0fa8-4241-4e9e-a381-26b8d42c1467/overview Mozilla/5.0 (Windows NT 10.0; Win64; x64) AppleWebKit/537.36 (KHTML, like Gecko) Chrome/114.0.0.0 Safari/537.36 Edg/114.0.1823.43 0.358
0:0:0:0:0:0:0:1 - - [18/Jun/2023:18:41:08 +0300] GET /devportal/site/public/images/appbarBack.png HTTP/1.1 200 1964 https://localhost:9443/devportal/apis/322d0fa8-4241-4e9e-a381-26b8d42c1467/overview Mozilla/5.0 (Windows NT 10.0; Win64; x64) AppleWebKit/537.36 (KHTML, like Gecko) Chrome/114.0.0.0 Safari/537.36 Edg/114.0.1823.43 0.032
0:0:0:0:0:0:0:1 - - [18/Jun/2023:18:41:08 +0300] GET /devportal/ HTTP/1.1 200 1691 https://localhost:9443/devportal/apis/322d0fa8-4241-4e9e-a381-26b8d42c1467/overview Mozilla/5.0 (Windows NT 10.0; Win64; x64) AppleWebKit/537.36 (KHTML, like Gecko) Chrome/114.0.0.0 Safari/537.36 Edg/114.0.1823.43 0.083
0:0:0:0:0:0:0:1 - - [18/Jun/2023:18:41:08 +0300] GET /devportal/site/public/dist/vendors~Apis~Landing.e9d0b010bafc4e7686f8.bundle.js HTTP/1.1 200 4090 https://localhost:9443/devportal/apis/322d0fa8-4241-4e9e-a381-26b8d42c1467/overview Mozilla/5.0 (Windows NT 10.0; Win64; x64) AppleWebKit/537.36 (KHTML, like Gecko) Chrome/114.0.0.0 Safari/537.36 Edg/114.0.1823.43 0.578
0:0:0:0:0:0:0:1 - - [18/Jun/2023:18:41:09 +0300] GET /devportal/site/public/fonts/iconfont/MaterialIcons-Regular.woff2 HTTP/1.1 200 60840 https://localhost:9443/devportal/site/public/fonts/iconfont/material-icons.css Mozilla/5.0 (Windows NT 10.0; Win64; x64) AppleWebKit/537.36 (KHTML, like Gecko) Chrome/114.0.0.0 Safari/537.36 Edg/114.0.1823.43 0.115
0:0:0:0:0:0:0:1 - - [18/Jun/2023:18:41:09 +0300] GET /devportal/site/public/fonts/Open_Sans/mem5YaGs126MiZpBA-UN7rgOUuhpKKSTjw.woff2 HTTP/1.1 200 8800 https://localhost:9443/devportal/site/public/css/main.css Mozilla/5.0 (Windows NT 10.0; Win64; x64) AppleWebKit/537.36 (KHTML, like Gecko) Chrome/114.0.0.0 Safari/537.36 Edg/114.0.1823.43 0.118
0:0:0:0:0:0:0:1 - - [18/Jun/2023:18:41:09 +0300] GET /devportal/site/public/fonts/Open_Sans/mem8YaGs126MiZpBA-UFVZ0bf8pkAg.woff2 HTTP/1.1 200 8892 https://localhost:9443/devportal/site/public/css/main.css Mozilla/5.0 (Windows NT 10.0; Win64; x64) AppleWebKit/537.36 (KHTML, like Gecko) Chrome/114.0.0.0 Safari/537.36 Edg/114.0.1823.43 0.156
0:0:0:0:0:0:0:1 - - [18/Jun/2023:18:41:09 +0300] GET /devportal/site/public/dist/vendors~Apis.3a6169883ec8c6c5366d.bundle.js HTTP/1.1 200 87282 https://localhost:9443/devportal/apis/322d0fa8-4241-4e9e-a381-26b8d42c1467/overview Mozilla/5.0 (Windows NT 10.0; Win64; x64) AppleWebKit/537.36 (KHTML, like Gecko) Chrome/114.0.0.0 Safari/537.36 Edg/114.0.1823.43 1.395
0:0:0:0:0:0:0:1 - - [18/Jun/2023:18:41:11 +0300] GET /api/am/devportal/v3/settings HTTP/1.1 200 915 https://localhost:9443/devportal/apis/322d0fa8-4241-4e9e-a381-26b8d42c1467/overview Mozilla/5.0 (Windows NT 10.0; Win64; x64) AppleWebKit/537.36 (KHTML, like Gecko) Chrome/114.0.0.0 Safari/537.36 Edg/114.0.1823.43 2.960
0:0:0:0:0:0:0:1 - - [18/Jun/2023:18:41:13 +0300] GET /api/am/devportal/v3/apis/322d0fa8-4241-4e9e-a381-26b8d42c1467 HTTP/1.1 200 1098 https://localhost:9443/devportal/apis/322d0fa8-4241-4e9e-a381-26b8d42c1467/overview Mozilla/5.0 (Windows NT 10.0; Win64; x64) AppleWebKit/537.36 (KHTML, like Gecko) Chrome/114.0.0.0 Safari/537.36 Edg/114.0.1823.43 3.241
0:0:0:0:0:0:0:1 - - [18/Jun/2023:18:41:13 +0300] GET /api/am/devportal/v3/applications?limit=5000 HTTP/1.1 200 376 https://localhost:9443/devportal/apis/322d0fa8-4241-4e9e-a381-26b8d42c1467/overview Mozilla/5.0 (Windows NT 10.0; Win64; x64) AppleWebKit/537.36 (KHTML, like Gecko) Chrome/114.0.0.0 Safari/537.36 Edg/114.0.1823.43 3.234
0:0:0:0:0:0:0:1 - - [18/Jun/2023:18:41:13 +0300] GET /devportal/site/public/images/leftMenuBack.png HTTP/1.1 200 5308 https://localhost:9443/devportal/apis/322d0fa8-4241-4e9e-a381-26b8d42c1467/overview Mozilla/5.0 (Windows NT 10.0; Win64; x64) AppleWebKit/537.36 (KHTML, like Gecko) Chrome/114.0.0.0 Safari/537.36 Edg/114.0.1823.43 0.032
0:0:0:0:0:0:0:1 - - [18/Jun/2023:18:41:13 +0300] GET /devportal/site/public/dist/vendors~APIComments~APIOverview~ApplicationDetails.9553ed9b23431ac21302.bundle.js HTTP/1.1 200 5490 https://localhost:9443/devportal/apis/322d0fa8-4241-4e9e-a381-26b8d42c1467/overview Mozilla/5.0 (Windows NT 10.0; Win64; x64) AppleWebKit/537.36 (KHTML, like Gecko) Chrome/114.0.0.0 Safari/537.36 Edg/114.0.1823.43 0.192
0:0:0:0:0:0:0:1 - - [18/Jun/2023:18:41:13 +0300] GET /devportal/site/public/dist/vendors~APIConsole~APIDocuments~APIOverview.351585fe0b19dbf2f65f.bundle.js HTTP/1.1 200 224002 https://localhost:9443/devportal/apis/322d0fa8-4241-4e9e-a381-26b8d42c1467/overview Mozilla/5.0 (Windows NT 10.0; Win64; x64) AppleWebKit/537.36 (KHTML, like Gecko) Chrome/114.0.0.0 Safari/537.36 Edg/114.0.1823.43 0.651
0:0:0:0:0:0:0:1 - - [18/Jun/2023:18:41:13 +0300] GET /devportal/site/public/dist/vendors~APIDocuments~APIOverview.f394ac01608a94b6dd74.bundle.js HTTP/1.1 200 34374 https://localhost:9443/devportal/apis/322d0fa8-4241-4e9e-a381-26b8d42c1467/overview Mozilla/5.0 (Windows NT 10.0; Win64; x64) AppleWebKit/537.36 (KHTML, like Gecko) Chrome/114.0.0.0 Safari/537.36 Edg/114.0.1823.43 0.022
0:0:0:0:0:0:0:1 - - [18/Jun/2023:18:41:13 +0300] GET /devportal/site/public/dist/vendors~APIOverview~MDReactMarkdown.c8e68cd152f6972597f4.bundle.js HTTP/1.1 200 23172 https://localhost:9443/devportal/apis/322d0fa8-4241-4e9e-a381-26b8d42c1467/overview Mozilla/5.0 (Windows NT 10.0; Win64; x64) AppleWebKit/537.36 (KHTML, like Gecko) Chrome/114.0.0.0 Safari/537.36 Edg/114.0.1823.43 0.463
0:0:0:0:0:0:0:1 - - [18/Jun/2023:18:41:14 +0300] GET /devportal/site/public/dist/APIOverview.9b9a6e01add6e880d662.bundle.js HTTP/1.1 200 20063 https://localhost:9443/devportal/apis/322d0fa8-4241-4e9e-a381-26b8d42c1467/overview Mozilla/5.0 (Windows NT 10.0; Win64; x64) AppleWebKit/537.36 (KHTML, like Gecko) Chrome/114.0.0.0 Safari/537.36 Edg/114.0.1823.43 0.193
127.0.0.1 - - [18/Jun/2023:18:41:15 +0300] GET /api/am/publisher/v4/settings HTTP/1.1 200 1457 - Java-http-client/20.0.1 1.699
127.0.0.1 - - [18/Jun/2023:18:41:15 +0300] GET /api/am/service-catalog/v1/settings HTTP/1.1 200 102 - Java-http-client/20.0.1 0.099
0:0:0:0:0:0:0:1 - - [18/Jun/2023:18:41:15 +0300] GET /publisher/services/auth/login?not-Login HTTP/1.1 302 - https://localhost:9443/publisher/apis/322d0fa8-4241-4e9e-a381-26b8d42c1467/overview Mozilla/5.0 (Windows NT 10.0; Win64; x64) AppleWebKit/537.36 (KHTML, like Gecko) Chrome/114.0.0.0 Safari/537.36 Edg/114.0.1823.43 2.342
0:0:0:0:0:0:0:1 - - [18/Jun/2023:18:41:16 +0300] GET /oauth2/authorize?response_type=code&client_id=txiX92C5lqCp5l9dsSSrmo9Dr6Ma&scope=apim:admin%20apim:api_create%20apim:api_definition_view%20apim:api_delete%20apim:api_generate_key%20apim:api_import_export%20apim:api_list_view%20apim:api_manage%20apim:api_mediation_policy_manage%20apim:api_product_import_export%20apim:api_publish%20apim:api_view%20apim:app_import_export%20apim:client_certificates_add%20apim:client_certificates_manage%20apim:client_certificates_update%20apim:client_certificates_view%20apim:comment_manage%20apim:comment_view%20apim:comment_write%20apim:common_operation_policy_manage%20apim:common_operation_policy_view%20apim:document_create%20apim:document_manage%20apim:ep_certificates_add%20apim:ep_certificates_manage%20apim:ep_certificates_update%20apim:ep_certificates_view%20apim:mediation_policy_create%20apim:mediation_policy_manage%20apim:mediation_policy_view%20apim:policies_import_export%20apim:pub_alert_manage%20apim:publisher_settings%20apim:shared_scope_manage%20apim:subscription_block%20apim:subscription_manage%20apim:subscription_view%20apim:threat_protection_policy_create%20apim:threat_protection_policy_manage%20apim:tier_manage%20apim:tier_view%20openid%20apim:api_view%20service_catalog:service_view%20service_catalog:service_write&state=%2Fapis%2F322d0fa8-4241-4e9e-a381-26b8d42c1467%2Foverview&redirect_uri=https://localhost:9443/publisher/services/auth/callback/login&prompt=none HTTP/1.1 302 - https://localhost:9443/publisher/apis/322d0fa8-4241-4e9e-a381-26b8d42c1467/overview Mozilla/5.0 (Windows NT 10.0; Win64; x64) AppleWebKit/537.36 (KHTML, like Gecko) Chrome/114.0.0.0 Safari/537.36 Edg/114.0.1823.43 0.169
127.0.0.1 - - [18/Jun/2023:18:41:16 +0300] GET /keymanager-operations/dcr/register/OHJyZGxmMDBvOEpmc0NCNE4yWHlDblR4ZlFFYQ%3D%3D HTTP/1.1 200 515 - Apache-HttpClient/4.5.13 (Java/20.0.1) 5.039
127.0.0.1 - - [18/Jun/2023:18:41:16 +0300] GET /keymanager-operations/dcr/register/OHJyZGxmMDBvOEpmc0NCNE4yWHlDblR4ZlFFYQ%3D%3D HTTP/1.1 200 515 - Apache-HttpClient/4.5.13 (Java/20.0.1) 5.038
0:0:0:0:0:0:0:1 - - [18/Jun/2023:18:41:16 +0300] GET /api/am/devportal/v3/subscriptions?apiId=322d0fa8-4241-4e9e-a381-26b8d42c1467&limit=5000 HTTP/1.1 200 695 https://localhost:9443/devportal/apis/322d0fa8-4241-4e9e-a381-26b8d42c1467/overview Mozilla/5.0 (Windows NT 10.0; Win64; x64) AppleWebKit/537.36 (KHTML, like Gecko) Chrome/114.0.0.0 Safari/537.36 Edg/114.0.1823.43 7.100
0:0:0:0:0:0:0:1 - - [18/Jun/2023:18:41:16 +0300] GET /api/am/devportal/v3/subscriptions?apiId=322d0fa8-4241-4e9e-a381-26b8d42c1467&limit=25 HTTP/1.1 200 693 https://localhost:9443/devportal/apis/322d0fa8-4241-4e9e-a381-26b8d42c1467/overview Mozilla/5.0 (Windows NT 10.0; Win64; x64) AppleWebKit/537.36 (KHTML, like Gecko) Chrome/114.0.0.0 Safari/537.36 Edg/114.0.1823.43 7.114
127.0.0.1 - - [18/Jun/2023:18:41:17 +0300] POST /oauth2/token HTTP/1.1 200 2432 - Java-http-client/20.0.1 0.023
0:0:0:0:0:0:0:1 - - [18/Jun/2023:18:41:17 +0300] GET /publisher/services/auth/callback/login?code=dcf4065f-727e-35e6-8340-1eddccdc3f3f&state=%2Fapis%2F322d0fa8-4241-4e9e-a381-26b8d42c1467%2Foverview&session_state=db4b5fd2c029db3f7e4bbae9bea0f308276e74f1b91ffe1e1bbefb6d68f762e0.ansX4ZzcC7QMQ4Y_D3FxUA HTTP/1.1 302 - https://localhost:9443/publisher/apis/322d0fa8-4241-4e9e-a381-26b8d42c1467/overview Mozilla/5.0 (Windows NT 10.0; Win64; x64) AppleWebKit/537.36 (KHTML, like Gecko) Chrome/114.0.0.0 Safari/537.36 Edg/114.0.1823.43 0.494
0:0:0:0:0:0:0:1 - - [18/Jun/2023:18:41:17 +0300] GET /api/am/devportal/v3/apis/322d0fa8-4241-4e9e-a381-26b8d42c1467/documents HTTP/1.1 200 92 https://localhost:9443/devportal/apis/322d0fa8-4241-4e9e-a381-26b8d42c1467/overview Mozilla/5.0 (Windows NT 10.0; Win64; x64) AppleWebKit/537.36 (KHTML, like Gecko) Chrome/114.0.0.0 Safari/537.36 Edg/114.0.1823.43 0.205
0:0:0:0:0:0:0:1 - - [18/Jun/2023:18:41:17 +0300] GET /api/am/devportal/v3/throttling-policies/subscription HTTP/1.1 200 634 https://localhost:9443/devportal/apis/322d0fa8-4241-4e9e-a381-26b8d42c1467/overview Mozilla/5.0 (Windows NT 10.0; Win64; x64) AppleWebKit/537.36 (KHTML, like Gecko) Chrome/114.0.0.0 Safari/537.36 Edg/114.0.1823.43 0.332
0:0:0:0:0:0:0:1 - - [18/Jun/2023:18:41:17 +0300] GET /publisher/apis/322d0fa8-4241-4e9e-a381-26b8d42c1467/overview HTTP/1.1 200 1713 https://localhost:9443/publisher/apis/322d0fa8-4241-4e9e-a381-26b8d42c1467/overview Mozilla/5.0 (Windows NT 10.0; Win64; x64) AppleWebKit/537.36 (KHTML, like Gecko) Chrome/114.0.0.0 Safari/537.36 Edg/114.0.1823.43 0.026
0:0:0:0:0:0:0:1 - - [18/Jun/2023:18:41:17 +0300] GET /api/am/devportal/v3/throttling-policies/subscription HTTP/1.1 200 634 https://localhost:9443/devportal/apis/322d0fa8-4241-4e9e-a381-26b8d42c1467/overview Mozilla/5.0 (Windows NT 10.0; Win64; x64) AppleWebKit/537.36 (KHTML, like Gecko) Chrome/114.0.0.0 Safari/537.36 Edg/114.0.1823.43 0.042
0:0:0:0:0:0:0:1 - - [18/Jun/2023:18:41:17 +0300] GET /api/am/devportal/v3/apis/322d0fa8-4241-4e9e-a381-26b8d42c1467/documents HTTP/1.1 200 92 https://localhost:9443/devportal/apis/322d0fa8-4241-4e9e-a381-26b8d42c1467/overview Mozilla/5.0 (Windows NT 10.0; Win64; x64) AppleWebKit/537.36 (KHTML, like Gecko) Chrome/114.0.0.0 Safari/537.36 Edg/114.0.1823.43 0.062
0:0:0:0:0:0:0:1 - - [18/Jun/2023:18:41:17 +0300] GET /api/am/devportal/v3/apis/322d0fa8-4241-4e9e-a381-26b8d42c1467/thumbnail HTTP/1.1 204 - https://localhost:9443/devportal/apis/322d0fa8-4241-4e9e-a381-26b8d42c1467/overview Mozilla/5.0 (Windows NT 10.0; Win64; x64) AppleWebKit/537.36 (KHTML, like Gecko) Chrome/114.0.0.0 Safari/537.36 Edg/114.0.1823.43 0.054
0:0:0:0:0:0:0:1 - - [18/Jun/2023:18:41:18 +0300] GET /api/am/devportal/v3/apis/322d0fa8-4241-4e9e-a381-26b8d42c1467/ratings HTTP/1.1 200 125 https://localhost:9443/devportal/apis/322d0fa8-4241-4e9e-a381-26b8d42c1467/overview Mozilla/5.0 (Windows NT 10.0; Win64; x64) AppleWebKit/537.36 (KHTML, like Gecko) Chrome/114.0.0.0 Safari/537.36 Edg/114.0.1823.43 0.120
0:0:0:0:0:0:0:1 - - [18/Jun/2023:18:41:18 +0300] GET /api/am/devportal/v3/apis/322d0fa8-4241-4e9e-a381-26b8d42c1467/comments?limit=5&offset=0 HTTP/1.1 200 101 https://localhost:9443/devportal/apis/322d0fa8-4241-4e9e-a381-26b8d42c1467/overview Mozilla/5.0 (Windows NT 10.0; Win64; x64) AppleWebKit/537.36 (KHTML, like Gecko) Chrome/114.0.0.0 Safari/537.36 Edg/114.0.1823.43 0.211
0:0:0:0:0:0:0:1 - - [18/Jun/2023:18:41:21 +0300] GET /publisher/site/public/css/draftjs.css HTTP/1.1 200 2643 https://localhost:9443/publisher/apis/322d0fa8-4241-4e9e-a381-26b8d42c1467/overview Mozilla/5.0 (Windows NT 10.0; Win64; x64) AppleWebKit/537.36 (KHTML, like Gecko) Chrome/114.0.0.0 Safari/537.36 Edg/114.0.1823.43 0.010
0:0:0:0:0:0:0:1 - - [18/Jun/2023:18:41:21 +0300] GET /publisher/site/public/css/main.css HTTP/1.1 200 2075 https://localhost:9443/publisher/apis/322d0fa8-4241-4e9e-a381-26b8d42c1467/overview Mozilla/5.0 (Windows NT 10.0; Win64; x64) AppleWebKit/537.36 (KHTML, like Gecko) Chrome/114.0.0.0 Safari/537.36 Edg/114.0.1823.43 0.008
0:0:0:0:0:0:0:1 - - [18/Jun/2023:18:41:21 +0300] GET /publisher/services/settings/settings.js HTTP/1.1 200 1214 https://localhost:9443/publisher/apis/322d0fa8-4241-4e9e-a381-26b8d42c1467/overview Mozilla/5.0 (Windows NT 10.0; Win64; x64) AppleWebKit/537.36 (KHTML, like Gecko) Chrome/114.0.0.0 Safari/537.36 Edg/114.0.1823.43 0.010
0:0:0:0:0:0:0:1 - - [18/Jun/2023:18:41:21 +0300] GET /publisher/site/public/fonts/iconfont/material-icons.css HTTP/1.1 200 970 https://localhost:9443/publisher/apis/322d0fa8-4241-4e9e-a381-26b8d42c1467/overview Mozilla/5.0 (Windows NT 10.0; Win64; x64) AppleWebKit/537.36 (KHTML, like Gecko) Chrome/114.0.0.0 Safari/537.36 Edg/114.0.1823.43 0.007
0:0:0:0:0:0:0:1 - - [18/Jun/2023:18:41:21 +0300] GET /publisher/site/public/conf/portalSettings.js HTTP/1.1 200 705 https://localhost:9443/publisher/apis/322d0fa8-4241-4e9e-a381-26b8d42c1467/overview Mozilla/5.0 (Windows NT 10.0; Win64; x64) AppleWebKit/537.36 (KHTML, like Gecko) Chrome/114.0.0.0 Safari/537.36 Edg/114.0.1823.43 0.014
0:0:0:0:0:0:0:1 - - [18/Jun/2023:18:41:22 +0300] GET /oidc/checksession?client_id=txiX92C5lqCp5l9dsSSrmo9Dr6Ma&redirect_uri=https://localhost:9443/publisher/services/auth/callback/login HTTP/1.1 200 3134 https://localhost:9443/publisher/apis/322d0fa8-4241-4e9e-a381-26b8d42c1467/overview Mozilla/5.0 (Windows NT 10.0; Win64; x64) AppleWebKit/537.36 (KHTML, like Gecko) Chrome/114.0.0.0 Safari/537.36 Edg/114.0.1823.43 0.005
0:0:0:0:0:0:0:1 - - [18/Jun/2023:18:41:22 +0300] GET /publisher/site/public/dist/ProtectedApps.ba650aa593e075176ba2.bundle.js HTTP/1.1 200 130807 https://localhost:9443/publisher/apis/322d0fa8-4241-4e9e-a381-26b8d42c1467/overview Mozilla/5.0 (Windows NT 10.0; Win64; x64) AppleWebKit/537.36 (KHTML, like Gecko) Chrome/114.0.0.0 Safari/537.36 Edg/114.0.1823.43 0.058
0:0:0:0:0:0:0:1 - - [18/Jun/2023:18:41:22 +0300] GET /publisher/site/public/dist/vendors~ProtectedApps.d921a8dd5e6d05c832c1.bundle.js HTTP/1.1 200 354299 https://localhost:9443/publisher/apis/322d0fa8-4241-4e9e-a381-26b8d42c1467/overview Mozilla/5.0 (Windows NT 10.0; Win64; x64) AppleWebKit/537.36 (KHTML, like Gecko) Chrome/114.0.0.0 Safari/537.36 Edg/114.0.1823.43 0.379
0:0:0:0:0:0:0:1 - - [18/Jun/2023:18:41:23 +0300] GET /devportal/site/public/images/_favicon.ico HTTP/1.1 200 1150 https://localhost:9443/devportal/applications Mozilla/5.0 (Windows NT 10.0; Win64; x64) AppleWebKit/537.36 (KHTML, like Gecko) Chrome/114.0.0.0 Safari/537.36 Edg/114.0.1823.43 0.019
0:0:0:0:0:0:0:1 - - [18/Jun/2023:18:41:23 +0300] GET /publisher/site/public/dist/DeferredAPIs.425e55b4e7fd37d8ac00.bundle.js HTTP/1.1 200 35600 https://localhost:9443/publisher/apis/322d0fa8-4241-4e9e-a381-26b8d42c1467/overview Mozilla/5.0 (Windows NT 10.0; Win64; x64) AppleWebKit/537.36 (KHTML, like Gecko) Chrome/114.0.0.0 Safari/537.36 Edg/114.0.1823.43 0.016
0:0:0:0:0:0:0:1 - - [18/Jun/2023:18:41:23 +0300] GET /devportal/site/public/dist/ApiListing.124eade6a6be03879d65.bundle.js HTTP/1.1 200 8080 https://localhost:9443/devportal/applications Mozilla/5.0 (Windows NT 10.0; Win64; x64) AppleWebKit/537.36 (KHTML, like Gecko) Chrome/114.0.0.0 Safari/537.36 Edg/114.0.1823.43 0.153
0:0:0:0:0:0:0:1 - - [18/Jun/2023:18:41:23 +0300] GET /api/am/devportal/v3/swagger.yaml HTTP/1.1 200 26878 https://localhost:9443/devportal/applications Mozilla/5.0 (Windows NT 10.0; Win64; x64) AppleWebKit/537.36 (KHTML, like Gecko) Chrome/114.0.0.0 Safari/537.36 Edg/114.0.1823.43 0.024
0:0:0:0:0:0:0:1 - - [18/Jun/2023:18:41:23 +0300] GET /publisher/site/public/dist/APICreateRoutes.8b6d72f7c544eb8d0449.bundle.js HTTP/1.1 200 33869 https://localhost:9443/publisher/apis/322d0fa8-4241-4e9e-a381-26b8d42c1467/overview Mozilla/5.0 (Windows NT 10.0; Win64; x64) AppleWebKit/537.36 (KHTML, like Gecko) Chrome/114.0.0.0 Safari/537.36 Edg/114.0.1823.43 0.023
0:0:0:0:0:0:0:1 - - [18/Jun/2023:18:41:23 +0300] GET /api/am/devportal/v3/applications?sortBy=name&sortOrder=asc&limit=10&offset=0 HTTP/1.1 200 374 https://localhost:9443/devportal/applications Mozilla/5.0 (Windows NT 10.0; Win64; x64) AppleWebKit/537.36 (KHTML, like Gecko) Chrome/114.0.0.0 Safari/537.36 Edg/114.0.1823.43 0.036
0:0:0:0:0:0:0:1 - - [18/Jun/2023:18:41:24 +0300] GET /publisher/site/public/dist/vendors~APICreateRoutes~DeferredDetails.0ce2ce98475cbbfdf471.bundle.js HTTP/1.1 200 233218 https://localhost:9443/publisher/apis/322d0fa8-4241-4e9e-a381-26b8d42c1467/overview Mozilla/5.0 (Windows NT 10.0; Win64; x64) AppleWebKit/537.36 (KHTML, like Gecko) Chrome/114.0.0.0 Safari/537.36 Edg/114.0.1823.43 0.283
0:0:0:0:0:0:0:1 - - [18/Jun/2023:18:41:26 +0300] GET /devportal/site/public/images/_favicon.ico HTTP/1.1 200 1150 https://localhost:9443/devportal/applications/3da751bc-82c5-433c-a68e-265fd27cecb9 Mozilla/5.0 (Windows NT 10.0; Win64; x64) AppleWebKit/537.36 (KHTML, like Gecko) Chrome/114.0.0.0 Safari/537.36 Edg/114.0.1823.43 0.006
0:0:0:0:0:0:0:1 - - [18/Jun/2023:18:41:26 +0300] GET /publisher/site/public/dist/vendors~APIDefMonacoEditor~DeferredDetails.0410733b10571837e5bf.bundle.js HTTP/1.1 200 597949 https://localhost:9443/publisher/apis/322d0fa8-4241-4e9e-a381-26b8d42c1467/overview Mozilla/5.0 (Windows NT 10.0; Win64; x64) AppleWebKit/537.36 (KHTML, like Gecko) Chrome/114.0.0.0 Safari/537.36 Edg/114.0.1823.43 0.441
0:0:0:0:0:0:0:1 - - [18/Jun/2023:18:41:26 +0300] GET /devportal/site/public/dist/vendors~APIConsole~APIDocuments~ApplicationDetails.632f7f3618b917dd72cb.bundle.js HTTP/1.1 200 25476 https://localhost:9443/devportal/applications/3da751bc-82c5-433c-a68e-265fd27cecb9 Mozilla/5.0 (Windows NT 10.0; Win64; x64) AppleWebKit/537.36 (KHTML, like Gecko) Chrome/114.0.0.0 Safari/537.36 Edg/114.0.1823.43 0.291
0:0:0:0:0:0:0:1 - - [18/Jun/2023:18:41:26 +0300] GET /devportal/site/public/dist/7.78efb95d9f7afcfbb567.bundle.js HTTP/1.1 200 42986 https://localhost:9443/devportal/applications/3da751bc-82c5-433c-a68e-265fd27cecb9 Mozilla/5.0 (Windows NT 10.0; Win64; x64) AppleWebKit/537.36 (KHTML, like Gecko) Chrome/114.0.0.0 Safari/537.36 Edg/114.0.1823.43 0.311
0:0:0:0:0:0:0:1 - - [18/Jun/2023:18:41:26 +0300] GET /publisher/site/public/dist/vendors~APICreateRoutes~DeferredDetails.0ce2ce98475cbbfdf471.bundle.js HTTP/1.1 200 233218 https://localhost:9443/publisher/apis/322d0fa8-4241-4e9e-a381-26b8d42c1467/overview Mozilla/5.0 (Windows NT 10.0; Win64; x64) AppleWebKit/537.36 (KHTML, like Gecko) Chrome/114.0.0.0 Safari/537.36 Edg/114.0.1823.43 0.260
0:0:0:0:0:0:0:1 - - [18/Jun/2023:18:41:26 +0300] GET /devportal/site/public/dist/ApplicationDetails.84676b0e418ac76ec3ec.bundle.js HTTP/1.1 200 118257 https://localhost:9443/devportal/applications/3da751bc-82c5-433c-a68e-265fd27cecb9 Mozilla/5.0 (Windows NT 10.0; Win64; x64) AppleWebKit/537.36 (KHTML, like Gecko) Chrome/114.0.0.0 Safari/537.36 Edg/114.0.1823.43 0.664
127.0.0.1 - - [18/Jun/2023:18:41:27 +0300] GET /keymanager-operations/dcr/register/OHJyZGxmMDBvOEpmc0NCNE4yWHlDblR4ZlFFYQ%3D%3D HTTP/1.1 200 515 - Apache-HttpClient/4.5.13 (Java/20.0.1) 0.010
0:0:0:0:0:0:0:1 - - [18/Jun/2023:18:41:27 +0300] GET /api/am/devportal/v3/applications/3da751bc-82c5-433c-a68e-265fd27cecb9 HTTP/1.1 200 336 https://localhost:9443/devportal/applications/3da751bc-82c5-433c-a68e-265fd27cecb9 Mozilla/5.0 (Windows NT 10.0; Win64; x64) AppleWebKit/537.36 (KHTML, like Gecko) Chrome/114.0.0.0 Safari/537.36 Edg/114.0.1823.43 0.069
0:0:0:0:0:0:0:1 - - [18/Jun/2023:18:41:27 +0300] GET /devportal/site/public/images/_favicon.ico HTTP/1.1 200 1150 https://localhost:9443/devportal/applications/3da751bc-82c5-433c-a68e-265fd27cecb9/overview Mozilla/5.0 (Windows NT 10.0; Win64; x64) AppleWebKit/537.36 (KHTML, like Gecko) Chrome/114.0.0.0 Safari/537.36 Edg/114.0.1823.43 0.001
127.0.0.1 - - [18/Jun/2023:18:41:27 +0300] GET /keymanager-operations/dcr/register/OHJyZGxmMDBvOEpmc0NCNE4yWHlDblR4ZlFFYQ%3D%3D HTTP/1.1 200 515 - Apache-HttpClient/4.5.13 (Java/20.0.1) 0.009
0:0:0:0:0:0:0:1 - - [18/Jun/2023:18:41:27 +0300] GET /api/am/devportal/v3/throttling-policies/application/10PerMin HTTP/1.1 200 493 https://localhost:9443/devportal/applications/3da751bc-82c5-433c-a68e-265fd27cecb9/overview Mozilla/5.0 (Windows NT 10.0; Win64; x64) AppleWebKit/537.36 (KHTML, like Gecko) Chrome/114.0.0.0 Safari/537.36 Edg/114.0.1823.43 0.022
0:0:0:0:0:0:0:1 - - [18/Jun/2023:18:41:27 +0300] GET /api/am/devportal/v3/applications/3da751bc-82c5-433c-a68e-265fd27cecb9 HTTP/1.1 200 336 https://localhost:9443/devportal/applications/3da751bc-82c5-433c-a68e-265fd27cecb9/overview Mozilla/5.0 (Windows NT 10.0; Win64; x64) AppleWebKit/537.36 (KHTML, like Gecko) Chrome/114.0.0.0 Safari/537.36 Edg/114.0.1823.43 0.035
0:0:0:0:0:0:0:1 - - [18/Jun/2023:18:41:27 +0300] GET /api/am/devportal/v3/throttling-policies/application/10PerMin HTTP/1.1 200 493 https://localhost:9443/devportal/applications/3da751bc-82c5-433c-a68e-265fd27cecb9/overview Mozilla/5.0 (Windows NT 10.0; Win64; x64) AppleWebKit/537.36 (KHTML, like Gecko) Chrome/114.0.0.0 Safari/537.36 Edg/114.0.1823.43 0.008
0:0:0:0:0:0:0:1 - - [18/Jun/2023:18:41:27 +0300] GET /publisher/site/public/dist/vendors~DeferredDetails~ServiceOverviewSwaggerUI.3ea84b30051dfc22c735.bundle.js HTTP/1.1 200 291792 https://localhost:9443/publisher/apis/322d0fa8-4241-4e9e-a381-26b8d42c1467/overview Mozilla/5.0 (Windows NT 10.0; Win64; x64) AppleWebKit/537.36 (KHTML, like Gecko) Chrome/114.0.0.0 Safari/537.36 Edg/114.0.1823.43 0.330
0:0:0:0:0:0:0:1 - - [18/Jun/2023:18:41:29 +0300] GET /api/am/devportal/v3/swagger.yaml HTTP/1.1 200 26878 https://localhost:9443/devportal/applications/3da751bc-82c5-433c-a68e-265fd27cecb9/sandboxkeys/oauth Mozilla/5.0 (Windows NT 10.0; Win64; x64) AppleWebKit/537.36 (KHTML, like Gecko) Chrome/114.0.0.0 Safari/537.36 Edg/114.0.1823.43 0.019
0:0:0:0:0:0:0:1 - - [18/Jun/2023:18:41:29 +0300] GET /devportal/site/public/images/_favicon.ico HTTP/1.1 200 1150 https://localhost:9443/devportal/applications/3da751bc-82c5-433c-a68e-265fd27cecb9/sandboxkeys/oauth Mozilla/5.0 (Windows NT 10.0; Win64; x64) AppleWebKit/537.36 (KHTML, like Gecko) Chrome/114.0.0.0 Safari/537.36 Edg/114.0.1823.43 0.017
127.0.0.1 - - [18/Jun/2023:18:41:29 +0300] GET /oauth2/token/.well-known/openid-configuration HTTP/1.1 200 2395 - Apache-HttpClient/4.5.13 (Java/20.0.1) 0.018
0:0:0:0:0:0:0:1 - - [18/Jun/2023:18:41:29 +0300] GET /api/am/devportal/v3/key-managers HTTP/1.1 200 763 https://localhost:9443/devportal/applications/3da751bc-82c5-433c-a68e-265fd27cecb9/sandboxkeys/oauth Mozilla/5.0 (Windows NT 10.0; Win64; x64) AppleWebKit/537.36 (KHTML, like Gecko) Chrome/114.0.0.0 Safari/537.36 Edg/114.0.1823.43 0.129
0:0:0:0:0:0:0:1 - - [18/Jun/2023:18:41:30 +0300] GET /api/am/devportal/v3/applications/3da751bc-82c5-433c-a68e-265fd27cecb9 HTTP/1.1 200 336 https://localhost:9443/devportal/applications/3da751bc-82c5-433c-a68e-265fd27cecb9/sandboxkeys/oauth Mozilla/5.0 (Windows NT 10.0; Win64; x64) AppleWebKit/537.36 (KHTML, like Gecko) Chrome/114.0.0.0 Safari/537.36 Edg/114.0.1823.43 0.054
127.0.0.1 - - [18/Jun/2023:18:41:30 +0300] GET /keymanager-operations/dcr/register/OHJyZGxmMDBvOEpmc0NCNE4yWHlDblR4ZlFFYQ%3D%3D HTTP/1.1 200 515 - Apache-HttpClient/4.5.13 (Java/20.0.1) 0.033
127.0.0.1 - - [18/Jun/2023:18:41:30 +0300] GET /keymanager-operations/dcr/register/OHJyZGxmMDBvOEpmc0NCNE4yWHlDblR4ZlFFYQ%3D%3D HTTP/1.1 200 515 - Apache-HttpClient/4.5.13 (Java/20.0.1) 0.007
0:0:0:0:0:0:0:1 - - [18/Jun/2023:18:41:30 +0300] GET /api/am/devportal/v3/applications/3da751bc-82c5-433c-a68e-265fd27cecb9/oauth-keys HTTP/1.1 200 663 https://localhost:9443/devportal/applications/3da751bc-82c5-433c-a68e-265fd27cecb9/sandboxkeys/oauth Mozilla/5.0 (Windows NT 10.0; Win64; x64) AppleWebKit/537.36 (KHTML, like Gecko) Chrome/114.0.0.0 Safari/537.36 Edg/114.0.1823.43 0.095
0:0:0:0:0:0:0:1 - - [18/Jun/2023:18:41:30 +0300] GET /api/am/devportal/v3/swagger.yaml HTTP/1.1 200 26878 https://localhost:9443/devportal/applications/3da751bc-82c5-433c-a68e-265fd27cecb9/sandboxkeys/oauth Mozilla/5.0 (Windows NT 10.0; Win64; x64) AppleWebKit/537.36 (KHTML, like Gecko) Chrome/114.0.0.0 Safari/537.36 Edg/114.0.1823.43 0.015
127.0.0.1 - - [18/Jun/2023:18:41:30 +0300] GET /keymanager-operations/dcr/register/OHJyZGxmMDBvOEpmc0NCNE4yWHlDblR4ZlFFYQ%3D%3D HTTP/1.1 200 515 - Apache-HttpClient/4.5.13 (Java/20.0.1) 0.006
0:0:0:0:0:0:0:1 - - [18/Jun/2023:18:41:30 +0300] GET /api/am/devportal/v3/applications/3da751bc-82c5-433c-a68e-265fd27cecb9 HTTP/1.1 200 336 https://localhost:9443/devportal/applications/3da751bc-82c5-433c-a68e-265fd27cecb9/sandboxkeys/oauth Mozilla/5.0 (Windows NT 10.0; Win64; x64) AppleWebKit/537.36 (KHTML, like Gecko) Chrome/114.0.0.0 Safari/537.36 Edg/114.0.1823.43 0.038
127.0.0.1 - - [18/Jun/2023:18:41:30 +0300] GET /keymanager-operations/dcr/register/OHJyZGxmMDBvOEpmc0NCNE4yWHlDblR4ZlFFYQ%3D%3D HTTP/1.1 200 515 - Apache-HttpClient/4.5.13 (Java/20.0.1) 0.008
0:0:0:0:0:0:0:1 - - [18/Jun/2023:18:41:30 +0300] GET /api/am/devportal/v3/applications/3da751bc-82c5-433c-a68e-265fd27cecb9/oauth-keys HTTP/1.1 200 663 https://localhost:9443/devportal/applications/3da751bc-82c5-433c-a68e-265fd27cecb9/sandboxkeys/oauth Mozilla/5.0 (Windows NT 10.0; Win64; x64) AppleWebKit/537.36 (KHTML, like Gecko) Chrome/114.0.0.0 Safari/537.36 Edg/114.0.1823.43 0.024
0:0:0:0:0:0:0:1 - - [18/Jun/2023:18:41:32 +0300] GET /publisher/site/public/dist/vendors~DeferredDetails.d8226739a0c79035996f.bundle.js HTTP/1.1 200 816453 https://localhost:9443/publisher/apis/322d0fa8-4241-4e9e-a381-26b8d42c1467/overview Mozilla/5.0 (Windows NT 10.0; Win64; x64) AppleWebKit/537.36 (KHTML, like Gecko) Chrome/114.0.0.0 Safari/537.36 Edg/114.0.1823.43 0.593
0:0:0:0:0:0:0:1 - - [18/Jun/2023:18:41:34 +0300] GET /publisher/site/public/dist/DeferredDetails.3ff6471ca073c3fae95c.bundle.js HTTP/1.1 200 362428 https://localhost:9443/publisher/apis/322d0fa8-4241-4e9e-a381-26b8d42c1467/overview Mozilla/5.0 (Windows NT 10.0; Win64; x64) AppleWebKit/537.36 (KHTML, like Gecko) Chrome/114.0.0.0 Safari/537.36 Edg/114.0.1823.43 0.232
127.0.0.1 - - [18/Jun/2023:18:41:34 +0300] GET /keymanager-operations/dcr/register/OHJyZGxmMDBvOEpmc0NCNE4yWHlDblR4ZlFFYQ%3D%3D HTTP/1.1 200 515 - Apache-HttpClient/4.5.13 (Java/20.0.1) 0.010
0:0:0:0:0:0:0:1 - - [18/Jun/2023:18:41:34 +0300] GET /api/am/devportal/v3/applications/3da751bc-82c5-433c-a68e-265fd27cecb9/oauth-keys HTTP/1.1 200 663 https://localhost:9443/devportal/applications/3da751bc-82c5-433c-a68e-265fd27cecb9/sandboxkeys/oauth Mozilla/5.0 (Windows NT 10.0; Win64; x64) AppleWebKit/537.36 (KHTML, like Gecko) Chrome/114.0.0.0 Safari/537.36 Edg/114.0.1823.43 0.021
127.0.0.1 - - [18/Jun/2023:18:41:35 +0300] GET /keymanager-operations/dcr/register/OHJyZGxmMDBvOEpmc0NCNE4yWHlDblR4ZlFFYQ%3D%3D HTTP/1.1 200 515 - Apache-HttpClient/4.5.13 (Java/20.0.1) 0.009
127.0.0.1 - - [18/Jun/2023:18:41:35 +0300] GET /keymanager-operations/dcr/register/OHJyZGxmMDBvOEpmc0NCNE4yWHlDblR4ZlFFYQ%3D%3D HTTP/1.1 200 515 - Apache-HttpClient/4.5.13 (Java/20.0.1) 0.007
127.0.0.1 - - [18/Jun/2023:18:41:35 +0300] POST /oauth2/token HTTP/1.1 200 1183 - Apache-HttpClient/4.5.13 (Java/20.0.1) 0.177
0:0:0:0:0:0:0:1 - - [18/Jun/2023:18:41:35 +0300] POST /api/am/devportal/v3/applications/3da751bc-82c5-433c-a68e-265fd27cecb9/oauth-keys/9d1527a8-ffd0-46ab-b170-ab874743f57f/generate-token HTTP/1.1 200 894 https://localhost:9443/devportal/applications/3da751bc-82c5-433c-a68e-265fd27cecb9/sandboxkeys/oauth Mozilla/5.0 (Windows NT 10.0; Win64; x64) AppleWebKit/537.36 (KHTML, like Gecko) Chrome/114.0.0.0 Safari/537.36 Edg/114.0.1823.43 1.409
127.0.0.1 - - [18/Jun/2023:18:41:36 +0300] POST /internal/data/v1/notify HTTP/1.1 200 - - Apache-HttpClient/4.5.13 (Java/20.0.1) 0.690
0:0:0:0:0:0:0:1 - - [18/Jun/2023:18:41:50 +0300] GET /devportal/site/public/images/_favicon.ico HTTP/1.1 200 1150 https://localhost:9443/devportal/apis Mozilla/5.0 (Windows NT 10.0; Win64; x64) AppleWebKit/537.36 (KHTML, like Gecko) Chrome/114.0.0.0 Safari/537.36 Edg/114.0.1823.43 0.011
0:0:0:0:0:0:0:1 - - [18/Jun/2023:18:41:50 +0300] GET /api/am/devportal/v3/api-categories HTTP/1.1 200 21 https://localhost:9443/devportal/apis Mozilla/5.0 (Windows NT 10.0; Win64; x64) AppleWebKit/537.36 (KHTML, like Gecko) Chrome/114.0.0.0 Safari/537.36 Edg/114.0.1823.43 0.087
0:0:0:0:0:0:0:1 - - [18/Jun/2023:18:41:51 +0300] GET /api/am/devportal/v3/apis?limit=10&offset=0 HTTP/1.1 200 750 https://localhost:9443/devportal/apis Mozilla/5.0 (Windows NT 10.0; Win64; x64) AppleWebKit/537.36 (KHTML, like Gecko) Chrome/114.0.0.0 Safari/537.36 Edg/114.0.1823.43 0.422
0:0:0:0:0:0:0:1 - - [18/Jun/2023:18:41:51 +0300] GET /api/am/devportal/v3/apis/bd412728-6963-4947-ba67-61fa1e164022/ratings HTTP/1.1 200 125 https://localhost:9443/devportal/apis Mozilla/5.0 (Windows NT 10.0; Win64; x64) AppleWebKit/537.36 (KHTML, like Gecko) Chrome/114.0.0.0 Safari/537.36 Edg/114.0.1823.43 0.028
0:0:0:0:0:0:0:1 - - [18/Jun/2023:18:41:51 +0300] GET /api/am/devportal/v3/apis/322d0fa8-4241-4e9e-a381-26b8d42c1467/thumbnail HTTP/1.1 204 - https://localhost:9443/devportal/apis Mozilla/5.0 (Windows NT 10.0; Win64; x64) AppleWebKit/537.36 (KHTML, like Gecko) Chrome/114.0.0.0 Safari/537.36 Edg/114.0.1823.43 0.054
0:0:0:0:0:0:0:1 - - [18/Jun/2023:18:41:51 +0300] GET /api/am/devportal/v3/apis/bd412728-6963-4947-ba67-61fa1e164022/thumbnail HTTP/1.1 204 - https://localhost:9443/devportal/apis Mozilla/5.0 (Windows NT 10.0; Win64; x64) AppleWebKit/537.36 (KHTML, like Gecko) Chrome/114.0.0.0 Safari/537.36 Edg/114.0.1823.43 0.127
0:0:0:0:0:0:0:1 - - [18/Jun/2023:18:41:51 +0300] GET /api/am/devportal/v3/tags HTTP/1.1 200 119 https://localhost:9443/devportal/apis Mozilla/5.0 (Windows NT 10.0; Win64; x64) AppleWebKit/537.36 (KHTML, like Gecko) Chrome/114.0.0.0 Safari/537.36 Edg/114.0.1823.43 0.794
0:0:0:0:0:0:0:1 - - [18/Jun/2023:18:41:51 +0300] GET /api/am/devportal/v3/apis/322d0fa8-4241-4e9e-a381-26b8d42c1467/ratings HTTP/1.1 200 125 https://localhost:9443/devportal/apis Mozilla/5.0 (Windows NT 10.0; Win64; x64) AppleWebKit/537.36 (KHTML, like Gecko) Chrome/114.0.0.0 Safari/537.36 Edg/114.0.1823.43 0.212
0:0:0:0:0:0:0:1 - - [18/Jun/2023:18:41:51 +0300] GET /api/am/devportal/v3/apis/746c7962-0923-4c21-be0e-a84d3748b57b/thumbnail HTTP/1.1 204 - https://localhost:9443/devportal/apis Mozilla/5.0 (Windows NT 10.0; Win64; x64) AppleWebKit/537.36 (KHTML, like Gecko) Chrome/114.0.0.0 Safari/537.36 Edg/114.0.1823.43 0.169
0:0:0:0:0:0:0:1 - - [18/Jun/2023:18:41:51 +0300] GET /api/am/devportal/v3/apis/8485612f-b238-4e6d-9c05-e116e15f9121/ratings HTTP/1.1 200 125 https://localhost:9443/devportal/apis Mozilla/5.0 (Windows NT 10.0; Win64; x64) AppleWebKit/537.36 (KHTML, like Gecko) Chrome/114.0.0.0 Safari/537.36 Edg/114.0.1823.43 0.072
0:0:0:0:0:0:0:1 - - [18/Jun/2023:18:41:51 +0300] GET /api/am/devportal/v3/apis/b708e07c-f833-4577-9072-b66243c058b3/ratings HTTP/1.1 200 125 https://localhost:9443/devportal/apis Mozilla/5.0 (Windows NT 10.0; Win64; x64) AppleWebKit/537.36 (KHTML, like Gecko) Chrome/114.0.0.0 Safari/537.36 Edg/114.0.1823.43 0.319
0:0:0:0:0:0:0:1 - - [18/Jun/2023:18:41:51 +0300] GET /api/am/devportal/v3/apis/746c7962-0923-4c21-be0e-a84d3748b57b/ratings HTTP/1.1 200 125 https://localhost:9443/devportal/apis Mozilla/5.0 (Windows NT 10.0; Win64; x64) AppleWebKit/537.36 (KHTML, like Gecko) Chrome/114.0.0.0 Safari/537.36 Edg/114.0.1823.43 0.391
0:0:0:0:0:0:0:1 - - [18/Jun/2023:18:41:51 +0300] GET /api/am/devportal/v3/apis/8485612f-b238-4e6d-9c05-e116e15f9121/thumbnail HTTP/1.1 204 - https://localhost:9443/devportal/apis Mozilla/5.0 (Windows NT 10.0; Win64; x64) AppleWebKit/537.36 (KHTML, like Gecko) Chrome/114.0.0.0 Safari/537.36 Edg/114.0.1823.43 0.242
0:0:0:0:0:0:0:1 - - [18/Jun/2023:18:41:51 +0300] GET /api/am/devportal/v3/apis/b708e07c-f833-4577-9072-b66243c058b3/thumbnail HTTP/1.1 204 - https://localhost:9443/devportal/apis Mozilla/5.0 (Windows NT 10.0; Win64; x64) AppleWebKit/537.36 (KHTML, like Gecko) Chrome/114.0.0.0 Safari/537.36 Edg/114.0.1823.43 0.236
0:0:0:0:0:0:0:1 - - [18/Jun/2023:18:41:53 +0300] GET /api/am/devportal/v3/apis/322d0fa8-4241-4e9e-a381-26b8d42c1467 HTTP/1.1 200 1098 https://localhost:9443/devportal/apis/322d0fa8-4241-4e9e-a381-26b8d42c1467 Mozilla/5.0 (Windows NT 10.0; Win64; x64) AppleWebKit/537.36 (KHTML, like Gecko) Chrome/114.0.0.0 Safari/537.36 Edg/114.0.1823.43 0.040
0:0:0:0:0:0:0:1 - - [18/Jun/2023:18:41:53 +0300] GET /devportal/site/public/images/_favicon.ico HTTP/1.1 200 1150 https://localhost:9443/devportal/apis/322d0fa8-4241-4e9e-a381-26b8d42c1467 Mozilla/5.0 (Windows NT 10.0; Win64; x64) AppleWebKit/537.36 (KHTML, like Gecko) Chrome/114.0.0.0 Safari/537.36 Edg/114.0.1823.43 0.015
0:0:0:0:0:0:0:1 - - [18/Jun/2023:18:41:53 +0300] GET /api/am/devportal/v3/applications?limit=5000 HTTP/1.1 200 376 https://localhost:9443/devportal/apis/322d0fa8-4241-4e9e-a381-26b8d42c1467 Mozilla/5.0 (Windows NT 10.0; Win64; x64) AppleWebKit/537.36 (KHTML, like Gecko) Chrome/114.0.0.0 Safari/537.36 Edg/114.0.1823.43 0.065
127.0.0.1 - - [18/Jun/2023:18:41:53 +0300] GET /keymanager-operations/dcr/register/OHJyZGxmMDBvOEpmc0NCNE4yWHlDblR4ZlFFYQ%3D%3D HTTP/1.1 200 515 - Apache-HttpClient/4.5.13 (Java/20.0.1) 0.038
0:0:0:0:0:0:0:1 - - [18/Jun/2023:18:41:53 +0300] GET /api/am/devportal/v3/subscriptions?apiId=322d0fa8-4241-4e9e-a381-26b8d42c1467&limit=25 HTTP/1.1 200 693 https://localhost:9443/devportal/apis/322d0fa8-4241-4e9e-a381-26b8d42c1467 Mozilla/5.0 (Windows NT 10.0; Win64; x64) AppleWebKit/537.36 (KHTML, like Gecko) Chrome/114.0.0.0 Safari/537.36 Edg/114.0.1823.43 0.136
127.0.0.1 - - [18/Jun/2023:18:41:53 +0300] GET /keymanager-operations/dcr/register/OHJyZGxmMDBvOEpmc0NCNE4yWHlDblR4ZlFFYQ%3D%3D HTTP/1.1 200 515 - Apache-HttpClient/4.5.13 (Java/20.0.1) 0.060
0:0:0:0:0:0:0:1 - - [18/Jun/2023:18:41:53 +0300] GET /api/am/devportal/v3/throttling-policies/subscription HTTP/1.1 200 634 https://localhost:9443/devportal/apis/322d0fa8-4241-4e9e-a381-26b8d42c1467/overview Mozilla/5.0 (Windows NT 10.0; Win64; x64) AppleWebKit/537.36 (KHTML, like Gecko) Chrome/114.0.0.0 Safari/537.36 Edg/114.0.1823.43 0.015
0:0:0:0:0:0:0:1 - - [18/Jun/2023:18:41:53 +0300] GET /devportal/site/public/images/_favicon.ico HTTP/1.1 200 1150 https://localhost:9443/devportal/apis/322d0fa8-4241-4e9e-a381-26b8d42c1467/overview Mozilla/5.0 (Windows NT 10.0; Win64; x64) AppleWebKit/537.36 (KHTML, like Gecko) Chrome/114.0.0.0 Safari/537.36 Edg/114.0.1823.43 0.030
0:0:0:0:0:0:0:1 - - [18/Jun/2023:18:41:53 +0300] GET /api/am/devportal/v3/subscriptions?apiId=322d0fa8-4241-4e9e-a381-26b8d42c1467&limit=5000 HTTP/1.1 200 695 https://localhost:9443/devportal/apis/322d0fa8-4241-4e9e-a381-26b8d42c1467 Mozilla/5.0 (Windows NT 10.0; Win64; x64) AppleWebKit/537.36 (KHTML, like Gecko) Chrome/114.0.0.0 Safari/537.36 Edg/114.0.1823.43 0.178
0:0:0:0:0:0:0:1 - - [18/Jun/2023:18:41:53 +0300] GET /api/am/devportal/v3/throttling-policies/subscription HTTP/1.1 200 634 https://localhost:9443/devportal/apis/322d0fa8-4241-4e9e-a381-26b8d42c1467/overview Mozilla/5.0 (Windows NT 10.0; Win64; x64) AppleWebKit/537.36 (KHTML, like Gecko) Chrome/114.0.0.0 Safari/537.36 Edg/114.0.1823.43 0.064
0:0:0:0:0:0:0:1 - - [18/Jun/2023:18:41:53 +0300] GET /api/am/devportal/v3/apis/322d0fa8-4241-4e9e-a381-26b8d42c1467/documents HTTP/1.1 200 92 https://localhost:9443/devportal/apis/322d0fa8-4241-4e9e-a381-26b8d42c1467/overview Mozilla/5.0 (Windows NT 10.0; Win64; x64) AppleWebKit/537.36 (KHTML, like Gecko) Chrome/114.0.0.0 Safari/537.36 Edg/114.0.1823.43 0.133
0:0:0:0:0:0:0:1 - - [18/Jun/2023:18:41:53 +0300] GET /api/am/devportal/v3/apis/322d0fa8-4241-4e9e-a381-26b8d42c1467/ratings HTTP/1.1 200 125 https://localhost:9443/devportal/apis/322d0fa8-4241-4e9e-a381-26b8d42c1467/overview Mozilla/5.0 (Windows NT 10.0; Win64; x64) AppleWebKit/537.36 (KHTML, like Gecko) Chrome/114.0.0.0 Safari/537.36 Edg/114.0.1823.43 0.104
0:0:0:0:0:0:0:1 - - [18/Jun/2023:18:41:53 +0300] GET /api/am/devportal/v3/apis/322d0fa8-4241-4e9e-a381-26b8d42c1467/thumbnail HTTP/1.1 204 - https://localhost:9443/devportal/apis/322d0fa8-4241-4e9e-a381-26b8d42c1467/overview Mozilla/5.0 (Windows NT 10.0; Win64; x64) AppleWebKit/537.36 (KHTML, like Gecko) Chrome/114.0.0.0 Safari/537.36 Edg/114.0.1823.43 0.185
0:0:0:0:0:0:0:1 - - [18/Jun/2023:18:41:53 +0300] GET /api/am/devportal/v3/apis/322d0fa8-4241-4e9e-a381-26b8d42c1467/comments?limit=5&offset=0 HTTP/1.1 200 101 https://localhost:9443/devportal/apis/322d0fa8-4241-4e9e-a381-26b8d42c1467/overview Mozilla/5.0 (Windows NT 10.0; Win64; x64) AppleWebKit/537.36 (KHTML, like Gecko) Chrome/114.0.0.0 Safari/537.36 Edg/114.0.1823.43 0.194
0:0:0:0:0:0:0:1 - - [18/Jun/2023:18:41:53 +0300] GET /api/am/devportal/v3/apis/322d0fa8-4241-4e9e-a381-26b8d42c1467/documents HTTP/1.1 200 92 https://localhost:9443/devportal/apis/322d0fa8-4241-4e9e-a381-26b8d42c1467/overview Mozilla/5.0 (Windows NT 10.0; Win64; x64) AppleWebKit/537.36 (KHTML, like Gecko) Chrome/114.0.0.0 Safari/537.36 Edg/114.0.1823.43 0.419
0:0:0:0:0:0:0:1 - - [18/Jun/2023:18:41:56 +0300] GET /api/am/devportal/v3/apis/322d0fa8-4241-4e9e-a381-26b8d42c1467 HTTP/1.1 200 1098 https://localhost:9443/devportal/apis/322d0fa8-4241-4e9e-a381-26b8d42c1467/test Mozilla/5.0 (Windows NT 10.0; Win64; x64) AppleWebKit/537.36 (KHTML, like Gecko) Chrome/114.0.0.0 Safari/537.36 Edg/114.0.1823.43 0.090
127.0.0.1 - - [18/Jun/2023:18:41:56 +0300] GET /keymanager-operations/dcr/register/OHJyZGxmMDBvOEpmc0NCNE4yWHlDblR4ZlFFYQ%3D%3D HTTP/1.1 200 515 - Apache-HttpClient/4.5.13 (Java/20.0.1) 0.098
0:0:0:0:0:0:0:1 - - [18/Jun/2023:18:41:56 +0300] GET /api/am/devportal/v3/subscriptions?apiId=322d0fa8-4241-4e9e-a381-26b8d42c1467&limit=25 HTTP/1.1 200 693 https://localhost:9443/devportal/apis/322d0fa8-4241-4e9e-a381-26b8d42c1467/test Mozilla/5.0 (Windows NT 10.0; Win64; x64) AppleWebKit/537.36 (KHTML, like Gecko) Chrome/114.0.0.0 Safari/537.36 Edg/114.0.1823.43 0.206
127.0.0.1 - - [18/Jun/2023:18:41:56 +0300] GET /keymanager-operations/dcr/register/OHJyZGxmMDBvOEpmc0NCNE4yWHlDblR4ZlFFYQ%3D%3D HTTP/1.1 200 515 - Apache-HttpClient/4.5.13 (Java/20.0.1) 0.035
0:0:0:0:0:0:0:1 - - [18/Jun/2023:18:41:56 +0300] GET /api/am/devportal/v3/subscriptions?apiId=322d0fa8-4241-4e9e-a381-26b8d42c1467&limit=5000 HTTP/1.1 200 695 https://localhost:9443/devportal/apis/322d0fa8-4241-4e9e-a381-26b8d42c1467/test Mozilla/5.0 (Windows NT 10.0; Win64; x64) AppleWebKit/537.36 (KHTML, like Gecko) Chrome/114.0.0.0 Safari/537.36 Edg/114.0.1823.43 0.227
0:0:0:0:0:0:0:1 - - [18/Jun/2023:18:41:56 +0300] GET /devportal/site/public/images/_favicon.ico HTTP/1.1 200 1150 https://localhost:9443/devportal/apis/322d0fa8-4241-4e9e-a381-26b8d42c1467/test Mozilla/5.0 (Windows NT 10.0; Win64; x64) AppleWebKit/537.36 (KHTML, like Gecko) Chrome/114.0.0.0 Safari/537.36 Edg/114.0.1823.43 0.025
0:0:0:0:0:0:0:1 - - [18/Jun/2023:18:41:56 +0300] GET /api/am/devportal/v3/applications?limit=5000 HTTP/1.1 200 376 https://localhost:9443/devportal/apis/322d0fa8-4241-4e9e-a381-26b8d42c1467/test Mozilla/5.0 (Windows NT 10.0; Win64; x64) AppleWebKit/537.36 (KHTML, like Gecko) Chrome/114.0.0.0 Safari/537.36 Edg/114.0.1823.43 0.284
0:0:0:0:0:0:0:1 - - [18/Jun/2023:18:41:56 +0300] GET /devportal/site/public/dist/vendors~APIConsole~GraphQLConsole.fdedfa5fe9df001a3725.bundle.js HTTP/1.1 200 55674 https://localhost:9443/devportal/apis/322d0fa8-4241-4e9e-a381-26b8d42c1467/test Mozilla/5.0 (Windows NT 10.0; Win64; x64) AppleWebKit/537.36 (KHTML, like Gecko) Chrome/114.0.0.0 Safari/537.36 Edg/114.0.1823.43 0.613
0:0:0:0:0:0:0:1 - - [18/Jun/2023:18:41:56 +0300] GET /devportal/site/public/dist/5.57286c37eacce5fafae0.bundle.js HTTP/1.1 200 84080 https://localhost:9443/devportal/apis/322d0fa8-4241-4e9e-a381-26b8d42c1467/test Mozilla/5.0 (Windows NT 10.0; Win64; x64) AppleWebKit/537.36 (KHTML, like Gecko) Chrome/114.0.0.0 Safari/537.36 Edg/114.0.1823.43 0.684
0:0:0:0:0:0:0:1 - - [18/Jun/2023:18:41:58 +0300] GET /devportal/site/public/dist/APIConsole.b3e80a9dce3816857c0c.bundle.js HTTP/1.1 200 1748096 https://localhost:9443/devportal/apis/322d0fa8-4241-4e9e-a381-26b8d42c1467/test Mozilla/5.0 (Windows NT 10.0; Win64; x64) AppleWebKit/537.36 (KHTML, like Gecko) Chrome/114.0.0.0 Safari/537.36 Edg/114.0.1823.43 2.090
0:0:0:0:0:0:0:1 - - [18/Jun/2023:18:41:58 +0300] GET /api/am/devportal/v3/apis/322d0fa8-4241-4e9e-a381-26b8d42c1467 HTTP/1.1 200 1098 https://localhost:9443/devportal/apis/322d0fa8-4241-4e9e-a381-26b8d42c1467/test Mozilla/5.0 (Windows NT 10.0; Win64; x64) AppleWebKit/537.36 (KHTML, like Gecko) Chrome/114.0.0.0 Safari/537.36 Edg/114.0.1823.43 0.110
0:0:0:0:0:0:0:1 - - [18/Jun/2023:18:41:58 +0300] GET /api/am/devportal/v3/apis/322d0fa8-4241-4e9e-a381-26b8d42c1467/swagger?environmentName=Default HTTP/1.1 200 448 https://localhost:9443/devportal/apis/322d0fa8-4241-4e9e-a381-26b8d42c1467/test Mozilla/5.0 (Windows NT 10.0; Win64; x64) AppleWebKit/537.36 (KHTML, like Gecko) Chrome/114.0.0.0 Safari/537.36 Edg/114.0.1823.43 0.114
0:0:0:0:0:0:0:1 - - [18/Jun/2023:18:41:59 +0300] GET /api/am/devportal/v3/swagger.yaml HTTP/1.1 200 26878 https://localhost:9443/devportal/apis/322d0fa8-4241-4e9e-a381-26b8d42c1467/test Mozilla/5.0 (Windows NT 10.0; Win64; x64) AppleWebKit/537.36 (KHTML, like Gecko) Chrome/114.0.0.0 Safari/537.36 Edg/114.0.1823.43 0.084
0:0:0:0:0:0:0:1 - - [18/Jun/2023:18:41:59 +0300] GET /api/am/devportal/v3/key-managers HTTP/1.1 200 763 https://localhost:9443/devportal/apis/322d0fa8-4241-4e9e-a381-26b8d42c1467/test Mozilla/5.0 (Windows NT 10.0; Win64; x64) AppleWebKit/537.36 (KHTML, like Gecko) Chrome/114.0.0.0 Safari/537.36 Edg/114.0.1823.43 0.111
127.0.0.1 - - [18/Jun/2023:18:41:59 +0300] GET /oauth2/token/.well-known/openid-configuration HTTP/1.1 200 2395 - Apache-HttpClient/4.5.13 (Java/20.0.1) 0.055
127.0.0.1 - - [18/Jun/2023:18:41:59 +0300] GET /keymanager-operations/dcr/register/OHJyZGxmMDBvOEpmc0NCNE4yWHlDblR4ZlFFYQ%3D%3D HTTP/1.1 200 515 - Apache-HttpClient/4.5.13 (Java/20.0.1) 0.007
0:0:0:0:0:0:0:1 - - [18/Jun/2023:18:41:59 +0300] GET /api/am/devportal/v3/applications/ HTTP/1.1 200 374 https://localhost:9443/devportal/apis/322d0fa8-4241-4e9e-a381-26b8d42c1467/test Mozilla/5.0 (Windows NT 10.0; Win64; x64) AppleWebKit/537.36 (KHTML, like Gecko) Chrome/114.0.0.0 Safari/537.36 Edg/114.0.1823.43 0.030
127.0.0.1 - - [18/Jun/2023:18:41:59 +0300] GET /keymanager-operations/dcr/register/OHJyZGxmMDBvOEpmc0NCNE4yWHlDblR4ZlFFYQ%3D%3D HTTP/1.1 200 515 - Apache-HttpClient/4.5.13 (Java/20.0.1) 0.014
