0:0:0:0:0:0:0:1 - - [09/Jun/2023:09:20:54 +0300] GET /api/am/devportal/v3/subscriptions?apiId=b708e07c-f833-4577-9072-b66243c058b3&limit=25 HTTP/1.1 200 886 https://localhost:9443/devportal/apis/b708e07c-f833-4577-9072-b66243c058b3/credentials Mozilla/5.0 (Windows NT 10.0; Win64; x64) AppleWebKit/537.36 (KHTML, like Gecko) Chrome/114.0.0.0 Safari/537.36 Edg/114.0.1823.37 0.194
0:0:0:0:0:0:0:1 - - [09/Jun/2023:09:21:03 +0300] GET /devportal/site/public/dist/vendors~APIConsole~APIDocuments~ApplicationDetails.632f7f3618b917dd72cb.bundle.js HTTP/1.1 200 25476 https://localhost:9443/devportal/apis/b708e07c-f833-4577-9072-b66243c058b3/test Mozilla/5.0 (Windows NT 10.0; Win64; x64) AppleWebKit/537.36 (KHTML, like Gecko) Chrome/114.0.0.0 Safari/537.36 Edg/114.0.1823.37 0.016
0:0:0:0:0:0:0:1 - - [09/Jun/2023:09:21:03 +0300] GET /devportal/site/public/dist/vendors~APIConsole~GraphQLConsole.fdedfa5fe9df001a3725.bundle.js HTTP/1.1 200 55674 https://localhost:9443/devportal/apis/b708e07c-f833-4577-9072-b66243c058b3/test Mozilla/5.0 (Windows NT 10.0; Win64; x64) AppleWebKit/537.36 (KHTML, like Gecko) Chrome/114.0.0.0 Safari/537.36 Edg/114.0.1823.37 0.049
0:0:0:0:0:0:0:1 - - [09/Jun/2023:09:21:03 +0300] GET /devportal/site/public/images/_favicon.ico HTTP/1.1 200 1150 https://localhost:9443/devportal/apis/b708e07c-f833-4577-9072-b66243c058b3/test Mozilla/5.0 (Windows NT 10.0; Win64; x64) AppleWebKit/537.36 (KHTML, like Gecko) Chrome/114.0.0.0 Safari/537.36 Edg/114.0.1823.37 0.011
0:0:0:0:0:0:0:1 - - [09/Jun/2023:09:21:03 +0300] GET /devportal/site/public/dist/5.57286c37eacce5fafae0.bundle.js HTTP/1.1 200 84080 https://localhost:9443/devportal/apis/b708e07c-f833-4577-9072-b66243c058b3/test Mozilla/5.0 (Windows NT 10.0; Win64; x64) AppleWebKit/537.36 (KHTML, like Gecko) Chrome/114.0.0.0 Safari/537.36 Edg/114.0.1823.37 0.037
0:0:0:0:0:0:0:1 - - [09/Jun/2023:09:21:04 +0300] GET /devportal/site/public/dist/APIConsole.b3e80a9dce3816857c0c.bundle.js HTTP/1.1 200 1748096 https://localhost:9443/devportal/apis/b708e07c-f833-4577-9072-b66243c058b3/test Mozilla/5.0 (Windows NT 10.0; Win64; x64) AppleWebKit/537.36 (KHTML, like Gecko) Chrome/114.0.0.0 Safari/537.36 Edg/114.0.1823.37 0.708
0:0:0:0:0:0:0:1 - - [09/Jun/2023:09:21:04 +0300] GET /api/am/devportal/v3/apis/b708e07c-f833-4577-9072-b66243c058b3 HTTP/1.1 200 1106 https://localhost:9443/devportal/apis/b708e07c-f833-4577-9072-b66243c058b3/test Mozilla/5.0 (Windows NT 10.0; Win64; x64) AppleWebKit/537.36 (KHTML, like Gecko) Chrome/114.0.0.0 Safari/537.36 Edg/114.0.1823.37 0.043
0:0:0:0:0:0:0:1 - - [09/Jun/2023:09:21:04 +0300] GET /api/am/devportal/v3/apis/b708e07c-f833-4577-9072-b66243c058b3/swagger?environmentName=Default HTTP/1.1 200 451 https://localhost:9443/devportal/apis/b708e07c-f833-4577-9072-b66243c058b3/test Mozilla/5.0 (Windows NT 10.0; Win64; x64) AppleWebKit/537.36 (KHTML, like Gecko) Chrome/114.0.0.0 Safari/537.36 Edg/114.0.1823.37 0.023
0:0:0:0:0:0:0:1 - - [09/Jun/2023:09:21:04 +0300] GET /api/am/devportal/v3/swagger.yaml HTTP/1.1 200 26878 https://localhost:9443/devportal/apis/b708e07c-f833-4577-9072-b66243c058b3/test Mozilla/5.0 (Windows NT 10.0; Win64; x64) AppleWebKit/537.36 (KHTML, like Gecko) Chrome/114.0.0.0 Safari/537.36 Edg/114.0.1823.37 0.015
127.0.0.1 - - [09/Jun/2023:09:21:05 +0300] GET /keymanager-operations/dcr/register/U1FCTzNQdGxqaEVrN0lldGRsUVR6SlRpaDhFYQ%3D%3D HTTP/1.1 200 720 - Apache-HttpClient/4.5.13 (Java/20.0.1) 0.116
127.0.0.1 - - [09/Jun/2023:09:21:05 +0300] GET /oauth2/token/.well-known/openid-configuration HTTP/1.1 200 2395 - Apache-HttpClient/4.5.13 (Java/20.0.1) 0.158
0:0:0:0:0:0:0:1 - - [09/Jun/2023:09:21:05 +0300] GET /api/am/devportal/v3/key-managers HTTP/1.1 200 763 https://localhost:9443/devportal/apis/b708e07c-f833-4577-9072-b66243c058b3/test Mozilla/5.0 (Windows NT 10.0; Win64; x64) AppleWebKit/537.36 (KHTML, like Gecko) Chrome/114.0.0.0 Safari/537.36 Edg/114.0.1823.37 0.212
127.0.0.1 - - [09/Jun/2023:09:21:05 +0300] GET /keymanager-operations/dcr/register/MHFfRExjbVRFTmxsZmtqNk9JdjB2WDJ1Q0FJYQ%3D%3D HTTP/1.1 200 720 - Apache-HttpClient/4.5.13 (Java/20.0.1) 0.076
127.0.0.1 - - [09/Jun/2023:09:21:05 +0300] GET /keymanager-operations/dcr/register/V3B0cWtoX05ORTdyak1weXM0Y3VIc0FNallNYQ%3D%3D HTTP/1.1 200 720 - Apache-HttpClient/4.5.13 (Java/20.0.1) 0.017
0:0:0:0:0:0:0:1 - - [09/Jun/2023:09:21:05 +0300] GET /api/am/devportal/v3/subscriptions?apiId=b708e07c-f833-4577-9072-b66243c058b3&limit=25 HTTP/1.1 200 886 https://localhost:9443/devportal/apis/b708e07c-f833-4577-9072-b66243c058b3/test Mozilla/5.0 (Windows NT 10.0; Win64; x64) AppleWebKit/537.36 (KHTML, like Gecko) Chrome/114.0.0.0 Safari/537.36 Edg/114.0.1823.37 0.281
127.0.0.1 - - [09/Jun/2023:09:21:05 +0300] GET /keymanager-operations/dcr/register/V3B0cWtoX05ORTdyak1weXM0Y3VIc0FNallNYQ%3D%3D HTTP/1.1 200 720 - Apache-HttpClient/4.5.13 (Java/20.0.1) 0.003
127.0.0.1 - - [09/Jun/2023:09:21:05 +0300] GET /keymanager-operations/dcr/register/U1FCTzNQdGxqaEVrN0lldGRsUVR6SlRpaDhFYQ%3D%3D HTTP/1.1 200 720 - Apache-HttpClient/4.5.13 (Java/20.0.1) 0.003
127.0.0.1 - - [09/Jun/2023:09:21:05 +0300] GET /keymanager-operations/dcr/register/MHFfRExjbVRFTmxsZmtqNk9JdjB2WDJ1Q0FJYQ%3D%3D HTTP/1.1 200 720 - Apache-HttpClient/4.5.13 (Java/20.0.1) 0.005
0:0:0:0:0:0:0:1 - - [09/Jun/2023:09:21:05 +0300] GET /api/am/devportal/v3/subscriptions?apiId=b708e07c-f833-4577-9072-b66243c058b3&limit=25 HTTP/1.1 200 886 https://localhost:9443/devportal/apis/b708e07c-f833-4577-9072-b66243c058b3/test Mozilla/5.0 (Windows NT 10.0; Win64; x64) AppleWebKit/537.36 (KHTML, like Gecko) Chrome/114.0.0.0 Safari/537.36 Edg/114.0.1823.37 0.165
0:0:0:0:0:0:0:1 - - [09/Jun/2023:09:21:05 +0300] GET /api/am/devportal/v3/swagger.yaml HTTP/1.1 200 26878 https://localhost:9443/devportal/apis/b708e07c-f833-4577-9072-b66243c058b3/test Mozilla/5.0 (Windows NT 10.0; Win64; x64) AppleWebKit/537.36 (KHTML, like Gecko) Chrome/114.0.0.0 Safari/537.36 Edg/114.0.1823.37 0.041
0:0:0:0:0:0:0:1 - - [09/Jun/2023:09:21:05 +0300] GET /api/am/devportal/v3/applications/ HTTP/1.1 200 941 https://localhost:9443/devportal/apis/b708e07c-f833-4577-9072-b66243c058b3/test Mozilla/5.0 (Windows NT 10.0; Win64; x64) AppleWebKit/537.36 (KHTML, like Gecko) Chrome/114.0.0.0 Safari/537.36 Edg/114.0.1823.37 0.060
127.0.0.1 - - [09/Jun/2023:09:21:05 +0300] GET /keymanager-operations/dcr/register/MHFfRExjbVRFTmxsZmtqNk9JdjB2WDJ1Q0FJYQ%3D%3D HTTP/1.1 200 720 - Apache-HttpClient/4.5.13 (Java/20.0.1) 0.011
0:0:0:0:0:0:0:1 - - [09/Jun/2023:09:21:05 +0300] GET /api/am/devportal/v3/applications/d8414650-0dc6-4424-9310-830582be7bd1 HTTP/1.1 200 336 https://localhost:9443/devportal/apis/b708e07c-f833-4577-9072-b66243c058b3/test Mozilla/5.0 (Windows NT 10.0; Win64; x64) AppleWebKit/537.36 (KHTML, like Gecko) Chrome/114.0.0.0 Safari/537.36 Edg/114.0.1823.37 0.018
0:0:0:0:0:0:0:1 - - [09/Jun/2023:09:21:05 +0300] GET /api/am/devportal/v3/applications/d8414650-0dc6-4424-9310-830582be7bd1/oauth-keys HTTP/1.1 200 868 https://localhost:9443/devportal/apis/b708e07c-f833-4577-9072-b66243c058b3/test Mozilla/5.0 (Windows NT 10.0; Win64; x64) AppleWebKit/537.36 (KHTML, like Gecko) Chrome/114.0.0.0 Safari/537.36 Edg/114.0.1823.37 0.011
127.0.0.1 - - [09/Jun/2023:09:21:05 +0300] GET /keymanager-operations/dcr/register/MHFfRExjbVRFTmxsZmtqNk9JdjB2WDJ1Q0FJYQ%3D%3D HTTP/1.1 200 720 - Apache-HttpClient/4.5.13 (Java/20.0.1) 0.007
0:0:0:0:0:0:0:1 - - [09/Jun/2023:09:21:05 +0300] GET /api/am/devportal/v3/swagger.yaml HTTP/1.1 200 26878 https://localhost:9443/devportal/apis/b708e07c-f833-4577-9072-b66243c058b3/test Mozilla/5.0 (Windows NT 10.0; Win64; x64) AppleWebKit/537.36 (KHTML, like Gecko) Chrome/114.0.0.0 Safari/537.36 Edg/114.0.1823.37 0.015
0:0:0:0:0:0:0:1 - - [09/Jun/2023:09:21:05 +0300] GET /api/am/devportal/v3/swagger.yaml HTTP/1.1 200 26878 https://localhost:9443/devportal/apis/b708e07c-f833-4577-9072-b66243c058b3/test Mozilla/5.0 (Windows NT 10.0; Win64; x64) AppleWebKit/537.36 (KHTML, like Gecko) Chrome/114.0.0.0 Safari/537.36 Edg/114.0.1823.37 0.039
0:0:0:0:0:0:0:1 - - [09/Jun/2023:09:21:06 +0300] GET /api/am/devportal/v3/applications/d8414650-0dc6-4424-9310-830582be7bd1 HTTP/1.1 200 336 https://localhost:9443/devportal/apis/b708e07c-f833-4577-9072-b66243c058b3/test Mozilla/5.0 (Windows NT 10.0; Win64; x64) AppleWebKit/537.36 (KHTML, like Gecko) Chrome/114.0.0.0 Safari/537.36 Edg/114.0.1823.37 0.010
127.0.0.1 - - [09/Jun/2023:09:21:06 +0300] GET /keymanager-operations/dcr/register/MHFfRExjbVRFTmxsZmtqNk9JdjB2WDJ1Q0FJYQ%3D%3D HTTP/1.1 200 720 - Apache-HttpClient/4.5.13 (Java/20.0.1) 0.007
127.0.0.1 - - [09/Jun/2023:09:21:06 +0300] GET /keymanager-operations/dcr/register/MHFfRExjbVRFTmxsZmtqNk9JdjB2WDJ1Q0FJYQ%3D%3D HTTP/1.1 200 720 - Apache-HttpClient/4.5.13 (Java/20.0.1) 0.003
0:0:0:0:0:0:0:1 - - [09/Jun/2023:09:21:06 +0300] GET /api/am/devportal/v3/applications/d8414650-0dc6-4424-9310-830582be7bd1 HTTP/1.1 200 336 https://localhost:9443/devportal/apis/b708e07c-f833-4577-9072-b66243c058b3/test Mozilla/5.0 (Windows NT 10.0; Win64; x64) AppleWebKit/537.36 (KHTML, like Gecko) Chrome/114.0.0.0 Safari/537.36 Edg/114.0.1823.37 0.013
127.0.0.1 - - [09/Jun/2023:09:21:06 +0300] GET /keymanager-operations/dcr/register/MHFfRExjbVRFTmxsZmtqNk9JdjB2WDJ1Q0FJYQ%3D%3D HTTP/1.1 200 720 - Apache-HttpClient/4.5.13 (Java/20.0.1) 0.005
0:0:0:0:0:0:0:1 - - [09/Jun/2023:09:21:06 +0300] GET /api/am/devportal/v3/applications/d8414650-0dc6-4424-9310-830582be7bd1/oauth-keys HTTP/1.1 200 868 https://localhost:9443/devportal/apis/b708e07c-f833-4577-9072-b66243c058b3/test Mozilla/5.0 (Windows NT 10.0; Win64; x64) AppleWebKit/537.36 (KHTML, like Gecko) Chrome/114.0.0.0 Safari/537.36 Edg/114.0.1823.37 0.012
127.0.0.1 - - [09/Jun/2023:09:21:06 +0300] GET /keymanager-operations/dcr/register/MHFfRExjbVRFTmxsZmtqNk9JdjB2WDJ1Q0FJYQ%3D%3D HTTP/1.1 200 720 - Apache-HttpClient/4.5.13 (Java/20.0.1) 0.003
0:0:0:0:0:0:0:1 - - [09/Jun/2023:09:21:06 +0300] GET /api/am/devportal/v3/applications/d8414650-0dc6-4424-9310-830582be7bd1/oauth-keys HTTP/1.1 200 868 https://localhost:9443/devportal/apis/b708e07c-f833-4577-9072-b66243c058b3/test Mozilla/5.0 (Windows NT 10.0; Win64; x64) AppleWebKit/537.36 (KHTML, like Gecko) Chrome/114.0.0.0 Safari/537.36 Edg/114.0.1823.37 0.016
0:0:0:0:0:0:0:1 - - [09/Jun/2023:09:21:20 +0300] GET /api/am/devportal/v3/swagger.yaml HTTP/1.1 200 26878 https://localhost:9443/devportal/apis/b708e07c-f833-4577-9072-b66243c058b3/test Mozilla/5.0 (Windows NT 10.0; Win64; x64) AppleWebKit/537.36 (KHTML, like Gecko) Chrome/114.0.0.0 Safari/537.36 Edg/114.0.1823.37 0.015
127.0.0.1 - - [09/Jun/2023:09:21:20 +0300] GET /keymanager-operations/dcr/register/V3B0cWtoX05ORTdyak1weXM0Y3VIc0FNallNYQ%3D%3D HTTP/1.1 200 720 - Apache-HttpClient/4.5.13 (Java/20.0.1) 0.003
0:0:0:0:0:0:0:1 - - [09/Jun/2023:09:21:20 +0300] GET /api/am/devportal/v3/applications/a2385395-c1a6-420a-a994-b4d9358fd5ff HTTP/1.1 200 335 https://localhost:9443/devportal/apis/b708e07c-f833-4577-9072-b66243c058b3/test Mozilla/5.0 (Windows NT 10.0; Win64; x64) AppleWebKit/537.36 (KHTML, like Gecko) Chrome/114.0.0.0 Safari/537.36 Edg/114.0.1823.37 0.015
127.0.0.1 - - [09/Jun/2023:09:21:20 +0300] GET /keymanager-operations/dcr/register/V3B0cWtoX05ORTdyak1weXM0Y3VIc0FNallNYQ%3D%3D HTTP/1.1 200 720 - Apache-HttpClient/4.5.13 (Java/20.0.1) 0.003
0:0:0:0:0:0:0:1 - - [09/Jun/2023:09:21:20 +0300] GET /api/am/devportal/v3/applications/a2385395-c1a6-420a-a994-b4d9358fd5ff/oauth-keys HTTP/1.1 200 868 https://localhost:9443/devportal/apis/b708e07c-f833-4577-9072-b66243c058b3/test Mozilla/5.0 (Windows NT 10.0; Win64; x64) AppleWebKit/537.36 (KHTML, like Gecko) Chrome/114.0.0.0 Safari/537.36 Edg/114.0.1823.37 0.010
0:0:0:0:0:0:0:1 - - [09/Jun/2023:09:21:26 +0300] GET /api/am/devportal/v3/swagger.yaml HTTP/1.1 200 26878 https://localhost:9443/devportal/apis/b708e07c-f833-4577-9072-b66243c058b3/test Mozilla/5.0 (Windows NT 10.0; Win64; x64) AppleWebKit/537.36 (KHTML, like Gecko) Chrome/114.0.0.0 Safari/537.36 Edg/114.0.1823.37 0.013
127.0.0.1 - - [09/Jun/2023:09:21:26 +0300] GET /keymanager-operations/dcr/register/V3B0cWtoX05ORTdyak1weXM0Y3VIc0FNallNYQ%3D%3D HTTP/1.1 200 720 - Apache-HttpClient/4.5.13 (Java/20.0.1) 0.002
0:0:0:0:0:0:0:1 - - [09/Jun/2023:09:21:26 +0300] GET /api/am/devportal/v3/applications/a2385395-c1a6-420a-a994-b4d9358fd5ff HTTP/1.1 200 335 https://localhost:9443/devportal/apis/b708e07c-f833-4577-9072-b66243c058b3/test Mozilla/5.0 (Windows NT 10.0; Win64; x64) AppleWebKit/537.36 (KHTML, like Gecko) Chrome/114.0.0.0 Safari/537.36 Edg/114.0.1823.37 0.009
127.0.0.1 - - [09/Jun/2023:09:21:26 +0300] GET /keymanager-operations/dcr/register/V3B0cWtoX05ORTdyak1weXM0Y3VIc0FNallNYQ%3D%3D HTTP/1.1 200 720 - Apache-HttpClient/4.5.13 (Java/20.0.1) 0.002
0:0:0:0:0:0:0:1 - - [09/Jun/2023:09:21:26 +0300] GET /api/am/devportal/v3/applications/a2385395-c1a6-420a-a994-b4d9358fd5ff/oauth-keys HTTP/1.1 200 868 https://localhost:9443/devportal/apis/b708e07c-f833-4577-9072-b66243c058b3/test Mozilla/5.0 (Windows NT 10.0; Win64; x64) AppleWebKit/537.36 (KHTML, like Gecko) Chrome/114.0.0.0 Safari/537.36 Edg/114.0.1823.37 0.008
0:0:0:0:0:0:0:1 - - [09/Jun/2023:09:25:30 +0300] - 400 - - - 0.000
0:0:0:0:0:0:0:1 - - [09/Jun/2023:09:25:30 +0300] - 400 - - - 0.000
0:0:0:0:0:0:0:1 - - [09/Jun/2023:09:25:30 +0300] - 400 - - - 0.000
0:0:0:0:0:0:0:1 - - [09/Jun/2023:09:25:30 +0300] - 400 - - - 0.000
0:0:0:0:0:0:0:1 - - [09/Jun/2023:09:25:35 +0300] GET /api/am/publisher/v4/throttling-policies/api?limit=80 HTTP/1.1 200 395 https://localhost:9443/publisher/apis/b708e07c-f833-4577-9072-b66243c058b3/resources Mozilla/5.0 (Windows NT 10.0; Win64; x64) AppleWebKit/537.36 (KHTML, like Gecko) Chrome/114.0.0.0 Safari/537.36 Edg/114.0.1823.37 4.815
0:0:0:0:0:0:0:1 - - [09/Jun/2023:09:25:35 +0300] GET /api/am/publisher/v4/scopes HTTP/1.1 200 92 https://localhost:9443/publisher/apis/b708e07c-f833-4577-9072-b66243c058b3/resources Mozilla/5.0 (Windows NT 10.0; Win64; x64) AppleWebKit/537.36 (KHTML, like Gecko) Chrome/114.0.0.0 Safari/537.36 Edg/114.0.1823.37 4.851
0:0:0:0:0:0:0:1 - - [09/Jun/2023:09:25:35 +0300] GET /api/am/publisher/v4/apis/b708e07c-f833-4577-9072-b66243c058b3/amznResourceNames HTTP/1.1 200 2 https://localhost:9443/publisher/apis/b708e07c-f833-4577-9072-b66243c058b3/resources Mozilla/5.0 (Windows NT 10.0; Win64; x64) AppleWebKit/537.36 (KHTML, like Gecko) Chrome/114.0.0.0 Safari/537.36 Edg/114.0.1823.37 4.887
0:0:0:0:0:0:0:1 - - [09/Jun/2023:09:25:35 +0300] GET /api/am/publisher/v4/apis/b708e07c-f833-4577-9072-b66243c058b3/swagger HTTP/1.1 200 755 https://localhost:9443/publisher/apis/b708e07c-f833-4577-9072-b66243c058b3/resources Mozilla/5.0 (Windows NT 10.0; Win64; x64) AppleWebKit/537.36 (KHTML, like Gecko) Chrome/114.0.0.0 Safari/537.36 Edg/114.0.1823.37 4.910
0:0:0:0:0:0:0:1 - - [09/Jun/2023:09:26:33 +0300] GET /api/am/publisher/v4/apis/b708e07c-f833-4577-9072-b66243c058b3/asyncapi HTTP/1.1 200 - https://localhost:9443/publisher/apis/b708e07c-f833-4577-9072-b66243c058b3/deployments Mozilla/5.0 (Windows NT 10.0; Win64; x64) AppleWebKit/537.36 (KHTML, like Gecko) Chrome/114.0.0.0 Safari/537.36 Edg/114.0.1823.37 0.032
0:0:0:0:0:0:0:1 - - [09/Jun/2023:09:26:50 +0300] GET /api/am/publisher/v4/apis/b708e07c-f833-4577-9072-b66243c058b3/asyncapi HTTP/1.1 200 - https://localhost:9443/publisher/apis/b708e07c-f833-4577-9072-b66243c058b3/deployments Mozilla/5.0 (Windows NT 10.0; Win64; x64) AppleWebKit/537.36 (KHTML, like Gecko) Chrome/114.0.0.0 Safari/537.36 Edg/114.0.1823.37 0.046
0:0:0:0:0:0:0:1 - - [09/Jun/2023:09:26:52 +0300] GET /api/am/publisher/v4/apis/b708e07c-f833-4577-9072-b66243c058b3/swagger HTTP/1.1 200 755 https://localhost:9443/publisher/apis/b708e07c-f833-4577-9072-b66243c058b3/api%20definition Mozilla/5.0 (Windows NT 10.0; Win64; x64) AppleWebKit/537.36 (KHTML, like Gecko) Chrome/114.0.0.0 Safari/537.36 Edg/114.0.1823.37 0.052
0:0:0:0:0:0:0:1 - - [09/Jun/2023:09:26:52 +0300] GET /publisher/site/public/dist/editor.worker.js HTTP/1.1 200 1068 https://localhost:9443/publisher/apis/b708e07c-f833-4577-9072-b66243c058b3/api%20definition Mozilla/5.0 (Windows NT 10.0; Win64; x64) AppleWebKit/537.36 (KHTML, like Gecko) Chrome/114.0.0.0 Safari/537.36 Edg/114.0.1823.37 0.004
0:0:0:0:0:0:0:1 - - [09/Jun/2023:09:26:52 +0300] GET /publisher/site/public/dist/25.e813a2e047de17ca9b43.bundle.js HTTP/1.1 200 1340 https://localhost:9443/publisher/apis/b708e07c-f833-4577-9072-b66243c058b3/api%20definition Mozilla/5.0 (Windows NT 10.0; Win64; x64) AppleWebKit/537.36 (KHTML, like Gecko) Chrome/114.0.0.0 Safari/537.36 Edg/114.0.1823.37 0.006
0:0:0:0:0:0:0:1 - - [09/Jun/2023:09:26:53 +0300] GET /publisher/site/public/dist/b3726f0165bf67ac68494ee7a1b9f6ce.ttf HTTP/1.1 200 61024 https://localhost:9443/publisher/apis/b708e07c-f833-4577-9072-b66243c058b3/overview Mozilla/5.0 (Windows NT 10.0; Win64; x64) AppleWebKit/537.36 (KHTML, like Gecko) Chrome/114.0.0.0 Safari/537.36 Edg/114.0.1823.37 0.008
0:0:0:0:0:0:0:1 - - [09/Jun/2023:09:26:55 +0300] - 400 - - - 0.000
0:0:0:0:0:0:0:1 - - [09/Jun/2023:09:26:56 +0300] GET /api/am/publisher/v4/endpoint-certificates?endpoint=http%3A%2F%2Flocalhost%3A8000 HTTP/1.1 200 100 https://localhost:9443/publisher/apis/b708e07c-f833-4577-9072-b66243c058b3/endpoints Mozilla/5.0 (Windows NT 10.0; Win64; x64) AppleWebKit/537.36 (KHTML, like Gecko) Chrome/114.0.0.0 Safari/537.36 Edg/114.0.1823.37 0.079
0:0:0:0:0:0:0:1 - - [09/Jun/2023:09:26:56 +0300] GET /api/am/publisher/v4/apis/b708e07c-f833-4577-9072-b66243c058b3/swagger HTTP/1.1 200 755 https://localhost:9443/publisher/apis/b708e07c-f833-4577-9072-b66243c058b3/endpoints Mozilla/5.0 (Windows NT 10.0; Win64; x64) AppleWebKit/537.36 (KHTML, like Gecko) Chrome/114.0.0.0 Safari/537.36 Edg/114.0.1823.37 0.303
0:0:0:0:0:0:0:1 - - [09/Jun/2023:09:27:06 +0300] - 400 - - - 0.000
0:0:0:0:0:0:0:1 - - [09/Jun/2023:09:27:06 +0300] - 400 - - - 0.000
0:0:0:0:0:0:0:1 - - [09/Jun/2023:09:27:06 +0300] GET /api/am/publisher/v4/scopes HTTP/1.1 200 92 https://localhost:9443/publisher/apis/b708e07c-f833-4577-9072-b66243c058b3/resources Mozilla/5.0 (Windows NT 10.0; Win64; x64) AppleWebKit/537.36 (KHTML, like Gecko) Chrome/114.0.0.0 Safari/537.36 Edg/114.0.1823.37 0.005
0:0:0:0:0:0:0:1 - - [09/Jun/2023:09:27:06 +0300] GET /api/am/publisher/v4/throttling-policies/api?limit=80 HTTP/1.1 200 395 https://localhost:9443/publisher/apis/b708e07c-f833-4577-9072-b66243c058b3/resources Mozilla/5.0 (Windows NT 10.0; Win64; x64) AppleWebKit/537.36 (KHTML, like Gecko) Chrome/114.0.0.0 Safari/537.36 Edg/114.0.1823.37 0.008
0:0:0:0:0:0:0:1 - - [09/Jun/2023:09:27:06 +0300] GET /api/am/publisher/v4/apis/b708e07c-f833-4577-9072-b66243c058b3/amznResourceNames HTTP/1.1 200 2 https://localhost:9443/publisher/apis/b708e07c-f833-4577-9072-b66243c058b3/resources Mozilla/5.0 (Windows NT 10.0; Win64; x64) AppleWebKit/537.36 (KHTML, like Gecko) Chrome/114.0.0.0 Safari/537.36 Edg/114.0.1823.37 0.096
0:0:0:0:0:0:0:1 - - [09/Jun/2023:09:27:06 +0300] GET /api/am/publisher/v4/apis/b708e07c-f833-4577-9072-b66243c058b3/swagger HTTP/1.1 200 755 https://localhost:9443/publisher/apis/b708e07c-f833-4577-9072-b66243c058b3/resources Mozilla/5.0 (Windows NT 10.0; Win64; x64) AppleWebKit/537.36 (KHTML, like Gecko) Chrome/114.0.0.0 Safari/537.36 Edg/114.0.1823.37 0.130
0:0:0:0:0:0:0:1 - - [09/Jun/2023:09:27:44 +0300] PUT /api/am/publisher/v4/apis/b708e07c-f833-4577-9072-b66243c058b3/swagger HTTP/1.1 200 752 https://localhost:9443/publisher/apis/b708e07c-f833-4577-9072-b66243c058b3/resources Mozilla/5.0 (Windows NT 10.0; Win64; x64) AppleWebKit/537.36 (KHTML, like Gecko) Chrome/114.0.0.0 Safari/537.36 Edg/114.0.1823.37 0.722
0:0:0:0:0:0:0:1 - - [09/Jun/2023:09:27:44 +0300] GET /api/am/publisher/v4/apis/b708e07c-f833-4577-9072-b66243c058b3 HTTP/1.1 200 1208 https://localhost:9443/publisher/apis/b708e07c-f833-4577-9072-b66243c058b3/resources Mozilla/5.0 (Windows NT 10.0; Win64; x64) AppleWebKit/537.36 (KHTML, like Gecko) Chrome/114.0.0.0 Safari/537.36 Edg/114.0.1823.37 0.139
0:0:0:0:0:0:0:1 - - [09/Jun/2023:09:27:52 +0300] GET /api/am/publisher/v4/apis/b708e07c-f833-4577-9072-b66243c058b3/revisions?query=deployed%3Atrue HTTP/1.1 200 388 https://localhost:9443/publisher/apis/b708e07c-f833-4577-9072-b66243c058b3/overview Mozilla/5.0 (Windows NT 10.0; Win64; x64) AppleWebKit/537.36 (KHTML, like Gecko) Chrome/114.0.0.0 Safari/537.36 Edg/114.0.1823.37 0.048
0:0:0:0:0:0:0:1 - - [09/Jun/2023:09:27:52 +0300] GET /api/am/publisher/v4/apis/b708e07c-f833-4577-9072-b66243c058b3/swagger HTTP/1.1 200 752 https://localhost:9443/publisher/apis/b708e07c-f833-4577-9072-b66243c058b3/overview Mozilla/5.0 (Windows NT 10.0; Win64; x64) AppleWebKit/537.36 (KHTML, like Gecko) Chrome/114.0.0.0 Safari/537.36 Edg/114.0.1823.37 0.052
0:0:0:0:0:0:0:1 - - [09/Jun/2023:09:27:54 +0300] GET /devportal/apis/b708e07c-f833-4577-9072-b66243c058b3/overview HTTP/1.1 200 1691 - Mozilla/5.0 (Windows NT 10.0; Win64; x64) AppleWebKit/537.36 (KHTML, like Gecko) Chrome/114.0.0.0 Safari/537.36 Edg/114.0.1823.37 0.024
0:0:0:0:0:0:0:1 - - [09/Jun/2023:09:27:54 +0300] GET /devportal/site/public/css/main.css HTTP/1.1 200 2092 https://localhost:9443/devportal/apis/b708e07c-f833-4577-9072-b66243c058b3/overview Mozilla/5.0 (Windows NT 10.0; Win64; x64) AppleWebKit/537.36 (KHTML, like Gecko) Chrome/114.0.0.0 Safari/537.36 Edg/114.0.1823.37 0.046
0:0:0:0:0:0:0:1 - - [09/Jun/2023:09:27:54 +0300] - 400 - - - 0.000
0:0:0:0:0:0:0:1 - - [09/Jun/2023:09:27:54 +0300] GET /devportal/site/public/css/overrides.css HTTP/1.1 200 - https://localhost:9443/devportal/apis/b708e07c-f833-4577-9072-b66243c058b3/overview Mozilla/5.0 (Windows NT 10.0; Win64; x64) AppleWebKit/537.36 (KHTML, like Gecko) Chrome/114.0.0.0 Safari/537.36 Edg/114.0.1823.37 0.008
0:0:0:0:0:0:0:1 - - [09/Jun/2023:09:27:54 +0300] GET /devportal/site/public/fonts/iconfont/material-icons.css HTTP/1.1 200 970 https://localhost:9443/devportal/apis/b708e07c-f833-4577-9072-b66243c058b3/overview Mozilla/5.0 (Windows NT 10.0; Win64; x64) AppleWebKit/537.36 (KHTML, like Gecko) Chrome/114.0.0.0 Safari/537.36 Edg/114.0.1823.37 0.026
0:0:0:0:0:0:0:1 - - [09/Jun/2023:09:27:54 +0300] GET /devportal/site/public/fonts/iconfont/MaterialIcons.js HTTP/1.1 200 6703 https://localhost:9443/devportal/apis/b708e07c-f833-4577-9072-b66243c058b3/overview Mozilla/5.0 (Windows NT 10.0; Win64; x64) AppleWebKit/537.36 (KHTML, like Gecko) Chrome/114.0.0.0 Safari/537.36 Edg/114.0.1823.37 0.033
0:0:0:0:0:0:0:1 - - [09/Jun/2023:09:27:54 +0300] - 400 - - - 0.000
0:0:0:0:0:0:0:1 - - [09/Jun/2023:09:27:54 +0300] GET /devportal/site/public/theme/userTheme.js HTTP/1.1 200 96 https://localhost:9443/devportal/apis/b708e07c-f833-4577-9072-b66243c058b3/overview Mozilla/5.0 (Windows NT 10.0; Win64; x64) AppleWebKit/537.36 (KHTML, like Gecko) Chrome/114.0.0.0 Safari/537.36 Edg/114.0.1823.37 0.048
0:0:0:0:0:0:0:1 - - [09/Jun/2023:09:27:54 +0300] GET /devportal/services/settings/settings.js HTTP/1.1 200 1474 https://localhost:9443/devportal/apis/b708e07c-f833-4577-9072-b66243c058b3/overview Mozilla/5.0 (Windows NT 10.0; Win64; x64) AppleWebKit/537.36 (KHTML, like Gecko) Chrome/114.0.0.0 Safari/537.36 Edg/114.0.1823.37 0.109
0:0:0:0:0:0:0:1 - - [09/Jun/2023:09:27:55 +0300] GET /devportal/site/public/dist/index.e79b6b708401484695fc.bundle.js HTTP/1.1 200 271108 https://localhost:9443/devportal/apis/b708e07c-f833-4577-9072-b66243c058b3/overview Mozilla/5.0 (Windows NT 10.0; Win64; x64) AppleWebKit/537.36 (KHTML, like Gecko) Chrome/114.0.0.0 Safari/537.36 Edg/114.0.1823.37 0.207
0:0:0:0:0:0:0:1 - - [09/Jun/2023:09:27:55 +0300] GET /devportal/site/public/locales/en.json HTTP/1.1 200 57092 https://localhost:9443/devportal/apis/b708e07c-f833-4577-9072-b66243c058b3/overview Mozilla/5.0 (Windows NT 10.0; Win64; x64) AppleWebKit/537.36 (KHTML, like Gecko) Chrome/114.0.0.0 Safari/537.36 Edg/114.0.1823.37 0.017
0:0:0:0:0:0:0:1 - - [09/Jun/2023:09:27:55 +0300] GET /devportal/site/public/images/_favicon.ico HTTP/1.1 200 1150 https://localhost:9443/devportal/apis/b708e07c-f833-4577-9072-b66243c058b3/overview Mozilla/5.0 (Windows NT 10.0; Win64; x64) AppleWebKit/537.36 (KHTML, like Gecko) Chrome/114.0.0.0 Safari/537.36 Edg/114.0.1823.37 0.005
0:0:0:0:0:0:0:1 - - [09/Jun/2023:09:27:55 +0300] GET /api/am/devportal/v3/swagger.yaml HTTP/1.1 200 26878 https://localhost:9443/devportal/apis/b708e07c-f833-4577-9072-b66243c058b3/overview Mozilla/5.0 (Windows NT 10.0; Win64; x64) AppleWebKit/537.36 (KHTML, like Gecko) Chrome/114.0.0.0 Safari/537.36 Edg/114.0.1823.37 0.022
0:0:0:0:0:0:0:1 - - [09/Jun/2023:09:27:56 +0300] GET /api/am/devportal/v3/settings HTTP/1.1 200 915 https://localhost:9443/devportal/apis/b708e07c-f833-4577-9072-b66243c058b3/overview Mozilla/5.0 (Windows NT 10.0; Win64; x64) AppleWebKit/537.36 (KHTML, like Gecko) Chrome/114.0.0.0 Safari/537.36 Edg/114.0.1823.37 0.305
0:0:0:0:0:0:0:1 - - [09/Jun/2023:09:27:56 +0300] GET /devportal/site/public/dist/ProtectedApp.42893a52cd015332b409.bundle.js HTTP/1.1 200 70963 https://localhost:9443/devportal/apis/b708e07c-f833-4577-9072-b66243c058b3/overview Mozilla/5.0 (Windows NT 10.0; Win64; x64) AppleWebKit/537.36 (KHTML, like Gecko) Chrome/114.0.0.0 Safari/537.36 Edg/114.0.1823.37 0.046
0:0:0:0:0:0:0:1 - - [09/Jun/2023:09:27:56 +0300] GET /devportal/site/public/dist/vendors~ProtectedApp.018eeb6bd33ca37011cd.bundle.js HTTP/1.1 200 126488 https://localhost:9443/devportal/apis/b708e07c-f833-4577-9072-b66243c058b3/overview Mozilla/5.0 (Windows NT 10.0; Win64; x64) AppleWebKit/537.36 (KHTML, like Gecko) Chrome/114.0.0.0 Safari/537.36 Edg/114.0.1823.37 0.082
0:0:0:0:0:0:0:1 - - [09/Jun/2023:09:27:56 +0300] GET /devportal/site/public/theme/temporary_environments_config.json HTTP/1.1 200 - https://localhost:9443/devportal/apis/b708e07c-f833-4577-9072-b66243c058b3/overview Mozilla/5.0 (Windows NT 10.0; Win64; x64) AppleWebKit/537.36 (KHTML, like Gecko) Chrome/114.0.0.0 Safari/537.36 Edg/114.0.1823.37 0.014
0:0:0:0:0:0:0:1 - - [09/Jun/2023:09:27:56 +0300] GET /devportal/site/public/theme/temporary_features_config.json HTTP/1.1 200 - https://localhost:9443/devportal/apis/b708e07c-f833-4577-9072-b66243c058b3/overview Mozilla/5.0 (Windows NT 10.0; Win64; x64) AppleWebKit/537.36 (KHTML, like Gecko) Chrome/114.0.0.0 Safari/537.36 Edg/114.0.1823.37 0.009
0:0:0:0:0:0:0:1 - - [09/Jun/2023:09:27:56 +0300] GET /api/am/devportal/v3/tenants?state=active HTTP/1.1 200 96 https://localhost:9443/devportal/apis/b708e07c-f833-4577-9072-b66243c058b3/overview Mozilla/5.0 (Windows NT 10.0; Win64; x64) AppleWebKit/537.36 (KHTML, like Gecko) Chrome/114.0.0.0 Safari/537.36 Edg/114.0.1823.37 0.014
0:0:0:0:0:0:0:1 - - [09/Jun/2023:09:27:56 +0300] GET /devportal/site/public/dist/vendors~ApiListing~Apis~ApplicationDetails.720bc2e40480316deaca.bundle.js HTTP/1.1 200 3839 https://localhost:9443/devportal/apis/b708e07c-f833-4577-9072-b66243c058b3/overview Mozilla/5.0 (Windows NT 10.0; Win64; x64) AppleWebKit/537.36 (KHTML, like Gecko) Chrome/114.0.0.0 Safari/537.36 Edg/114.0.1823.37 0.058
0:0:0:0:0:0:0:1 - - [09/Jun/2023:09:27:56 +0300] GET /devportal/site/public/dist/vendors~Apis~Landing.e9d0b010bafc4e7686f8.bundle.js HTTP/1.1 200 4090 https://localhost:9443/devportal/apis/b708e07c-f833-4577-9072-b66243c058b3/overview Mozilla/5.0 (Windows NT 10.0; Win64; x64) AppleWebKit/537.36 (KHTML, like Gecko) Chrome/114.0.0.0 Safari/537.36 Edg/114.0.1823.37 0.085
0:0:0:0:0:0:0:1 - - [09/Jun/2023:09:27:56 +0300] GET /devportal HTTP/1.1 302 - https://localhost:9443/devportal/apis/b708e07c-f833-4577-9072-b66243c058b3/overview Mozilla/5.0 (Windows NT 10.0; Win64; x64) AppleWebKit/537.36 (KHTML, like Gecko) Chrome/114.0.0.0 Safari/537.36 Edg/114.0.1823.37 0.000
0:0:0:0:0:0:0:1 - - [09/Jun/2023:09:27:56 +0300] GET /oidc/checksession?client_id=PWfgQzPGHoxzOjpmoCalMGNtF2Ia&redirect_uri=https://localhost:9443/devportal/services/auth/callback/login HTTP/1.1 200 3134 https://localhost:9443/devportal/apis/b708e07c-f833-4577-9072-b66243c058b3/overview Mozilla/5.0 (Windows NT 10.0; Win64; x64) AppleWebKit/537.36 (KHTML, like Gecko) Chrome/114.0.0.0 Safari/537.36 Edg/114.0.1823.37 0.003
0:0:0:0:0:0:0:1 - - [09/Jun/2023:09:27:56 +0300] - 400 - - - 0.000
0:0:0:0:0:0:0:1 - - [09/Jun/2023:09:27:56 +0300] GET /devportal/site/public/dist/Apis~Landing.44f03df4105c342867a1.bundle.js HTTP/1.1 200 6722 https://localhost:9443/devportal/apis/b708e07c-f833-4577-9072-b66243c058b3/overview Mozilla/5.0 (Windows NT 10.0; Win64; x64) AppleWebKit/537.36 (KHTML, like Gecko) Chrome/114.0.0.0 Safari/537.36 Edg/114.0.1823.37 0.033
0:0:0:0:0:0:0:1 - - [09/Jun/2023:09:27:56 +0300] GET /devportal/site/public/dist/Apis.800351a0eb878c789ea9.bundle.js HTTP/1.1 200 25570 https://localhost:9443/devportal/apis/b708e07c-f833-4577-9072-b66243c058b3/overview Mozilla/5.0 (Windows NT 10.0; Win64; x64) AppleWebKit/537.36 (KHTML, like Gecko) Chrome/114.0.0.0 Safari/537.36 Edg/114.0.1823.37 0.048
0:0:0:0:0:0:0:1 - - [09/Jun/2023:09:27:56 +0300] GET /devportal/site/public/images/appbarBack.png HTTP/1.1 200 1964 https://localhost:9443/devportal/apis/b708e07c-f833-4577-9072-b66243c058b3/overview Mozilla/5.0 (Windows NT 10.0; Win64; x64) AppleWebKit/537.36 (KHTML, like Gecko) Chrome/114.0.0.0 Safari/537.36 Edg/114.0.1823.37 0.052
0:0:0:0:0:0:0:1 - - [09/Jun/2023:09:27:56 +0300] GET /devportal/ HTTP/1.1 200 1691 https://localhost:9443/devportal/apis/b708e07c-f833-4577-9072-b66243c058b3/overview Mozilla/5.0 (Windows NT 10.0; Win64; x64) AppleWebKit/537.36 (KHTML, like Gecko) Chrome/114.0.0.0 Safari/537.36 Edg/114.0.1823.37 0.074
0:0:0:0:0:0:0:1 - - [09/Jun/2023:09:27:56 +0300] GET /devportal/site/public/images/logo.svg HTTP/1.1 200 74991 https://localhost:9443/devportal/apis/b708e07c-f833-4577-9072-b66243c058b3/overview Mozilla/5.0 (Windows NT 10.0; Win64; x64) AppleWebKit/537.36 (KHTML, like Gecko) Chrome/114.0.0.0 Safari/537.36 Edg/114.0.1823.37 0.065
0:0:0:0:0:0:0:1 - - [09/Jun/2023:09:27:56 +0300] GET /devportal/site/public/fonts/Open_Sans/mem8YaGs126MiZpBA-UFVZ0bf8pkAg.woff2 HTTP/1.1 200 8892 https://localhost:9443/devportal/site/public/css/main.css Mozilla/5.0 (Windows NT 10.0; Win64; x64) AppleWebKit/537.36 (KHTML, like Gecko) Chrome/114.0.0.0 Safari/537.36 Edg/114.0.1823.37 0.034
0:0:0:0:0:0:0:1 - - [09/Jun/2023:09:27:56 +0300] GET /devportal/site/public/fonts/Open_Sans/mem5YaGs126MiZpBA-UN7rgOUuhpKKSTjw.woff2 HTTP/1.1 200 8800 https://localhost:9443/devportal/site/public/css/main.css Mozilla/5.0 (Windows NT 10.0; Win64; x64) AppleWebKit/537.36 (KHTML, like Gecko) Chrome/114.0.0.0 Safari/537.36 Edg/114.0.1823.37 0.019
0:0:0:0:0:0:0:1 - - [09/Jun/2023:09:27:56 +0300] GET /devportal/site/public/dist/vendors~Apis.3a6169883ec8c6c5366d.bundle.js HTTP/1.1 200 87282 https://localhost:9443/devportal/apis/b708e07c-f833-4577-9072-b66243c058b3/overview Mozilla/5.0 (Windows NT 10.0; Win64; x64) AppleWebKit/537.36 (KHTML, like Gecko) Chrome/114.0.0.0 Safari/537.36 Edg/114.0.1823.37 0.150
0:0:0:0:0:0:0:1 - - [09/Jun/2023:09:27:56 +0300] GET /devportal/site/public/fonts/iconfont/MaterialIcons-Regular.woff2 HTTP/1.1 200 60840 https://localhost:9443/devportal/site/public/fonts/iconfont/material-icons.css Mozilla/5.0 (Windows NT 10.0; Win64; x64) AppleWebKit/537.36 (KHTML, like Gecko) Chrome/114.0.0.0 Safari/537.36 Edg/114.0.1823.37 0.077
0:0:0:0:0:0:0:1 - - [09/Jun/2023:09:27:56 +0300] GET /api/am/devportal/v3/applications?limit=5000 HTTP/1.1 200 943 https://localhost:9443/devportal/apis/b708e07c-f833-4577-9072-b66243c058b3/overview Mozilla/5.0 (Windows NT 10.0; Win64; x64) AppleWebKit/537.36 (KHTML, like Gecko) Chrome/114.0.0.0 Safari/537.36 Edg/114.0.1823.37 0.034
0:0:0:0:0:0:0:1 - - [09/Jun/2023:09:27:56 +0300] GET /api/am/devportal/v3/apis/b708e07c-f833-4577-9072-b66243c058b3 HTTP/1.1 200 1106 https://localhost:9443/devportal/apis/b708e07c-f833-4577-9072-b66243c058b3/overview Mozilla/5.0 (Windows NT 10.0; Win64; x64) AppleWebKit/537.36 (KHTML, like Gecko) Chrome/114.0.0.0 Safari/537.36 Edg/114.0.1823.37 0.078
0:0:0:0:0:0:0:1 - - [09/Jun/2023:09:27:57 +0300] GET /devportal/site/public/dist/vendors~APIComments~APIOverview~ApplicationDetails.9553ed9b23431ac21302.bundle.js HTTP/1.1 200 5490 https://localhost:9443/devportal/apis/b708e07c-f833-4577-9072-b66243c058b3/overview Mozilla/5.0 (Windows NT 10.0; Win64; x64) AppleWebKit/537.36 (KHTML, like Gecko) Chrome/114.0.0.0 Safari/537.36 Edg/114.0.1823.37 0.026
0:0:0:0:0:0:0:1 - - [09/Jun/2023:09:27:57 +0300] GET /devportal/site/public/images/leftMenuBack.png HTTP/1.1 200 5308 https://localhost:9443/devportal/apis/b708e07c-f833-4577-9072-b66243c058b3/overview Mozilla/5.0 (Windows NT 10.0; Win64; x64) AppleWebKit/537.36 (KHTML, like Gecko) Chrome/114.0.0.0 Safari/537.36 Edg/114.0.1823.37 0.024
0:0:0:0:0:0:0:1 - - [09/Jun/2023:09:27:57 +0300] GET /devportal/site/public/dist/vendors~APIOverview~MDReactMarkdown.c8e68cd152f6972597f4.bundle.js HTTP/1.1 200 23172 https://localhost:9443/devportal/apis/b708e07c-f833-4577-9072-b66243c058b3/overview Mozilla/5.0 (Windows NT 10.0; Win64; x64) AppleWebKit/537.36 (KHTML, like Gecko) Chrome/114.0.0.0 Safari/537.36 Edg/114.0.1823.37 0.050
127.0.0.1 - - [09/Jun/2023:09:27:57 +0300] GET /keymanager-operations/dcr/register/V3B0cWtoX05ORTdyak1weXM0Y3VIc0FNallNYQ%3D%3D HTTP/1.1 200 720 - Apache-HttpClient/4.5.13 (Java/20.0.1) 0.005
127.0.0.1 - - [09/Jun/2023:09:27:57 +0300] GET /keymanager-operations/dcr/register/U1FCTzNQdGxqaEVrN0lldGRsUVR6SlRpaDhFYQ%3D%3D HTTP/1.1 200 720 - Apache-HttpClient/4.5.13 (Java/20.0.1) 0.072
127.0.0.1 - - [09/Jun/2023:09:27:57 +0300] GET /keymanager-operations/dcr/register/U1FCTzNQdGxqaEVrN0lldGRsUVR6SlRpaDhFYQ%3D%3D HTTP/1.1 200 720 - Apache-HttpClient/4.5.13 (Java/20.0.1) 0.008
0:0:0:0:0:0:0:1 - - [09/Jun/2023:09:27:57 +0300] GET /devportal/site/public/dist/vendors~APIDocuments~APIOverview.f394ac01608a94b6dd74.bundle.js HTTP/1.1 200 34374 https://localhost:9443/devportal/apis/b708e07c-f833-4577-9072-b66243c058b3/overview Mozilla/5.0 (Windows NT 10.0; Win64; x64) AppleWebKit/537.36 (KHTML, like Gecko) Chrome/114.0.0.0 Safari/537.36 Edg/114.0.1823.37 0.041
127.0.0.1 - - [09/Jun/2023:09:27:57 +0300] GET /keymanager-operations/dcr/register/MHFfRExjbVRFTmxsZmtqNk9JdjB2WDJ1Q0FJYQ%3D%3D HTTP/1.1 200 720 - Apache-HttpClient/4.5.13 (Java/20.0.1) 0.014
127.0.0.1 - - [09/Jun/2023:09:27:57 +0300] GET /keymanager-operations/dcr/register/MHFfRExjbVRFTmxsZmtqNk9JdjB2WDJ1Q0FJYQ%3D%3D HTTP/1.1 200 720 - Apache-HttpClient/4.5.13 (Java/20.0.1) 0.021
127.0.0.1 - - [09/Jun/2023:09:27:57 +0300] GET /keymanager-operations/dcr/register/V3B0cWtoX05ORTdyak1weXM0Y3VIc0FNallNYQ%3D%3D HTTP/1.1 200 720 - Apache-HttpClient/4.5.13 (Java/20.0.1) 0.014
0:0:0:0:0:0:0:1 - - [09/Jun/2023:09:27:57 +0300] GET /devportal/site/public/dist/APIOverview.9b9a6e01add6e880d662.bundle.js HTTP/1.1 200 20063 https://localhost:9443/devportal/apis/b708e07c-f833-4577-9072-b66243c058b3/overview Mozilla/5.0 (Windows NT 10.0; Win64; x64) AppleWebKit/537.36 (KHTML, like Gecko) Chrome/114.0.0.0 Safari/537.36 Edg/114.0.1823.37 0.055
0:0:0:0:0:0:0:1 - - [09/Jun/2023:09:27:57 +0300] GET /api/am/devportal/v3/subscriptions?apiId=b708e07c-f833-4577-9072-b66243c058b3&limit=25 HTTP/1.1 200 886 https://localhost:9443/devportal/apis/b708e07c-f833-4577-9072-b66243c058b3/overview Mozilla/5.0 (Windows NT 10.0; Win64; x64) AppleWebKit/537.36 (KHTML, like Gecko) Chrome/114.0.0.0 Safari/537.36 Edg/114.0.1823.37 0.399
0:0:0:0:0:0:0:1 - - [09/Jun/2023:09:27:57 +0300] GET /api/am/devportal/v3/subscriptions?apiId=b708e07c-f833-4577-9072-b66243c058b3&limit=5000 HTTP/1.1 200 888 https://localhost:9443/devportal/apis/b708e07c-f833-4577-9072-b66243c058b3/overview Mozilla/5.0 (Windows NT 10.0; Win64; x64) AppleWebKit/537.36 (KHTML, like Gecko) Chrome/114.0.0.0 Safari/537.36 Edg/114.0.1823.37 0.522
0:0:0:0:0:0:0:1 - - [09/Jun/2023:09:27:57 +0300] GET /devportal/site/public/dist/vendors~APIConsole~APIDocuments~APIOverview.351585fe0b19dbf2f65f.bundle.js HTTP/1.1 200 224002 https://localhost:9443/devportal/apis/b708e07c-f833-4577-9072-b66243c058b3/overview Mozilla/5.0 (Windows NT 10.0; Win64; x64) AppleWebKit/537.36 (KHTML, like Gecko) Chrome/114.0.0.0 Safari/537.36 Edg/114.0.1823.37 0.429
0:0:0:0:0:0:0:1 - - [09/Jun/2023:09:27:58 +0300] GET /api/am/devportal/v3/throttling-policies/subscription HTTP/1.1 200 634 https://localhost:9443/devportal/apis/b708e07c-f833-4577-9072-b66243c058b3/overview Mozilla/5.0 (Windows NT 10.0; Win64; x64) AppleWebKit/537.36 (KHTML, like Gecko) Chrome/114.0.0.0 Safari/537.36 Edg/114.0.1823.37 0.008
0:0:0:0:0:0:0:1 - - [09/Jun/2023:09:27:58 +0300] GET /api/am/devportal/v3/throttling-policies/subscription HTTP/1.1 200 634 https://localhost:9443/devportal/apis/b708e07c-f833-4577-9072-b66243c058b3/overview Mozilla/5.0 (Windows NT 10.0; Win64; x64) AppleWebKit/537.36 (KHTML, like Gecko) Chrome/114.0.0.0 Safari/537.36 Edg/114.0.1823.37 0.011
0:0:0:0:0:0:0:1 - - [09/Jun/2023:09:27:58 +0300] GET /api/am/devportal/v3/apis/b708e07c-f833-4577-9072-b66243c058b3/documents HTTP/1.1 200 92 https://localhost:9443/devportal/apis/b708e07c-f833-4577-9072-b66243c058b3/overview Mozilla/5.0 (Windows NT 10.0; Win64; x64) AppleWebKit/537.36 (KHTML, like Gecko) Chrome/114.0.0.0 Safari/537.36 Edg/114.0.1823.37 0.027
0:0:0:0:0:0:0:1 - - [09/Jun/2023:09:27:58 +0300] GET /api/am/devportal/v3/apis/b708e07c-f833-4577-9072-b66243c058b3/documents HTTP/1.1 200 92 https://localhost:9443/devportal/apis/b708e07c-f833-4577-9072-b66243c058b3/overview Mozilla/5.0 (Windows NT 10.0; Win64; x64) AppleWebKit/537.36 (KHTML, like Gecko) Chrome/114.0.0.0 Safari/537.36 Edg/114.0.1823.37 0.021
0:0:0:0:0:0:0:1 - - [09/Jun/2023:09:27:58 +0300] GET /api/am/devportal/v3/apis/b708e07c-f833-4577-9072-b66243c058b3/ratings HTTP/1.1 200 125 https://localhost:9443/devportal/apis/b708e07c-f833-4577-9072-b66243c058b3/overview Mozilla/5.0 (Windows NT 10.0; Win64; x64) AppleWebKit/537.36 (KHTML, like Gecko) Chrome/114.0.0.0 Safari/537.36 Edg/114.0.1823.37 0.054
0:0:0:0:0:0:0:1 - - [09/Jun/2023:09:27:58 +0300] GET /api/am/devportal/v3/apis/b708e07c-f833-4577-9072-b66243c058b3/thumbnail HTTP/1.1 204 - https://localhost:9443/devportal/apis/b708e07c-f833-4577-9072-b66243c058b3/overview Mozilla/5.0 (Windows NT 10.0; Win64; x64) AppleWebKit/537.36 (KHTML, like Gecko) Chrome/114.0.0.0 Safari/537.36 Edg/114.0.1823.37 0.099
0:0:0:0:0:0:0:1 - - [09/Jun/2023:09:27:58 +0300] GET /api/am/devportal/v3/apis/b708e07c-f833-4577-9072-b66243c058b3/comments?limit=5&offset=0 HTTP/1.1 200 101 https://localhost:9443/devportal/apis/b708e07c-f833-4577-9072-b66243c058b3/overview Mozilla/5.0 (Windows NT 10.0; Win64; x64) AppleWebKit/537.36 (KHTML, like Gecko) Chrome/114.0.0.0 Safari/537.36 Edg/114.0.1823.37 0.123
0:0:0:0:0:0:0:1 - - [09/Jun/2023:09:28:03 +0300] GET /devportal/site/public/dist/vendors~APIConsole~APIDocuments~ApplicationDetails.632f7f3618b917dd72cb.bundle.js HTTP/1.1 200 25476 https://localhost:9443/devportal/apis/b708e07c-f833-4577-9072-b66243c058b3/test Mozilla/5.0 (Windows NT 10.0; Win64; x64) AppleWebKit/537.36 (KHTML, like Gecko) Chrome/114.0.0.0 Safari/537.36 Edg/114.0.1823.37 0.057
0:0:0:0:0:0:0:1 - - [09/Jun/2023:09:28:03 +0300] GET /devportal/site/public/dist/vendors~APIConsole~GraphQLConsole.fdedfa5fe9df001a3725.bundle.js HTTP/1.1 200 55674 https://localhost:9443/devportal/apis/b708e07c-f833-4577-9072-b66243c058b3/test Mozilla/5.0 (Windows NT 10.0; Win64; x64) AppleWebKit/537.36 (KHTML, like Gecko) Chrome/114.0.0.0 Safari/537.36 Edg/114.0.1823.37 0.063
0:0:0:0:0:0:0:1 - - [09/Jun/2023:09:28:03 +0300] GET /devportal/site/public/dist/5.57286c37eacce5fafae0.bundle.js HTTP/1.1 200 84080 https://localhost:9443/devportal/apis/b708e07c-f833-4577-9072-b66243c058b3/test Mozilla/5.0 (Windows NT 10.0; Win64; x64) AppleWebKit/537.36 (KHTML, like Gecko) Chrome/114.0.0.0 Safari/537.36 Edg/114.0.1823.37 0.083
0:0:0:0:0:0:0:1 - - [09/Jun/2023:09:28:03 +0300] GET /api/am/devportal/v3/applications?limit=5000 HTTP/1.1 200 943 https://localhost:9443/devportal/apis/b708e07c-f833-4577-9072-b66243c058b3/test Mozilla/5.0 (Windows NT 10.0; Win64; x64) AppleWebKit/537.36 (KHTML, like Gecko) Chrome/114.0.0.0 Safari/537.36 Edg/114.0.1823.37 0.020
127.0.0.1 - - [09/Jun/2023:09:28:03 +0300] GET /keymanager-operations/dcr/register/MHFfRExjbVRFTmxsZmtqNk9JdjB2WDJ1Q0FJYQ%3D%3D HTTP/1.1 200 720 - Apache-HttpClient/4.5.13 (Java/20.0.1) 0.005
0:0:0:0:0:0:0:1 - - [09/Jun/2023:09:28:03 +0300] GET /devportal/site/public/images/_favicon.ico HTTP/1.1 200 1150 https://localhost:9443/devportal/apis/b708e07c-f833-4577-9072-b66243c058b3/test Mozilla/5.0 (Windows NT 10.0; Win64; x64) AppleWebKit/537.36 (KHTML, like Gecko) Chrome/114.0.0.0 Safari/537.36 Edg/114.0.1823.37 0.009
127.0.0.1 - - [09/Jun/2023:09:28:03 +0300] GET /keymanager-operations/dcr/register/V3B0cWtoX05ORTdyak1weXM0Y3VIc0FNallNYQ%3D%3D HTTP/1.1 200 720 - Apache-HttpClient/4.5.13 (Java/20.0.1) 0.004
127.0.0.1 - - [09/Jun/2023:09:28:03 +0300] GET /keymanager-operations/dcr/register/U1FCTzNQdGxqaEVrN0lldGRsUVR6SlRpaDhFYQ%3D%3D HTTP/1.1 200 720 - Apache-HttpClient/4.5.13 (Java/20.0.1) 0.004
127.0.0.1 - - [09/Jun/2023:09:28:03 +0300] GET /keymanager-operations/dcr/register/V3B0cWtoX05ORTdyak1weXM0Y3VIc0FNallNYQ%3D%3D HTTP/1.1 200 720 - Apache-HttpClient/4.5.13 (Java/20.0.1) 0.016
127.0.0.1 - - [09/Jun/2023:09:28:03 +0300] GET /keymanager-operations/dcr/register/MHFfRExjbVRFTmxsZmtqNk9JdjB2WDJ1Q0FJYQ%3D%3D HTTP/1.1 200 720 - Apache-HttpClient/4.5.13 (Java/20.0.1) 0.010
0:0:0:0:0:0:0:1 - - [09/Jun/2023:09:28:03 +0300] GET /api/am/devportal/v3/apis/b708e07c-f833-4577-9072-b66243c058b3 HTTP/1.1 200 1106 https://localhost:9443/devportal/apis/b708e07c-f833-4577-9072-b66243c058b3/test Mozilla/5.0 (Windows NT 10.0; Win64; x64) AppleWebKit/537.36 (KHTML, like Gecko) Chrome/114.0.0.0 Safari/537.36 Edg/114.0.1823.37 0.070
0:0:0:0:0:0:0:1 - - [09/Jun/2023:09:28:03 +0300] GET /api/am/devportal/v3/subscriptions?apiId=b708e07c-f833-4577-9072-b66243c058b3&limit=5000 HTTP/1.1 200 888 https://localhost:9443/devportal/apis/b708e07c-f833-4577-9072-b66243c058b3/test Mozilla/5.0 (Windows NT 10.0; Win64; x64) AppleWebKit/537.36 (KHTML, like Gecko) Chrome/114.0.0.0 Safari/537.36 Edg/114.0.1823.37 0.108
127.0.0.1 - - [09/Jun/2023:09:28:03 +0300] GET /keymanager-operations/dcr/register/U1FCTzNQdGxqaEVrN0lldGRsUVR6SlRpaDhFYQ%3D%3D HTTP/1.1 200 720 - Apache-HttpClient/4.5.13 (Java/20.0.1) 0.061
0:0:0:0:0:0:0:1 - - [09/Jun/2023:09:28:03 +0300] GET /api/am/devportal/v3/subscriptions?apiId=b708e07c-f833-4577-9072-b66243c058b3&limit=25 HTTP/1.1 200 886 https://localhost:9443/devportal/apis/b708e07c-f833-4577-9072-b66243c058b3/test Mozilla/5.0 (Windows NT 10.0; Win64; x64) AppleWebKit/537.36 (KHTML, like Gecko) Chrome/114.0.0.0 Safari/537.36 Edg/114.0.1823.37 0.169
0:0:0:0:0:0:0:1 - - [09/Jun/2023:09:28:03 +0300] GET /devportal/site/public/dist/APIConsole.b3e80a9dce3816857c0c.bundle.js HTTP/1.1 200 1748096 https://localhost:9443/devportal/apis/b708e07c-f833-4577-9072-b66243c058b3/test Mozilla/5.0 (Windows NT 10.0; Win64; x64) AppleWebKit/537.36 (KHTML, like Gecko) Chrome/114.0.0.0 Safari/537.36 Edg/114.0.1823.37 0.616
0:0:0:0:0:0:0:1 - - [09/Jun/2023:09:28:04 +0300] GET /api/am/devportal/v3/apis/b708e07c-f833-4577-9072-b66243c058b3 HTTP/1.1 200 1106 https://localhost:9443/devportal/apis/b708e07c-f833-4577-9072-b66243c058b3/test Mozilla/5.0 (Windows NT 10.0; Win64; x64) AppleWebKit/537.36 (KHTML, like Gecko) Chrome/114.0.0.0 Safari/537.36 Edg/114.0.1823.37 0.016
0:0:0:0:0:0:0:1 - - [09/Jun/2023:09:28:04 +0300] GET /api/am/devportal/v3/apis/b708e07c-f833-4577-9072-b66243c058b3/swagger?environmentName=Default HTTP/1.1 200 449 https://localhost:9443/devportal/apis/b708e07c-f833-4577-9072-b66243c058b3/test Mozilla/5.0 (Windows NT 10.0; Win64; x64) AppleWebKit/537.36 (KHTML, like Gecko) Chrome/114.0.0.0 Safari/537.36 Edg/114.0.1823.37 0.034
0:0:0:0:0:0:0:1 - - [09/Jun/2023:09:28:04 +0300] GET /api/am/devportal/v3/swagger.yaml HTTP/1.1 200 26878 https://localhost:9443/devportal/apis/b708e07c-f833-4577-9072-b66243c058b3/test Mozilla/5.0 (Windows NT 10.0; Win64; x64) AppleWebKit/537.36 (KHTML, like Gecko) Chrome/114.0.0.0 Safari/537.36 Edg/114.0.1823.37 0.021
127.0.0.1 - - [09/Jun/2023:09:28:04 +0300] GET /keymanager-operations/dcr/register/U1FCTzNQdGxqaEVrN0lldGRsUVR6SlRpaDhFYQ%3D%3D HTTP/1.1 200 720 - Apache-HttpClient/4.5.13 (Java/20.0.1) 0.006
127.0.0.1 - - [09/Jun/2023:09:28:04 +0300] GET /keymanager-operations/dcr/register/V3B0cWtoX05ORTdyak1weXM0Y3VIc0FNallNYQ%3D%3D HTTP/1.1 200 720 - Apache-HttpClient/4.5.13 (Java/20.0.1) 0.151
127.0.0.1 - - [09/Jun/2023:09:28:04 +0300] GET /keymanager-operations/dcr/register/MHFfRExjbVRFTmxsZmtqNk9JdjB2WDJ1Q0FJYQ%3D%3D HTTP/1.1 200 720 - Apache-HttpClient/4.5.13 (Java/20.0.1) 0.008
0:0:0:0:0:0:0:1 - - [09/Jun/2023:09:28:04 +0300] GET /api/am/devportal/v3/key-managers HTTP/1.1 200 763 https://localhost:9443/devportal/apis/b708e07c-f833-4577-9072-b66243c058b3/test Mozilla/5.0 (Windows NT 10.0; Win64; x64) AppleWebKit/537.36 (KHTML, like Gecko) Chrome/114.0.0.0 Safari/537.36 Edg/114.0.1823.37 0.317
127.0.0.1 - - [09/Jun/2023:09:28:04 +0300] GET /oauth2/token/.well-known/openid-configuration HTTP/1.1 200 2395 - Apache-HttpClient/4.5.13 (Java/20.0.1) 0.078
0:0:0:0:0:0:0:1 - - [09/Jun/2023:09:28:04 +0300] GET /api/am/devportal/v3/subscriptions?apiId=b708e07c-f833-4577-9072-b66243c058b3&limit=25 HTTP/1.1 200 886 https://localhost:9443/devportal/apis/b708e07c-f833-4577-9072-b66243c058b3/test Mozilla/5.0 (Windows NT 10.0; Win64; x64) AppleWebKit/537.36 (KHTML, like Gecko) Chrome/114.0.0.0 Safari/537.36 Edg/114.0.1823.37 0.339
127.0.0.1 - - [09/Jun/2023:09:28:04 +0300] GET /keymanager-operations/dcr/register/U1FCTzNQdGxqaEVrN0lldGRsUVR6SlRpaDhFYQ%3D%3D HTTP/1.1 200 720 - Apache-HttpClient/4.5.13 (Java/20.0.1) 0.028
127.0.0.1 - - [09/Jun/2023:09:28:04 +0300] GET /keymanager-operations/dcr/register/MHFfRExjbVRFTmxsZmtqNk9JdjB2WDJ1Q0FJYQ%3D%3D HTTP/1.1 200 720 - Apache-HttpClient/4.5.13 (Java/20.0.1) 0.014
127.0.0.1 - - [09/Jun/2023:09:28:04 +0300] GET /keymanager-operations/dcr/register/V3B0cWtoX05ORTdyak1weXM0Y3VIc0FNallNYQ%3D%3D HTTP/1.1 200 720 - Apache-HttpClient/4.5.13 (Java/20.0.1) 0.033
0:0:0:0:0:0:0:1 - - [09/Jun/2023:09:28:04 +0300] GET /api/am/devportal/v3/subscriptions?apiId=b708e07c-f833-4577-9072-b66243c058b3&limit=25 HTTP/1.1 200 886 https://localhost:9443/devportal/apis/b708e07c-f833-4577-9072-b66243c058b3/test Mozilla/5.0 (Windows NT 10.0; Win64; x64) AppleWebKit/537.36 (KHTML, like Gecko) Chrome/114.0.0.0 Safari/537.36 Edg/114.0.1823.37 0.119
0:0:0:0:0:0:0:1 - - [09/Jun/2023:09:28:04 +0300] GET /api/am/devportal/v3/applications/ HTTP/1.1 200 941 https://localhost:9443/devportal/apis/b708e07c-f833-4577-9072-b66243c058b3/test Mozilla/5.0 (Windows NT 10.0; Win64; x64) AppleWebKit/537.36 (KHTML, like Gecko) Chrome/114.0.0.0 Safari/537.36 Edg/114.0.1823.37 0.043
0:0:0:0:0:0:0:1 - - [09/Jun/2023:09:28:05 +0300] GET /api/am/devportal/v3/swagger.yaml HTTP/1.1 200 26878 https://localhost:9443/devportal/apis/b708e07c-f833-4577-9072-b66243c058b3/test Mozilla/5.0 (Windows NT 10.0; Win64; x64) AppleWebKit/537.36 (KHTML, like Gecko) Chrome/114.0.0.0 Safari/537.36 Edg/114.0.1823.37 0.032
127.0.0.1 - - [09/Jun/2023:09:28:05 +0300] GET /keymanager-operations/dcr/register/MHFfRExjbVRFTmxsZmtqNk9JdjB2WDJ1Q0FJYQ%3D%3D HTTP/1.1 200 720 - Apache-HttpClient/4.5.13 (Java/20.0.1) 0.041
0:0:0:0:0:0:0:1 - - [09/Jun/2023:09:28:05 +0300] GET /api/am/devportal/v3/applications/d8414650-0dc6-4424-9310-830582be7bd1 HTTP/1.1 200 336 https://localhost:9443/devportal/apis/b708e07c-f833-4577-9072-b66243c058b3/test Mozilla/5.0 (Windows NT 10.0; Win64; x64) AppleWebKit/537.36 (KHTML, like Gecko) Chrome/114.0.0.0 Safari/537.36 Edg/114.0.1823.37 0.065
127.0.0.1 - - [09/Jun/2023:09:28:05 +0300] GET /keymanager-operations/dcr/register/MHFfRExjbVRFTmxsZmtqNk9JdjB2WDJ1Q0FJYQ%3D%3D HTTP/1.1 200 720 - Apache-HttpClient/4.5.13 (Java/20.0.1) 0.004
0:0:0:0:0:0:0:1 - - [09/Jun/2023:09:28:05 +0300] GET /api/am/devportal/v3/applications/d8414650-0dc6-4424-9310-830582be7bd1/oauth-keys HTTP/1.1 200 868 https://localhost:9443/devportal/apis/b708e07c-f833-4577-9072-b66243c058b3/test Mozilla/5.0 (Windows NT 10.0; Win64; x64) AppleWebKit/537.36 (KHTML, like Gecko) Chrome/114.0.0.0 Safari/537.36 Edg/114.0.1823.37 0.014
0:0:0:0:0:0:0:1 - - [09/Jun/2023:09:28:05 +0300] GET /api/am/devportal/v3/swagger.yaml HTTP/1.1 200 26878 https://localhost:9443/devportal/apis/b708e07c-f833-4577-9072-b66243c058b3/test Mozilla/5.0 (Windows NT 10.0; Win64; x64) AppleWebKit/537.36 (KHTML, like Gecko) Chrome/114.0.0.0 Safari/537.36 Edg/114.0.1823.37 0.012
0:0:0:0:0:0:0:1 - - [09/Jun/2023:09:28:05 +0300] GET /api/am/devportal/v3/swagger.yaml HTTP/1.1 200 26878 https://localhost:9443/devportal/apis/b708e07c-f833-4577-9072-b66243c058b3/test Mozilla/5.0 (Windows NT 10.0; Win64; x64) AppleWebKit/537.36 (KHTML, like Gecko) Chrome/114.0.0.0 Safari/537.36 Edg/114.0.1823.37 0.021
127.0.0.1 - - [09/Jun/2023:09:28:05 +0300] GET /keymanager-operations/dcr/register/MHFfRExjbVRFTmxsZmtqNk9JdjB2WDJ1Q0FJYQ%3D%3D HTTP/1.1 200 720 - Apache-HttpClient/4.5.13 (Java/20.0.1) 0.006
0:0:0:0:0:0:0:1 - - [09/Jun/2023:09:28:05 +0300] GET /api/am/devportal/v3/applications/d8414650-0dc6-4424-9310-830582be7bd1 HTTP/1.1 200 336 https://localhost:9443/devportal/apis/b708e07c-f833-4577-9072-b66243c058b3/test Mozilla/5.0 (Windows NT 10.0; Win64; x64) AppleWebKit/537.36 (KHTML, like Gecko) Chrome/114.0.0.0 Safari/537.36 Edg/114.0.1823.37 0.020
127.0.0.1 - - [09/Jun/2023:09:28:05 +0300] GET /keymanager-operations/dcr/register/MHFfRExjbVRFTmxsZmtqNk9JdjB2WDJ1Q0FJYQ%3D%3D HTTP/1.1 200 720 - Apache-HttpClient/4.5.13 (Java/20.0.1) 0.004
0:0:0:0:0:0:0:1 - - [09/Jun/2023:09:28:05 +0300] GET /api/am/devportal/v3/applications/d8414650-0dc6-4424-9310-830582be7bd1 HTTP/1.1 200 336 https://localhost:9443/devportal/apis/b708e07c-f833-4577-9072-b66243c058b3/test Mozilla/5.0 (Windows NT 10.0; Win64; x64) AppleWebKit/537.36 (KHTML, like Gecko) Chrome/114.0.0.0 Safari/537.36 Edg/114.0.1823.37 0.016
