0:0:0:0:0:0:0:1 - - [09/Jun/2023:09:17:07 +0300] GET /api/am/publisher/v4/endpoint-certificates?endpoint=http%3A%2F%2Flocalhost%3A8000 HTTP/1.1 200 100 https://localhost:9443/publisher/apis/b708e07c-f833-4577-9072-b66243c058b3/endpoints Mozilla/5.0 (Windows NT 10.0; Win64; x64) AppleWebKit/537.36 (KHTML, like Gecko) Chrome/114.0.0.0 Safari/537.36 Edg/114.0.1823.37 0.111
0:0:0:0:0:0:0:1 - - [09/Jun/2023:09:17:07 +0300] GET /api/am/publisher/v4/apis/b708e07c-f833-4577-9072-b66243c058b3/swagger HTTP/1.1 200 755 https://localhost:9443/publisher/apis/b708e07c-f833-4577-9072-b66243c058b3/endpoints Mozilla/5.0 (Windows NT 10.0; Win64; x64) AppleWebKit/537.36 (KHTML, like Gecko) Chrome/114.0.0.0 Safari/537.36 Edg/114.0.1823.37 0.207
0:0:0:0:0:0:0:1 - - [09/Jun/2023:09:17:10 +0300] GET /api/am/publisher/v4/apis/b708e07c-f833-4577-9072-b66243c058b3/revisions?query=deployed%3Atrue HTTP/1.1 200 388 https://localhost:9443/publisher/apis/b708e07c-f833-4577-9072-b66243c058b3/overview Mozilla/5.0 (Windows NT 10.0; Win64; x64) AppleWebKit/537.36 (KHTML, like Gecko) Chrome/114.0.0.0 Safari/537.36 Edg/114.0.1823.37 0.107
0:0:0:0:0:0:0:1 - - [09/Jun/2023:09:17:10 +0300] GET /api/am/publisher/v4/apis/b708e07c-f833-4577-9072-b66243c058b3/swagger HTTP/1.1 200 755 https://localhost:9443/publisher/apis/b708e07c-f833-4577-9072-b66243c058b3/overview Mozilla/5.0 (Windows NT 10.0; Win64; x64) AppleWebKit/537.36 (KHTML, like Gecko) Chrome/114.0.0.0 Safari/537.36 Edg/114.0.1823.37 0.157
0:0:0:0:0:0:0:1 - - [09/Jun/2023:09:17:13 +0300] GET /api/am/publisher/v4/apis/b708e07c-f833-4577-9072-b66243c058b3/asyncapi HTTP/1.1 200 - https://localhost:9443/publisher/apis/b708e07c-f833-4577-9072-b66243c058b3/deployments Mozilla/5.0 (Windows NT 10.0; Win64; x64) AppleWebKit/537.36 (KHTML, like Gecko) Chrome/114.0.0.0 Safari/537.36 Edg/114.0.1823.37 0.046
0:0:0:0:0:0:0:1 - - [09/Jun/2023:09:17:22 +0300] GET /api/am/publisher/v4/apis/b708e07c-f833-4577-9072-b66243c058b3/deployments HTTP/1.1 200 176 https://localhost:9443/publisher/apis/b708e07c-f833-4577-9072-b66243c058b3/test-console Mozilla/5.0 (Windows NT 10.0; Win64; x64) AppleWebKit/537.36 (KHTML, like Gecko) Chrome/114.0.0.0 Safari/537.36 Edg/114.0.1823.37 0.035
0:0:0:0:0:0:0:1 - - [09/Jun/2023:09:17:22 +0300] GET /api/am/publisher/v4/apis/b708e07c-f833-4577-9072-b66243c058b3/swagger HTTP/1.1 200 755 https://localhost:9443/publisher/apis/b708e07c-f833-4577-9072-b66243c058b3/test-console Mozilla/5.0 (Windows NT 10.0; Win64; x64) AppleWebKit/537.36 (KHTML, like Gecko) Chrome/114.0.0.0 Safari/537.36 Edg/114.0.1823.37 0.076
0:0:0:0:0:0:0:1 - - [09/Jun/2023:09:17:22 +0300] GET /publisher/site/public/dist/TryoutConsoleSwaggerUI.2fb3b1d2f6022793036c.bundle.js HTTP/1.1 200 1116 https://localhost:9443/publisher/apis/b708e07c-f833-4577-9072-b66243c058b3/test-console Mozilla/5.0 (Windows NT 10.0; Win64; x64) AppleWebKit/537.36 (KHTML, like Gecko) Chrome/114.0.0.0 Safari/537.36 Edg/114.0.1823.37 0.006
0:0:0:0:0:0:0:1 - - [09/Jun/2023:09:17:22 +0300] GET /publisher/site/public/dist/1.906ca866f5c7ae89ae80.bundle.js HTTP/1.1 200 8662 https://localhost:9443/publisher/apis/b708e07c-f833-4577-9072-b66243c058b3/test-console Mozilla/5.0 (Windows NT 10.0; Win64; x64) AppleWebKit/537.36 (KHTML, like Gecko) Chrome/114.0.0.0 Safari/537.36 Edg/114.0.1823.37 0.017
0:0:0:0:0:0:0:1 - - [09/Jun/2023:09:17:22 +0300] GET /publisher/site/public/dist/vendors~EditorDialog~ListingTextEditor~ServiceOverviewSwaggerUI~TryoutConsoleSwaggerUI.015d5224d3b825a00c39.bundle.js HTTP/1.1 200 18378 https://localhost:9443/publisher/apis/b708e07c-f833-4577-9072-b66243c058b3/test-console Mozilla/5.0 (Windows NT 10.0; Win64; x64) AppleWebKit/537.36 (KHTML, like Gecko) Chrome/114.0.0.0 Safari/537.36 Edg/114.0.1823.37 0.069
0:0:0:0:0:0:0:1 - - [09/Jun/2023:09:17:22 +0300] POST /api/am/publisher/v4/apis/b708e07c-f833-4577-9072-b66243c058b3/generate-key HTTP/1.1 200 924 https://localhost:9443/publisher/apis/b708e07c-f833-4577-9072-b66243c058b3/test-console Mozilla/5.0 (Windows NT 10.0; Win64; x64) AppleWebKit/537.36 (KHTML, like Gecko) Chrome/114.0.0.0 Safari/537.36 Edg/114.0.1823.37 0.191
0:0:0:0:0:0:0:1 - - [09/Jun/2023:09:17:22 +0300] GET /publisher/site/public/dist/vendors~EditorDialog~ServiceOverviewSwaggerUI~TryoutConsoleSwaggerUI.43a42f93ddac266b1f9b.bundle.js HTTP/1.1 200 548985 https://localhost:9443/publisher/apis/b708e07c-f833-4577-9072-b66243c058b3/test-console Mozilla/5.0 (Windows NT 10.0; Win64; x64) AppleWebKit/537.36 (KHTML, like Gecko) Chrome/114.0.0.0 Safari/537.36 Edg/114.0.1823.37 0.861
0:0:0:0:0:0:0:1 - - [09/Jun/2023:09:17:25 +0300] POST /api/am/publisher/v4/apis/b708e07c-f833-4577-9072-b66243c058b3/generate-key HTTP/1.1 200 924 https://localhost:9443/publisher/apis/b708e07c-f833-4577-9072-b66243c058b3/test-console Mozilla/5.0 (Windows NT 10.0; Win64; x64) AppleWebKit/537.36 (KHTML, like Gecko) Chrome/114.0.0.0 Safari/537.36 Edg/114.0.1823.37 0.028
0:0:0:0:0:0:0:1 - - [09/Jun/2023:09:18:03 +0300] GET /api/am/publisher/v4/apis/b708e07c-f833-4577-9072-b66243c058b3/revisions?query=deployed%3Atrue HTTP/1.1 200 388 https://localhost:9443/publisher/apis/b708e07c-f833-4577-9072-b66243c058b3/overview Mozilla/5.0 (Windows NT 10.0; Win64; x64) AppleWebKit/537.36 (KHTML, like Gecko) Chrome/114.0.0.0 Safari/537.36 Edg/114.0.1823.37 0.018
0:0:0:0:0:0:0:1 - - [09/Jun/2023:09:18:03 +0300] GET /api/am/publisher/v4/apis/b708e07c-f833-4577-9072-b66243c058b3/swagger HTTP/1.1 200 755 https://localhost:9443/publisher/apis/b708e07c-f833-4577-9072-b66243c058b3/overview Mozilla/5.0 (Windows NT 10.0; Win64; x64) AppleWebKit/537.36 (KHTML, like Gecko) Chrome/114.0.0.0 Safari/537.36 Edg/114.0.1823.37 0.048
0:0:0:0:0:0:0:1 - - [09/Jun/2023:09:18:19 +0300] GET /api/am/publisher/v4/apis/b708e07c-f833-4577-9072-b66243c058b3/amznResourceNames HTTP/1.1 200 2 https://localhost:9443/publisher/apis/b708e07c-f833-4577-9072-b66243c058b3/resources Mozilla/5.0 (Windows NT 10.0; Win64; x64) AppleWebKit/537.36 (KHTML, like Gecko) Chrome/114.0.0.0 Safari/537.36 Edg/114.0.1823.37 0.016
0:0:0:0:0:0:0:1 - - [09/Jun/2023:09:18:19 +0300] GET /api/am/publisher/v4/throttling-policies/api?limit=80 HTTP/1.1 200 395 https://localhost:9443/publisher/apis/b708e07c-f833-4577-9072-b66243c058b3/resources Mozilla/5.0 (Windows NT 10.0; Win64; x64) AppleWebKit/537.36 (KHTML, like Gecko) Chrome/114.0.0.0 Safari/537.36 Edg/114.0.1823.37 0.036
0:0:0:0:0:0:0:1 - - [09/Jun/2023:09:18:19 +0300] GET /api/am/publisher/v4/apis/b708e07c-f833-4577-9072-b66243c058b3/swagger HTTP/1.1 200 755 https://localhost:9443/publisher/apis/b708e07c-f833-4577-9072-b66243c058b3/resources Mozilla/5.0 (Windows NT 10.0; Win64; x64) AppleWebKit/537.36 (KHTML, like Gecko) Chrome/114.0.0.0 Safari/537.36 Edg/114.0.1823.37 0.139
0:0:0:0:0:0:0:1 - - [09/Jun/2023:09:18:19 +0300] GET /api/am/publisher/v4/scopes HTTP/1.1 200 92 https://localhost:9443/publisher/apis/b708e07c-f833-4577-9072-b66243c058b3/resources Mozilla/5.0 (Windows NT 10.0; Win64; x64) AppleWebKit/537.36 (KHTML, like Gecko) Chrome/114.0.0.0 Safari/537.36 Edg/114.0.1823.37 0.067
0:0:0:0:0:0:0:1 - - [09/Jun/2023:09:19:07 +0300] PUT /api/am/publisher/v4/apis/b708e07c-f833-4577-9072-b66243c058b3/swagger HTTP/1.1 200 755 https://localhost:9443/publisher/apis/b708e07c-f833-4577-9072-b66243c058b3/resources Mozilla/5.0 (Windows NT 10.0; Win64; x64) AppleWebKit/537.36 (KHTML, like Gecko) Chrome/114.0.0.0 Safari/537.36 Edg/114.0.1823.37 0.531
0:0:0:0:0:0:0:1 - - [09/Jun/2023:09:19:07 +0300] GET /api/am/publisher/v4/apis/b708e07c-f833-4577-9072-b66243c058b3 HTTP/1.1 200 1212 https://localhost:9443/publisher/apis/b708e07c-f833-4577-9072-b66243c058b3/resources Mozilla/5.0 (Windows NT 10.0; Win64; x64) AppleWebKit/537.36 (KHTML, like Gecko) Chrome/114.0.0.0 Safari/537.36 Edg/114.0.1823.37 0.076
0:0:0:0:0:0:0:1 - - [09/Jun/2023:09:19:24 +0300] - 400 - - - 0.000
0:0:0:0:0:0:0:1 - - [09/Jun/2023:09:19:24 +0300] GET /api/am/publisher/v4/apis/b708e07c-f833-4577-9072-b66243c058b3/revisions?query=deployed%3Atrue HTTP/1.1 200 388 https://localhost:9443/publisher/apis/b708e07c-f833-4577-9072-b66243c058b3/overview Mozilla/5.0 (Windows NT 10.0; Win64; x64) AppleWebKit/537.36 (KHTML, like Gecko) Chrome/114.0.0.0 Safari/537.36 Edg/114.0.1823.37 0.009
0:0:0:0:0:0:0:1 - - [09/Jun/2023:09:19:24 +0300] GET /api/am/publisher/v4/apis/b708e07c-f833-4577-9072-b66243c058b3/swagger HTTP/1.1 200 755 https://localhost:9443/publisher/apis/b708e07c-f833-4577-9072-b66243c058b3/overview Mozilla/5.0 (Windows NT 10.0; Win64; x64) AppleWebKit/537.36 (KHTML, like Gecko) Chrome/114.0.0.0 Safari/537.36 Edg/114.0.1823.37 0.108
0:0:0:0:0:0:0:1 - - [09/Jun/2023:09:19:26 +0300] GET /devportal/apis/b708e07c-f833-4577-9072-b66243c058b3/overview HTTP/1.1 200 1691 - Mozilla/5.0 (Windows NT 10.0; Win64; x64) AppleWebKit/537.36 (KHTML, like Gecko) Chrome/114.0.0.0 Safari/537.36 Edg/114.0.1823.37 0.080
0:0:0:0:0:0:0:1 - - [09/Jun/2023:09:19:26 +0300] GET /devportal/site/public/css/main.css HTTP/1.1 200 2092 https://localhost:9443/devportal/apis/b708e07c-f833-4577-9072-b66243c058b3/overview Mozilla/5.0 (Windows NT 10.0; Win64; x64) AppleWebKit/537.36 (KHTML, like Gecko) Chrome/114.0.0.0 Safari/537.36 Edg/114.0.1823.37 0.010
0:0:0:0:0:0:0:1 - - [09/Jun/2023:09:19:26 +0300] - 400 - - - 0.000
0:0:0:0:0:0:0:1 - - [09/Jun/2023:09:19:26 +0300] - 400 - - - 0.000
0:0:0:0:0:0:0:1 - - [09/Jun/2023:09:19:26 +0300] - 400 - - - 0.000
0:0:0:0:0:0:0:1 - - [09/Jun/2023:09:19:26 +0300] - 400 - - - 0.000
0:0:0:0:0:0:0:1 - - [09/Jun/2023:09:19:26 +0300] GET /devportal/site/public/fonts/iconfont/material-icons.css HTTP/1.1 200 970 https://localhost:9443/devportal/apis/b708e07c-f833-4577-9072-b66243c058b3/overview Mozilla/5.0 (Windows NT 10.0; Win64; x64) AppleWebKit/537.36 (KHTML, like Gecko) Chrome/114.0.0.0 Safari/537.36 Edg/114.0.1823.37 0.016
0:0:0:0:0:0:0:1 - - [09/Jun/2023:09:19:26 +0300] GET /devportal/site/public/css/overrides.css HTTP/1.1 200 - https://localhost:9443/devportal/apis/b708e07c-f833-4577-9072-b66243c058b3/overview Mozilla/5.0 (Windows NT 10.0; Win64; x64) AppleWebKit/537.36 (KHTML, like Gecko) Chrome/114.0.0.0 Safari/537.36 Edg/114.0.1823.37 0.010
0:0:0:0:0:0:0:1 - - [09/Jun/2023:09:19:26 +0300] GET /devportal/site/public/fonts/iconfont/MaterialIcons.js HTTP/1.1 200 6703 https://localhost:9443/devportal/apis/b708e07c-f833-4577-9072-b66243c058b3/overview Mozilla/5.0 (Windows NT 10.0; Win64; x64) AppleWebKit/537.36 (KHTML, like Gecko) Chrome/114.0.0.0 Safari/537.36 Edg/114.0.1823.37 0.020
0:0:0:0:0:0:0:1 - - [09/Jun/2023:09:19:26 +0300] GET /devportal/services/settings/settings.js HTTP/1.1 200 1474 https://localhost:9443/devportal/apis/b708e07c-f833-4577-9072-b66243c058b3/overview Mozilla/5.0 (Windows NT 10.0; Win64; x64) AppleWebKit/537.36 (KHTML, like Gecko) Chrome/114.0.0.0 Safari/537.36 Edg/114.0.1823.37 0.063
0:0:0:0:0:0:0:1 - - [09/Jun/2023:09:19:26 +0300] GET /devportal/site/public/theme/userTheme.js HTTP/1.1 200 96 https://localhost:9443/devportal/apis/b708e07c-f833-4577-9072-b66243c058b3/overview Mozilla/5.0 (Windows NT 10.0; Win64; x64) AppleWebKit/537.36 (KHTML, like Gecko) Chrome/114.0.0.0 Safari/537.36 Edg/114.0.1823.37 0.119
0:0:0:0:0:0:0:1 - - [09/Jun/2023:09:19:27 +0300] GET /devportal/site/public/dist/index.e79b6b708401484695fc.bundle.js HTTP/1.1 200 271108 https://localhost:9443/devportal/apis/b708e07c-f833-4577-9072-b66243c058b3/overview Mozilla/5.0 (Windows NT 10.0; Win64; x64) AppleWebKit/537.36 (KHTML, like Gecko) Chrome/114.0.0.0 Safari/537.36 Edg/114.0.1823.37 0.536
0:0:0:0:0:0:0:1 - - [09/Jun/2023:09:19:27 +0300] GET /devportal/site/public/locales/en.json HTTP/1.1 200 57092 https://localhost:9443/devportal/apis/b708e07c-f833-4577-9072-b66243c058b3/overview Mozilla/5.0 (Windows NT 10.0; Win64; x64) AppleWebKit/537.36 (KHTML, like Gecko) Chrome/114.0.0.0 Safari/537.36 Edg/114.0.1823.37 0.007
0:0:0:0:0:0:0:1 - - [09/Jun/2023:09:19:27 +0300] GET /devportal/site/public/images/_favicon.ico HTTP/1.1 200 1150 https://localhost:9443/devportal/apis/b708e07c-f833-4577-9072-b66243c058b3/overview Mozilla/5.0 (Windows NT 10.0; Win64; x64) AppleWebKit/537.36 (KHTML, like Gecko) Chrome/114.0.0.0 Safari/537.36 Edg/114.0.1823.37 0.002
0:0:0:0:0:0:0:1 - - [09/Jun/2023:09:19:27 +0300] GET /api/am/devportal/v3/swagger.yaml HTTP/1.1 200 26878 https://localhost:9443/devportal/apis/b708e07c-f833-4577-9072-b66243c058b3/overview Mozilla/5.0 (Windows NT 10.0; Win64; x64) AppleWebKit/537.36 (KHTML, like Gecko) Chrome/114.0.0.0 Safari/537.36 Edg/114.0.1823.37 0.125
127.0.0.1 - - [09/Jun/2023:09:19:27 +0300] POST /oauth2/token HTTP/1.1 415 - - Java-http-client/20.0.1 0.005
0:0:0:0:0:0:0:1 - - [09/Jun/2023:09:19:27 +0300] POST /devportal/services/refresh HTTP/1.1 500 87 https://localhost:9443/devportal/apis/b708e07c-f833-4577-9072-b66243c058b3/overview Mozilla/5.0 (Windows NT 10.0; Win64; x64) AppleWebKit/537.36 (KHTML, like Gecko) Chrome/114.0.0.0 Safari/537.36 Edg/114.0.1823.37 0.037
0:0:0:0:0:0:0:1 - - [09/Jun/2023:09:19:27 +0300] GET /api/am/devportal/v3/settings HTTP/1.1 401 101 https://localhost:9443/devportal/apis/b708e07c-f833-4577-9072-b66243c058b3/overview Mozilla/5.0 (Windows NT 10.0; Win64; x64) AppleWebKit/537.36 (KHTML, like Gecko) Chrome/114.0.0.0 Safari/537.36 Edg/114.0.1823.37 0.038
0:0:0:0:0:0:0:1 - - [09/Jun/2023:09:19:27 +0300] GET /devportal/services/auth/callback/logout HTTP/1.1 302 - https://localhost:9443/devportal/apis/b708e07c-f833-4577-9072-b66243c058b3/overview Mozilla/5.0 (Windows NT 10.0; Win64; x64) AppleWebKit/537.36 (KHTML, like Gecko) Chrome/114.0.0.0 Safari/537.36 Edg/114.0.1823.37 0.027
0:0:0:0:0:0:0:1 - - [09/Jun/2023:09:19:27 +0300] GET /devportal/logout?referrer=/apis HTTP/1.1 200 1691 https://localhost:9443/devportal/apis/b708e07c-f833-4577-9072-b66243c058b3/overview Mozilla/5.0 (Windows NT 10.0; Win64; x64) AppleWebKit/537.36 (KHTML, like Gecko) Chrome/114.0.0.0 Safari/537.36 Edg/114.0.1823.37 0.004
0:0:0:0:0:0:0:1 - - [09/Jun/2023:09:19:27 +0300] GET /devportal/site/public/theme/userTheme.js HTTP/1.1 200 96 https://localhost:9443/devportal/logout?referrer=/apis Mozilla/5.0 (Windows NT 10.0; Win64; x64) AppleWebKit/537.36 (KHTML, like Gecko) Chrome/114.0.0.0 Safari/537.36 Edg/114.0.1823.37 0.018
0:0:0:0:0:0:0:1 - - [09/Jun/2023:09:19:27 +0300] GET /devportal/services/settings/settings.js HTTP/1.1 200 1474 https://localhost:9443/devportal/logout?referrer=/apis Mozilla/5.0 (Windows NT 10.0; Win64; x64) AppleWebKit/537.36 (KHTML, like Gecko) Chrome/114.0.0.0 Safari/537.36 Edg/114.0.1823.37 0.006
0:0:0:0:0:0:0:1 - - [09/Jun/2023:09:19:27 +0300] GET /devportal/site/public/locales/en.json HTTP/1.1 200 57092 https://localhost:9443/devportal/logout?referrer=/apis Mozilla/5.0 (Windows NT 10.0; Win64; x64) AppleWebKit/537.36 (KHTML, like Gecko) Chrome/114.0.0.0 Safari/537.36 Edg/114.0.1823.37 0.002
0:0:0:0:0:0:0:1 - - [09/Jun/2023:09:19:28 +0300] GET /api/am/devportal/v3/swagger.yaml HTTP/1.1 200 26878 https://localhost:9443/devportal/logout?referrer=/apis Mozilla/5.0 (Windows NT 10.0; Win64; x64) AppleWebKit/537.36 (KHTML, like Gecko) Chrome/114.0.0.0 Safari/537.36 Edg/114.0.1823.37 0.020
0:0:0:0:0:0:0:1 - - [09/Jun/2023:09:19:28 +0300] GET /devportal/site/public/images/_favicon.ico HTTP/1.1 200 1150 https://localhost:9443/devportal/logout?referrer=/apis Mozilla/5.0 (Windows NT 10.0; Win64; x64) AppleWebKit/537.36 (KHTML, like Gecko) Chrome/114.0.0.0 Safari/537.36 Edg/114.0.1823.37 0.002
0:0:0:0:0:0:0:1 - - [09/Jun/2023:09:19:28 +0300] GET /api/am/devportal/v3/settings HTTP/1.1 200 592 https://localhost:9443/devportal/logout?referrer=/apis Mozilla/5.0 (Windows NT 10.0; Win64; x64) AppleWebKit/537.36 (KHTML, like Gecko) Chrome/114.0.0.0 Safari/537.36 Edg/114.0.1823.37 0.363
0:0:0:0:0:0:0:1 - - [09/Jun/2023:09:19:28 +0300] GET /devportal/site/public/dist/ProtectedApp.42893a52cd015332b409.bundle.js HTTP/1.1 200 70963 https://localhost:9443/devportal/apis Mozilla/5.0 (Windows NT 10.0; Win64; x64) AppleWebKit/537.36 (KHTML, like Gecko) Chrome/114.0.0.0 Safari/537.36 Edg/114.0.1823.37 0.032
0:0:0:0:0:0:0:1 - - [09/Jun/2023:09:19:28 +0300] GET /devportal/site/public/images/_favicon.ico HTTP/1.1 200 1150 https://localhost:9443/devportal/apis Mozilla/5.0 (Windows NT 10.0; Win64; x64) AppleWebKit/537.36 (KHTML, like Gecko) Chrome/114.0.0.0 Safari/537.36 Edg/114.0.1823.37 0.002
0:0:0:0:0:0:0:1 - - [09/Jun/2023:09:19:28 +0300] GET /devportal/site/public/dist/vendors~ProtectedApp.018eeb6bd33ca37011cd.bundle.js HTTP/1.1 200 126488 https://localhost:9443/devportal/apis Mozilla/5.0 (Windows NT 10.0; Win64; x64) AppleWebKit/537.36 (KHTML, like Gecko) Chrome/114.0.0.0 Safari/537.36 Edg/114.0.1823.37 0.091
0:0:0:0:0:0:0:1 - - [09/Jun/2023:09:19:29 +0300] GET /devportal/services/configs?loginPrompt=false HTTP/1.1 302 - https://localhost:9443/devportal/apis Mozilla/5.0 (Windows NT 10.0; Win64; x64) AppleWebKit/537.36 (KHTML, like Gecko) Chrome/114.0.0.0 Safari/537.36 Edg/114.0.1823.37 0.292
127.0.0.1 - - [09/Jun/2023:09:19:29 +0300] GET /api/am/devportal/v3/settings HTTP/1.1 200 604 - Java-http-client/20.0.1 0.248
0:0:0:0:0:0:0:1 - - [09/Jun/2023:09:19:29 +0300] GET /oauth2/authorize?response_type=code&client_id=PWfgQzPGHoxzOjpmoCalMGNtF2Ia&scope=apim:admin%20apim:api_key%20apim:app_import_export%20apim:app_manage%20apim:store_settings%20apim:sub_alert_manage%20apim:sub_manage%20apim:subscribe%20openid&state=%2Fapis&redirect_uri=https://localhost:9443/devportal/services/auth/callback/login&prompt=none HTTP/1.1 302 - https://localhost:9443/devportal/apis Mozilla/5.0 (Windows NT 10.0; Win64; x64) AppleWebKit/537.36 (KHTML, like Gecko) Chrome/114.0.0.0 Safari/537.36 Edg/114.0.1823.37 0.072
127.0.0.1 - - [09/Jun/2023:09:19:29 +0300] POST /oauth2/token HTTP/1.1 200 1482 - Java-http-client/20.0.1 0.021
0:0:0:0:0:0:0:1 - - [09/Jun/2023:09:19:29 +0300] GET /devportal/services/auth/callback/login?code=95822aef-29b9-31ba-a5ef-6ee644b9c1cc&state=%2Fapis&session_state=1920bfd9011d258f424cc6febf9cf9819ad0bf981bd30102b43d01d3fad77342.Hga1Y0p-BaM94hxon774Uw HTTP/1.1 302 - https://localhost:9443/devportal/apis Mozilla/5.0 (Windows NT 10.0; Win64; x64) AppleWebKit/537.36 (KHTML, like Gecko) Chrome/114.0.0.0 Safari/537.36 Edg/114.0.1823.37 0.111
0:0:0:0:0:0:0:1 - - [09/Jun/2023:09:19:29 +0300] GET /devportal/apis HTTP/1.1 200 1691 https://localhost:9443/devportal/apis Mozilla/5.0 (Windows NT 10.0; Win64; x64) AppleWebKit/537.36 (KHTML, like Gecko) Chrome/114.0.0.0 Safari/537.36 Edg/114.0.1823.37 0.019
0:0:0:0:0:0:0:1 - - [09/Jun/2023:09:19:29 +0300] GET /devportal/site/public/theme/userTheme.js HTTP/1.1 200 96 https://localhost:9443/devportal/apis Mozilla/5.0 (Windows NT 10.0; Win64; x64) AppleWebKit/537.36 (KHTML, like Gecko) Chrome/114.0.0.0 Safari/537.36 Edg/114.0.1823.37 0.006
0:0:0:0:0:0:0:1 - - [09/Jun/2023:09:19:29 +0300] GET /devportal/services/settings/settings.js HTTP/1.1 200 1474 https://localhost:9443/devportal/apis Mozilla/5.0 (Windows NT 10.0; Win64; x64) AppleWebKit/537.36 (KHTML, like Gecko) Chrome/114.0.0.0 Safari/537.36 Edg/114.0.1823.37 0.035
0:0:0:0:0:0:0:1 - - [09/Jun/2023:09:19:29 +0300] GET /devportal/site/public/locales/en.json HTTP/1.1 200 57092 https://localhost:9443/devportal/apis Mozilla/5.0 (Windows NT 10.0; Win64; x64) AppleWebKit/537.36 (KHTML, like Gecko) Chrome/114.0.0.0 Safari/537.36 Edg/114.0.1823.37 0.007
0:0:0:0:0:0:0:1 - - [09/Jun/2023:09:19:29 +0300] GET /devportal/site/public/images/_favicon.ico HTTP/1.1 200 1150 https://localhost:9443/devportal/apis Mozilla/5.0 (Windows NT 10.0; Win64; x64) AppleWebKit/537.36 (KHTML, like Gecko) Chrome/114.0.0.0 Safari/537.36 Edg/114.0.1823.37 0.008
0:0:0:0:0:0:0:1 - - [09/Jun/2023:09:19:29 +0300] GET /api/am/devportal/v3/swagger.yaml HTTP/1.1 200 26878 https://localhost:9443/devportal/apis Mozilla/5.0 (Windows NT 10.0; Win64; x64) AppleWebKit/537.36 (KHTML, like Gecko) Chrome/114.0.0.0 Safari/537.36 Edg/114.0.1823.37 0.148
0:0:0:0:0:0:0:1 - - [09/Jun/2023:09:19:30 +0300] GET /api/am/devportal/v3/settings HTTP/1.1 200 592 https://localhost:9443/devportal/apis Mozilla/5.0 (Windows NT 10.0; Win64; x64) AppleWebKit/537.36 (KHTML, like Gecko) Chrome/114.0.0.0 Safari/537.36 Edg/114.0.1823.37 0.106
0:0:0:0:0:0:0:1 - - [09/Jun/2023:09:19:30 +0300] GET /devportal/site/public/theme/temporary_environments_config.json HTTP/1.1 200 - https://localhost:9443/devportal/apis Mozilla/5.0 (Windows NT 10.0; Win64; x64) AppleWebKit/537.36 (KHTML, like Gecko) Chrome/114.0.0.0 Safari/537.36 Edg/114.0.1823.37 0.005
0:0:0:0:0:0:0:1 - - [09/Jun/2023:09:19:30 +0300] GET /devportal/site/public/theme/temporary_features_config.json HTTP/1.1 200 - https://localhost:9443/devportal/apis Mozilla/5.0 (Windows NT 10.0; Win64; x64) AppleWebKit/537.36 (KHTML, like Gecko) Chrome/114.0.0.0 Safari/537.36 Edg/114.0.1823.37 0.008
0:0:0:0:0:0:0:1 - - [09/Jun/2023:09:19:30 +0300] GET /api/am/devportal/v3/tenants?state=active HTTP/1.1 200 96 https://localhost:9443/devportal/apis Mozilla/5.0 (Windows NT 10.0; Win64; x64) AppleWebKit/537.36 (KHTML, like Gecko) Chrome/114.0.0.0 Safari/537.36 Edg/114.0.1823.37 0.033
127.0.0.1 - - [09/Jun/2023:09:19:30 +0300] GET /oauth2/userinfo HTTP/1.1 200 15 - Java-http-client/20.0.1 0.006
127.0.0.1 - - [09/Jun/2023:09:19:30 +0300] POST /oauth2/introspect HTTP/1.1 200 341 - Java-http-client/20.0.1 0.013
0:0:0:0:0:0:0:1 - - [09/Jun/2023:09:19:30 +0300] GET /devportal/services/auth/introspect HTTP/1.1 200 376 https://localhost:9443/devportal/apis Mozilla/5.0 (Windows NT 10.0; Win64; x64) AppleWebKit/537.36 (KHTML, like Gecko) Chrome/114.0.0.0 Safari/537.36 Edg/114.0.1823.37 0.079
0:0:0:0:0:0:0:1 - - [09/Jun/2023:09:19:30 +0300] GET /devportal/site/public/dist/vendors~Apis~Landing.e9d0b010bafc4e7686f8.bundle.js HTTP/1.1 200 4090 https://localhost:9443/devportal/apis Mozilla/5.0 (Windows NT 10.0; Win64; x64) AppleWebKit/537.36 (KHTML, like Gecko) Chrome/114.0.0.0 Safari/537.36 Edg/114.0.1823.37 0.010
0:0:0:0:0:0:0:1 - - [09/Jun/2023:09:19:30 +0300] GET /oidc/checksession?client_id=PWfgQzPGHoxzOjpmoCalMGNtF2Ia&redirect_uri=https://localhost:9443/devportal/services/auth/callback/login HTTP/1.1 200 3134 https://localhost:9443/devportal/apis Mozilla/5.0 (Windows NT 10.0; Win64; x64) AppleWebKit/537.36 (KHTML, like Gecko) Chrome/114.0.0.0 Safari/537.36 Edg/114.0.1823.37 0.007
0:0:0:0:0:0:0:1 - - [09/Jun/2023:09:19:30 +0300] - 400 - - - 0.000
0:0:0:0:0:0:0:1 - - [09/Jun/2023:09:19:30 +0300] GET /devportal/site/public/dist/Apis~Landing.44f03df4105c342867a1.bundle.js HTTP/1.1 200 6722 https://localhost:9443/devportal/apis Mozilla/5.0 (Windows NT 10.0; Win64; x64) AppleWebKit/537.36 (KHTML, like Gecko) Chrome/114.0.0.0 Safari/537.36 Edg/114.0.1823.37 0.014
0:0:0:0:0:0:0:1 - - [09/Jun/2023:09:19:30 +0300] GET /devportal HTTP/1.1 302 - https://localhost:9443/devportal/apis Mozilla/5.0 (Windows NT 10.0; Win64; x64) AppleWebKit/537.36 (KHTML, like Gecko) Chrome/114.0.0.0 Safari/537.36 Edg/114.0.1823.37 0.000
0:0:0:0:0:0:0:1 - - [09/Jun/2023:09:19:30 +0300] GET /devportal/site/public/dist/vendors~ApiListing~Apis~ApplicationDetails.720bc2e40480316deaca.bundle.js HTTP/1.1 200 3839 https://localhost:9443/devportal/apis Mozilla/5.0 (Windows NT 10.0; Win64; x64) AppleWebKit/537.36 (KHTML, like Gecko) Chrome/114.0.0.0 Safari/537.36 Edg/114.0.1823.37 0.076
0:0:0:0:0:0:0:1 - - [09/Jun/2023:09:19:30 +0300] GET /devportal/site/public/images/logo.svg HTTP/1.1 200 74991 https://localhost:9443/devportal/apis Mozilla/5.0 (Windows NT 10.0; Win64; x64) AppleWebKit/537.36 (KHTML, like Gecko) Chrome/114.0.0.0 Safari/537.36 Edg/114.0.1823.37 0.027
0:0:0:0:0:0:0:1 - - [09/Jun/2023:09:19:30 +0300] GET /devportal/site/public/images/appbarBack.png HTTP/1.1 200 1964 https://localhost:9443/devportal/apis Mozilla/5.0 (Windows NT 10.0; Win64; x64) AppleWebKit/537.36 (KHTML, like Gecko) Chrome/114.0.0.0 Safari/537.36 Edg/114.0.1823.37 0.008
0:0:0:0:0:0:0:1 - - [09/Jun/2023:09:19:30 +0300] GET /devportal/site/public/dist/vendors~Apis.3a6169883ec8c6c5366d.bundle.js HTTP/1.1 200 87282 https://localhost:9443/devportal/apis Mozilla/5.0 (Windows NT 10.0; Win64; x64) AppleWebKit/537.36 (KHTML, like Gecko) Chrome/114.0.0.0 Safari/537.36 Edg/114.0.1823.37 0.052
0:0:0:0:0:0:0:1 - - [09/Jun/2023:09:19:30 +0300] GET /devportal/site/public/dist/Apis.800351a0eb878c789ea9.bundle.js HTTP/1.1 200 25570 https://localhost:9443/devportal/apis Mozilla/5.0 (Windows NT 10.0; Win64; x64) AppleWebKit/537.36 (KHTML, like Gecko) Chrome/114.0.0.0 Safari/537.36 Edg/114.0.1823.37 0.096
0:0:0:0:0:0:0:1 - - [09/Jun/2023:09:19:30 +0300] GET /devportal/ HTTP/1.1 200 1691 https://localhost:9443/devportal/apis Mozilla/5.0 (Windows NT 10.0; Win64; x64) AppleWebKit/537.36 (KHTML, like Gecko) Chrome/114.0.0.0 Safari/537.36 Edg/114.0.1823.37 0.042
0:0:0:0:0:0:0:1 - - [09/Jun/2023:09:19:30 +0300] GET /devportal/site/public/fonts/iconfont/MaterialIcons-Regular.woff2 HTTP/1.1 200 60840 https://localhost:9443/devportal/site/public/fonts/iconfont/material-icons.css Mozilla/5.0 (Windows NT 10.0; Win64; x64) AppleWebKit/537.36 (KHTML, like Gecko) Chrome/114.0.0.0 Safari/537.36 Edg/114.0.1823.37 0.024
0:0:0:0:0:0:0:1 - - [09/Jun/2023:09:19:30 +0300] GET /devportal/site/public/fonts/Open_Sans/mem8YaGs126MiZpBA-UFVZ0bf8pkAg.woff2 HTTP/1.1 200 8892 https://localhost:9443/devportal/site/public/css/main.css Mozilla/5.0 (Windows NT 10.0; Win64; x64) AppleWebKit/537.36 (KHTML, like Gecko) Chrome/114.0.0.0 Safari/537.36 Edg/114.0.1823.37 0.096
0:0:0:0:0:0:0:1 - - [09/Jun/2023:09:19:30 +0300] GET /api/am/devportal/v3/api-categories HTTP/1.1 200 21 https://localhost:9443/devportal/apis Mozilla/5.0 (Windows NT 10.0; Win64; x64) AppleWebKit/537.36 (KHTML, like Gecko) Chrome/114.0.0.0 Safari/537.36 Edg/114.0.1823.37 0.027
0:0:0:0:0:0:0:1 - - [09/Jun/2023:09:19:30 +0300] GET /devportal/site/public/fonts/Open_Sans/mem5YaGs126MiZpBA-UN7rgOUuhpKKSTjw.woff2 HTTP/1.1 200 8800 https://localhost:9443/devportal/site/public/css/main.css Mozilla/5.0 (Windows NT 10.0; Win64; x64) AppleWebKit/537.36 (KHTML, like Gecko) Chrome/114.0.0.0 Safari/537.36 Edg/114.0.1823.37 0.159
0:0:0:0:0:0:0:1 - - [09/Jun/2023:09:19:30 +0300] GET /api/am/devportal/v3/tags HTTP/1.1 200 119 https://localhost:9443/devportal/apis Mozilla/5.0 (Windows NT 10.0; Win64; x64) AppleWebKit/537.36 (KHTML, like Gecko) Chrome/114.0.0.0 Safari/537.36 Edg/114.0.1823.37 0.113
0:0:0:0:0:0:0:1 - - [09/Jun/2023:09:19:30 +0300] GET /api/am/devportal/v3/settings HTTP/1.1 200 915 https://localhost:9443/devportal/apis Mozilla/5.0 (Windows NT 10.0; Win64; x64) AppleWebKit/537.36 (KHTML, like Gecko) Chrome/114.0.0.0 Safari/537.36 Edg/114.0.1823.37 0.607
0:0:0:0:0:0:0:1 - - [09/Jun/2023:09:19:30 +0300] GET /api/am/devportal/v3/apis?limit=10&offset=0 HTTP/1.1 200 658 https://localhost:9443/devportal/apis Mozilla/5.0 (Windows NT 10.0; Win64; x64) AppleWebKit/537.36 (KHTML, like Gecko) Chrome/114.0.0.0 Safari/537.36 Edg/114.0.1823.37 0.442
0:0:0:0:0:0:0:1 - - [09/Jun/2023:09:19:31 +0300] GET /api/am/devportal/v3/apis/746c7962-0923-4c21-be0e-a84d3748b57b/ratings HTTP/1.1 200 125 https://localhost:9443/devportal/apis Mozilla/5.0 (Windows NT 10.0; Win64; x64) AppleWebKit/537.36 (KHTML, like Gecko) Chrome/114.0.0.0 Safari/537.36 Edg/114.0.1823.37 0.048
0:0:0:0:0:0:0:1 - - [09/Jun/2023:09:19:31 +0300] GET /api/am/devportal/v3/apis/b708e07c-f833-4577-9072-b66243c058b3/ratings HTTP/1.1 200 125 https://localhost:9443/devportal/apis Mozilla/5.0 (Windows NT 10.0; Win64; x64) AppleWebKit/537.36 (KHTML, like Gecko) Chrome/114.0.0.0 Safari/537.36 Edg/114.0.1823.37 0.058
0:0:0:0:0:0:0:1 - - [09/Jun/2023:09:19:31 +0300] GET /api/am/devportal/v3/apis/8485612f-b238-4e6d-9c05-e116e15f9121/ratings HTTP/1.1 200 125 https://localhost:9443/devportal/apis Mozilla/5.0 (Windows NT 10.0; Win64; x64) AppleWebKit/537.36 (KHTML, like Gecko) Chrome/114.0.0.0 Safari/537.36 Edg/114.0.1823.37 0.064
0:0:0:0:0:0:0:1 - - [09/Jun/2023:09:19:43 +0300] GET /devportal/site/public/images/_favicon.ico HTTP/1.1 200 1150 https://localhost:9443/devportal/apis/b708e07c-f833-4577-9072-b66243c058b3/overview Mozilla/5.0 (Windows NT 10.0; Win64; x64) AppleWebKit/537.36 (KHTML, like Gecko) Chrome/114.0.0.0 Safari/537.36 Edg/114.0.1823.37 0.005
0:0:0:0:0:0:0:1 - - [09/Jun/2023:09:19:43 +0300] GET /api/am/devportal/v3/apis/b708e07c-f833-4577-9072-b66243c058b3 HTTP/1.1 200 1106 https://localhost:9443/devportal/apis/b708e07c-f833-4577-9072-b66243c058b3/overview Mozilla/5.0 (Windows NT 10.0; Win64; x64) AppleWebKit/537.36 (KHTML, like Gecko) Chrome/114.0.0.0 Safari/537.36 Edg/114.0.1823.37 0.035
0:0:0:0:0:0:0:1 - - [09/Jun/2023:09:19:43 +0300] GET /devportal/site/public/images/leftMenuBack.png HTTP/1.1 200 5308 https://localhost:9443/devportal/apis/b708e07c-f833-4577-9072-b66243c058b3/overview Mozilla/5.0 (Windows NT 10.0; Win64; x64) AppleWebKit/537.36 (KHTML, like Gecko) Chrome/114.0.0.0 Safari/537.36 Edg/114.0.1823.37 0.010
127.0.0.1 - - [09/Jun/2023:09:19:43 +0300] GET /keymanager-operations/dcr/register/MHFfRExjbVRFTmxsZmtqNk9JdjB2WDJ1Q0FJYQ%3D%3D HTTP/1.1 200 720 - Apache-HttpClient/4.5.13 (Java/20.0.1) 0.023
127.0.0.1 - - [09/Jun/2023:09:19:43 +0300] GET /keymanager-operations/dcr/register/MHFfRExjbVRFTmxsZmtqNk9JdjB2WDJ1Q0FJYQ%3D%3D HTTP/1.1 200 720 - Apache-HttpClient/4.5.13 (Java/20.0.1) 0.163
0:0:0:0:0:0:0:1 - - [09/Jun/2023:09:19:43 +0300] GET /api/am/devportal/v3/subscriptions?apiId=b708e07c-f833-4577-9072-b66243c058b3&limit=25 HTTP/1.1 200 699 https://localhost:9443/devportal/apis/b708e07c-f833-4577-9072-b66243c058b3/overview Mozilla/5.0 (Windows NT 10.0; Win64; x64) AppleWebKit/537.36 (KHTML, like Gecko) Chrome/114.0.0.0 Safari/537.36 Edg/114.0.1823.37 0.273
0:0:0:0:0:0:0:1 - - [09/Jun/2023:09:19:43 +0300] GET /api/am/devportal/v3/subscriptions?apiId=b708e07c-f833-4577-9072-b66243c058b3&limit=5000 HTTP/1.1 200 701 https://localhost:9443/devportal/apis/b708e07c-f833-4577-9072-b66243c058b3/overview Mozilla/5.0 (Windows NT 10.0; Win64; x64) AppleWebKit/537.36 (KHTML, like Gecko) Chrome/114.0.0.0 Safari/537.36 Edg/114.0.1823.37 0.270
0:0:0:0:0:0:0:1 - - [09/Jun/2023:09:19:43 +0300] GET /devportal/site/public/dist/APIOverview.9b9a6e01add6e880d662.bundle.js HTTP/1.1 200 20063 https://localhost:9443/devportal/apis/b708e07c-f833-4577-9072-b66243c058b3/overview Mozilla/5.0 (Windows NT 10.0; Win64; x64) AppleWebKit/537.36 (KHTML, like Gecko) Chrome/114.0.0.0 Safari/537.36 Edg/114.0.1823.37 0.026
0:0:0:0:0:0:0:1 - - [09/Jun/2023:09:19:43 +0300] GET /api/am/devportal/v3/applications?limit=5000 HTTP/1.1 200 661 https://localhost:9443/devportal/apis/b708e07c-f833-4577-9072-b66243c058b3/overview Mozilla/5.0 (Windows NT 10.0; Win64; x64) AppleWebKit/537.36 (KHTML, like Gecko) Chrome/114.0.0.0 Safari/537.36 Edg/114.0.1823.37 0.326
0:0:0:0:0:0:0:1 - - [09/Jun/2023:09:19:43 +0300] GET /devportal/site/public/dist/vendors~APIOverview~MDReactMarkdown.c8e68cd152f6972597f4.bundle.js HTTP/1.1 200 23172 https://localhost:9443/devportal/apis/b708e07c-f833-4577-9072-b66243c058b3/overview Mozilla/5.0 (Windows NT 10.0; Win64; x64) AppleWebKit/537.36 (KHTML, like Gecko) Chrome/114.0.0.0 Safari/537.36 Edg/114.0.1823.37 0.056
0:0:0:0:0:0:0:1 - - [09/Jun/2023:09:19:43 +0300] GET /devportal/site/public/dist/vendors~APIDocuments~APIOverview.f394ac01608a94b6dd74.bundle.js HTTP/1.1 200 34374 https://localhost:9443/devportal/apis/b708e07c-f833-4577-9072-b66243c058b3/overview Mozilla/5.0 (Windows NT 10.0; Win64; x64) AppleWebKit/537.36 (KHTML, like Gecko) Chrome/114.0.0.0 Safari/537.36 Edg/114.0.1823.37 0.076
0:0:0:0:0:0:0:1 - - [09/Jun/2023:09:19:43 +0300] GET /devportal/site/public/dist/vendors~APIComments~APIOverview~ApplicationDetails.9553ed9b23431ac21302.bundle.js HTTP/1.1 200 5490 https://localhost:9443/devportal/apis/b708e07c-f833-4577-9072-b66243c058b3/overview Mozilla/5.0 (Windows NT 10.0; Win64; x64) AppleWebKit/537.36 (KHTML, like Gecko) Chrome/114.0.0.0 Safari/537.36 Edg/114.0.1823.37 0.091
0:0:0:0:0:0:0:1 - - [09/Jun/2023:09:19:43 +0300] GET /devportal/site/public/dist/vendors~APIConsole~APIDocuments~APIOverview.351585fe0b19dbf2f65f.bundle.js HTTP/1.1 200 224002 https://localhost:9443/devportal/apis/b708e07c-f833-4577-9072-b66243c058b3/overview Mozilla/5.0 (Windows NT 10.0; Win64; x64) AppleWebKit/537.36 (KHTML, like Gecko) Chrome/114.0.0.0 Safari/537.36 Edg/114.0.1823.37 0.192
0:0:0:0:0:0:0:1 - - [09/Jun/2023:09:19:44 +0300] GET /api/am/devportal/v3/throttling-policies/subscription HTTP/1.1 200 634 https://localhost:9443/devportal/apis/b708e07c-f833-4577-9072-b66243c058b3/overview Mozilla/5.0 (Windows NT 10.0; Win64; x64) AppleWebKit/537.36 (KHTML, like Gecko) Chrome/114.0.0.0 Safari/537.36 Edg/114.0.1823.37 0.070
0:0:0:0:0:0:0:1 - - [09/Jun/2023:09:19:44 +0300] GET /api/am/devportal/v3/apis/b708e07c-f833-4577-9072-b66243c058b3/documents HTTP/1.1 200 92 https://localhost:9443/devportal/apis/b708e07c-f833-4577-9072-b66243c058b3/overview Mozilla/5.0 (Windows NT 10.0; Win64; x64) AppleWebKit/537.36 (KHTML, like Gecko) Chrome/114.0.0.0 Safari/537.36 Edg/114.0.1823.37 0.078
0:0:0:0:0:0:0:1 - - [09/Jun/2023:09:19:44 +0300] GET /api/am/devportal/v3/apis/b708e07c-f833-4577-9072-b66243c058b3/documents HTTP/1.1 200 92 https://localhost:9443/devportal/apis/b708e07c-f833-4577-9072-b66243c058b3/overview Mozilla/5.0 (Windows NT 10.0; Win64; x64) AppleWebKit/537.36 (KHTML, like Gecko) Chrome/114.0.0.0 Safari/537.36 Edg/114.0.1823.37 0.060
0:0:0:0:0:0:0:1 - - [09/Jun/2023:09:19:44 +0300] GET /api/am/devportal/v3/throttling-policies/subscription HTTP/1.1 200 634 https://localhost:9443/devportal/apis/b708e07c-f833-4577-9072-b66243c058b3/overview Mozilla/5.0 (Windows NT 10.0; Win64; x64) AppleWebKit/537.36 (KHTML, like Gecko) Chrome/114.0.0.0 Safari/537.36 Edg/114.0.1823.37 0.173
0:0:0:0:0:0:0:1 - - [09/Jun/2023:09:19:44 +0300] GET /api/am/devportal/v3/apis/b708e07c-f833-4577-9072-b66243c058b3/thumbnail HTTP/1.1 204 - https://localhost:9443/devportal/apis/b708e07c-f833-4577-9072-b66243c058b3/overview Mozilla/5.0 (Windows NT 10.0; Win64; x64) AppleWebKit/537.36 (KHTML, like Gecko) Chrome/114.0.0.0 Safari/537.36 Edg/114.0.1823.37 0.035
0:0:0:0:0:0:0:1 - - [09/Jun/2023:09:19:44 +0300] GET /api/am/devportal/v3/apis/b708e07c-f833-4577-9072-b66243c058b3/comments?limit=5&offset=0 HTTP/1.1 200 101 https://localhost:9443/devportal/apis/b708e07c-f833-4577-9072-b66243c058b3/overview Mozilla/5.0 (Windows NT 10.0; Win64; x64) AppleWebKit/537.36 (KHTML, like Gecko) Chrome/114.0.0.0 Safari/537.36 Edg/114.0.1823.37 0.060
0:0:0:0:0:0:0:1 - - [09/Jun/2023:09:19:44 +0300] GET /api/am/devportal/v3/apis/b708e07c-f833-4577-9072-b66243c058b3/ratings HTTP/1.1 200 125 https://localhost:9443/devportal/apis/b708e07c-f833-4577-9072-b66243c058b3/overview Mozilla/5.0 (Windows NT 10.0; Win64; x64) AppleWebKit/537.36 (KHTML, like Gecko) Chrome/114.0.0.0 Safari/537.36 Edg/114.0.1823.37 0.199
0:0:0:0:0:0:0:1 - - [09/Jun/2023:09:19:53 +0300] GET /devportal/site/public/images/_favicon.ico HTTP/1.1 200 1150 https://localhost:9443/devportal/apis/b708e07c-f833-4577-9072-b66243c058b3/credentials Mozilla/5.0 (Windows NT 10.0; Win64; x64) AppleWebKit/537.36 (KHTML, like Gecko) Chrome/114.0.0.0 Safari/537.36 Edg/114.0.1823.37 0.004
0:0:0:0:0:0:0:1 - - [09/Jun/2023:09:19:53 +0300] GET /devportal/site/public/dist/APICredentials.adc4c21efd10886734c0.bundle.js HTTP/1.1 200 19944 https://localhost:9443/devportal/apis/b708e07c-f833-4577-9072-b66243c058b3/credentials Mozilla/5.0 (Windows NT 10.0; Win64; x64) AppleWebKit/537.36 (KHTML, like Gecko) Chrome/114.0.0.0 Safari/537.36 Edg/114.0.1823.37 0.021
0:0:0:0:0:0:0:1 - - [09/Jun/2023:09:19:53 +0300] GET /devportal/site/public/dist/vendors~APICredentials.b631ff2ba79ad9a03e8f.bundle.js HTTP/1.1 200 7297 https://localhost:9443/devportal/apis/b708e07c-f833-4577-9072-b66243c058b3/credentials Mozilla/5.0 (Windows NT 10.0; Win64; x64) AppleWebKit/537.36 (KHTML, like Gecko) Chrome/114.0.0.0 Safari/537.36 Edg/114.0.1823.37 0.015
0:0:0:0:0:0:0:1 - - [09/Jun/2023:09:19:54 +0300] GET /devportal/site/public/dist/7.78efb95d9f7afcfbb567.bundle.js HTTP/1.1 200 42986 https://localhost:9443/devportal/apis/b708e07c-f833-4577-9072-b66243c058b3/credentials Mozilla/5.0 (Windows NT 10.0; Win64; x64) AppleWebKit/537.36 (KHTML, like Gecko) Chrome/114.0.0.0 Safari/537.36 Edg/114.0.1823.37 0.030
127.0.0.1 - - [09/Jun/2023:09:19:56 +0300] GET /keymanager-operations/dcr/register/U1FCTzNQdGxqaEVrN0lldGRsUVR6SlRpaDhFYQ%3D%3D HTTP/1.1 200 720 - Apache-HttpClient/4.5.13 (Java/20.0.1) 0.006
0:0:0:0:0:0:0:1 - - [09/Jun/2023:09:19:56 +0300] POST /api/am/devportal/v3/subscriptions HTTP/1.1 201 649 https://localhost:9443/devportal/apis/b708e07c-f833-4577-9072-b66243c058b3/credentials Mozilla/5.0 (Windows NT 10.0; Win64; x64) AppleWebKit/537.36 (KHTML, like Gecko) Chrome/114.0.0.0 Safari/537.36 Edg/114.0.1823.37 0.139
0:0:0:0:0:0:0:1 - - [09/Jun/2023:09:19:56 +0300] GET /api/am/devportal/v3/applications?limit=5000 HTTP/1.1 200 661 https://localhost:9443/devportal/apis/b708e07c-f833-4577-9072-b66243c058b3/credentials Mozilla/5.0 (Windows NT 10.0; Win64; x64) AppleWebKit/537.36 (KHTML, like Gecko) Chrome/114.0.0.0 Safari/537.36 Edg/114.0.1823.37 0.017
0:0:0:0:0:0:0:1 - - [09/Jun/2023:09:19:56 +0300] GET /api/am/devportal/v3/apis/b708e07c-f833-4577-9072-b66243c058b3 HTTP/1.1 200 1106 https://localhost:9443/devportal/apis/b708e07c-f833-4577-9072-b66243c058b3/credentials Mozilla/5.0 (Windows NT 10.0; Win64; x64) AppleWebKit/537.36 (KHTML, like Gecko) Chrome/114.0.0.0 Safari/537.36 Edg/114.0.1823.37 0.056
127.0.0.1 - - [09/Jun/2023:09:19:56 +0300] GET /keymanager-operations/dcr/register/MHFfRExjbVRFTmxsZmtqNk9JdjB2WDJ1Q0FJYQ%3D%3D HTTP/1.1 200 720 - Apache-HttpClient/4.5.13 (Java/20.0.1) 0.024
127.0.0.1 - - [09/Jun/2023:09:19:56 +0300] GET /keymanager-operations/dcr/register/U1FCTzNQdGxqaEVrN0lldGRsUVR6SlRpaDhFYQ%3D%3D HTTP/1.1 200 720 - Apache-HttpClient/4.5.13 (Java/20.0.1) 0.006
127.0.0.1 - - [09/Jun/2023:09:19:56 +0300] GET /keymanager-operations/dcr/register/U1FCTzNQdGxqaEVrN0lldGRsUVR6SlRpaDhFYQ%3D%3D HTTP/1.1 200 720 - Apache-HttpClient/4.5.13 (Java/20.0.1) 0.012
127.0.0.1 - - [09/Jun/2023:09:19:56 +0300] GET /keymanager-operations/dcr/register/MHFfRExjbVRFTmxsZmtqNk9JdjB2WDJ1Q0FJYQ%3D%3D HTTP/1.1 200 720 - Apache-HttpClient/4.5.13 (Java/20.0.1) 0.027
0:0:0:0:0:0:0:1 - - [09/Jun/2023:09:19:56 +0300] GET /api/am/devportal/v3/subscriptions?apiId=b708e07c-f833-4577-9072-b66243c058b3&limit=25 HTTP/1.1 200 801 https://localhost:9443/devportal/apis/b708e07c-f833-4577-9072-b66243c058b3/credentials Mozilla/5.0 (Windows NT 10.0; Win64; x64) AppleWebKit/537.36 (KHTML, like Gecko) Chrome/114.0.0.0 Safari/537.36 Edg/114.0.1823.37 0.111
0:0:0:0:0:0:0:1 - - [09/Jun/2023:09:19:56 +0300] GET /api/am/devportal/v3/subscriptions?apiId=b708e07c-f833-4577-9072-b66243c058b3&limit=5000 HTTP/1.1 200 801 https://localhost:9443/devportal/apis/b708e07c-f833-4577-9072-b66243c058b3/credentials Mozilla/5.0 (Windows NT 10.0; Win64; x64) AppleWebKit/537.36 (KHTML, like Gecko) Chrome/114.0.0.0 Safari/537.36 Edg/114.0.1823.37 0.112
0:0:0:0:0:0:0:1 - - [09/Jun/2023:09:20:11 +0300] GET /devportal/site/public/images/_favicon.ico HTTP/1.1 200 1150 https://localhost:9443/devportal/apis/b708e07c-f833-4577-9072-b66243c058b3/credentials/wizard Mozilla/5.0 (Windows NT 10.0; Win64; x64) AppleWebKit/537.36 (KHTML, like Gecko) Chrome/114.0.0.0 Safari/537.36 Edg/114.0.1823.37 0.003
0:0:0:0:0:0:0:1 - - [09/Jun/2023:09:20:11 +0300] GET /api/am/devportal/v3/throttling-policies/application HTTP/1.1 200 473 https://localhost:9443/devportal/apis/b708e07c-f833-4577-9072-b66243c058b3/credentials/wizard Mozilla/5.0 (Windows NT 10.0; Win64; x64) AppleWebKit/537.36 (KHTML, like Gecko) Chrome/114.0.0.0 Safari/537.36 Edg/114.0.1823.37 0.008
0:0:0:0:0:0:0:1 - - [09/Jun/2023:09:20:11 +0300] GET /api/am/devportal/v3/settings/application-attributes HTTP/1.1 200 21 https://localhost:9443/devportal/apis/b708e07c-f833-4577-9072-b66243c058b3/credentials/wizard Mozilla/5.0 (Windows NT 10.0; Win64; x64) AppleWebKit/537.36 (KHTML, like Gecko) Chrome/114.0.0.0 Safari/537.36 Edg/114.0.1823.37 0.015
127.0.0.1 - - [09/Jun/2023:09:20:11 +0300] GET /oauth2/token/.well-known/openid-configuration HTTP/1.1 200 2395 - Apache-HttpClient/4.5.13 (Java/20.0.1) 0.006
0:0:0:0:0:0:0:1 - - [09/Jun/2023:09:20:11 +0300] GET /api/am/devportal/v3/key-managers HTTP/1.1 200 763 https://localhost:9443/devportal/apis/b708e07c-f833-4577-9072-b66243c058b3/credentials/wizard Mozilla/5.0 (Windows NT 10.0; Win64; x64) AppleWebKit/537.36 (KHTML, like Gecko) Chrome/114.0.0.0 Safari/537.36 Edg/114.0.1823.37 0.091
0:0:0:0:0:0:0:1 - - [09/Jun/2023:09:20:24 +0300] POST /api/am/devportal/v3/applications HTTP/1.1 201 334 https://localhost:9443/devportal/apis/b708e07c-f833-4577-9072-b66243c058b3/credentials/wizard Mozilla/5.0 (Windows NT 10.0; Win64; x64) AppleWebKit/537.36 (KHTML, like Gecko) Chrome/114.0.0.0 Safari/537.36 Edg/114.0.1823.37 0.090
0:0:0:0:0:0:0:1 - - [09/Jun/2023:09:20:27 +0300] POST /api/am/devportal/v3/subscriptions HTTP/1.1 201 647 https://localhost:9443/devportal/apis/b708e07c-f833-4577-9072-b66243c058b3/credentials/wizard Mozilla/5.0 (Windows NT 10.0; Win64; x64) AppleWebKit/537.36 (KHTML, like Gecko) Chrome/114.0.0.0 Safari/537.36 Edg/114.0.1823.37 0.057
127.0.0.1 - - [09/Jun/2023:09:20:27 +0300] GET /oauth2/token/.well-known/openid-configuration HTTP/1.1 200 2395 - Apache-HttpClient/4.5.13 (Java/20.0.1) 0.003
0:0:0:0:0:0:0:1 - - [09/Jun/2023:09:20:27 +0300] GET /api/am/devportal/v3/key-managers HTTP/1.1 200 763 https://localhost:9443/devportal/apis/b708e07c-f833-4577-9072-b66243c058b3/credentials/wizard Mozilla/5.0 (Windows NT 10.0; Win64; x64) AppleWebKit/537.36 (KHTML, like Gecko) Chrome/114.0.0.0 Safari/537.36 Edg/114.0.1823.37 0.020
0:0:0:0:0:0:0:1 - - [09/Jun/2023:09:20:30 +0300] GET /api/am/devportal/v3/swagger.yaml HTTP/1.1 200 26878 https://localhost:9443/devportal/apis/b708e07c-f833-4577-9072-b66243c058b3/credentials/wizard Mozilla/5.0 (Windows NT 10.0; Win64; x64) AppleWebKit/537.36 (KHTML, like Gecko) Chrome/114.0.0.0 Safari/537.36 Edg/114.0.1823.37 0.047
0:0:0:0:0:0:0:1 - - [09/Jun/2023:09:20:31 +0300] GET /api/am/devportal/v3/applications/a2385395-c1a6-420a-a994-b4d9358fd5ff HTTP/1.1 200 335 https://localhost:9443/devportal/apis/b708e07c-f833-4577-9072-b66243c058b3/credentials/wizard Mozilla/5.0 (Windows NT 10.0; Win64; x64) AppleWebKit/537.36 (KHTML, like Gecko) Chrome/114.0.0.0 Safari/537.36 Edg/114.0.1823.37 0.005
127.0.0.1 - - [09/Jun/2023:09:20:31 +0300] POST /keymanager-operations/dcr/register HTTP/1.1 201 720 - Apache-HttpClient/4.5.13 (Java/20.0.1) 0.529
127.0.0.1 - - [09/Jun/2023:09:20:31 +0300] POST /oauth2/token HTTP/1.1 200 1183 - Apache-HttpClient/4.5.13 (Java/20.0.1) 0.022
0:0:0:0:0:0:0:1 - - [09/Jun/2023:09:20:31 +0300] POST /api/am/devportal/v3/applications/a2385395-c1a6-420a-a994-b4d9358fd5ff/generate-keys HTTP/1.1 200 1330 https://localhost:9443/devportal/apis/b708e07c-f833-4577-9072-b66243c058b3/credentials/wizard Mozilla/5.0 (Windows NT 10.0; Win64; x64) AppleWebKit/537.36 (KHTML, like Gecko) Chrome/114.0.0.0 Safari/537.36 Edg/114.0.1823.37 0.608
0:0:0:0:0:0:0:1 - - [09/Jun/2023:09:20:31 +0300] GET /api/am/devportal/v3/swagger.yaml HTTP/1.1 200 26878 https://localhost:9443/devportal/apis/b708e07c-f833-4577-9072-b66243c058b3/credentials/wizard Mozilla/5.0 (Windows NT 10.0; Win64; x64) AppleWebKit/537.36 (KHTML, like Gecko) Chrome/114.0.0.0 Safari/537.36 Edg/114.0.1823.37 0.024
127.0.0.1 - - [09/Jun/2023:09:20:32 +0300] GET /keymanager-operations/dcr/register/V3B0cWtoX05ORTdyak1weXM0Y3VIc0FNallNYQ%3D%3D HTTP/1.1 200 720 - Apache-HttpClient/4.5.13 (Java/20.0.1) 0.005
0:0:0:0:0:0:0:1 - - [09/Jun/2023:09:20:32 +0300] GET /api/am/devportal/v3/applications/a2385395-c1a6-420a-a994-b4d9358fd5ff HTTP/1.1 200 335 https://localhost:9443/devportal/apis/b708e07c-f833-4577-9072-b66243c058b3/credentials/wizard Mozilla/5.0 (Windows NT 10.0; Win64; x64) AppleWebKit/537.36 (KHTML, like Gecko) Chrome/114.0.0.0 Safari/537.36 Edg/114.0.1823.37 0.021
0:0:0:0:0:0:0:1 - - [09/Jun/2023:09:20:32 +0300] GET /api/am/devportal/v3/applications/a2385395-c1a6-420a-a994-b4d9358fd5ff/oauth-keys HTTP/1.1 200 868 https://localhost:9443/devportal/apis/b708e07c-f833-4577-9072-b66243c058b3/credentials/wizard Mozilla/5.0 (Windows NT 10.0; Win64; x64) AppleWebKit/537.36 (KHTML, like Gecko) Chrome/114.0.0.0 Safari/537.36 Edg/114.0.1823.37 0.011
127.0.0.1 - - [09/Jun/2023:09:20:32 +0300] GET /keymanager-operations/dcr/register/V3B0cWtoX05ORTdyak1weXM0Y3VIc0FNallNYQ%3D%3D HTTP/1.1 200 720 - Apache-HttpClient/4.5.13 (Java/20.0.1) 0.010
0:0:0:0:0:0:0:1 - - [09/Jun/2023:09:20:34 +0300] GET /api/am/devportal/v3/swagger.yaml HTTP/1.1 200 26878 https://localhost:9443/devportal/apis/b708e07c-f833-4577-9072-b66243c058b3/credentials/wizard Mozilla/5.0 (Windows NT 10.0; Win64; x64) AppleWebKit/537.36 (KHTML, like Gecko) Chrome/114.0.0.0 Safari/537.36 Edg/114.0.1823.37 0.012
127.0.0.1 - - [09/Jun/2023:09:20:34 +0300] GET /keymanager-operations/dcr/register/V3B0cWtoX05ORTdyak1weXM0Y3VIc0FNallNYQ%3D%3D HTTP/1.1 200 720 - Apache-HttpClient/4.5.13 (Java/20.0.1) 0.004
0:0:0:0:0:0:0:1 - - [09/Jun/2023:09:20:34 +0300] GET /api/am/devportal/v3/applications/a2385395-c1a6-420a-a994-b4d9358fd5ff HTTP/1.1 200 335 https://localhost:9443/devportal/apis/b708e07c-f833-4577-9072-b66243c058b3/credentials/wizard Mozilla/5.0 (Windows NT 10.0; Win64; x64) AppleWebKit/537.36 (KHTML, like Gecko) Chrome/114.0.0.0 Safari/537.36 Edg/114.0.1823.37 0.014
127.0.0.1 - - [09/Jun/2023:09:20:34 +0300] GET /keymanager-operations/dcr/register/V3B0cWtoX05ORTdyak1weXM0Y3VIc0FNallNYQ%3D%3D HTTP/1.1 200 720 - Apache-HttpClient/4.5.13 (Java/20.0.1) 0.003
0:0:0:0:0:0:0:1 - - [09/Jun/2023:09:20:34 +0300] GET /api/am/devportal/v3/applications/a2385395-c1a6-420a-a994-b4d9358fd5ff/oauth-keys HTTP/1.1 200 868 https://localhost:9443/devportal/apis/b708e07c-f833-4577-9072-b66243c058b3/credentials/wizard Mozilla/5.0 (Windows NT 10.0; Win64; x64) AppleWebKit/537.36 (KHTML, like Gecko) Chrome/114.0.0.0 Safari/537.36 Edg/114.0.1823.37 0.010
127.0.0.1 - - [09/Jun/2023:09:20:34 +0300] GET /keymanager-operations/dcr/register/V3B0cWtoX05ORTdyak1weXM0Y3VIc0FNallNYQ%3D%3D HTTP/1.1 200 720 - Apache-HttpClient/4.5.13 (Java/20.0.1) 0.005
127.0.0.1 - - [09/Jun/2023:09:20:34 +0300] GET /keymanager-operations/dcr/register/V3B0cWtoX05ORTdyak1weXM0Y3VIc0FNallNYQ%3D%3D HTTP/1.1 200 720 - Apache-HttpClient/4.5.13 (Java/20.0.1) 0.004
127.0.0.1 - - [09/Jun/2023:09:20:34 +0300] POST /oauth2/token HTTP/1.1 200 1183 - Apache-HttpClient/4.5.13 (Java/20.0.1) 0.015
0:0:0:0:0:0:0:1 - - [09/Jun/2023:09:20:34 +0300] POST /api/am/devportal/v3/applications/a2385395-c1a6-420a-a994-b4d9358fd5ff/oauth-keys/ef0aa066-7c1a-4c93-94cb-3f129ed7996b/generate-token HTTP/1.1 200 895 https://localhost:9443/devportal/apis/b708e07c-f833-4577-9072-b66243c058b3/credentials/wizard Mozilla/5.0 (Windows NT 10.0; Win64; x64) AppleWebKit/537.36 (KHTML, like Gecko) Chrome/114.0.0.0 Safari/537.36 Edg/114.0.1823.37 0.041
127.0.0.1 - - [09/Jun/2023:09:20:35 +0300] POST /internal/data/v1/notify HTTP/1.1 200 - - Apache-HttpClient/4.5.13 (Java/20.0.1) 0.265
0:0:0:0:0:0:0:1 - - [09/Jun/2023:09:20:53 +0300] - 400 - - - 0.000
0:0:0:0:0:0:0:1 - - [09/Jun/2023:09:20:53 +0300] GET /api/am/devportal/v3/applications?limit=5000 HTTP/1.1 200 943 https://localhost:9443/devportal/apis/b708e07c-f833-4577-9072-b66243c058b3/credentials Mozilla/5.0 (Windows NT 10.0; Win64; x64) AppleWebKit/537.36 (KHTML, like Gecko) Chrome/114.0.0.0 Safari/537.36 Edg/114.0.1823.37 0.066
0:0:0:0:0:0:0:1 - - [09/Jun/2023:09:20:53 +0300] GET /api/am/devportal/v3/apis/b708e07c-f833-4577-9072-b66243c058b3 HTTP/1.1 200 1106 https://localhost:9443/devportal/apis/b708e07c-f833-4577-9072-b66243c058b3/credentials Mozilla/5.0 (Windows NT 10.0; Win64; x64) AppleWebKit/537.36 (KHTML, like Gecko) Chrome/114.0.0.0 Safari/537.36 Edg/114.0.1823.37 0.078
0:0:0:0:0:0:0:1 - - [09/Jun/2023:09:20:53 +0300] GET /devportal/site/public/images/_favicon.ico HTTP/1.1 200 1150 https://localhost:9443/devportal/apis/b708e07c-f833-4577-9072-b66243c058b3/credentials Mozilla/5.0 (Windows NT 10.0; Win64; x64) AppleWebKit/537.36 (KHTML, like Gecko) Chrome/114.0.0.0 Safari/537.36 Edg/114.0.1823.37 0.016
127.0.0.1 - - [09/Jun/2023:09:20:53 +0300] GET /keymanager-operations/dcr/register/U1FCTzNQdGxqaEVrN0lldGRsUVR6SlRpaDhFYQ%3D%3D HTTP/1.1 200 720 - Apache-HttpClient/4.5.13 (Java/20.0.1) 0.016
127.0.0.1 - - [09/Jun/2023:09:20:53 +0300] GET /keymanager-operations/dcr/register/MHFfRExjbVRFTmxsZmtqNk9JdjB2WDJ1Q0FJYQ%3D%3D HTTP/1.1 200 720 - Apache-HttpClient/4.5.13 (Java/20.0.1) 0.008
127.0.0.1 - - [09/Jun/2023:09:20:53 +0300] GET /keymanager-operations/dcr/register/MHFfRExjbVRFTmxsZmtqNk9JdjB2WDJ1Q0FJYQ%3D%3D HTTP/1.1 200 720 - Apache-HttpClient/4.5.13 (Java/20.0.1) 0.007
127.0.0.1 - - [09/Jun/2023:09:20:53 +0300] GET /keymanager-operations/dcr/register/V3B0cWtoX05ORTdyak1weXM0Y3VIc0FNallNYQ%3D%3D HTTP/1.1 200 720 - Apache-HttpClient/4.5.13 (Java/20.0.1) 0.030
127.0.0.1 - - [09/Jun/2023:09:20:53 +0300] GET /keymanager-operations/dcr/register/V3B0cWtoX05ORTdyak1weXM0Y3VIc0FNallNYQ%3D%3D HTTP/1.1 200 720 - Apache-HttpClient/4.5.13 (Java/20.0.1) 0.006
127.0.0.1 - - [09/Jun/2023:09:20:53 +0300] GET /keymanager-operations/dcr/register/U1FCTzNQdGxqaEVrN0lldGRsUVR6SlRpaDhFYQ%3D%3D HTTP/1.1 200 720 - Apache-HttpClient/4.5.13 (Java/20.0.1) 0.005
0:0:0:0:0:0:0:1 - - [09/Jun/2023:09:20:53 +0300] GET /api/am/devportal/v3/subscriptions?apiId=b708e07c-f833-4577-9072-b66243c058b3&limit=5000 HTTP/1.1 200 888 https://localhost:9443/devportal/apis/b708e07c-f833-4577-9072-b66243c058b3/credentials Mozilla/5.0 (Windows NT 10.0; Win64; x64) AppleWebKit/537.36 (KHTML, like Gecko) Chrome/114.0.0.0 Safari/537.36 Edg/114.0.1823.37 0.167
